[0.033s] Invoking command in '/home/pinet/SLAM_AGV/workspace/build/controller_manager_msgs': CMAKE_PREFIX_PATH=/opt/ros/humble /usr/bin/cmake --build /home/pinet/SLAM_AGV/workspace/build/controller_manager_msgs -- -j4 -l4
[0.209s] [35m[1mConsolidate compiler generated dependencies of target controller_manager_msgs__rosidl_generator_c[0m
[0.243s] [  0%] Built target controller_manager_msgs__cpp
[0.261s] [  0%] Built target ament_cmake_python_symlink_controller_manager_msgs
[0.285s] [ 12%] Built target controller_manager_msgs__rosidl_generator_c
[0.299s] [35m[1mConsolidate compiler generated dependencies of target controller_manager_msgs__rosidl_typesupport_cpp[0m
[0.306s] [35m[1mConsolidate compiler generated dependencies of target controller_manager_msgs__rosidl_typesupport_fastrtps_cpp[0m
[0.328s] [35m[1mConsolidate compiler generated dependencies of target controller_manager_msgs__rosidl_typesupport_introspection_cpp[0m
[0.405s] [ 24%] Built target controller_manager_msgs__rosidl_typesupport_cpp
[0.435s] [ 36%] Built target controller_manager_msgs__rosidl_typesupport_fastrtps_cpp
[0.444s] [ 48%] Built target controller_manager_msgs__rosidl_typesupport_introspection_cpp
[0.472s] [35m[1mConsolidate compiler generated dependencies of target controller_manager_msgs__rosidl_typesupport_fastrtps_c[0m
[0.496s] [35m[1mConsolidate compiler generated dependencies of target controller_manager_msgs__rosidl_typesupport_introspection_c[0m
[0.502s] [35m[1mConsolidate compiler generated dependencies of target controller_manager_msgs__rosidl_typesupport_c[0m
[0.569s] [ 60%] Built target controller_manager_msgs__rosidl_typesupport_c
[0.572s] [ 72%] Built target controller_manager_msgs__rosidl_typesupport_introspection_c
[0.615s] [ 84%] Built target controller_manager_msgs__rosidl_typesupport_fastrtps_c
[0.693s] [ 84%] Built target controller_manager_msgs
[0.775s] [ 85%] Built target controller_manager_msgs__py
[0.822s] [35m[1mConsolidate compiler generated dependencies of target controller_manager_msgs__rosidl_generator_py[0m
[0.934s] [ 96%] Built target controller_manager_msgs__rosidl_generator_py
[0.978s] [35m[1mConsolidate compiler generated dependencies of target controller_manager_msgs__rosidl_typesupport_fastrtps_c__pyext[0m
[0.981s] [35m[1mConsolidate compiler generated dependencies of target controller_manager_msgs__rosidl_typesupport_introspection_c__pyext[0m
[0.982s] [35m[1mConsolidate compiler generated dependencies of target controller_manager_msgs__rosidl_typesupport_c__pyext[0m
[1.041s] [ 97%] Built target controller_manager_msgs__rosidl_typesupport_fastrtps_c__pyext
[1.048s] [ 99%] Built target controller_manager_msgs__rosidl_typesupport_introspection_c__pyext
[1.049s] [100%] Built target controller_manager_msgs__rosidl_typesupport_c__pyext
[1.392s] running egg_info
[1.395s] writing controller_manager_msgs.egg-info/PKG-INFO
[1.396s] writing dependency_links to controller_manager_msgs.egg-info/dependency_links.txt
[1.397s] writing top-level names to controller_manager_msgs.egg-info/top_level.txt
[1.408s] reading manifest file 'controller_manager_msgs.egg-info/SOURCES.txt'
[1.411s] writing manifest file 'controller_manager_msgs.egg-info/SOURCES.txt'
[1.527s] [100%] Built target ament_cmake_python_build_controller_manager_msgs_egg
[1.571s] Invoked command in '/home/pinet/SLAM_AGV/workspace/build/controller_manager_msgs' returned '0': CMAKE_PREFIX_PATH=/opt/ros/humble /usr/bin/cmake --build /home/pinet/SLAM_AGV/workspace/build/controller_manager_msgs -- -j4 -l4
[1.580s] Invoking command in '/home/pinet/SLAM_AGV/workspace/build/controller_manager_msgs': CMAKE_PREFIX_PATH=/opt/ros/humble /usr/bin/cmake --install /home/pinet/SLAM_AGV/workspace/build/controller_manager_msgs
[1.607s] -- Install configuration: ""
[1.609s] -- Execute custom install script
[1.610s] -- Up-to-date symlink: /home/pinet/SLAM_AGV/workspace/install/controller_manager_msgs/share/ament_index/resource_index/rosidl_interfaces/controller_manager_msgs
[1.618s] -- Up-to-date symlink: /home/pinet/SLAM_AGV/workspace/install/controller_manager_msgs/include/controller_manager_msgs/controller_manager_msgs/msg/chain_connection.h
[1.619s] -- Up-to-date symlink: /home/pinet/SLAM_AGV/workspace/install/controller_manager_msgs/include/controller_manager_msgs/controller_manager_msgs/msg/controller_state.h
[1.620s] -- Up-to-date symlink: /home/pinet/SLAM_AGV/workspace/install/controller_manager_msgs/include/controller_manager_msgs/controller_manager_msgs/msg/detail/chain_connection__functions.h
[1.621s] -- Up-to-date symlink: /home/pinet/SLAM_AGV/workspace/install/controller_manager_msgs/include/controller_manager_msgs/controller_manager_msgs/msg/detail/chain_connection__struct.h
[1.622s] -- Up-to-date symlink: /home/pinet/SLAM_AGV/workspace/install/controller_manager_msgs/include/controller_manager_msgs/controller_manager_msgs/msg/detail/chain_connection__type_support.h
[1.623s] -- Up-to-date symlink: /home/pinet/SLAM_AGV/workspace/install/controller_manager_msgs/include/controller_manager_msgs/controller_manager_msgs/msg/detail/controller_state__functions.h
[1.624s] -- Up-to-date symlink: /home/pinet/SLAM_AGV/workspace/install/controller_manager_msgs/include/controller_manager_msgs/controller_manager_msgs/msg/detail/controller_state__struct.h
[1.625s] -- Up-to-date symlink: /home/pinet/SLAM_AGV/workspace/install/controller_manager_msgs/include/controller_manager_msgs/controller_manager_msgs/msg/detail/controller_state__type_support.h
[1.626s] -- Up-to-date symlink: /home/pinet/SLAM_AGV/workspace/install/controller_manager_msgs/include/controller_manager_msgs/controller_manager_msgs/msg/detail/hardware_component_state__functions.h
[1.627s] -- Up-to-date symlink: /home/pinet/SLAM_AGV/workspace/install/controller_manager_msgs/include/controller_manager_msgs/controller_manager_msgs/msg/detail/hardware_component_state__struct.h
[1.628s] -- Up-to-date symlink: /home/pinet/SLAM_AGV/workspace/install/controller_manager_msgs/include/controller_manager_msgs/controller_manager_msgs/msg/detail/hardware_component_state__type_support.h
[1.629s] -- Up-to-date symlink: /home/pinet/SLAM_AGV/workspace/install/controller_manager_msgs/include/controller_manager_msgs/controller_manager_msgs/msg/detail/hardware_interface__functions.h
[1.630s] -- Up-to-date symlink: /home/pinet/SLAM_AGV/workspace/install/controller_manager_msgs/include/controller_manager_msgs/controller_manager_msgs/msg/detail/hardware_interface__struct.h
[1.631s] -- Up-to-date symlink: /home/pinet/SLAM_AGV/workspace/install/controller_manager_msgs/include/controller_manager_msgs/controller_manager_msgs/msg/detail/hardware_interface__type_support.h
[1.631s] -- Up-to-date symlink: /home/pinet/SLAM_AGV/workspace/install/controller_manager_msgs/include/controller_manager_msgs/controller_manager_msgs/msg/hardware_component_state.h
[1.632s] -- Up-to-date symlink: /home/pinet/SLAM_AGV/workspace/install/controller_manager_msgs/include/controller_manager_msgs/controller_manager_msgs/msg/hardware_interface.h
[1.633s] -- Up-to-date symlink: /home/pinet/SLAM_AGV/workspace/install/controller_manager_msgs/include/controller_manager_msgs/controller_manager_msgs/msg/rosidl_generator_c__visibility_control.h
[1.634s] -- Up-to-date symlink: /home/pinet/SLAM_AGV/workspace/install/controller_manager_msgs/include/controller_manager_msgs/controller_manager_msgs/srv/configure_controller.h
[1.635s] -- Up-to-date symlink: /home/pinet/SLAM_AGV/workspace/install/controller_manager_msgs/include/controller_manager_msgs/controller_manager_msgs/srv/detail/configure_controller__functions.h
[1.636s] -- Up-to-date symlink: /home/pinet/SLAM_AGV/workspace/install/controller_manager_msgs/include/controller_manager_msgs/controller_manager_msgs/srv/detail/configure_controller__struct.h
[1.637s] -- Up-to-date symlink: /home/pinet/SLAM_AGV/workspace/install/controller_manager_msgs/include/controller_manager_msgs/controller_manager_msgs/srv/detail/configure_controller__type_support.h
[1.638s] -- Up-to-date symlink: /home/pinet/SLAM_AGV/workspace/install/controller_manager_msgs/include/controller_manager_msgs/controller_manager_msgs/srv/detail/list_controller_types__functions.h
[1.639s] -- Up-to-date symlink: /home/pinet/SLAM_AGV/workspace/install/controller_manager_msgs/include/controller_manager_msgs/controller_manager_msgs/srv/detail/list_controller_types__struct.h
[1.640s] -- Up-to-date symlink: /home/pinet/SLAM_AGV/workspace/install/controller_manager_msgs/include/controller_manager_msgs/controller_manager_msgs/srv/detail/list_controller_types__type_support.h
[1.641s] -- Up-to-date symlink: /home/pinet/SLAM_AGV/workspace/install/controller_manager_msgs/include/controller_manager_msgs/controller_manager_msgs/srv/detail/list_controllers__functions.h
[1.642s] -- Up-to-date symlink: /home/pinet/SLAM_AGV/workspace/install/controller_manager_msgs/include/controller_manager_msgs/controller_manager_msgs/srv/detail/list_controllers__struct.h
[1.643s] -- Up-to-date symlink: /home/pinet/SLAM_AGV/workspace/install/controller_manager_msgs/include/controller_manager_msgs/controller_manager_msgs/srv/detail/list_controllers__type_support.h
[1.644s] -- Up-to-date symlink: /home/pinet/SLAM_AGV/workspace/install/controller_manager_msgs/include/controller_manager_msgs/controller_manager_msgs/srv/detail/list_hardware_components__functions.h
[1.645s] -- Up-to-date symlink: /home/pinet/SLAM_AGV/workspace/install/controller_manager_msgs/include/controller_manager_msgs/controller_manager_msgs/srv/detail/list_hardware_components__struct.h
[1.646s] -- Up-to-date symlink: /home/pinet/SLAM_AGV/workspace/install/controller_manager_msgs/include/controller_manager_msgs/controller_manager_msgs/srv/detail/list_hardware_components__type_support.h
[1.647s] -- Up-to-date symlink: /home/pinet/SLAM_AGV/workspace/install/controller_manager_msgs/include/controller_manager_msgs/controller_manager_msgs/srv/detail/list_hardware_interfaces__functions.h
[1.647s] -- Up-to-date symlink: /home/pinet/SLAM_AGV/workspace/install/controller_manager_msgs/include/controller_manager_msgs/controller_manager_msgs/srv/detail/list_hardware_interfaces__struct.h
[1.648s] -- Up-to-date symlink: /home/pinet/SLAM_AGV/workspace/install/controller_manager_msgs/include/controller_manager_msgs/controller_manager_msgs/srv/detail/list_hardware_interfaces__type_support.h
[1.649s] -- Up-to-date symlink: /home/pinet/SLAM_AGV/workspace/install/controller_manager_msgs/include/controller_manager_msgs/controller_manager_msgs/srv/detail/load_controller__functions.h
[1.650s] -- Up-to-date symlink: /home/pinet/SLAM_AGV/workspace/install/controller_manager_msgs/include/controller_manager_msgs/controller_manager_msgs/srv/detail/load_controller__struct.h
[1.651s] -- Up-to-date symlink: /home/pinet/SLAM_AGV/workspace/install/controller_manager_msgs/include/controller_manager_msgs/controller_manager_msgs/srv/detail/load_controller__type_support.h
[1.652s] -- Up-to-date symlink: /home/pinet/SLAM_AGV/workspace/install/controller_manager_msgs/include/controller_manager_msgs/controller_manager_msgs/srv/detail/reload_controller_libraries__functions.h
[1.653s] -- Up-to-date symlink: /home/pinet/SLAM_AGV/workspace/install/controller_manager_msgs/include/controller_manager_msgs/controller_manager_msgs/srv/detail/reload_controller_libraries__struct.h
[1.654s] -- Up-to-date symlink: /home/pinet/SLAM_AGV/workspace/install/controller_manager_msgs/include/controller_manager_msgs/controller_manager_msgs/srv/detail/reload_controller_libraries__type_support.h
[1.655s] -- Up-to-date symlink: /home/pinet/SLAM_AGV/workspace/install/controller_manager_msgs/include/controller_manager_msgs/controller_manager_msgs/srv/detail/set_hardware_component_state__functions.h
[1.656s] -- Up-to-date symlink: /home/pinet/SLAM_AGV/workspace/install/controller_manager_msgs/include/controller_manager_msgs/controller_manager_msgs/srv/detail/set_hardware_component_state__struct.h
[1.657s] -- Up-to-date symlink: /home/pinet/SLAM_AGV/workspace/install/controller_manager_msgs/include/controller_manager_msgs/controller_manager_msgs/srv/detail/set_hardware_component_state__type_support.h
[1.658s] -- Up-to-date symlink: /home/pinet/SLAM_AGV/workspace/install/controller_manager_msgs/include/controller_manager_msgs/controller_manager_msgs/srv/detail/switch_controller__functions.h
[1.659s] -- Up-to-date symlink: /home/pinet/SLAM_AGV/workspace/install/controller_manager_msgs/include/controller_manager_msgs/controller_manager_msgs/srv/detail/switch_controller__struct.h
[1.660s] -- Up-to-date symlink: /home/pinet/SLAM_AGV/workspace/install/controller_manager_msgs/include/controller_manager_msgs/controller_manager_msgs/srv/detail/switch_controller__type_support.h
[1.662s] -- Up-to-date symlink: /home/pinet/SLAM_AGV/workspace/install/controller_manager_msgs/include/controller_manager_msgs/controller_manager_msgs/srv/detail/unload_controller__functions.h
[1.662s] -- Up-to-date symlink: /home/pinet/SLAM_AGV/workspace/install/controller_manager_msgs/include/controller_manager_msgs/controller_manager_msgs/srv/detail/unload_controller__struct.h
[1.663s] -- Up-to-date symlink: /home/pinet/SLAM_AGV/workspace/install/controller_manager_msgs/include/controller_manager_msgs/controller_manager_msgs/srv/detail/unload_controller__type_support.h
[1.664s] -- Up-to-date symlink: /home/pinet/SLAM_AGV/workspace/install/controller_manager_msgs/include/controller_manager_msgs/controller_manager_msgs/srv/list_controller_types.h
[1.665s] -- Up-to-date symlink: /home/pinet/SLAM_AGV/workspace/install/controller_manager_msgs/include/controller_manager_msgs/controller_manager_msgs/srv/list_controllers.h
[1.666s] -- Up-to-date symlink: /home/pinet/SLAM_AGV/workspace/install/controller_manager_msgs/include/controller_manager_msgs/controller_manager_msgs/srv/list_hardware_components.h
[1.667s] -- Up-to-date symlink: /home/pinet/SLAM_AGV/workspace/install/controller_manager_msgs/include/controller_manager_msgs/controller_manager_msgs/srv/list_hardware_interfaces.h
[1.667s] -- Up-to-date symlink: /home/pinet/SLAM_AGV/workspace/install/controller_manager_msgs/include/controller_manager_msgs/controller_manager_msgs/srv/load_controller.h
[1.668s] -- Up-to-date symlink: /home/pinet/SLAM_AGV/workspace/install/controller_manager_msgs/include/controller_manager_msgs/controller_manager_msgs/srv/reload_controller_libraries.h
[1.670s] -- Up-to-date symlink: /home/pinet/SLAM_AGV/workspace/install/controller_manager_msgs/include/controller_manager_msgs/controller_manager_msgs/srv/set_hardware_component_state.h
[1.670s] -- Up-to-date symlink: /home/pinet/SLAM_AGV/workspace/install/controller_manager_msgs/include/controller_manager_msgs/controller_manager_msgs/srv/switch_controller.h
[1.671s] -- Up-to-date symlink: /home/pinet/SLAM_AGV/workspace/install/controller_manager_msgs/include/controller_manager_msgs/controller_manager_msgs/srv/unload_controller.h
[1.672s] -- Up-to-date symlink: /home/pinet/SLAM_AGV/workspace/install/controller_manager_msgs/share/controller_manager_msgs/environment/library_path.sh
[1.673s] -- Up-to-date symlink: /home/pinet/SLAM_AGV/workspace/install/controller_manager_msgs/share/controller_manager_msgs/environment/library_path.dsv
[1.681s] -- Up-to-date symlink: /home/pinet/SLAM_AGV/workspace/install/controller_manager_msgs/include/controller_manager_msgs/controller_manager_msgs/msg/detail/chain_connection__rosidl_typesupport_fastrtps_c.h
[1.682s] -- Up-to-date symlink: /home/pinet/SLAM_AGV/workspace/install/controller_manager_msgs/include/controller_manager_msgs/controller_manager_msgs/msg/detail/controller_state__rosidl_typesupport_fastrtps_c.h
[1.683s] -- Up-to-date symlink: /home/pinet/SLAM_AGV/workspace/install/controller_manager_msgs/include/controller_manager_msgs/controller_manager_msgs/msg/detail/hardware_component_state__rosidl_typesupport_fastrtps_c.h
[1.684s] -- Up-to-date symlink: /home/pinet/SLAM_AGV/workspace/install/controller_manager_msgs/include/controller_manager_msgs/controller_manager_msgs/msg/detail/hardware_interface__rosidl_typesupport_fastrtps_c.h
[1.685s] -- Up-to-date symlink: /home/pinet/SLAM_AGV/workspace/install/controller_manager_msgs/include/controller_manager_msgs/controller_manager_msgs/msg/rosidl_typesupport_fastrtps_c__visibility_control.h
[1.686s] -- Up-to-date symlink: /home/pinet/SLAM_AGV/workspace/install/controller_manager_msgs/include/controller_manager_msgs/controller_manager_msgs/srv/detail/configure_controller__rosidl_typesupport_fastrtps_c.h
[1.687s] -- Up-to-date symlink: /home/pinet/SLAM_AGV/workspace/install/controller_manager_msgs/include/controller_manager_msgs/controller_manager_msgs/srv/detail/list_controller_types__rosidl_typesupport_fastrtps_c.h
[1.688s] -- Up-to-date symlink: /home/pinet/SLAM_AGV/workspace/install/controller_manager_msgs/include/controller_manager_msgs/controller_manager_msgs/srv/detail/list_controllers__rosidl_typesupport_fastrtps_c.h
[1.689s] -- Up-to-date symlink: /home/pinet/SLAM_AGV/workspace/install/controller_manager_msgs/include/controller_manager_msgs/controller_manager_msgs/srv/detail/list_hardware_components__rosidl_typesupport_fastrtps_c.h
[1.690s] -- Up-to-date symlink: /home/pinet/SLAM_AGV/workspace/install/controller_manager_msgs/include/controller_manager_msgs/controller_manager_msgs/srv/detail/list_hardware_interfaces__rosidl_typesupport_fastrtps_c.h
[1.691s] -- Up-to-date symlink: /home/pinet/SLAM_AGV/workspace/install/controller_manager_msgs/include/controller_manager_msgs/controller_manager_msgs/srv/detail/load_controller__rosidl_typesupport_fastrtps_c.h
[1.692s] -- Up-to-date symlink: /home/pinet/SLAM_AGV/workspace/install/controller_manager_msgs/include/controller_manager_msgs/controller_manager_msgs/srv/detail/reload_controller_libraries__rosidl_typesupport_fastrtps_c.h
[1.693s] -- Up-to-date symlink: /home/pinet/SLAM_AGV/workspace/install/controller_manager_msgs/include/controller_manager_msgs/controller_manager_msgs/srv/detail/set_hardware_component_state__rosidl_typesupport_fastrtps_c.h
[1.694s] -- Up-to-date symlink: /home/pinet/SLAM_AGV/workspace/install/controller_manager_msgs/include/controller_manager_msgs/controller_manager_msgs/srv/detail/switch_controller__rosidl_typesupport_fastrtps_c.h
[1.695s] -- Up-to-date symlink: /home/pinet/SLAM_AGV/workspace/install/controller_manager_msgs/include/controller_manager_msgs/controller_manager_msgs/srv/detail/unload_controller__rosidl_typesupport_fastrtps_c.h
[1.703s] -- Up-to-date symlink: /home/pinet/SLAM_AGV/workspace/install/controller_manager_msgs/include/controller_manager_msgs/controller_manager_msgs/msg/chain_connection.hpp
[1.704s] -- Up-to-date symlink: /home/pinet/SLAM_AGV/workspace/install/controller_manager_msgs/include/controller_manager_msgs/controller_manager_msgs/msg/controller_state.hpp
[1.705s] -- Up-to-date symlink: /home/pinet/SLAM_AGV/workspace/install/controller_manager_msgs/include/controller_manager_msgs/controller_manager_msgs/msg/detail/chain_connection__builder.hpp
[1.706s] -- Up-to-date symlink: /home/pinet/SLAM_AGV/workspace/install/controller_manager_msgs/include/controller_manager_msgs/controller_manager_msgs/msg/detail/chain_connection__struct.hpp
[1.707s] -- Up-to-date symlink: /home/pinet/SLAM_AGV/workspace/install/controller_manager_msgs/include/controller_manager_msgs/controller_manager_msgs/msg/detail/chain_connection__traits.hpp
[1.707s] -- Up-to-date symlink: /home/pinet/SLAM_AGV/workspace/install/controller_manager_msgs/include/controller_manager_msgs/controller_manager_msgs/msg/detail/chain_connection__type_support.hpp
[1.708s] -- Up-to-date symlink: /home/pinet/SLAM_AGV/workspace/install/controller_manager_msgs/include/controller_manager_msgs/controller_manager_msgs/msg/detail/controller_state__builder.hpp
[1.709s] -- Up-to-date symlink: /home/pinet/SLAM_AGV/workspace/install/controller_manager_msgs/include/controller_manager_msgs/controller_manager_msgs/msg/detail/controller_state__struct.hpp
[1.710s] -- Up-to-date symlink: /home/pinet/SLAM_AGV/workspace/install/controller_manager_msgs/include/controller_manager_msgs/controller_manager_msgs/msg/detail/controller_state__traits.hpp
[1.711s] -- Up-to-date symlink: /home/pinet/SLAM_AGV/workspace/install/controller_manager_msgs/include/controller_manager_msgs/controller_manager_msgs/msg/detail/controller_state__type_support.hpp
[1.712s] -- Up-to-date symlink: /home/pinet/SLAM_AGV/workspace/install/controller_manager_msgs/include/controller_manager_msgs/controller_manager_msgs/msg/detail/hardware_component_state__builder.hpp
[1.713s] -- Up-to-date symlink: /home/pinet/SLAM_AGV/workspace/install/controller_manager_msgs/include/controller_manager_msgs/controller_manager_msgs/msg/detail/hardware_component_state__struct.hpp
[1.714s] -- Up-to-date symlink: /home/pinet/SLAM_AGV/workspace/install/controller_manager_msgs/include/controller_manager_msgs/controller_manager_msgs/msg/detail/hardware_component_state__traits.hpp
[1.715s] -- Up-to-date symlink: /home/pinet/SLAM_AGV/workspace/install/controller_manager_msgs/include/controller_manager_msgs/controller_manager_msgs/msg/detail/hardware_component_state__type_support.hpp
[1.716s] -- Up-to-date symlink: /home/pinet/SLAM_AGV/workspace/install/controller_manager_msgs/include/controller_manager_msgs/controller_manager_msgs/msg/detail/hardware_interface__builder.hpp
[1.717s] -- Up-to-date symlink: /home/pinet/SLAM_AGV/workspace/install/controller_manager_msgs/include/controller_manager_msgs/controller_manager_msgs/msg/detail/hardware_interface__struct.hpp
[1.718s] -- Up-to-date symlink: /home/pinet/SLAM_AGV/workspace/install/controller_manager_msgs/include/controller_manager_msgs/controller_manager_msgs/msg/detail/hardware_interface__traits.hpp
[1.719s] -- Up-to-date symlink: /home/pinet/SLAM_AGV/workspace/install/controller_manager_msgs/include/controller_manager_msgs/controller_manager_msgs/msg/detail/hardware_interface__type_support.hpp
[1.720s] -- Up-to-date symlink: /home/pinet/SLAM_AGV/workspace/install/controller_manager_msgs/include/controller_manager_msgs/controller_manager_msgs/msg/hardware_component_state.hpp
[1.721s] -- Up-to-date symlink: /home/pinet/SLAM_AGV/workspace/install/controller_manager_msgs/include/controller_manager_msgs/controller_manager_msgs/msg/hardware_interface.hpp
[1.722s] -- Up-to-date symlink: /home/pinet/SLAM_AGV/workspace/install/controller_manager_msgs/include/controller_manager_msgs/controller_manager_msgs/msg/rosidl_generator_cpp__visibility_control.hpp
[1.722s] -- Up-to-date symlink: /home/pinet/SLAM_AGV/workspace/install/controller_manager_msgs/include/controller_manager_msgs/controller_manager_msgs/srv/configure_controller.hpp
[1.723s] -- Up-to-date symlink: /home/pinet/SLAM_AGV/workspace/install/controller_manager_msgs/include/controller_manager_msgs/controller_manager_msgs/srv/detail/configure_controller__builder.hpp
[1.724s] -- Up-to-date symlink: /home/pinet/SLAM_AGV/workspace/install/controller_manager_msgs/include/controller_manager_msgs/controller_manager_msgs/srv/detail/configure_controller__struct.hpp
[1.725s] -- Up-to-date symlink: /home/pinet/SLAM_AGV/workspace/install/controller_manager_msgs/include/controller_manager_msgs/controller_manager_msgs/srv/detail/configure_controller__traits.hpp
[1.726s] -- Up-to-date symlink: /home/pinet/SLAM_AGV/workspace/install/controller_manager_msgs/include/controller_manager_msgs/controller_manager_msgs/srv/detail/configure_controller__type_support.hpp
[1.727s] -- Up-to-date symlink: /home/pinet/SLAM_AGV/workspace/install/controller_manager_msgs/include/controller_manager_msgs/controller_manager_msgs/srv/detail/list_controller_types__builder.hpp
[1.728s] -- Up-to-date symlink: /home/pinet/SLAM_AGV/workspace/install/controller_manager_msgs/include/controller_manager_msgs/controller_manager_msgs/srv/detail/list_controller_types__struct.hpp
[1.729s] -- Up-to-date symlink: /home/pinet/SLAM_AGV/workspace/install/controller_manager_msgs/include/controller_manager_msgs/controller_manager_msgs/srv/detail/list_controller_types__traits.hpp
[1.730s] -- Up-to-date symlink: /home/pinet/SLAM_AGV/workspace/install/controller_manager_msgs/include/controller_manager_msgs/controller_manager_msgs/srv/detail/list_controller_types__type_support.hpp
[1.731s] -- Up-to-date symlink: /home/pinet/SLAM_AGV/workspace/install/controller_manager_msgs/include/controller_manager_msgs/controller_manager_msgs/srv/detail/list_controllers__builder.hpp
[1.732s] -- Up-to-date symlink: /home/pinet/SLAM_AGV/workspace/install/controller_manager_msgs/include/controller_manager_msgs/controller_manager_msgs/srv/detail/list_controllers__struct.hpp
[1.733s] -- Up-to-date symlink: /home/pinet/SLAM_AGV/workspace/install/controller_manager_msgs/include/controller_manager_msgs/controller_manager_msgs/srv/detail/list_controllers__traits.hpp
[1.734s] -- Up-to-date symlink: /home/pinet/SLAM_AGV/workspace/install/controller_manager_msgs/include/controller_manager_msgs/controller_manager_msgs/srv/detail/list_controllers__type_support.hpp
[1.735s] -- Up-to-date symlink: /home/pinet/SLAM_AGV/workspace/install/controller_manager_msgs/include/controller_manager_msgs/controller_manager_msgs/srv/detail/list_hardware_components__builder.hpp
[1.736s] -- Up-to-date symlink: /home/pinet/SLAM_AGV/workspace/install/controller_manager_msgs/include/controller_manager_msgs/controller_manager_msgs/srv/detail/list_hardware_components__struct.hpp
[1.737s] -- Up-to-date symlink: /home/pinet/SLAM_AGV/workspace/install/controller_manager_msgs/include/controller_manager_msgs/controller_manager_msgs/srv/detail/list_hardware_components__traits.hpp
[1.738s] -- Up-to-date symlink: /home/pinet/SLAM_AGV/workspace/install/controller_manager_msgs/include/controller_manager_msgs/controller_manager_msgs/srv/detail/list_hardware_components__type_support.hpp
[1.739s] -- Up-to-date symlink: /home/pinet/SLAM_AGV/workspace/install/controller_manager_msgs/include/controller_manager_msgs/controller_manager_msgs/srv/detail/list_hardware_interfaces__builder.hpp
[1.740s] -- Up-to-date symlink: /home/pinet/SLAM_AGV/workspace/install/controller_manager_msgs/include/controller_manager_msgs/controller_manager_msgs/srv/detail/list_hardware_interfaces__struct.hpp
[1.741s] -- Up-to-date symlink: /home/pinet/SLAM_AGV/workspace/install/controller_manager_msgs/include/controller_manager_msgs/controller_manager_msgs/srv/detail/list_hardware_interfaces__traits.hpp
[1.742s] -- Up-to-date symlink: /home/pinet/SLAM_AGV/workspace/install/controller_manager_msgs/include/controller_manager_msgs/controller_manager_msgs/srv/detail/list_hardware_interfaces__type_support.hpp
[1.743s] -- Up-to-date symlink: /home/pinet/SLAM_AGV/workspace/install/controller_manager_msgs/include/controller_manager_msgs/controller_manager_msgs/srv/detail/load_controller__builder.hpp
[1.744s] -- Up-to-date symlink: /home/pinet/SLAM_AGV/workspace/install/controller_manager_msgs/include/controller_manager_msgs/controller_manager_msgs/srv/detail/load_controller__struct.hpp
[1.745s] -- Up-to-date symlink: /home/pinet/SLAM_AGV/workspace/install/controller_manager_msgs/include/controller_manager_msgs/controller_manager_msgs/srv/detail/load_controller__traits.hpp
[1.746s] -- Up-to-date symlink: /home/pinet/SLAM_AGV/workspace/install/controller_manager_msgs/include/controller_manager_msgs/controller_manager_msgs/srv/detail/load_controller__type_support.hpp
[1.747s] -- Up-to-date symlink: /home/pinet/SLAM_AGV/workspace/install/controller_manager_msgs/include/controller_manager_msgs/controller_manager_msgs/srv/detail/reload_controller_libraries__builder.hpp
[1.747s] -- Up-to-date symlink: /home/pinet/SLAM_AGV/workspace/install/controller_manager_msgs/include/controller_manager_msgs/controller_manager_msgs/srv/detail/reload_controller_libraries__struct.hpp
[1.748s] -- Up-to-date symlink: /home/pinet/SLAM_AGV/workspace/install/controller_manager_msgs/include/controller_manager_msgs/controller_manager_msgs/srv/detail/reload_controller_libraries__traits.hpp
[1.749s] -- Up-to-date symlink: /home/pinet/SLAM_AGV/workspace/install/controller_manager_msgs/include/controller_manager_msgs/controller_manager_msgs/srv/detail/reload_controller_libraries__type_support.hpp
[1.750s] -- Up-to-date symlink: /home/pinet/SLAM_AGV/workspace/install/controller_manager_msgs/include/controller_manager_msgs/controller_manager_msgs/srv/detail/set_hardware_component_state__builder.hpp
[1.751s] -- Up-to-date symlink: /home/pinet/SLAM_AGV/workspace/install/controller_manager_msgs/include/controller_manager_msgs/controller_manager_msgs/srv/detail/set_hardware_component_state__struct.hpp
[1.752s] -- Up-to-date symlink: /home/pinet/SLAM_AGV/workspace/install/controller_manager_msgs/include/controller_manager_msgs/controller_manager_msgs/srv/detail/set_hardware_component_state__traits.hpp
[1.753s] -- Up-to-date symlink: /home/pinet/SLAM_AGV/workspace/install/controller_manager_msgs/include/controller_manager_msgs/controller_manager_msgs/srv/detail/set_hardware_component_state__type_support.hpp
[1.754s] -- Up-to-date symlink: /home/pinet/SLAM_AGV/workspace/install/controller_manager_msgs/include/controller_manager_msgs/controller_manager_msgs/srv/detail/switch_controller__builder.hpp
[1.755s] -- Up-to-date symlink: /home/pinet/SLAM_AGV/workspace/install/controller_manager_msgs/include/controller_manager_msgs/controller_manager_msgs/srv/detail/switch_controller__struct.hpp
[1.756s] -- Up-to-date symlink: /home/pinet/SLAM_AGV/workspace/install/controller_manager_msgs/include/controller_manager_msgs/controller_manager_msgs/srv/detail/switch_controller__traits.hpp
[1.757s] -- Up-to-date symlink: /home/pinet/SLAM_AGV/workspace/install/controller_manager_msgs/include/controller_manager_msgs/controller_manager_msgs/srv/detail/switch_controller__type_support.hpp
[1.758s] -- Up-to-date symlink: /home/pinet/SLAM_AGV/workspace/install/controller_manager_msgs/include/controller_manager_msgs/controller_manager_msgs/srv/detail/unload_controller__builder.hpp
[1.759s] -- Up-to-date symlink: /home/pinet/SLAM_AGV/workspace/install/controller_manager_msgs/include/controller_manager_msgs/controller_manager_msgs/srv/detail/unload_controller__struct.hpp
[1.760s] -- Up-to-date symlink: /home/pinet/SLAM_AGV/workspace/install/controller_manager_msgs/include/controller_manager_msgs/controller_manager_msgs/srv/detail/unload_controller__traits.hpp
[1.761s] -- Up-to-date symlink: /home/pinet/SLAM_AGV/workspace/install/controller_manager_msgs/include/controller_manager_msgs/controller_manager_msgs/srv/detail/unload_controller__type_support.hpp
[1.762s] -- Up-to-date symlink: /home/pinet/SLAM_AGV/workspace/install/controller_manager_msgs/include/controller_manager_msgs/controller_manager_msgs/srv/list_controller_types.hpp
[1.763s] -- Up-to-date symlink: /home/pinet/SLAM_AGV/workspace/install/controller_manager_msgs/include/controller_manager_msgs/controller_manager_msgs/srv/list_controllers.hpp
[1.764s] -- Up-to-date symlink: /home/pinet/SLAM_AGV/workspace/install/controller_manager_msgs/include/controller_manager_msgs/controller_manager_msgs/srv/list_hardware_components.hpp
[1.765s] -- Up-to-date symlink: /home/pinet/SLAM_AGV/workspace/install/controller_manager_msgs/include/controller_manager_msgs/controller_manager_msgs/srv/list_hardware_interfaces.hpp
[1.765s] -- Up-to-date symlink: /home/pinet/SLAM_AGV/workspace/install/controller_manager_msgs/include/controller_manager_msgs/controller_manager_msgs/srv/load_controller.hpp
[1.766s] -- Up-to-date symlink: /home/pinet/SLAM_AGV/workspace/install/controller_manager_msgs/include/controller_manager_msgs/controller_manager_msgs/srv/reload_controller_libraries.hpp
[1.767s] -- Up-to-date symlink: /home/pinet/SLAM_AGV/workspace/install/controller_manager_msgs/include/controller_manager_msgs/controller_manager_msgs/srv/set_hardware_component_state.hpp
[1.768s] -- Up-to-date symlink: /home/pinet/SLAM_AGV/workspace/install/controller_manager_msgs/include/controller_manager_msgs/controller_manager_msgs/srv/switch_controller.hpp
[1.769s] -- Up-to-date symlink: /home/pinet/SLAM_AGV/workspace/install/controller_manager_msgs/include/controller_manager_msgs/controller_manager_msgs/srv/unload_controller.hpp
[1.778s] -- Up-to-date symlink: /home/pinet/SLAM_AGV/workspace/install/controller_manager_msgs/include/controller_manager_msgs/controller_manager_msgs/msg/detail/chain_connection__rosidl_typesupport_fastrtps_cpp.hpp
[1.779s] -- Up-to-date symlink: /home/pinet/SLAM_AGV/workspace/install/controller_manager_msgs/include/controller_manager_msgs/controller_manager_msgs/msg/detail/controller_state__rosidl_typesupport_fastrtps_cpp.hpp
[1.780s] -- Up-to-date symlink: /home/pinet/SLAM_AGV/workspace/install/controller_manager_msgs/include/controller_manager_msgs/controller_manager_msgs/msg/detail/hardware_component_state__rosidl_typesupport_fastrtps_cpp.hpp
[1.781s] -- Up-to-date symlink: /home/pinet/SLAM_AGV/workspace/install/controller_manager_msgs/include/controller_manager_msgs/controller_manager_msgs/msg/detail/hardware_interface__rosidl_typesupport_fastrtps_cpp.hpp
[1.782s] -- Up-to-date symlink: /home/pinet/SLAM_AGV/workspace/install/controller_manager_msgs/include/controller_manager_msgs/controller_manager_msgs/msg/rosidl_typesupport_fastrtps_cpp__visibility_control.h
[1.783s] -- Up-to-date symlink: /home/pinet/SLAM_AGV/workspace/install/controller_manager_msgs/include/controller_manager_msgs/controller_manager_msgs/srv/detail/configure_controller__rosidl_typesupport_fastrtps_cpp.hpp
[1.784s] -- Up-to-date symlink: /home/pinet/SLAM_AGV/workspace/install/controller_manager_msgs/include/controller_manager_msgs/controller_manager_msgs/srv/detail/list_controller_types__rosidl_typesupport_fastrtps_cpp.hpp
[1.785s] -- Up-to-date symlink: /home/pinet/SLAM_AGV/workspace/install/controller_manager_msgs/include/controller_manager_msgs/controller_manager_msgs/srv/detail/list_controllers__rosidl_typesupport_fastrtps_cpp.hpp
[1.786s] -- Up-to-date symlink: /home/pinet/SLAM_AGV/workspace/install/controller_manager_msgs/include/controller_manager_msgs/controller_manager_msgs/srv/detail/list_hardware_components__rosidl_typesupport_fastrtps_cpp.hpp
[1.787s] -- Up-to-date symlink: /home/pinet/SLAM_AGV/workspace/install/controller_manager_msgs/include/controller_manager_msgs/controller_manager_msgs/srv/detail/list_hardware_interfaces__rosidl_typesupport_fastrtps_cpp.hpp
[1.788s] -- Up-to-date symlink: /home/pinet/SLAM_AGV/workspace/install/controller_manager_msgs/include/controller_manager_msgs/controller_manager_msgs/srv/detail/load_controller__rosidl_typesupport_fastrtps_cpp.hpp
[1.789s] -- Up-to-date symlink: /home/pinet/SLAM_AGV/workspace/install/controller_manager_msgs/include/controller_manager_msgs/controller_manager_msgs/srv/detail/reload_controller_libraries__rosidl_typesupport_fastrtps_cpp.hpp
[1.790s] -- Up-to-date symlink: /home/pinet/SLAM_AGV/workspace/install/controller_manager_msgs/include/controller_manager_msgs/controller_manager_msgs/srv/detail/set_hardware_component_state__rosidl_typesupport_fastrtps_cpp.hpp
[1.791s] -- Up-to-date symlink: /home/pinet/SLAM_AGV/workspace/install/controller_manager_msgs/include/controller_manager_msgs/controller_manager_msgs/srv/detail/switch_controller__rosidl_typesupport_fastrtps_cpp.hpp
[1.792s] -- Up-to-date symlink: /home/pinet/SLAM_AGV/workspace/install/controller_manager_msgs/include/controller_manager_msgs/controller_manager_msgs/srv/detail/unload_controller__rosidl_typesupport_fastrtps_cpp.hpp
[1.797s] -- Up-to-date symlink: /home/pinet/SLAM_AGV/workspace/install/controller_manager_msgs/include/controller_manager_msgs/controller_manager_msgs/msg/detail/chain_connection__rosidl_typesupport_introspection_c.h
[1.798s] -- Up-to-date symlink: /home/pinet/SLAM_AGV/workspace/install/controller_manager_msgs/include/controller_manager_msgs/controller_manager_msgs/msg/detail/controller_state__rosidl_typesupport_introspection_c.h
[1.799s] -- Up-to-date symlink: /home/pinet/SLAM_AGV/workspace/install/controller_manager_msgs/include/controller_manager_msgs/controller_manager_msgs/msg/detail/hardware_component_state__rosidl_typesupport_introspection_c.h
[1.799s] -- Up-to-date symlink: /home/pinet/SLAM_AGV/workspace/install/controller_manager_msgs/include/controller_manager_msgs/controller_manager_msgs/msg/detail/hardware_interface__rosidl_typesupport_introspection_c.h
[1.800s] -- Up-to-date symlink: /home/pinet/SLAM_AGV/workspace/install/controller_manager_msgs/include/controller_manager_msgs/controller_manager_msgs/msg/rosidl_typesupport_introspection_c__visibility_control.h
[1.801s] -- Up-to-date symlink: /home/pinet/SLAM_AGV/workspace/install/controller_manager_msgs/include/controller_manager_msgs/controller_manager_msgs/srv/detail/configure_controller__rosidl_typesupport_introspection_c.h
[1.802s] -- Up-to-date symlink: /home/pinet/SLAM_AGV/workspace/install/controller_manager_msgs/include/controller_manager_msgs/controller_manager_msgs/srv/detail/list_controller_types__rosidl_typesupport_introspection_c.h
[1.803s] -- Up-to-date symlink: /home/pinet/SLAM_AGV/workspace/install/controller_manager_msgs/include/controller_manager_msgs/controller_manager_msgs/srv/detail/list_controllers__rosidl_typesupport_introspection_c.h
[1.804s] -- Up-to-date symlink: /home/pinet/SLAM_AGV/workspace/install/controller_manager_msgs/include/controller_manager_msgs/controller_manager_msgs/srv/detail/list_hardware_components__rosidl_typesupport_introspection_c.h
[1.805s] -- Up-to-date symlink: /home/pinet/SLAM_AGV/workspace/install/controller_manager_msgs/include/controller_manager_msgs/controller_manager_msgs/srv/detail/list_hardware_interfaces__rosidl_typesupport_introspection_c.h
[1.806s] -- Up-to-date symlink: /home/pinet/SLAM_AGV/workspace/install/controller_manager_msgs/include/controller_manager_msgs/controller_manager_msgs/srv/detail/load_controller__rosidl_typesupport_introspection_c.h
[1.807s] -- Up-to-date symlink: /home/pinet/SLAM_AGV/workspace/install/controller_manager_msgs/include/controller_manager_msgs/controller_manager_msgs/srv/detail/reload_controller_libraries__rosidl_typesupport_introspection_c.h
[1.809s] -- Up-to-date symlink: /home/pinet/SLAM_AGV/workspace/install/controller_manager_msgs/include/controller_manager_msgs/controller_manager_msgs/srv/detail/set_hardware_component_state__rosidl_typesupport_introspection_c.h
[1.809s] -- Up-to-date symlink: /home/pinet/SLAM_AGV/workspace/install/controller_manager_msgs/include/controller_manager_msgs/controller_manager_msgs/srv/detail/switch_controller__rosidl_typesupport_introspection_c.h
[1.811s] -- Up-to-date symlink: /home/pinet/SLAM_AGV/workspace/install/controller_manager_msgs/include/controller_manager_msgs/controller_manager_msgs/srv/detail/unload_controller__rosidl_typesupport_introspection_c.h
[1.815s] -- Up-to-date symlink: /home/pinet/SLAM_AGV/workspace/install/controller_manager_msgs/include/controller_manager_msgs/controller_manager_msgs/msg/detail/chain_connection__rosidl_typesupport_introspection_cpp.hpp
[1.816s] -- Up-to-date symlink: /home/pinet/SLAM_AGV/workspace/install/controller_manager_msgs/include/controller_manager_msgs/controller_manager_msgs/msg/detail/controller_state__rosidl_typesupport_introspection_cpp.hpp
[1.817s] -- Up-to-date symlink: /home/pinet/SLAM_AGV/workspace/install/controller_manager_msgs/include/controller_manager_msgs/controller_manager_msgs/msg/detail/hardware_component_state__rosidl_typesupport_introspection_cpp.hpp
[1.818s] -- Up-to-date symlink: /home/pinet/SLAM_AGV/workspace/install/controller_manager_msgs/include/controller_manager_msgs/controller_manager_msgs/msg/detail/hardware_interface__rosidl_typesupport_introspection_cpp.hpp
[1.819s] -- Up-to-date symlink: /home/pinet/SLAM_AGV/workspace/install/controller_manager_msgs/include/controller_manager_msgs/controller_manager_msgs/srv/detail/configure_controller__rosidl_typesupport_introspection_cpp.hpp
[1.820s] -- Up-to-date symlink: /home/pinet/SLAM_AGV/workspace/install/controller_manager_msgs/include/controller_manager_msgs/controller_manager_msgs/srv/detail/list_controller_types__rosidl_typesupport_introspection_cpp.hpp
[1.821s] -- Up-to-date symlink: /home/pinet/SLAM_AGV/workspace/install/controller_manager_msgs/include/controller_manager_msgs/controller_manager_msgs/srv/detail/list_controllers__rosidl_typesupport_introspection_cpp.hpp
[1.822s] -- Up-to-date symlink: /home/pinet/SLAM_AGV/workspace/install/controller_manager_msgs/include/controller_manager_msgs/controller_manager_msgs/srv/detail/list_hardware_components__rosidl_typesupport_introspection_cpp.hpp
[1.823s] -- Up-to-date symlink: /home/pinet/SLAM_AGV/workspace/install/controller_manager_msgs/include/controller_manager_msgs/controller_manager_msgs/srv/detail/list_hardware_interfaces__rosidl_typesupport_introspection_cpp.hpp
[1.824s] -- Up-to-date symlink: /home/pinet/SLAM_AGV/workspace/install/controller_manager_msgs/include/controller_manager_msgs/controller_manager_msgs/srv/detail/load_controller__rosidl_typesupport_introspection_cpp.hpp
[1.825s] -- Up-to-date symlink: /home/pinet/SLAM_AGV/workspace/install/controller_manager_msgs/include/controller_manager_msgs/controller_manager_msgs/srv/detail/reload_controller_libraries__rosidl_typesupport_introspection_cpp.hpp
[1.826s] -- Up-to-date symlink: /home/pinet/SLAM_AGV/workspace/install/controller_manager_msgs/include/controller_manager_msgs/controller_manager_msgs/srv/detail/set_hardware_component_state__rosidl_typesupport_introspection_cpp.hpp
[1.827s] -- Up-to-date symlink: /home/pinet/SLAM_AGV/workspace/install/controller_manager_msgs/include/controller_manager_msgs/controller_manager_msgs/srv/detail/switch_controller__rosidl_typesupport_introspection_cpp.hpp
[1.828s] -- Up-to-date symlink: /home/pinet/SLAM_AGV/workspace/install/controller_manager_msgs/include/controller_manager_msgs/controller_manager_msgs/srv/detail/unload_controller__rosidl_typesupport_introspection_cpp.hpp
[1.829s] -- Up-to-date symlink: /home/pinet/SLAM_AGV/workspace/install/controller_manager_msgs/share/controller_manager_msgs/environment/pythonpath.sh
[1.830s] -- Up-to-date symlink: /home/pinet/SLAM_AGV/workspace/install/controller_manager_msgs/share/controller_manager_msgs/environment/pythonpath.dsv
[1.832s] -- Up-to-date symlink: /home/pinet/SLAM_AGV/workspace/install/controller_manager_msgs/local/lib/python3.10/dist-packages/controller_manager_msgs-2.48.0-py3.10.egg-info/PKG-INFO
[1.833s] -- Up-to-date symlink: /home/pinet/SLAM_AGV/workspace/install/controller_manager_msgs/local/lib/python3.10/dist-packages/controller_manager_msgs-2.48.0-py3.10.egg-info/SOURCES.txt
[1.834s] -- Up-to-date symlink: /home/pinet/SLAM_AGV/workspace/install/controller_manager_msgs/local/lib/python3.10/dist-packages/controller_manager_msgs-2.48.0-py3.10.egg-info/dependency_links.txt
[1.835s] -- Up-to-date symlink: /home/pinet/SLAM_AGV/workspace/install/controller_manager_msgs/local/lib/python3.10/dist-packages/controller_manager_msgs-2.48.0-py3.10.egg-info/top_level.txt
[1.845s] -- Up-to-date symlink: /home/pinet/SLAM_AGV/workspace/install/controller_manager_msgs/local/lib/python3.10/dist-packages/controller_manager_msgs/__init__.py
[1.846s] -- Up-to-date symlink: /home/pinet/SLAM_AGV/workspace/install/controller_manager_msgs/local/lib/python3.10/dist-packages/controller_manager_msgs/_controller_manager_msgs_s.ep.rosidl_typesupport_c.c
[1.847s] -- Up-to-date symlink: /home/pinet/SLAM_AGV/workspace/install/controller_manager_msgs/local/lib/python3.10/dist-packages/controller_manager_msgs/_controller_manager_msgs_s.ep.rosidl_typesupport_fastrtps_c.c
[1.848s] -- Up-to-date symlink: /home/pinet/SLAM_AGV/workspace/install/controller_manager_msgs/local/lib/python3.10/dist-packages/controller_manager_msgs/_controller_manager_msgs_s.ep.rosidl_typesupport_introspection_c.c
[1.849s] -- Up-to-date symlink: /home/pinet/SLAM_AGV/workspace/install/controller_manager_msgs/local/lib/python3.10/dist-packages/controller_manager_msgs/controller_manager_msgs_s__rosidl_typesupport_c.cpython-310-aarch64-linux-gnu.so
[1.850s] -- Up-to-date symlink: /home/pinet/SLAM_AGV/workspace/install/controller_manager_msgs/local/lib/python3.10/dist-packages/controller_manager_msgs/controller_manager_msgs_s__rosidl_typesupport_fastrtps_c.cpython-310-aarch64-linux-gnu.so
[1.850s] -- Up-to-date symlink: /home/pinet/SLAM_AGV/workspace/install/controller_manager_msgs/local/lib/python3.10/dist-packages/controller_manager_msgs/controller_manager_msgs_s__rosidl_typesupport_introspection_c.cpython-310-aarch64-linux-gnu.so
[1.851s] -- Up-to-date symlink: /home/pinet/SLAM_AGV/workspace/install/controller_manager_msgs/local/lib/python3.10/dist-packages/controller_manager_msgs/libcontroller_manager_msgs__rosidl_generator_py.so
[1.852s] -- Up-to-date symlink: /home/pinet/SLAM_AGV/workspace/install/controller_manager_msgs/local/lib/python3.10/dist-packages/controller_manager_msgs/msg/__init__.py
[1.853s] -- Up-to-date symlink: /home/pinet/SLAM_AGV/workspace/install/controller_manager_msgs/local/lib/python3.10/dist-packages/controller_manager_msgs/msg/_chain_connection.py
[1.854s] -- Up-to-date symlink: /home/pinet/SLAM_AGV/workspace/install/controller_manager_msgs/local/lib/python3.10/dist-packages/controller_manager_msgs/msg/_chain_connection_s.c
[1.855s] -- Up-to-date symlink: /home/pinet/SLAM_AGV/workspace/install/controller_manager_msgs/local/lib/python3.10/dist-packages/controller_manager_msgs/msg/_controller_state.py
[1.856s] -- Up-to-date symlink: /home/pinet/SLAM_AGV/workspace/install/controller_manager_msgs/local/lib/python3.10/dist-packages/controller_manager_msgs/msg/_controller_state_s.c
[1.857s] -- Up-to-date symlink: /home/pinet/SLAM_AGV/workspace/install/controller_manager_msgs/local/lib/python3.10/dist-packages/controller_manager_msgs/msg/_hardware_component_state.py
[1.858s] -- Up-to-date symlink: /home/pinet/SLAM_AGV/workspace/install/controller_manager_msgs/local/lib/python3.10/dist-packages/controller_manager_msgs/msg/_hardware_component_state_s.c
[1.859s] -- Up-to-date symlink: /home/pinet/SLAM_AGV/workspace/install/controller_manager_msgs/local/lib/python3.10/dist-packages/controller_manager_msgs/msg/_hardware_interface.py
[1.859s] -- Up-to-date symlink: /home/pinet/SLAM_AGV/workspace/install/controller_manager_msgs/local/lib/python3.10/dist-packages/controller_manager_msgs/msg/_hardware_interface_s.c
[1.860s] -- Up-to-date symlink: /home/pinet/SLAM_AGV/workspace/install/controller_manager_msgs/local/lib/python3.10/dist-packages/controller_manager_msgs/srv/__init__.py
[1.862s] -- Up-to-date symlink: /home/pinet/SLAM_AGV/workspace/install/controller_manager_msgs/local/lib/python3.10/dist-packages/controller_manager_msgs/srv/_configure_controller.py
[1.862s] -- Up-to-date symlink: /home/pinet/SLAM_AGV/workspace/install/controller_manager_msgs/local/lib/python3.10/dist-packages/controller_manager_msgs/srv/_configure_controller_s.c
[1.863s] -- Up-to-date symlink: /home/pinet/SLAM_AGV/workspace/install/controller_manager_msgs/local/lib/python3.10/dist-packages/controller_manager_msgs/srv/_list_controller_types.py
[1.864s] -- Up-to-date symlink: /home/pinet/SLAM_AGV/workspace/install/controller_manager_msgs/local/lib/python3.10/dist-packages/controller_manager_msgs/srv/_list_controller_types_s.c
[1.865s] -- Up-to-date symlink: /home/pinet/SLAM_AGV/workspace/install/controller_manager_msgs/local/lib/python3.10/dist-packages/controller_manager_msgs/srv/_list_controllers.py
[1.866s] -- Up-to-date symlink: /home/pinet/SLAM_AGV/workspace/install/controller_manager_msgs/local/lib/python3.10/dist-packages/controller_manager_msgs/srv/_list_controllers_s.c
[1.867s] -- Up-to-date symlink: /home/pinet/SLAM_AGV/workspace/install/controller_manager_msgs/local/lib/python3.10/dist-packages/controller_manager_msgs/srv/_list_hardware_components.py
[1.868s] -- Up-to-date symlink: /home/pinet/SLAM_AGV/workspace/install/controller_manager_msgs/local/lib/python3.10/dist-packages/controller_manager_msgs/srv/_list_hardware_components_s.c
[1.869s] -- Up-to-date symlink: /home/pinet/SLAM_AGV/workspace/install/controller_manager_msgs/local/lib/python3.10/dist-packages/controller_manager_msgs/srv/_list_hardware_interfaces.py
[1.870s] -- Up-to-date symlink: /home/pinet/SLAM_AGV/workspace/install/controller_manager_msgs/local/lib/python3.10/dist-packages/controller_manager_msgs/srv/_list_hardware_interfaces_s.c
[1.871s] -- Up-to-date symlink: /home/pinet/SLAM_AGV/workspace/install/controller_manager_msgs/local/lib/python3.10/dist-packages/controller_manager_msgs/srv/_load_controller.py
[1.872s] -- Up-to-date symlink: /home/pinet/SLAM_AGV/workspace/install/controller_manager_msgs/local/lib/python3.10/dist-packages/controller_manager_msgs/srv/_load_controller_s.c
[1.873s] -- Up-to-date symlink: /home/pinet/SLAM_AGV/workspace/install/controller_manager_msgs/local/lib/python3.10/dist-packages/controller_manager_msgs/srv/_reload_controller_libraries.py
[1.874s] -- Up-to-date symlink: /home/pinet/SLAM_AGV/workspace/install/controller_manager_msgs/local/lib/python3.10/dist-packages/controller_manager_msgs/srv/_reload_controller_libraries_s.c
[1.875s] -- Up-to-date symlink: /home/pinet/SLAM_AGV/workspace/install/controller_manager_msgs/local/lib/python3.10/dist-packages/controller_manager_msgs/srv/_set_hardware_component_state.py
[1.876s] -- Up-to-date symlink: /home/pinet/SLAM_AGV/workspace/install/controller_manager_msgs/local/lib/python3.10/dist-packages/controller_manager_msgs/srv/_set_hardware_component_state_s.c
[1.877s] -- Up-to-date symlink: /home/pinet/SLAM_AGV/workspace/install/controller_manager_msgs/local/lib/python3.10/dist-packages/controller_manager_msgs/srv/_switch_controller.py
[1.878s] -- Up-to-date symlink: /home/pinet/SLAM_AGV/workspace/install/controller_manager_msgs/local/lib/python3.10/dist-packages/controller_manager_msgs/srv/_switch_controller_s.c
[1.878s] -- Up-to-date symlink: /home/pinet/SLAM_AGV/workspace/install/controller_manager_msgs/local/lib/python3.10/dist-packages/controller_manager_msgs/srv/_unload_controller.py
[1.879s] -- Up-to-date symlink: /home/pinet/SLAM_AGV/workspace/install/controller_manager_msgs/local/lib/python3.10/dist-packages/controller_manager_msgs/srv/_unload_controller_s.c
[1.881s] -- Up-to-date symlink: /home/pinet/SLAM_AGV/workspace/install/controller_manager_msgs/local/lib/python3.10/dist-packages/controller_manager_msgs/controller_manager_msgs_s__rosidl_typesupport_fastrtps_c.cpython-310-aarch64-linux-gnu.so
[1.883s] -- Up-to-date symlink: /home/pinet/SLAM_AGV/workspace/install/controller_manager_msgs/local/lib/python3.10/dist-packages/controller_manager_msgs/controller_manager_msgs_s__rosidl_typesupport_introspection_c.cpython-310-aarch64-linux-gnu.so
[1.884s] -- Up-to-date symlink: /home/pinet/SLAM_AGV/workspace/install/controller_manager_msgs/local/lib/python3.10/dist-packages/controller_manager_msgs/controller_manager_msgs_s__rosidl_typesupport_c.cpython-310-aarch64-linux-gnu.so
[1.885s] -- Up-to-date symlink: /home/pinet/SLAM_AGV/workspace/install/controller_manager_msgs/share/controller_manager_msgs/msg/ControllerState.idl
[1.886s] -- Up-to-date symlink: /home/pinet/SLAM_AGV/workspace/install/controller_manager_msgs/share/controller_manager_msgs/msg/ChainConnection.idl
[1.887s] -- Up-to-date symlink: /home/pinet/SLAM_AGV/workspace/install/controller_manager_msgs/share/controller_manager_msgs/msg/HardwareComponentState.idl
[1.888s] -- Up-to-date symlink: /home/pinet/SLAM_AGV/workspace/install/controller_manager_msgs/share/controller_manager_msgs/msg/HardwareInterface.idl
[1.889s] -- Up-to-date symlink: /home/pinet/SLAM_AGV/workspace/install/controller_manager_msgs/share/controller_manager_msgs/srv/ConfigureController.idl
[1.890s] -- Up-to-date symlink: /home/pinet/SLAM_AGV/workspace/install/controller_manager_msgs/share/controller_manager_msgs/srv/ListControllers.idl
[1.891s] -- Up-to-date symlink: /home/pinet/SLAM_AGV/workspace/install/controller_manager_msgs/share/controller_manager_msgs/srv/ListControllerTypes.idl
[1.892s] -- Up-to-date symlink: /home/pinet/SLAM_AGV/workspace/install/controller_manager_msgs/share/controller_manager_msgs/srv/ListHardwareComponents.idl
[1.893s] -- Up-to-date symlink: /home/pinet/SLAM_AGV/workspace/install/controller_manager_msgs/share/controller_manager_msgs/srv/ListHardwareInterfaces.idl
[1.894s] -- Up-to-date symlink: /home/pinet/SLAM_AGV/workspace/install/controller_manager_msgs/share/controller_manager_msgs/srv/LoadController.idl
[1.895s] -- Up-to-date symlink: /home/pinet/SLAM_AGV/workspace/install/controller_manager_msgs/share/controller_manager_msgs/srv/ReloadControllerLibraries.idl
[1.896s] -- Up-to-date symlink: /home/pinet/SLAM_AGV/workspace/install/controller_manager_msgs/share/controller_manager_msgs/srv/SetHardwareComponentState.idl
[1.897s] -- Up-to-date symlink: /home/pinet/SLAM_AGV/workspace/install/controller_manager_msgs/share/controller_manager_msgs/srv/SwitchController.idl
[1.898s] -- Up-to-date symlink: /home/pinet/SLAM_AGV/workspace/install/controller_manager_msgs/share/controller_manager_msgs/srv/UnloadController.idl
[1.899s] -- Up-to-date symlink: /home/pinet/SLAM_AGV/workspace/install/controller_manager_msgs/share/controller_manager_msgs/msg/ControllerState.msg
[1.900s] -- Up-to-date symlink: /home/pinet/SLAM_AGV/workspace/install/controller_manager_msgs/share/controller_manager_msgs/msg/ChainConnection.msg
[1.901s] -- Up-to-date symlink: /home/pinet/SLAM_AGV/workspace/install/controller_manager_msgs/share/controller_manager_msgs/msg/HardwareComponentState.msg
[1.902s] -- Up-to-date symlink: /home/pinet/SLAM_AGV/workspace/install/controller_manager_msgs/share/controller_manager_msgs/msg/HardwareInterface.msg
[1.903s] -- Up-to-date symlink: /home/pinet/SLAM_AGV/workspace/install/controller_manager_msgs/share/controller_manager_msgs/srv/ConfigureController.srv
[1.904s] -- Up-to-date symlink: /home/pinet/SLAM_AGV/workspace/install/controller_manager_msgs/share/controller_manager_msgs/srv/ConfigureController_Request.msg
[1.905s] -- Up-to-date symlink: /home/pinet/SLAM_AGV/workspace/install/controller_manager_msgs/share/controller_manager_msgs/srv/ConfigureController_Response.msg
[1.906s] -- Up-to-date symlink: /home/pinet/SLAM_AGV/workspace/install/controller_manager_msgs/share/controller_manager_msgs/srv/ListControllers.srv
[1.907s] -- Up-to-date symlink: /home/pinet/SLAM_AGV/workspace/install/controller_manager_msgs/share/controller_manager_msgs/srv/ListControllers_Request.msg
[1.907s] -- Up-to-date symlink: /home/pinet/SLAM_AGV/workspace/install/controller_manager_msgs/share/controller_manager_msgs/srv/ListControllers_Response.msg
[1.908s] -- Up-to-date symlink: /home/pinet/SLAM_AGV/workspace/install/controller_manager_msgs/share/controller_manager_msgs/srv/ListControllerTypes.srv
[1.909s] -- Up-to-date symlink: /home/pinet/SLAM_AGV/workspace/install/controller_manager_msgs/share/controller_manager_msgs/srv/ListControllerTypes_Request.msg
[1.910s] -- Up-to-date symlink: /home/pinet/SLAM_AGV/workspace/install/controller_manager_msgs/share/controller_manager_msgs/srv/ListControllerTypes_Response.msg
[1.911s] -- Up-to-date symlink: /home/pinet/SLAM_AGV/workspace/install/controller_manager_msgs/share/controller_manager_msgs/srv/ListHardwareComponents.srv
[1.912s] -- Up-to-date symlink: /home/pinet/SLAM_AGV/workspace/install/controller_manager_msgs/share/controller_manager_msgs/srv/ListHardwareComponents_Request.msg
[1.913s] -- Up-to-date symlink: /home/pinet/SLAM_AGV/workspace/install/controller_manager_msgs/share/controller_manager_msgs/srv/ListHardwareComponents_Response.msg
[1.914s] -- Up-to-date symlink: /home/pinet/SLAM_AGV/workspace/install/controller_manager_msgs/share/controller_manager_msgs/srv/ListHardwareInterfaces.srv
[1.915s] -- Up-to-date symlink: /home/pinet/SLAM_AGV/workspace/install/controller_manager_msgs/share/controller_manager_msgs/srv/ListHardwareInterfaces_Request.msg
[1.916s] -- Up-to-date symlink: /home/pinet/SLAM_AGV/workspace/install/controller_manager_msgs/share/controller_manager_msgs/srv/ListHardwareInterfaces_Response.msg
[1.917s] -- Up-to-date symlink: /home/pinet/SLAM_AGV/workspace/install/controller_manager_msgs/share/controller_manager_msgs/srv/LoadController.srv
[1.918s] -- Up-to-date symlink: /home/pinet/SLAM_AGV/workspace/install/controller_manager_msgs/share/controller_manager_msgs/srv/LoadController_Request.msg
[1.919s] -- Up-to-date symlink: /home/pinet/SLAM_AGV/workspace/install/controller_manager_msgs/share/controller_manager_msgs/srv/LoadController_Response.msg
[1.920s] -- Up-to-date symlink: /home/pinet/SLAM_AGV/workspace/install/controller_manager_msgs/share/controller_manager_msgs/srv/ReloadControllerLibraries.srv
[1.921s] -- Up-to-date symlink: /home/pinet/SLAM_AGV/workspace/install/controller_manager_msgs/share/controller_manager_msgs/srv/ReloadControllerLibraries_Request.msg
[1.922s] -- Up-to-date symlink: /home/pinet/SLAM_AGV/workspace/install/controller_manager_msgs/share/controller_manager_msgs/srv/ReloadControllerLibraries_Response.msg
[1.923s] -- Up-to-date symlink: /home/pinet/SLAM_AGV/workspace/install/controller_manager_msgs/share/controller_manager_msgs/srv/SetHardwareComponentState.srv
[1.924s] -- Up-to-date symlink: /home/pinet/SLAM_AGV/workspace/install/controller_manager_msgs/share/controller_manager_msgs/srv/SetHardwareComponentState_Request.msg
[1.925s] -- Up-to-date symlink: /home/pinet/SLAM_AGV/workspace/install/controller_manager_msgs/share/controller_manager_msgs/srv/SetHardwareComponentState_Response.msg
[1.925s] -- Up-to-date symlink: /home/pinet/SLAM_AGV/workspace/install/controller_manager_msgs/share/controller_manager_msgs/srv/SwitchController.srv
[1.926s] -- Up-to-date symlink: /home/pinet/SLAM_AGV/workspace/install/controller_manager_msgs/share/controller_manager_msgs/srv/SwitchController_Request.msg
[1.927s] -- Up-to-date symlink: /home/pinet/SLAM_AGV/workspace/install/controller_manager_msgs/share/controller_manager_msgs/srv/SwitchController_Response.msg
[1.928s] -- Up-to-date symlink: /home/pinet/SLAM_AGV/workspace/install/controller_manager_msgs/share/controller_manager_msgs/srv/UnloadController.srv
[1.929s] -- Up-to-date symlink: /home/pinet/SLAM_AGV/workspace/install/controller_manager_msgs/share/controller_manager_msgs/srv/UnloadController_Request.msg
[1.930s] -- Up-to-date symlink: /home/pinet/SLAM_AGV/workspace/install/controller_manager_msgs/share/controller_manager_msgs/srv/UnloadController_Response.msg
[1.931s] -- Up-to-date symlink: /home/pinet/SLAM_AGV/workspace/install/controller_manager_msgs/share/ament_index/resource_index/package_run_dependencies/controller_manager_msgs
[1.932s] -- Up-to-date symlink: /home/pinet/SLAM_AGV/workspace/install/controller_manager_msgs/share/ament_index/resource_index/parent_prefix_path/controller_manager_msgs
[1.933s] -- Up-to-date symlink: /home/pinet/SLAM_AGV/workspace/install/controller_manager_msgs/share/controller_manager_msgs/environment/ament_prefix_path.sh
[1.934s] -- Up-to-date symlink: /home/pinet/SLAM_AGV/workspace/install/controller_manager_msgs/share/controller_manager_msgs/environment/ament_prefix_path.dsv
[1.935s] -- Up-to-date symlink: /home/pinet/SLAM_AGV/workspace/install/controller_manager_msgs/share/controller_manager_msgs/environment/path.sh
[1.936s] -- Up-to-date symlink: /home/pinet/SLAM_AGV/workspace/install/controller_manager_msgs/share/controller_manager_msgs/environment/path.dsv
[1.937s] -- Up-to-date symlink: /home/pinet/SLAM_AGV/workspace/install/controller_manager_msgs/share/controller_manager_msgs/local_setup.bash
[1.938s] -- Up-to-date symlink: /home/pinet/SLAM_AGV/workspace/install/controller_manager_msgs/share/controller_manager_msgs/local_setup.sh
[1.939s] -- Up-to-date symlink: /home/pinet/SLAM_AGV/workspace/install/controller_manager_msgs/share/controller_manager_msgs/local_setup.zsh
[1.940s] -- Up-to-date symlink: /home/pinet/SLAM_AGV/workspace/install/controller_manager_msgs/share/controller_manager_msgs/local_setup.dsv
[1.940s] -- Symlinking: /home/pinet/SLAM_AGV/workspace/install/controller_manager_msgs/share/controller_manager_msgs/package.dsv
[1.971s] -- Up-to-date symlink: /home/pinet/SLAM_AGV/workspace/install/controller_manager_msgs/share/ament_index/resource_index/packages/controller_manager_msgs
[1.971s] -- Up-to-date symlink: /home/pinet/SLAM_AGV/workspace/install/controller_manager_msgs/share/controller_manager_msgs/cmake/rosidl_cmake-extras.cmake
[1.973s] -- Up-to-date symlink: /home/pinet/SLAM_AGV/workspace/install/controller_manager_msgs/share/controller_manager_msgs/cmake/ament_cmake_export_dependencies-extras.cmake
[1.973s] -- Up-to-date symlink: /home/pinet/SLAM_AGV/workspace/install/controller_manager_msgs/share/controller_manager_msgs/cmake/ament_cmake_export_include_directories-extras.cmake
[1.974s] -- Up-to-date symlink: /home/pinet/SLAM_AGV/workspace/install/controller_manager_msgs/share/controller_manager_msgs/cmake/ament_cmake_export_libraries-extras.cmake
[1.975s] -- Up-to-date symlink: /home/pinet/SLAM_AGV/workspace/install/controller_manager_msgs/share/controller_manager_msgs/cmake/ament_cmake_export_targets-extras.cmake
[1.976s] -- Up-to-date symlink: /home/pinet/SLAM_AGV/workspace/install/controller_manager_msgs/share/controller_manager_msgs/cmake/rosidl_cmake_export_typesupport_targets-extras.cmake
[1.977s] -- Up-to-date symlink: /home/pinet/SLAM_AGV/workspace/install/controller_manager_msgs/share/controller_manager_msgs/cmake/rosidl_cmake_export_typesupport_libraries-extras.cmake
[1.978s] -- Up-to-date symlink: /home/pinet/SLAM_AGV/workspace/install/controller_manager_msgs/share/controller_manager_msgs/cmake/controller_manager_msgsConfig.cmake
[1.979s] -- Up-to-date symlink: /home/pinet/SLAM_AGV/workspace/install/controller_manager_msgs/share/controller_manager_msgs/cmake/controller_manager_msgsConfig-version.cmake
[1.980s] -- Up-to-date symlink: /home/pinet/SLAM_AGV/workspace/install/controller_manager_msgs/share/controller_manager_msgs/package.xml
[1.982s] -- Up-to-date: /home/pinet/SLAM_AGV/workspace/install/controller_manager_msgs/lib/libcontroller_manager_msgs__rosidl_generator_c.so
[1.984s] -- Up-to-date: /home/pinet/SLAM_AGV/workspace/install/controller_manager_msgs/lib/libcontroller_manager_msgs__rosidl_typesupport_fastrtps_c.so
[1.986s] -- Up-to-date: /home/pinet/SLAM_AGV/workspace/install/controller_manager_msgs/lib/libcontroller_manager_msgs__rosidl_typesupport_fastrtps_cpp.so
[1.988s] -- Up-to-date: /home/pinet/SLAM_AGV/workspace/install/controller_manager_msgs/lib/libcontroller_manager_msgs__rosidl_typesupport_introspection_c.so
[1.990s] -- Up-to-date: /home/pinet/SLAM_AGV/workspace/install/controller_manager_msgs/lib/libcontroller_manager_msgs__rosidl_typesupport_c.so
[1.992s] -- Up-to-date: /home/pinet/SLAM_AGV/workspace/install/controller_manager_msgs/lib/libcontroller_manager_msgs__rosidl_typesupport_introspection_cpp.so
[1.993s] -- Up-to-date: /home/pinet/SLAM_AGV/workspace/install/controller_manager_msgs/lib/libcontroller_manager_msgs__rosidl_typesupport_cpp.so
[2.129s] Listing '/home/pinet/SLAM_AGV/workspace/install/controller_manager_msgs/local/lib/python3.10/dist-packages/controller_manager_msgs'...
[2.130s] Listing '/home/pinet/SLAM_AGV/workspace/install/controller_manager_msgs/local/lib/python3.10/dist-packages/controller_manager_msgs/msg'...
[2.131s] Listing '/home/pinet/SLAM_AGV/workspace/install/controller_manager_msgs/local/lib/python3.10/dist-packages/controller_manager_msgs/srv'...
[2.152s] -- Up-to-date: /home/pinet/SLAM_AGV/workspace/install/controller_manager_msgs/lib/libcontroller_manager_msgs__rosidl_generator_py.so
[2.153s] -- Up-to-date: /home/pinet/SLAM_AGV/workspace/install/controller_manager_msgs/share/controller_manager_msgs/cmake/export_controller_manager_msgs__rosidl_generator_cExport.cmake
[2.154s] -- Up-to-date: /home/pinet/SLAM_AGV/workspace/install/controller_manager_msgs/share/controller_manager_msgs/cmake/export_controller_manager_msgs__rosidl_generator_cExport-noconfig.cmake
[2.155s] -- Up-to-date: /home/pinet/SLAM_AGV/workspace/install/controller_manager_msgs/share/controller_manager_msgs/cmake/export_controller_manager_msgs__rosidl_typesupport_fastrtps_cExport.cmake
[2.155s] -- Up-to-date: /home/pinet/SLAM_AGV/workspace/install/controller_manager_msgs/share/controller_manager_msgs/cmake/export_controller_manager_msgs__rosidl_typesupport_fastrtps_cExport-noconfig.cmake
[2.156s] -- Up-to-date: /home/pinet/SLAM_AGV/workspace/install/controller_manager_msgs/share/controller_manager_msgs/cmake/export_controller_manager_msgs__rosidl_generator_cppExport.cmake
[2.157s] -- Up-to-date: /home/pinet/SLAM_AGV/workspace/install/controller_manager_msgs/share/controller_manager_msgs/cmake/export_controller_manager_msgs__rosidl_typesupport_fastrtps_cppExport.cmake
[2.158s] -- Up-to-date: /home/pinet/SLAM_AGV/workspace/install/controller_manager_msgs/share/controller_manager_msgs/cmake/export_controller_manager_msgs__rosidl_typesupport_fastrtps_cppExport-noconfig.cmake
[2.159s] -- Up-to-date: /home/pinet/SLAM_AGV/workspace/install/controller_manager_msgs/share/controller_manager_msgs/cmake/controller_manager_msgs__rosidl_typesupport_introspection_cExport.cmake
[2.159s] -- Up-to-date: /home/pinet/SLAM_AGV/workspace/install/controller_manager_msgs/share/controller_manager_msgs/cmake/controller_manager_msgs__rosidl_typesupport_introspection_cExport-noconfig.cmake
[2.160s] -- Up-to-date: /home/pinet/SLAM_AGV/workspace/install/controller_manager_msgs/share/controller_manager_msgs/cmake/controller_manager_msgs__rosidl_typesupport_cExport.cmake
[2.161s] -- Up-to-date: /home/pinet/SLAM_AGV/workspace/install/controller_manager_msgs/share/controller_manager_msgs/cmake/controller_manager_msgs__rosidl_typesupport_cExport-noconfig.cmake
[2.162s] -- Up-to-date: /home/pinet/SLAM_AGV/workspace/install/controller_manager_msgs/share/controller_manager_msgs/cmake/controller_manager_msgs__rosidl_typesupport_introspection_cppExport.cmake
[2.163s] -- Up-to-date: /home/pinet/SLAM_AGV/workspace/install/controller_manager_msgs/share/controller_manager_msgs/cmake/controller_manager_msgs__rosidl_typesupport_introspection_cppExport-noconfig.cmake
[2.163s] -- Up-to-date: /home/pinet/SLAM_AGV/workspace/install/controller_manager_msgs/share/controller_manager_msgs/cmake/controller_manager_msgs__rosidl_typesupport_cppExport.cmake
[2.164s] -- Up-to-date: /home/pinet/SLAM_AGV/workspace/install/controller_manager_msgs/share/controller_manager_msgs/cmake/controller_manager_msgs__rosidl_typesupport_cppExport-noconfig.cmake
[2.165s] -- Up-to-date: /home/pinet/SLAM_AGV/workspace/install/controller_manager_msgs/share/controller_manager_msgs/cmake/export_controller_manager_msgs__rosidl_generator_pyExport.cmake
[2.165s] -- Up-to-date: /home/pinet/SLAM_AGV/workspace/install/controller_manager_msgs/share/controller_manager_msgs/cmake/export_controller_manager_msgs__rosidl_generator_pyExport-noconfig.cmake
[2.173s] Invoked command in '/home/pinet/SLAM_AGV/workspace/build/controller_manager_msgs' returned '0': CMAKE_PREFIX_PATH=/opt/ros/humble /usr/bin/cmake --install /home/pinet/SLAM_AGV/workspace/build/controller_manager_msgs
