In file included from [01m[K/home/pinet/SLAM_AGV/workspace/src/ros2_controllers/mecanum_drive_controller/src/mecanum_drive_controller.cpp:15[m[K:
[01m[K/home/pinet/SLAM_AGV/workspace/src/ros2_controllers/mecanum_drive_controller/include/mecanum_drive_controller/mecanum_drive_controller.hpp:70:37:[m[K [01;31m[Kerror: [m[K‘[01m[Kcontroller_interface::return_type mecanum_drive_controller::MecanumDriveController::update_reference_from_subscribers(const rclcpp::Time&, const rclcpp::Duration&)[m[K’ marked ‘[01m[Koverride[m[K’, but does not override
   70 |   controller_interface::return_type [01;31m[Kupdate_reference_from_subscribers[m[K(
      |                                     [01;31m[K^~~~~~~~~~~~~~~~~~~~~~~~~~~~~~~~~[m[K
[01m[K/home/pinet/SLAM_AGV/workspace/src/ros2_controllers/mecanum_drive_controller/src/mecanum_drive_controller.cpp:[m[K In member function ‘[01m[Kvirtual controller_interface::CallbackReturn mecanum_drive_controller::MecanumDriveController::on_deactivate(const rclcpp_lifecycle::State&)[m[K’:
[01m[K/home/pinet/SLAM_AGV/workspace/src/ros2_controllers/mecanum_drive_controller/src/mecanum_drive_controller.cpp:322:39:[m[K [01;31m[Kerror: [m[Kvoid value not ignored as it ought to be
  322 |       [01;31m[Kcommand_interfaces_[i].set_value(std::numeric_limits<double>::quiet_NaN())[m[K;
      |       [01;31m[K~~~~~~~~~~~~~~~~~~~~~~~~~~~~~~~~^~~~~~~~~~~~~~~~~~~~~~~~~~~~~~~~~~~~~~~~~~[m[K
[01m[K/home/pinet/SLAM_AGV/workspace/src/ros2_controllers/mecanum_drive_controller/src/mecanum_drive_controller.cpp:[m[K In member function ‘[01m[Kvirtual controller_interface::return_type mecanum_drive_controller::MecanumDriveController::update_and_write_commands(const rclcpp::Time&, const rclcpp::Duration&)[m[K’:
[01m[K/home/pinet/SLAM_AGV/workspace/src/ros2_controllers/mecanum_drive_controller/src/mecanum_drive_controller.cpp:453:48:[m[K [01;31m[Kerror: [m[Kcould not convert ‘[01m[K(&((mecanum_drive_controller::MecanumDriveController*)this)->mecanum_drive_controller::MecanumDriveController::<anonymous>.controller_interface::ChainableControllerInterface::<anonymous>.controller_interface::ControllerInterfaceBase::command_interfaces_.std::vector<hardware_interface::LoanedCommandInterface>::operator[](((std::vector<hardware_interface::LoanedCommandInterface>::size_type)mecanum_drive_controller::MecanumDriveController::FRONT_LEFT)))->hardware_interface::LoanedCommandInterface::set_value(((double)wheel_front_left_vel))[m[K’ from ‘[01m[Kvoid[m[K’ to ‘[01m[Kbool[m[K’
  453 |       [01;31m[Kcommand_interfaces_[FRONT_LEFT].set_value(wheel_front_left_vel)[m[K &&
      |       [01;31m[K~~~~~~~~~~~~~~~~~~~~~~~~~~~~~~~~~~~~~~~~~^~~~~~~~~~~~~~~~~~~~~~[m[K
[01m[K/home/pinet/SLAM_AGV/workspace/src/ros2_controllers/mecanum_drive_controller/src/mecanum_drive_controller.cpp:454:49:[m[K [01;31m[Kerror: [m[Kcould not convert ‘[01m[K(&((mecanum_drive_controller::MecanumDriveController*)this)->mecanum_drive_controller::MecanumDriveController::<anonymous>.controller_interface::ChainableControllerInterface::<anonymous>.controller_interface::ControllerInterfaceBase::command_interfaces_.std::vector<hardware_interface::LoanedCommandInterface>::operator[](((std::vector<hardware_interface::LoanedCommandInterface>::size_type)mecanum_drive_controller::MecanumDriveController::FRONT_RIGHT)))->hardware_interface::LoanedCommandInterface::set_value(((double)wheel_front_right_vel))[m[K’ from ‘[01m[Kvoid[m[K’ to ‘[01m[Kbool[m[K’
  454 |       [01;31m[Kcommand_interfaces_[FRONT_RIGHT].set_value(wheel_front_right_vel)[m[K &&
      |       [01;31m[K~~~~~~~~~~~~~~~~~~~~~~~~~~~~~~~~~~~~~~~~~~^~~~~~~~~~~~~~~~~~~~~~~[m[K
[01m[K/home/pinet/SLAM_AGV/workspace/src/ros2_controllers/mecanum_drive_controller/src/mecanum_drive_controller.cpp:464:75:[m[K [01;31m[Kerror: [m[Kcould not convert ‘[01m[K(&((mecanum_drive_controller::MecanumDriveController*)this)->mecanum_drive_controller::MecanumDriveController::<anonymous>.controller_interface::ChainableControllerInterface::<anonymous>.controller_interface::ControllerInterfaceBase::command_interfaces_.std::vector<hardware_interface::LoanedCommandInterface>::operator[](((std::vector<hardware_interface::LoanedCommandInterface>::size_type)mecanum_drive_controller::MecanumDriveController::FRONT_LEFT)))->hardware_interface::LoanedCommandInterface::set_value(0.0)[m[K’ from ‘[01m[Kvoid[m[K’ to ‘[01m[Kbool[m[K’
  464 |     const bool value_set_error = [01;31m[Kcommand_interfaces_[FRONT_LEFT].set_value(0.0)[m[K &&
      |                                  [01;31m[K~~~~~~~~~~~~~~~~~~~~~~~~~~~~~~~~~~~~~~~~~^~~~~[m[K
[01m[K/home/pinet/SLAM_AGV/workspace/src/ros2_controllers/mecanum_drive_controller/src/mecanum_drive_controller.cpp:465:76:[m[K [01;31m[Kerror: [m[Kcould not convert ‘[01m[K(&((mecanum_drive_controller::MecanumDriveController*)this)->mecanum_drive_controller::MecanumDriveController::<anonymous>.controller_interface::ChainableControllerInterface::<anonymous>.controller_interface::ControllerInterfaceBase::command_interfaces_.std::vector<hardware_interface::LoanedCommandInterface>::operator[](((std::vector<hardware_interface::LoanedCommandInterface>::size_type)mecanum_drive_controller::MecanumDriveController::FRONT_RIGHT)))->hardware_interface::LoanedCommandInterface::set_value(0.0)[m[K’ from ‘[01m[Kvoid[m[K’ to ‘[01m[Kbool[m[K’
  465 |                                  [01;31m[Kcommand_interfaces_[FRONT_RIGHT].set_value(0.0)[m[K &&
      |                                  [01;31m[K~~~~~~~~~~~~~~~~~~~~~~~~~~~~~~~~~~~~~~~~~~^~~~~[m[K
In file included from [01m[K/opt/ros/humble/include/class_loader/class_loader/class_loader_core.hpp:57[m[K,
                 from [01m[K/opt/ros/humble/include/class_loader/class_loader/class_loader.hpp:55[m[K,
                 from [01m[K/opt/ros/humble/include/pluginlib/pluginlib/class_list_macros.hpp:40[m[K,
                 from [01m[K/home/pinet/SLAM_AGV/workspace/src/ros2_controllers/mecanum_drive_controller/src/mecanum_drive_controller.cpp:529[m[K:
/opt/ros/humble/include/class_loader/class_loader/meta_object.hpp: In instantiation of ‘[01m[KB* class_loader::impl::MetaObject<C, B>::create() const [with C = mecanum_drive_controller::MecanumDriveController; B = controller_interface::ChainableControllerInterface][m[K’:
[01m[K/opt/ros/humble/include/class_loader/class_loader/meta_object.hpp:216:7:[m[K   required from here
[01m[K/opt/ros/humble/include/class_loader/class_loader/meta_object.hpp:218:12:[m[K [01;31m[Kerror: [m[Kinvalid new-expression of abstract class type ‘[01m[Kmecanum_drive_controller::MecanumDriveController[m[K’
  218 |     return [01;31m[Knew C[m[K;
      |            [01;31m[K^~~~~[m[K
In file included from [01m[K/home/pinet/SLAM_AGV/workspace/src/ros2_controllers/mecanum_drive_controller/src/mecanum_drive_controller.cpp:15[m[K:
[01m[K/home/pinet/SLAM_AGV/workspace/src/ros2_controllers/mecanum_drive_controller/include/mecanum_drive_controller/mecanum_drive_controller.hpp:50:7:[m[K [01;36m[Knote: [m[K  because the following virtual functions are pure within ‘[01m[Kmecanum_drive_controller::MecanumDriveController[m[K’:
   50 | class [01;36m[KMecanumDriveController[m[K : public controller_interface::ChainableControllerInterface
      |       [01;36m[K^~~~~~~~~~~~~~~~~~~~~~[m[K
In file included from [01m[K/home/pinet/SLAM_AGV/workspace/src/ros2_controllers/mecanum_drive_controller/include/mecanum_drive_controller/mecanum_drive_controller.hpp:27[m[K,
                 from [01m[K/home/pinet/SLAM_AGV/workspace/src/ros2_controllers/mecanum_drive_controller/src/mecanum_drive_controller.cpp:15[m[K:
[01m[K/opt/ros/humble/include/controller_interface/chainable_controller_interface.hpp:100:23:[m[K [01;36m[Knote: [m[K    ‘[01m[Kvirtual controller_interface::return_type controller_interface::ChainableControllerInterface::update_reference_from_subscribers()[m[K’
  100 |   virtual return_type [01;36m[Kupdate_reference_from_subscribers[m[K() = 0;
      |                       [01;36m[K^~~~~~~~~~~~~~~~~~~~~~~~~~~~~~~~~[m[K
gmake[2]: *** [CMakeFiles/mecanum_drive_controller.dir/build.make:76: CMakeFiles/mecanum_drive_controller.dir/src/mecanum_drive_controller.cpp.o] Error 1
gmake[1]: *** [CMakeFiles/Makefile2:208: CMakeFiles/mecanum_drive_controller.dir/all] Error 2
gmake[1]: *** Waiting for unfinished jobs....
In file included from [01m[K/opt/ros/humble/include/pluginlib/pluginlib/class_loader.hpp:334[m[K,
                 from [01m[K/opt/ros/humble/include/controller_manager/controller_manager.hpp:46[m[K,
                 from [01m[K/home/pinet/SLAM_AGV/workspace/src/ros2_controllers/mecanum_drive_controller/test/test_load_mecanum_drive_controller.cpp:18[m[K:
[01m[K/opt/ros/humble/include/pluginlib/pluginlib/./class_loader_imp.hpp:[m[K In member function ‘[01m[Kvirtual std::string pluginlib::ClassLoader<T>::getClassLibraryPath(const string&)[m[K’:
[01m[K/opt/ros/humble/include/pluginlib/pluginlib/./class_loader_imp.hpp:491:13:[m[K [01;31m[Kerror: [m[Kdeclaration of ‘[01m[Kit[m[K’ shadows a previous local [[01;31m[K]8;;https://gcc.gnu.org/onlinedocs/gcc/Warning-Options.html#index-Wshadow-Werror=shadow]8;;[m[K]
  491 |   for (auto [01;31m[Kit[m[K = paths_to_try.begin(); it != paths_to_try.end(); it++) {
      |             [01;31m[K^~[m[K
[01m[K/opt/ros/humble/include/pluginlib/pluginlib/./class_loader_imp.hpp:479:20:[m[K [01;36m[Knote: [m[Kshadowed declaration is here
  479 |   ClassMapIterator [01;36m[Kit[m[K = classes_available_.find(lookup_name);
      |                    [01;36m[K^~[m[K
[01m[K/home/pinet/SLAM_AGV/workspace/src/ros2_controllers/mecanum_drive_controller/test/test_load_mecanum_drive_controller.cpp:[m[K In member function ‘[01m[Kvirtual void TestLoadMecanumDriveController_load_controller_Test::TestBody()[m[K’:
[01m[K/home/pinet/SLAM_AGV/workspace/src/ros2_controllers/mecanum_drive_controller/test/test_load_mecanum_drive_controller.cpp:31:92:[m[K [01;31m[Kerror: [m[Kno matching function for call to ‘[01m[Kcontroller_manager::ControllerManager::ControllerManager(std::shared_ptr<rclcpp::Executor>&, const std::__cxx11::basic_string<char>&, bool, const char [24])[m[K’
   31 |     executor, ros2_control_test_assets::minimal_robot_urdf, true, "test_controller_manager"[01;31m[K)[m[K;
      |                                                                                            [01;31m[K^[m[K
In file included from [01m[K/home/pinet/SLAM_AGV/workspace/src/ros2_controllers/mecanum_drive_controller/test/test_load_mecanum_drive_controller.cpp:18[m[K:
[01m[K/opt/ros/humble/include/controller_manager/controller_manager.hpp:77:3:[m[K [01;36m[Knote: [m[Kcandidate: ‘[01m[Kcontroller_manager::ControllerManager::ControllerManager(std::shared_ptr<rclcpp::Executor>, const string&, const string&, const rclcpp::NodeOptions&)[m[K’
   77 |   [01;36m[KControllerManager[m[K(
      |   [01;36m[K^~~~~~~~~~~~~~~~~[m[K
[01m[K/opt/ros/humble/include/controller_manager/controller_manager.hpp:80:25:[m[K [01;36m[Knote: [m[K  no known conversion for argument 3 from ‘[01m[Kbool[m[K’ to ‘[01m[Kconst string&[m[K’ {aka ‘[01m[Kconst std::__cxx11::basic_string<char>&[m[K’}
   80 |     [01;36m[Kconst std::string & namespace_ = ""[m[K,
      |     [01;36m[K~~~~~~~~~~~~~~~~~~~~^~~~~~~~~~~~~~~[m[K
[01m[K/opt/ros/humble/include/controller_manager/controller_manager.hpp:69:3:[m[K [01;36m[Knote: [m[Kcandidate: ‘[01m[Kcontroller_manager::ControllerManager::ControllerManager(std::unique_ptr<hardware_interface::ResourceManager>, std::shared_ptr<rclcpp::Executor>, const string&, const string&, const rclcpp::NodeOptions&)[m[K’
   69 |   [01;36m[KControllerManager[m[K(
      |   [01;36m[K^~~~~~~~~~~~~~~~~[m[K
[01m[K/opt/ros/humble/include/controller_manager/controller_manager.hpp:70:58:[m[K [01;36m[Knote: [m[K  no known conversion for argument 1 from ‘[01m[Kstd::shared_ptr<rclcpp::Executor>[m[K’ to ‘[01m[Kstd::unique_ptr<hardware_interface::ResourceManager>[m[K’
   70 |     [01;36m[Kstd::unique_ptr<hardware_interface::ResourceManager> resource_manager[m[K,
      |     [01;36m[K~~~~~~~~~~~~~~~~~~~~~~~~~~~~~~~~~~~~~~~~~~~~~~~~~~~~~^~~~~~~~~~~~~~~~[m[K
cc1plus: some warnings being treated as errors
gmake[2]: *** [CMakeFiles/test_load_mecanum_drive_controller.dir/build.make:76: CMakeFiles/test_load_mecanum_drive_controller.dir/test/test_load_mecanum_drive_controller.cpp.o] Error 1
gmake[1]: *** [CMakeFiles/Makefile2:235: CMakeFiles/test_load_mecanum_drive_controller.dir/all] Error 2
gmake: *** [Makefile:146: all] Error 2
