[0.050s] Invoking command in '/home/pinet/SLAM_AGV/workspace/build/mecanum_drive_controller': CMAKE_PREFIX_PATH=/home/pinet/SLAM_AGV/workspace/install/control_msgs:/opt/ros/humble LD_LIBRARY_PATH=/home/pinet/SLAM_AGV/workspace/install/control_msgs/lib:${LD_LIBRARY_PATH} /usr/bin/cmake /home/pinet/SLAM_AGV/workspace/src/ros2_controllers/mecanum_drive_controller -DAMENT_CMAKE_SYMLINK_INSTALL=1 -DCMAKE_INSTALL_PREFIX=/home/pinet/SLAM_AGV/workspace/install/mecanum_drive_controller
[1.161s] -- The C compiler identification is GNU 11.4.0
[1.888s] -- The CXX compiler identification is GNU 11.4.0
[1.933s] -- Detecting C compiler ABI info
[2.302s] -- Detecting C compiler ABI info - done
[2.329s] -- Check for working C compiler: /usr/bin/cc - skipped
[2.331s] -- Detecting C compile features
[2.334s] -- Detecting C compile features - done
[2.348s] -- Detecting CXX compiler ABI info
[2.700s] -- Detecting CXX compiler ABI info - done
[2.728s] -- Check for working CXX compiler: /usr/bin/c++ - skipped
[2.729s] -- Detecting CXX compile features
[2.730s] -- Detecting CXX compile features - done
[2.767s] -- Found ament_cmake: 1.3.11 (/opt/ros/humble/share/ament_cmake/cmake)
[3.460s] -- Found Python3: /usr/bin/python3 (found version "3.10.12") found components: Interpreter 
[3.789s] -- Override CMake install command with custom implementation using symlinks instead of copying resources
[4.113s] -- Found controller_interface: 2.48.0 (/opt/ros/humble/share/controller_interface/cmake)
[4.481s] -- Found rosidl_generator_c: 3.1.6 (/opt/ros/humble/share/rosidl_generator_c/cmake)
[4.572s] -- Found rosidl_adapter: 3.1.6 (/opt/ros/humble/share/rosidl_adapter/cmake)
[4.651s] -- Found rosidl_generator_cpp: 3.1.6 (/opt/ros/humble/share/rosidl_generator_cpp/cmake)
[4.753s] -- Using all available rosidl_typesupport_c: rosidl_typesupport_fastrtps_c;rosidl_typesupport_introspection_c
[4.870s] -- Using all available rosidl_typesupport_cpp: rosidl_typesupport_fastrtps_cpp;rosidl_typesupport_introspection_cpp
[6.224s] -- Found rmw_implementation_cmake: 6.1.2 (/opt/ros/humble/share/rmw_implementation_cmake/cmake)
[6.250s] -- Found rmw_fastrtps_cpp: 6.2.7 (/opt/ros/humble/share/rmw_fastrtps_cpp/cmake)
[6.435s] -- Found TinyXML2 via Config file: TinyXML2_DIR-NOTFOUND
[6.685s] -- Found OpenSSL: /usr/lib/aarch64-linux-gnu/libcrypto.so (found version "3.0.2")  
[6.699s] -- Found TinyXML2 via Config file: TinyXML2_DIR-NOTFOUND
[6.746s] -- Found FastRTPS: /opt/ros/humble/include  
[6.759s] -- Found TinyXML2 via Config file: TinyXML2_DIR-NOTFOUND
[6.791s] -- Found TinyXML2 via Config file: TinyXML2_DIR-NOTFOUND
[6.824s] -- Using RMW implementation 'rmw_fastrtps_cpp' as default
[6.898s] -- Looking for pthread.h
[7.372s] -- Looking for pthread.h - found
[7.373s] -- Performing Test CMAKE_HAVE_LIBC_PTHREAD
[7.808s] -- Performing Test CMAKE_HAVE_LIBC_PTHREAD - Success
[7.813s] -- Found Threads: TRUE  
[8.122s] -- Found generate_parameter_library: 0.4.0 (/opt/ros/humble/share/generate_parameter_library/cmake)
[8.142s] -- Found parameter_traits: 0.4.0 (/opt/ros/humble/share/parameter_traits/cmake)
[8.290s] -- Found nav_msgs: 4.2.4 (/opt/ros/humble/share/nav_msgs/cmake)
[8.387s] -- Found realtime_tools: 2.11.0 (/opt/ros/humble/share/realtime_tools/cmake)
[8.486s] -- Found std_srvs: 4.2.4 (/opt/ros/humble/share/std_srvs/cmake)
[8.561s] -- Found tf2: 0.25.12 (/opt/ros/humble/share/tf2/cmake)
[8.597s] -- Found tf2_geometry_msgs: 0.25.12 (/opt/ros/humble/share/tf2_geometry_msgs/cmake)
[8.666s] -- Found eigen3_cmake_module: 0.1.1 (/opt/ros/humble/share/eigen3_cmake_module/cmake)
[8.672s] -- Found Eigen3: TRUE (found version "3.4.0") 
[8.673s] -- Ensuring Eigen3 include directory is part of orocos-kdl CMake target
[9.045s] -- Found ament_cmake_gmock: 1.3.11 (/opt/ros/humble/share/ament_cmake_gmock/cmake)
[9.069s] -- Found controller_manager: 2.48.0 (/opt/ros/humble/share/controller_manager/cmake)
[9.208s] -- Found ros2_control_test_assets: 2.48.0 (/opt/ros/humble/share/ros2_control_test_assets/cmake)
[9.234s] -- Found gmock sources under '/opt/ros/humble/src/gmock_vendor': C++ tests using 'Google Mock' will be built
[9.276s] -- Found ament_cmake_gtest: 1.3.11 (/opt/ros/humble/share/ament_cmake_gtest/cmake)
[9.284s] -- Found gtest sources under '/opt/ros/humble/src/gtest_vendor': C++ tests using 'Google Test' will be built
[9.821s] -- Configuring done
[10.724s] -- Generating done
[10.786s] -- Build files have been written to: /home/pinet/SLAM_AGV/workspace/build/mecanum_drive_controller
[10.842s] Invoked command in '/home/pinet/SLAM_AGV/workspace/build/mecanum_drive_controller' returned '0': CMAKE_PREFIX_PATH=/home/pinet/SLAM_AGV/workspace/install/control_msgs:/opt/ros/humble LD_LIBRARY_PATH=/home/pinet/SLAM_AGV/workspace/install/control_msgs/lib:${LD_LIBRARY_PATH} /usr/bin/cmake /home/pinet/SLAM_AGV/workspace/src/ros2_controllers/mecanum_drive_controller -DAMENT_CMAKE_SYMLINK_INSTALL=1 -DCMAKE_INSTALL_PREFIX=/home/pinet/SLAM_AGV/workspace/install/mecanum_drive_controller
[10.851s] Invoking command in '/home/pinet/SLAM_AGV/workspace/build/mecanum_drive_controller': CMAKE_PREFIX_PATH=/home/pinet/SLAM_AGV/workspace/install/control_msgs:/opt/ros/humble LD_LIBRARY_PATH=/home/pinet/SLAM_AGV/workspace/install/control_msgs/lib:${LD_LIBRARY_PATH} /usr/bin/cmake --build /home/pinet/SLAM_AGV/workspace/build/mecanum_drive_controller -- -j4 -l4
[11.067s] [  6%] [34m[1mRunning `/opt/ros/humble/bin/generate_parameter_library_cpp /home/pinet/SLAM_AGV/workspace/build/mecanum_drive_controller/include/mecanum_drive_controller/mecanum_drive_controller_parameters.hpp /home/pinet/SLAM_AGV/workspace/src/ros2_controllers/mecanum_drive_controller/src/mecanum_drive_controller.yaml `[0m
[11.068s] [ 12%] [32mBuilding CXX object gmock/CMakeFiles/gmock_main.dir/src/gmock_main.cc.o[0m
[11.071s] [ 18%] [32mBuilding CXX object gmock/CMakeFiles/gmock.dir/opt/ros/humble/src/gtest_vendor/src/gtest-all.cc.o[0m
[11.089s] [ 25%] [32mBuilding CXX object gmock/CMakeFiles/gmock.dir/src/gmock-all.cc.o[0m
[14.238s] [ 31%] [34m[1mCreating deprecated header file /home/pinet/SLAM_AGV/workspace/build/mecanum_drive_controller/include/mecanum_drive_controller_parameters.hpp[0m
[14.470s] [ 31%] Built target mecanum_drive_controller_parameters
[14.601s] [ 37%] [32mBuilding CXX object CMakeFiles/mecanum_drive_controller.dir/src/mecanum_drive_controller.cpp.o[0m
[22.077s] [ 43%] [32m[1mLinking CXX static library libgmock_main.a[0m
[22.255s] [ 43%] Built target gmock_main
[22.298s] [ 50%] [32mBuilding CXX object CMakeFiles/mecanum_drive_controller.dir/src/odometry.cpp.o[0m
[32.904s] [ 56%] [32m[1mLinking CXX static library libgmock.a[0m
[33.283s] [ 56%] Built target gmock
[33.380s] [ 62%] [32mBuilding CXX object CMakeFiles/test_load_mecanum_drive_controller.dir/test/test_load_mecanum_drive_controller.cpp.o[0m
[33.488s] In file included from [01m[K/home/pinet/SLAM_AGV/workspace/src/ros2_controllers/mecanum_drive_controller/src/mecanum_drive_controller.cpp:15[m[K:
[33.488s] [01m[K/home/pinet/SLAM_AGV/workspace/src/ros2_controllers/mecanum_drive_controller/include/mecanum_drive_controller/mecanum_drive_controller.hpp:70:37:[m[K [01;31m[Kerror: [m[K‘[01m[Kcontroller_interface::return_type mecanum_drive_controller::MecanumDriveController::update_reference_from_subscribers(const rclcpp::Time&, const rclcpp::Duration&)[m[K’ marked ‘[01m[Koverride[m[K’, but does not override
[33.489s]    70 |   controller_interface::return_type [01;31m[Kupdate_reference_from_subscribers[m[K(
[33.490s]       |                                     [01;31m[K^~~~~~~~~~~~~~~~~~~~~~~~~~~~~~~~~[m[K
[34.147s] [01m[K/home/pinet/SLAM_AGV/workspace/src/ros2_controllers/mecanum_drive_controller/src/mecanum_drive_controller.cpp:[m[K In member function ‘[01m[Kvirtual controller_interface::CallbackReturn mecanum_drive_controller::MecanumDriveController::on_deactivate(const rclcpp_lifecycle::State&)[m[K’:
[34.148s] [01m[K/home/pinet/SLAM_AGV/workspace/src/ros2_controllers/mecanum_drive_controller/src/mecanum_drive_controller.cpp:322:39:[m[K [01;31m[Kerror: [m[Kvoid value not ignored as it ought to be
[34.149s]   322 |       [01;31m[Kcommand_interfaces_[i].set_value(std::numeric_limits<double>::quiet_NaN())[m[K;
[34.149s]       |       [01;31m[K~~~~~~~~~~~~~~~~~~~~~~~~~~~~~~~~^~~~~~~~~~~~~~~~~~~~~~~~~~~~~~~~~~~~~~~~~~[m[K
[34.161s] [01m[K/home/pinet/SLAM_AGV/workspace/src/ros2_controllers/mecanum_drive_controller/src/mecanum_drive_controller.cpp:[m[K In member function ‘[01m[Kvirtual controller_interface::return_type mecanum_drive_controller::MecanumDriveController::update_and_write_commands(const rclcpp::Time&, const rclcpp::Duration&)[m[K’:
[34.162s] [01m[K/home/pinet/SLAM_AGV/workspace/src/ros2_controllers/mecanum_drive_controller/src/mecanum_drive_controller.cpp:453:48:[m[K [01;31m[Kerror: [m[Kcould not convert ‘[01m[K(&((mecanum_drive_controller::MecanumDriveController*)this)->mecanum_drive_controller::MecanumDriveController::<anonymous>.controller_interface::ChainableControllerInterface::<anonymous>.controller_interface::ControllerInterfaceBase::command_interfaces_.std::vector<hardware_interface::LoanedCommandInterface>::operator[](((std::vector<hardware_interface::LoanedCommandInterface>::size_type)mecanum_drive_controller::MecanumDriveController::FRONT_LEFT)))->hardware_interface::LoanedCommandInterface::set_value(((double)wheel_front_left_vel))[m[K’ from ‘[01m[Kvoid[m[K’ to ‘[01m[Kbool[m[K’
[34.162s]   453 |       [01;31m[Kcommand_interfaces_[FRONT_LEFT].set_value(wheel_front_left_vel)[m[K &&
[34.163s]       |       [01;31m[K~~~~~~~~~~~~~~~~~~~~~~~~~~~~~~~~~~~~~~~~~^~~~~~~~~~~~~~~~~~~~~~[m[K
[34.164s] [01m[K/home/pinet/SLAM_AGV/workspace/src/ros2_controllers/mecanum_drive_controller/src/mecanum_drive_controller.cpp:454:49:[m[K [01;31m[Kerror: [m[Kcould not convert ‘[01m[K(&((mecanum_drive_controller::MecanumDriveController*)this)->mecanum_drive_controller::MecanumDriveController::<anonymous>.controller_interface::ChainableControllerInterface::<anonymous>.controller_interface::ControllerInterfaceBase::command_interfaces_.std::vector<hardware_interface::LoanedCommandInterface>::operator[](((std::vector<hardware_interface::LoanedCommandInterface>::size_type)mecanum_drive_controller::MecanumDriveController::FRONT_RIGHT)))->hardware_interface::LoanedCommandInterface::set_value(((double)wheel_front_right_vel))[m[K’ from ‘[01m[Kvoid[m[K’ to ‘[01m[Kbool[m[K’
[34.165s]   454 |       [01;31m[Kcommand_interfaces_[FRONT_RIGHT].set_value(wheel_front_right_vel)[m[K &&
[34.165s]       |       [01;31m[K~~~~~~~~~~~~~~~~~~~~~~~~~~~~~~~~~~~~~~~~~~^~~~~~~~~~~~~~~~~~~~~~~[m[K
[34.166s] [01m[K/home/pinet/SLAM_AGV/workspace/src/ros2_controllers/mecanum_drive_controller/src/mecanum_drive_controller.cpp:464:75:[m[K [01;31m[Kerror: [m[Kcould not convert ‘[01m[K(&((mecanum_drive_controller::MecanumDriveController*)this)->mecanum_drive_controller::MecanumDriveController::<anonymous>.controller_interface::ChainableControllerInterface::<anonymous>.controller_interface::ControllerInterfaceBase::command_interfaces_.std::vector<hardware_interface::LoanedCommandInterface>::operator[](((std::vector<hardware_interface::LoanedCommandInterface>::size_type)mecanum_drive_controller::MecanumDriveController::FRONT_LEFT)))->hardware_interface::LoanedCommandInterface::set_value(0.0)[m[K’ from ‘[01m[Kvoid[m[K’ to ‘[01m[Kbool[m[K’
[34.167s]   464 |     const bool value_set_error = [01;31m[Kcommand_interfaces_[FRONT_LEFT].set_value(0.0)[m[K &&
[34.167s]       |                                  [01;31m[K~~~~~~~~~~~~~~~~~~~~~~~~~~~~~~~~~~~~~~~~~^~~~~[m[K
[34.168s] [01m[K/home/pinet/SLAM_AGV/workspace/src/ros2_controllers/mecanum_drive_controller/src/mecanum_drive_controller.cpp:465:76:[m[K [01;31m[Kerror: [m[Kcould not convert ‘[01m[K(&((mecanum_drive_controller::MecanumDriveController*)this)->mecanum_drive_controller::MecanumDriveController::<anonymous>.controller_interface::ChainableControllerInterface::<anonymous>.controller_interface::ControllerInterfaceBase::command_interfaces_.std::vector<hardware_interface::LoanedCommandInterface>::operator[](((std::vector<hardware_interface::LoanedCommandInterface>::size_type)mecanum_drive_controller::MecanumDriveController::FRONT_RIGHT)))->hardware_interface::LoanedCommandInterface::set_value(0.0)[m[K’ from ‘[01m[Kvoid[m[K’ to ‘[01m[Kbool[m[K’
[34.169s]   465 |                                  [01;31m[Kcommand_interfaces_[FRONT_RIGHT].set_value(0.0)[m[K &&
[34.169s]       |                                  [01;31m[K~~~~~~~~~~~~~~~~~~~~~~~~~~~~~~~~~~~~~~~~~~^~~~~[m[K
[44.924s] In file included from [01m[K/opt/ros/humble/include/class_loader/class_loader/class_loader_core.hpp:57[m[K,
[44.925s]                  from [01m[K/opt/ros/humble/include/class_loader/class_loader/class_loader.hpp:55[m[K,
[44.926s]                  from [01m[K/opt/ros/humble/include/pluginlib/pluginlib/class_list_macros.hpp:40[m[K,
[44.927s]                  from [01m[K/home/pinet/SLAM_AGV/workspace/src/ros2_controllers/mecanum_drive_controller/src/mecanum_drive_controller.cpp:529[m[K:
[44.928s] /opt/ros/humble/include/class_loader/class_loader/meta_object.hpp: In instantiation of ‘[01m[KB* class_loader::impl::MetaObject<C, B>::create() const [with C = mecanum_drive_controller::MecanumDriveController; B = controller_interface::ChainableControllerInterface][m[K’:
[44.929s] [01m[K/opt/ros/humble/include/class_loader/class_loader/meta_object.hpp:216:7:[m[K   required from here
[44.930s] [01m[K/opt/ros/humble/include/class_loader/class_loader/meta_object.hpp:218:12:[m[K [01;31m[Kerror: [m[Kinvalid new-expression of abstract class type ‘[01m[Kmecanum_drive_controller::MecanumDriveController[m[K’
[44.930s]   218 |     return [01;31m[Knew C[m[K;
[44.931s]       |            [01;31m[K^~~~~[m[K
[44.931s] In file included from [01m[K/home/pinet/SLAM_AGV/workspace/src/ros2_controllers/mecanum_drive_controller/src/mecanum_drive_controller.cpp:15[m[K:
[44.932s] [01m[K/home/pinet/SLAM_AGV/workspace/src/ros2_controllers/mecanum_drive_controller/include/mecanum_drive_controller/mecanum_drive_controller.hpp:50:7:[m[K [01;36m[Knote: [m[K  because the following virtual functions are pure within ‘[01m[Kmecanum_drive_controller::MecanumDriveController[m[K’:
[44.933s]    50 | class [01;36m[KMecanumDriveController[m[K : public controller_interface::ChainableControllerInterface
[44.933s]       |       [01;36m[K^~~~~~~~~~~~~~~~~~~~~~[m[K
[44.934s] In file included from [01m[K/home/pinet/SLAM_AGV/workspace/src/ros2_controllers/mecanum_drive_controller/include/mecanum_drive_controller/mecanum_drive_controller.hpp:27[m[K,
[44.934s]                  from [01m[K/home/pinet/SLAM_AGV/workspace/src/ros2_controllers/mecanum_drive_controller/src/mecanum_drive_controller.cpp:15[m[K:
[44.935s] [01m[K/opt/ros/humble/include/controller_interface/chainable_controller_interface.hpp:100:23:[m[K [01;36m[Knote: [m[K    ‘[01m[Kvirtual controller_interface::return_type controller_interface::ChainableControllerInterface::update_reference_from_subscribers()[m[K’
[44.936s]   100 |   virtual return_type [01;36m[Kupdate_reference_from_subscribers[m[K() = 0;
[44.936s]       |                       [01;36m[K^~~~~~~~~~~~~~~~~~~~~~~~~~~~~~~~~[m[K
[47.957s] gmake[2]: *** [CMakeFiles/mecanum_drive_controller.dir/build.make:76: CMakeFiles/mecanum_drive_controller.dir/src/mecanum_drive_controller.cpp.o] Error 1
[47.958s] gmake[1]: *** [CMakeFiles/Makefile2:208: CMakeFiles/mecanum_drive_controller.dir/all] Error 2
[47.958s] gmake[1]: *** Waiting for unfinished jobs....
[51.936s] In file included from [01m[K/opt/ros/humble/include/pluginlib/pluginlib/class_loader.hpp:334[m[K,
[51.937s]                  from [01m[K/opt/ros/humble/include/controller_manager/controller_manager.hpp:46[m[K,
[51.937s]                  from [01m[K/home/pinet/SLAM_AGV/workspace/src/ros2_controllers/mecanum_drive_controller/test/test_load_mecanum_drive_controller.cpp:18[m[K:
[51.937s] [01m[K/opt/ros/humble/include/pluginlib/pluginlib/./class_loader_imp.hpp:[m[K In member function ‘[01m[Kvirtual std::string pluginlib::ClassLoader<T>::getClassLibraryPath(const string&)[m[K’:
[51.938s] [01m[K/opt/ros/humble/include/pluginlib/pluginlib/./class_loader_imp.hpp:491:13:[m[K [01;31m[Kerror: [m[Kdeclaration of ‘[01m[Kit[m[K’ shadows a previous local [[01;31m[K]8;;https://gcc.gnu.org/onlinedocs/gcc/Warning-Options.html#index-Wshadow-Werror=shadow]8;;[m[K]
[51.938s]   491 |   for (auto [01;31m[Kit[m[K = paths_to_try.begin(); it != paths_to_try.end(); it++) {
[51.939s]       |             [01;31m[K^~[m[K
[51.939s] [01m[K/opt/ros/humble/include/pluginlib/pluginlib/./class_loader_imp.hpp:479:20:[m[K [01;36m[Knote: [m[Kshadowed declaration is here
[51.939s]   479 |   ClassMapIterator [01;36m[Kit[m[K = classes_available_.find(lookup_name);
[51.940s]       |                    [01;36m[K^~[m[K
[52.980s] [01m[K/home/pinet/SLAM_AGV/workspace/src/ros2_controllers/mecanum_drive_controller/test/test_load_mecanum_drive_controller.cpp:[m[K In member function ‘[01m[Kvirtual void TestLoadMecanumDriveController_load_controller_Test::TestBody()[m[K’:
[52.980s] [01m[K/home/pinet/SLAM_AGV/workspace/src/ros2_controllers/mecanum_drive_controller/test/test_load_mecanum_drive_controller.cpp:31:92:[m[K [01;31m[Kerror: [m[Kno matching function for call to ‘[01m[Kcontroller_manager::ControllerManager::ControllerManager(std::shared_ptr<rclcpp::Executor>&, const std::__cxx11::basic_string<char>&, bool, const char [24])[m[K’
[52.981s]    31 |     executor, ros2_control_test_assets::minimal_robot_urdf, true, "test_controller_manager"[01;31m[K)[m[K;
[52.981s]       |                                                                                            [01;31m[K^[m[K
[52.981s] In file included from [01m[K/home/pinet/SLAM_AGV/workspace/src/ros2_controllers/mecanum_drive_controller/test/test_load_mecanum_drive_controller.cpp:18[m[K:
[52.982s] [01m[K/opt/ros/humble/include/controller_manager/controller_manager.hpp:77:3:[m[K [01;36m[Knote: [m[Kcandidate: ‘[01m[Kcontroller_manager::ControllerManager::ControllerManager(std::shared_ptr<rclcpp::Executor>, const string&, const string&, const rclcpp::NodeOptions&)[m[K’
[52.982s]    77 |   [01;36m[KControllerManager[m[K(
[52.983s]       |   [01;36m[K^~~~~~~~~~~~~~~~~[m[K
[52.983s] [01m[K/opt/ros/humble/include/controller_manager/controller_manager.hpp:80:25:[m[K [01;36m[Knote: [m[K  no known conversion for argument 3 from ‘[01m[Kbool[m[K’ to ‘[01m[Kconst string&[m[K’ {aka ‘[01m[Kconst std::__cxx11::basic_string<char>&[m[K’}
[52.983s]    80 |     [01;36m[Kconst std::string & namespace_ = ""[m[K,
[52.984s]       |     [01;36m[K~~~~~~~~~~~~~~~~~~~~^~~~~~~~~~~~~~~[m[K
[52.984s] [01m[K/opt/ros/humble/include/controller_manager/controller_manager.hpp:69:3:[m[K [01;36m[Knote: [m[Kcandidate: ‘[01m[Kcontroller_manager::ControllerManager::ControllerManager(std::unique_ptr<hardware_interface::ResourceManager>, std::shared_ptr<rclcpp::Executor>, const string&, const string&, const rclcpp::NodeOptions&)[m[K’
[52.984s]    69 |   [01;36m[KControllerManager[m[K(
[52.985s]       |   [01;36m[K^~~~~~~~~~~~~~~~~[m[K
[52.985s] [01m[K/opt/ros/humble/include/controller_manager/controller_manager.hpp:70:58:[m[K [01;36m[Knote: [m[K  no known conversion for argument 1 from ‘[01m[Kstd::shared_ptr<rclcpp::Executor>[m[K’ to ‘[01m[Kstd::unique_ptr<hardware_interface::ResourceManager>[m[K’
[52.986s]    70 |     [01;36m[Kstd::unique_ptr<hardware_interface::ResourceManager> resource_manager[m[K,
[52.986s]       |     [01;36m[K~~~~~~~~~~~~~~~~~~~~~~~~~~~~~~~~~~~~~~~~~~~~~~~~~~~~~^~~~~~~~~~~~~~~~[m[K
[56.315s] cc1plus: some warnings being treated as errors
[56.405s] gmake[2]: *** [CMakeFiles/test_load_mecanum_drive_controller.dir/build.make:76: CMakeFiles/test_load_mecanum_drive_controller.dir/test/test_load_mecanum_drive_controller.cpp.o] Error 1
[56.405s] gmake[1]: *** [CMakeFiles/Makefile2:235: CMakeFiles/test_load_mecanum_drive_controller.dir/all] Error 2
[56.406s] gmake: *** [Makefile:146: all] Error 2
[56.413s] Invoked command in '/home/pinet/SLAM_AGV/workspace/build/mecanum_drive_controller' returned '2': CMAKE_PREFIX_PATH=/home/pinet/SLAM_AGV/workspace/install/control_msgs:/opt/ros/humble LD_LIBRARY_PATH=/home/pinet/SLAM_AGV/workspace/install/control_msgs/lib:${LD_LIBRARY_PATH} /usr/bin/cmake --build /home/pinet/SLAM_AGV/workspace/build/mecanum_drive_controller -- -j4 -l4
