[0.055s] Invoking command in '/home/pinet/SLAM_AGV/workspace/build/controller_interface': AMENT_PREFIX_PATH=/home/pinet/SLAM_AGV/workspace/install/hardware_interface:/home/pinet/SLAM_AGV/workspace/install/ros2_control_test_assets:/home/pinet/SLAM_AGV/workspace/install/control_msgs:${AMENT_PREFIX_PATH} CMAKE_PREFIX_PATH=/home/pinet/SLAM_AGV/workspace/install/hardware_interface:/home/pinet/SLAM_AGV/workspace/install/ros2_control_test_assets:/home/pinet/SLAM_AGV/workspace/install/control_msgs:/opt/ros/humble LD_LIBRARY_PATH=/home/pinet/SLAM_AGV/workspace/install/hardware_interface/lib:/home/pinet/SLAM_AGV/workspace/install/control_msgs/lib:${LD_LIBRARY_PATH} PYTHONPATH=/home/pinet/SLAM_AGV/workspace/install/control_msgs/local/lib/python3.10/dist-packages:${PYTHONPATH} /usr/bin/cmake /home/pinet/SLAM_AGV/workspace/src/ros2_control/controller_interface -DAMENT_CMAKE_SYMLINK_INSTALL=1 -DCMAKE_INSTALL_PREFIX=/home/pinet/SLAM_AGV/workspace/install/controller_interface
[0.295s] -- The C compiler identification is GNU 11.4.0
[0.541s] -- The CXX compiler identification is GNU 11.4.0
[0.570s] -- Detecting C compiler ABI info
[0.876s] -- Detecting C compiler ABI info - done
[0.903s] -- Check for working C compiler: /usr/bin/cc - skipped
[0.904s] -- Detecting C compile features
[0.905s] -- Detecting C compile features - done
[0.916s] -- Detecting CXX compiler ABI info
[1.253s] -- Detecting CXX compiler ABI info - done
[1.280s] -- Check for working CXX compiler: /usr/bin/c++ - skipped
[1.281s] -- Detecting CXX compile features
[1.283s] -- Detecting CXX compile features - done
[1.306s] -- Found ament_cmake: 1.3.11 (/opt/ros/humble/share/ament_cmake/cmake)
[1.981s] -- Found Python3: /usr/bin/python3 (found version "3.10.12") found components: Interpreter 
[2.248s] -- Override CMake install command with custom implementation using symlinks instead of copying resources
[2.476s] -- Found hardware_interface: 2.48.0 (/home/pinet/SLAM_AGV/workspace/install/hardware_interface/share/hardware_interface/cmake)
[2.733s] -- Found rosidl_generator_c: 3.1.6 (/opt/ros/humble/share/rosidl_generator_c/cmake)
[2.771s] -- Found rosidl_adapter: 3.1.6 (/opt/ros/humble/share/rosidl_adapter/cmake)
[2.822s] -- Found rosidl_generator_cpp: 3.1.6 (/opt/ros/humble/share/rosidl_generator_cpp/cmake)
[2.889s] -- Using all available rosidl_typesupport_c: rosidl_typesupport_fastrtps_c;rosidl_typesupport_introspection_c
[2.981s] -- Using all available rosidl_typesupport_cpp: rosidl_typesupport_fastrtps_cpp;rosidl_typesupport_introspection_cpp
[3.997s] -- Found rmw_implementation_cmake: 6.1.2 (/opt/ros/humble/share/rmw_implementation_cmake/cmake)
[4.017s] -- Found rmw_fastrtps_cpp: 6.2.7 (/opt/ros/humble/share/rmw_fastrtps_cpp/cmake)
[4.158s] -- Found TinyXML2 via Config file: TinyXML2_DIR-NOTFOUND
[4.394s] -- Found OpenSSL: /usr/lib/aarch64-linux-gnu/libcrypto.so (found version "3.0.2")  
[4.407s] -- Found TinyXML2 via Config file: TinyXML2_DIR-NOTFOUND
[4.453s] -- Found FastRTPS: /opt/ros/humble/include  
[4.464s] -- Found TinyXML2 via Config file: TinyXML2_DIR-NOTFOUND
[4.496s] -- Found TinyXML2 via Config file: TinyXML2_DIR-NOTFOUND
[4.529s] -- Using RMW implementation 'rmw_fastrtps_cpp' as default
[4.590s] -- Looking for pthread.h
[4.911s] -- Looking for pthread.h - found
[4.912s] -- Performing Test CMAKE_HAVE_LIBC_PTHREAD
[5.239s] -- Performing Test CMAKE_HAVE_LIBC_PTHREAD - Success
[5.244s] -- Found Threads: TRUE  
[5.487s] -- Found ament_cmake_gmock: 1.3.11 (/opt/ros/humble/share/ament_cmake_gmock/cmake)
[5.507s] -- Found gmock sources under '/opt/ros/humble/src/gmock_vendor': C++ tests using 'Google Mock' will be built
[5.541s] -- Found ament_cmake_gtest: 1.3.11 (/opt/ros/humble/share/ament_cmake_gtest/cmake)
[5.545s] -- Found gtest sources under '/opt/ros/humble/src/gtest_vendor': C++ tests using 'Google Test' will be built
[5.947s] -- Configuring done
[6.885s] -- Generating done
[6.972s] -- Build files have been written to: /home/pinet/SLAM_AGV/workspace/build/controller_interface
[7.018s] Invoked command in '/home/pinet/SLAM_AGV/workspace/build/controller_interface' returned '0': AMENT_PREFIX_PATH=/home/pinet/SLAM_AGV/workspace/install/hardware_interface:/home/pinet/SLAM_AGV/workspace/install/ros2_control_test_assets:/home/pinet/SLAM_AGV/workspace/install/control_msgs:${AMENT_PREFIX_PATH} CMAKE_PREFIX_PATH=/home/pinet/SLAM_AGV/workspace/install/hardware_interface:/home/pinet/SLAM_AGV/workspace/install/ros2_control_test_assets:/home/pinet/SLAM_AGV/workspace/install/control_msgs:/opt/ros/humble LD_LIBRARY_PATH=/home/pinet/SLAM_AGV/workspace/install/hardware_interface/lib:/home/pinet/SLAM_AGV/workspace/install/control_msgs/lib:${LD_LIBRARY_PATH} PYTHONPATH=/home/pinet/SLAM_AGV/workspace/install/control_msgs/local/lib/python3.10/dist-packages:${PYTHONPATH} /usr/bin/cmake /home/pinet/SLAM_AGV/workspace/src/ros2_control/controller_interface -DAMENT_CMAKE_SYMLINK_INSTALL=1 -DCMAKE_INSTALL_PREFIX=/home/pinet/SLAM_AGV/workspace/install/controller_interface
[7.026s] Invoking command in '/home/pinet/SLAM_AGV/workspace/build/controller_interface': AMENT_PREFIX_PATH=/home/pinet/SLAM_AGV/workspace/install/hardware_interface:/home/pinet/SLAM_AGV/workspace/install/ros2_control_test_assets:/home/pinet/SLAM_AGV/workspace/install/control_msgs:${AMENT_PREFIX_PATH} CMAKE_PREFIX_PATH=/home/pinet/SLAM_AGV/workspace/install/hardware_interface:/home/pinet/SLAM_AGV/workspace/install/ros2_control_test_assets:/home/pinet/SLAM_AGV/workspace/install/control_msgs:/opt/ros/humble LD_LIBRARY_PATH=/home/pinet/SLAM_AGV/workspace/install/hardware_interface/lib:/home/pinet/SLAM_AGV/workspace/install/control_msgs/lib:${LD_LIBRARY_PATH} PYTHONPATH=/home/pinet/SLAM_AGV/workspace/install/control_msgs/local/lib/python3.10/dist-packages:${PYTHONPATH} /usr/bin/cmake --build /home/pinet/SLAM_AGV/workspace/build/controller_interface -- -j4 -l4
[7.243s] [  4%] [34m[1mGenerating controller_interface/version.h[0m
[7.244s] [  8%] [32mBuilding CXX object gmock/CMakeFiles/gmock_main.dir/src/gmock_main.cc.o[0m
[7.253s] [ 16%] [32mBuilding CXX object gmock/CMakeFiles/gmock.dir/src/gmock-all.cc.o[0m
[7.254s] [ 16%] [32mBuilding CXX object gmock/CMakeFiles/gmock.dir/opt/ros/humble/src/gtest_vendor/src/gtest-all.cc.o[0m
[7.322s] [ 16%] Built target ament_generate_version_header__controller_interface
[7.415s] [ 20%] [32mBuilding CXX object CMakeFiles/controller_interface.dir/src/controller_interface_base.cpp.o[0m
[17.951s] [ 25%] [32m[1mLinking CXX static library libgmock_main.a[0m
[18.128s] [ 25%] Built target gmock_main
[18.181s] [ 29%] [32mBuilding CXX object CMakeFiles/controller_interface.dir/src/controller_interface.cpp.o[0m
[22.282s] [ 33%] [32mBuilding CXX object CMakeFiles/controller_interface.dir/src/chainable_controller_interface.cpp.o[0m
[29.765s] [ 37%] [32m[1mLinking CXX static library libgmock.a[0m
[30.138s] [ 37%] Built target gmock
[30.243s] [ 41%] [32mBuilding CXX object CMakeFiles/test_semantic_component_interface.dir/test/test_semantic_component_interface.cpp.o[0m
[30.244s] [ 45%] [32mBuilding CXX object CMakeFiles/test_force_torque_sensor.dir/test/test_force_torque_sensor.cpp.o[0m
[37.333s] [ 50%] [32mBuilding CXX object CMakeFiles/test_imu_sensor.dir/test/test_imu_sensor.cpp.o[0m
[41.907s] [ 54%] [32m[1mLinking CXX shared library libcontroller_interface.so[0m
[43.278s] [ 54%] Built target controller_interface
[43.468s] [ 58%] [32mBuilding CXX object CMakeFiles/test_pose_sensor.dir/test/test_pose_sensor.cpp.o[0m
[44.404s] [ 62%] [32m[1mLinking CXX executable test_semantic_component_interface[0m
[45.196s] [ 66%] [32m[1mLinking CXX executable test_force_torque_sensor[0m
[46.652s] [ 66%] Built target test_semantic_component_interface
[46.773s] [ 70%] [32mBuilding CXX object CMakeFiles/test_controller_interface.dir/test/test_controller_interface.cpp.o[0m
[47.454s] [ 70%] Built target test_force_torque_sensor
[47.566s] [ 75%] [32mBuilding CXX object CMakeFiles/test_controller_with_options.dir/test/test_controller_with_options.cpp.o[0m
[51.433s] [ 79%] [32m[1mLinking CXX executable test_imu_sensor[0m
[53.648s] [ 79%] Built target test_imu_sensor
[53.770s] [ 83%] [32mBuilding CXX object CMakeFiles/test_chainable_controller_interface.dir/test/test_chainable_controller_interface.cpp.o[0m
[56.567s] [ 87%] [32m[1mLinking CXX executable test_pose_sensor[0m
[58.598s] [ 87%] Built target test_pose_sensor
[72.380s] [ 91%] [32m[1mLinking CXX executable test_controller_with_options[0m
[74.380s] [ 91%] Built target test_controller_with_options
[74.866s] [ 95%] [32m[1mLinking CXX executable test_controller_interface[0m
[76.715s] [ 95%] Built target test_controller_interface
[79.733s] [100%] [32m[1mLinking CXX executable test_chainable_controller_interface[0m
[81.339s] [100%] Built target test_chainable_controller_interface
[81.380s] Invoked command in '/home/pinet/SLAM_AGV/workspace/build/controller_interface' returned '0': AMENT_PREFIX_PATH=/home/pinet/SLAM_AGV/workspace/install/hardware_interface:/home/pinet/SLAM_AGV/workspace/install/ros2_control_test_assets:/home/pinet/SLAM_AGV/workspace/install/control_msgs:${AMENT_PREFIX_PATH} CMAKE_PREFIX_PATH=/home/pinet/SLAM_AGV/workspace/install/hardware_interface:/home/pinet/SLAM_AGV/workspace/install/ros2_control_test_assets:/home/pinet/SLAM_AGV/workspace/install/control_msgs:/opt/ros/humble LD_LIBRARY_PATH=/home/pinet/SLAM_AGV/workspace/install/hardware_interface/lib:/home/pinet/SLAM_AGV/workspace/install/control_msgs/lib:${LD_LIBRARY_PATH} PYTHONPATH=/home/pinet/SLAM_AGV/workspace/install/control_msgs/local/lib/python3.10/dist-packages:${PYTHONPATH} /usr/bin/cmake --build /home/pinet/SLAM_AGV/workspace/build/controller_interface -- -j4 -l4
[81.389s] Invoking command in '/home/pinet/SLAM_AGV/workspace/build/controller_interface': AMENT_PREFIX_PATH=/home/pinet/SLAM_AGV/workspace/install/hardware_interface:/home/pinet/SLAM_AGV/workspace/install/ros2_control_test_assets:/home/pinet/SLAM_AGV/workspace/install/control_msgs:${AMENT_PREFIX_PATH} CMAKE_PREFIX_PATH=/home/pinet/SLAM_AGV/workspace/install/hardware_interface:/home/pinet/SLAM_AGV/workspace/install/ros2_control_test_assets:/home/pinet/SLAM_AGV/workspace/install/control_msgs:/opt/ros/humble LD_LIBRARY_PATH=/home/pinet/SLAM_AGV/workspace/install/hardware_interface/lib:/home/pinet/SLAM_AGV/workspace/install/control_msgs/lib:${LD_LIBRARY_PATH} PYTHONPATH=/home/pinet/SLAM_AGV/workspace/install/control_msgs/local/lib/python3.10/dist-packages:${PYTHONPATH} /usr/bin/cmake --install /home/pinet/SLAM_AGV/workspace/build/controller_interface
[81.418s] -- Install configuration: ""
[81.419s] -- Execute custom install script
[81.422s] -- Symlinking: /home/pinet/SLAM_AGV/workspace/install/controller_interface/include/controller_interface/chainable_controller_interface.hpp
[81.454s] -- Symlinking: /home/pinet/SLAM_AGV/workspace/install/controller_interface/include/controller_interface/controller_interface.hpp
[81.485s] -- Symlinking: /home/pinet/SLAM_AGV/workspace/install/controller_interface/include/controller_interface/controller_interface_base.hpp
[81.516s] -- Symlinking: /home/pinet/SLAM_AGV/workspace/install/controller_interface/include/controller_interface/helpers.hpp
[81.546s] -- Symlinking: /home/pinet/SLAM_AGV/workspace/install/controller_interface/include/controller_interface/visibility_control.h
[81.578s] -- Symlinking: /home/pinet/SLAM_AGV/workspace/install/controller_interface/include/semantic_components/force_torque_sensor.hpp
[81.610s] -- Symlinking: /home/pinet/SLAM_AGV/workspace/install/controller_interface/include/semantic_components/imu_sensor.hpp
[81.640s] -- Symlinking: /home/pinet/SLAM_AGV/workspace/install/controller_interface/include/semantic_components/pose_sensor.hpp
[81.673s] -- Symlinking: /home/pinet/SLAM_AGV/workspace/install/controller_interface/include/semantic_components/range_sensor.hpp
[81.704s] -- Symlinking: /home/pinet/SLAM_AGV/workspace/install/controller_interface/include/semantic_components/semantic_component_interface.hpp
[81.736s] -- Symlinking: /home/pinet/SLAM_AGV/workspace/install/controller_interface/lib/libcontroller_interface.so
[81.769s] -- Symlinking: /home/pinet/SLAM_AGV/workspace/install/controller_interface/share/controller_interface/environment/library_path.sh
[81.802s] -- Symlinking: /home/pinet/SLAM_AGV/workspace/install/controller_interface/share/controller_interface/environment/library_path.dsv
[81.835s] -- Symlinking: /home/pinet/SLAM_AGV/workspace/install/controller_interface/share/ament_index/resource_index/package_run_dependencies/controller_interface
[81.867s] -- Symlinking: /home/pinet/SLAM_AGV/workspace/install/controller_interface/share/ament_index/resource_index/parent_prefix_path/controller_interface
[81.900s] -- Symlinking: /home/pinet/SLAM_AGV/workspace/install/controller_interface/share/controller_interface/environment/ament_prefix_path.sh
[81.933s] -- Symlinking: /home/pinet/SLAM_AGV/workspace/install/controller_interface/share/controller_interface/environment/ament_prefix_path.dsv
[81.966s] -- Symlinking: /home/pinet/SLAM_AGV/workspace/install/controller_interface/share/controller_interface/environment/path.sh
[81.997s] -- Symlinking: /home/pinet/SLAM_AGV/workspace/install/controller_interface/share/controller_interface/environment/path.dsv
[82.028s] -- Symlinking: /home/pinet/SLAM_AGV/workspace/install/controller_interface/share/controller_interface/local_setup.bash
[82.060s] -- Symlinking: /home/pinet/SLAM_AGV/workspace/install/controller_interface/share/controller_interface/local_setup.sh
[82.090s] -- Symlinking: /home/pinet/SLAM_AGV/workspace/install/controller_interface/share/controller_interface/local_setup.zsh
[82.121s] -- Symlinking: /home/pinet/SLAM_AGV/workspace/install/controller_interface/share/controller_interface/local_setup.dsv
[82.153s] -- Symlinking: /home/pinet/SLAM_AGV/workspace/install/controller_interface/share/controller_interface/package.dsv
[82.184s] -- Symlinking: /home/pinet/SLAM_AGV/workspace/install/controller_interface/share/ament_index/resource_index/packages/controller_interface
[82.217s] -- Symlinking: /home/pinet/SLAM_AGV/workspace/install/controller_interface/share/controller_interface/cmake/ament_cmake_export_dependencies-extras.cmake
[82.249s] -- Symlinking: /home/pinet/SLAM_AGV/workspace/install/controller_interface/share/controller_interface/cmake/ament_cmake_export_include_directories-extras.cmake
[82.283s] -- Symlinking: /home/pinet/SLAM_AGV/workspace/install/controller_interface/share/controller_interface/cmake/ament_cmake_export_libraries-extras.cmake
[82.315s] -- Symlinking: /home/pinet/SLAM_AGV/workspace/install/controller_interface/share/controller_interface/cmake/controller_interfaceConfig.cmake
[82.346s] -- Symlinking: /home/pinet/SLAM_AGV/workspace/install/controller_interface/share/controller_interface/cmake/controller_interfaceConfig-version.cmake
[82.379s] -- Symlinking: /home/pinet/SLAM_AGV/workspace/install/controller_interface/share/controller_interface/package.xml
[82.411s] -- Symlinking: /home/pinet/SLAM_AGV/workspace/install/controller_interface/include/controller_interface/controller_interface/version.h
[82.449s] Invoked command in '/home/pinet/SLAM_AGV/workspace/build/controller_interface' returned '0': AMENT_PREFIX_PATH=/home/pinet/SLAM_AGV/workspace/install/hardware_interface:/home/pinet/SLAM_AGV/workspace/install/ros2_control_test_assets:/home/pinet/SLAM_AGV/workspace/install/control_msgs:${AMENT_PREFIX_PATH} CMAKE_PREFIX_PATH=/home/pinet/SLAM_AGV/workspace/install/hardware_interface:/home/pinet/SLAM_AGV/workspace/install/ros2_control_test_assets:/home/pinet/SLAM_AGV/workspace/install/control_msgs:/opt/ros/humble LD_LIBRARY_PATH=/home/pinet/SLAM_AGV/workspace/install/hardware_interface/lib:/home/pinet/SLAM_AGV/workspace/install/control_msgs/lib:${LD_LIBRARY_PATH} PYTHONPATH=/home/pinet/SLAM_AGV/workspace/install/control_msgs/local/lib/python3.10/dist-packages:${PYTHONPATH} /usr/bin/cmake --install /home/pinet/SLAM_AGV/workspace/build/controller_interface
