[0.035s] Invoking command in '/home/pinet/SLAM_AGV/workspace/build/columbus': CMAKE_PREFIX_PATH=/opt/ros/humble /usr/bin/cmake /home/pinet/SLAM_AGV/workspace/src/columbus -DAMENT_CMAKE_SYMLINK_INSTALL=1 -DCMAKE_INSTALL_PREFIX=/home/pinet/SLAM_AGV/workspace/install/columbus
[0.284s] -- The C compiler identification is GNU 11.4.0
[0.525s] -- The CXX compiler identification is GNU 11.4.0
[0.556s] -- Detecting C compiler ABI info
[0.846s] -- Detecting C compiler ABI info - done
[0.874s] -- Check for working C compiler: /usr/bin/cc - skipped
[0.875s] -- Detecting C compile features
[0.876s] -- Detecting C compile features - done
[0.887s] -- Detecting CXX compiler ABI info
[1.212s] -- Detecting CXX compiler ABI info - done
[1.237s] -- Check for working CXX compiler: /usr/bin/c++ - skipped
[1.238s] -- Detecting CXX compile features
[1.240s] -- Detecting CXX compile features - done
[1.259s] -- Found ament_cmake: 1.3.11 (/opt/ros/humble/share/ament_cmake/cmake)
[1.905s] -- Found Python3: /usr/bin/python3 (found version "3.10.12") found components: Interpreter 
[2.169s] -- Override CMake install command with custom implementation using symlinks instead of copying resources
[2.361s] -- Found ament_lint_auto: 0.12.11 (/opt/ros/humble/share/ament_lint_auto/cmake)
[2.763s] -- Added test 'copyright' to check source files copyright and LICENSE
[2.794s] -- Added test 'flake8' to check Python code syntax and style conventions
[2.799s] -- Added test 'lint_cmake' to check CMake code style
[2.804s] -- Added test 'pep257' to check Python code against some of the docstring style conventions in PEP 257
[2.821s] -- Added test 'xmllint' to check XML markup files
[2.829s] -- Configuring done
[2.849s] -- Generating done
[2.856s] -- Build files have been written to: /home/pinet/SLAM_AGV/workspace/build/columbus
[2.874s] Invoked command in '/home/pinet/SLAM_AGV/workspace/build/columbus' returned '0': CMAKE_PREFIX_PATH=/opt/ros/humble /usr/bin/cmake /home/pinet/SLAM_AGV/workspace/src/columbus -DAMENT_CMAKE_SYMLINK_INSTALL=1 -DCMAKE_INSTALL_PREFIX=/home/pinet/SLAM_AGV/workspace/install/columbus
[2.882s] Invoking command in '/home/pinet/SLAM_AGV/workspace/build/columbus': CMAKE_PREFIX_PATH=/opt/ros/humble /usr/bin/cmake --build /home/pinet/SLAM_AGV/workspace/build/columbus -- -j4 -l4
[3.018s] Invoked command in '/home/pinet/SLAM_AGV/workspace/build/columbus' returned '0': CMAKE_PREFIX_PATH=/opt/ros/humble /usr/bin/cmake --build /home/pinet/SLAM_AGV/workspace/build/columbus -- -j4 -l4
[3.057s] Invoking command in '/home/pinet/SLAM_AGV/workspace/build/columbus': CMAKE_PREFIX_PATH=/opt/ros/humble /usr/bin/cmake --install /home/pinet/SLAM_AGV/workspace/build/columbus
[3.082s] -- Install configuration: ""
[3.084s] -- Execute custom install script
[3.086s] -- Symlinking: /home/pinet/SLAM_AGV/workspace/install/columbus/share/columbus/config/drive_bot.rviz
[3.114s] -- Symlinking: /home/pinet/SLAM_AGV/workspace/install/columbus/share/columbus/config/empty.yaml
[3.143s] -- Symlinking: /home/pinet/SLAM_AGV/workspace/install/columbus/share/columbus/config/gazebo_params.yaml
[3.173s] -- Symlinking: /home/pinet/SLAM_AGV/workspace/install/columbus/share/columbus/config/joystick.yaml
[3.201s] -- Symlinking: /home/pinet/SLAM_AGV/workspace/install/columbus/share/columbus/config/my_controllers.yaml
[3.231s] -- Symlinking: /home/pinet/SLAM_AGV/workspace/install/columbus/share/columbus/config/view_bot.rviz
[3.260s] -- Symlinking: /home/pinet/SLAM_AGV/workspace/install/columbus/share/columbus/description/gazebo_control.xacro
[3.291s] -- Symlinking: /home/pinet/SLAM_AGV/workspace/install/columbus/share/columbus/description/inertial_macros.xacro
[3.320s] -- Symlinking: /home/pinet/SLAM_AGV/workspace/install/columbus/share/columbus/description/robot.urdf.xacro
[3.349s] -- Symlinking: /home/pinet/SLAM_AGV/workspace/install/columbus/share/columbus/description/robot_core.xacro
[3.378s] -- Symlinking: /home/pinet/SLAM_AGV/workspace/install/columbus/share/columbus/description/ros2_control.xacro
[3.411s] -- Symlinking: /home/pinet/SLAM_AGV/workspace/install/columbus/share/columbus/launch/joystick.launch.py
[3.440s] -- Symlinking: /home/pinet/SLAM_AGV/workspace/install/columbus/share/columbus/launch/launch_sim.launch.py
[3.468s] -- Symlinking: /home/pinet/SLAM_AGV/workspace/install/columbus/share/columbus/launch/rsp.launch.py
[3.499s] -- Symlinking: /home/pinet/SLAM_AGV/workspace/install/columbus/share/columbus/worlds/empty.world
[3.529s] -- Symlinking: /home/pinet/SLAM_AGV/workspace/install/columbus/share/columbus/worlds/obstacles.world
[3.560s] -- Symlinking: /home/pinet/SLAM_AGV/workspace/install/columbus/share/ament_index/resource_index/package_run_dependencies/columbus
[3.603s] -- Symlinking: /home/pinet/SLAM_AGV/workspace/install/columbus/share/ament_index/resource_index/parent_prefix_path/columbus
[3.638s] -- Symlinking: /home/pinet/SLAM_AGV/workspace/install/columbus/share/columbus/environment/ament_prefix_path.sh
[3.667s] -- Symlinking: /home/pinet/SLAM_AGV/workspace/install/columbus/share/columbus/environment/ament_prefix_path.dsv
[3.696s] -- Symlinking: /home/pinet/SLAM_AGV/workspace/install/columbus/share/columbus/environment/path.sh
[3.727s] -- Symlinking: /home/pinet/SLAM_AGV/workspace/install/columbus/share/columbus/environment/path.dsv
[3.755s] -- Symlinking: /home/pinet/SLAM_AGV/workspace/install/columbus/share/columbus/local_setup.bash
[3.786s] -- Symlinking: /home/pinet/SLAM_AGV/workspace/install/columbus/share/columbus/local_setup.sh
[3.815s] -- Symlinking: /home/pinet/SLAM_AGV/workspace/install/columbus/share/columbus/local_setup.zsh
[3.844s] -- Symlinking: /home/pinet/SLAM_AGV/workspace/install/columbus/share/columbus/local_setup.dsv
[3.874s] -- Symlinking: /home/pinet/SLAM_AGV/workspace/install/columbus/share/columbus/package.dsv
[3.905s] -- Symlinking: /home/pinet/SLAM_AGV/workspace/install/columbus/share/ament_index/resource_index/packages/columbus
[3.935s] -- Symlinking: /home/pinet/SLAM_AGV/workspace/install/columbus/share/columbus/cmake/columbusConfig.cmake
[3.964s] -- Symlinking: /home/pinet/SLAM_AGV/workspace/install/columbus/share/columbus/cmake/columbusConfig-version.cmake
[3.996s] -- Symlinking: /home/pinet/SLAM_AGV/workspace/install/columbus/share/columbus/package.xml
[4.030s] Invoked command in '/home/pinet/SLAM_AGV/workspace/build/columbus' returned '0': CMAKE_PREFIX_PATH=/opt/ros/humble /usr/bin/cmake --install /home/pinet/SLAM_AGV/workspace/build/columbus
