[0.063s] Invoking command in '/home/pinet/SLAM_AGV/workspace/build/transmission_interface': AMENT_PREFIX_PATH=/home/pinet/SLAM_AGV/workspace/install/hardware_interface:/home/pinet/SLAM_AGV/workspace/install/ros2_control_test_assets:/home/pinet/SLAM_AGV/workspace/install/control_msgs:${AMENT_PREFIX_PATH} CMAKE_PREFIX_PATH=/home/pinet/SLAM_AGV/workspace/install/hardware_interface:/home/pinet/SLAM_AGV/workspace/install/ros2_control_test_assets:/home/pinet/SLAM_AGV/workspace/install/control_msgs:/opt/ros/humble LD_LIBRARY_PATH=/home/pinet/SLAM_AGV/workspace/install/hardware_interface/lib:/home/pinet/SLAM_AGV/workspace/install/control_msgs/lib:${LD_LIBRARY_PATH} PYTHONPATH=/home/pinet/SLAM_AGV/workspace/install/control_msgs/local/lib/python3.10/dist-packages:${PYTHONPATH} /usr/bin/cmake --build /home/pinet/SLAM_AGV/workspace/build/transmission_interface -- -j4 -l4
[0.281s] [  4%] Built target ament_generate_version_header__transmission_interface
[0.296s] [ 12%] Built target gmock_main
[0.303s] [ 25%] Built target gmock
[0.417s] [ 41%] Built target test_differential_transmission
[0.418s] [ 41%] Built target test_simple_transmission
[0.419s] [ 58%] Built target transmission_interface
[0.424s] [ 66%] Built target test_four_bar_linkage_transmission
[0.532s] [ 75%] Built target test_simple_transmission_loader
[0.539s] [ 83%] Built target test_utils
[0.543s] [ 91%] Built target test_four_bar_linkage_transmission_loader
[0.556s] [100%] Built target test_differential_transmission_loader
[0.599s] Invoked command in '/home/pinet/SLAM_AGV/workspace/build/transmission_interface' returned '0': AMENT_PREFIX_PATH=/home/pinet/SLAM_AGV/workspace/install/hardware_interface:/home/pinet/SLAM_AGV/workspace/install/ros2_control_test_assets:/home/pinet/SLAM_AGV/workspace/install/control_msgs:${AMENT_PREFIX_PATH} CMAKE_PREFIX_PATH=/home/pinet/SLAM_AGV/workspace/install/hardware_interface:/home/pinet/SLAM_AGV/workspace/install/ros2_control_test_assets:/home/pinet/SLAM_AGV/workspace/install/control_msgs:/opt/ros/humble LD_LIBRARY_PATH=/home/pinet/SLAM_AGV/workspace/install/hardware_interface/lib:/home/pinet/SLAM_AGV/workspace/install/control_msgs/lib:${LD_LIBRARY_PATH} PYTHONPATH=/home/pinet/SLAM_AGV/workspace/install/control_msgs/local/lib/python3.10/dist-packages:${PYTHONPATH} /usr/bin/cmake --build /home/pinet/SLAM_AGV/workspace/build/transmission_interface -- -j4 -l4
[0.610s] Invoking command in '/home/pinet/SLAM_AGV/workspace/build/transmission_interface': AMENT_PREFIX_PATH=/home/pinet/SLAM_AGV/workspace/install/hardware_interface:/home/pinet/SLAM_AGV/workspace/install/ros2_control_test_assets:/home/pinet/SLAM_AGV/workspace/install/control_msgs:${AMENT_PREFIX_PATH} CMAKE_PREFIX_PATH=/home/pinet/SLAM_AGV/workspace/install/hardware_interface:/home/pinet/SLAM_AGV/workspace/install/ros2_control_test_assets:/home/pinet/SLAM_AGV/workspace/install/control_msgs:/opt/ros/humble LD_LIBRARY_PATH=/home/pinet/SLAM_AGV/workspace/install/hardware_interface/lib:/home/pinet/SLAM_AGV/workspace/install/control_msgs/lib:${LD_LIBRARY_PATH} PYTHONPATH=/home/pinet/SLAM_AGV/workspace/install/control_msgs/local/lib/python3.10/dist-packages:${PYTHONPATH} /usr/bin/cmake --install /home/pinet/SLAM_AGV/workspace/build/transmission_interface
[0.636s] -- Install configuration: ""
[0.639s] -- Execute custom install script
[0.642s] -- Up-to-date symlink: /home/pinet/SLAM_AGV/workspace/install/transmission_interface/include/transmission_interface/accessor.hpp
[0.642s] -- Up-to-date symlink: /home/pinet/SLAM_AGV/workspace/install/transmission_interface/include/transmission_interface/differential_transmission.hpp
[0.643s] -- Up-to-date symlink: /home/pinet/SLAM_AGV/workspace/install/transmission_interface/include/transmission_interface/differential_transmission_loader.hpp
[0.644s] -- Up-to-date symlink: /home/pinet/SLAM_AGV/workspace/install/transmission_interface/include/transmission_interface/exception.hpp
[0.645s] -- Up-to-date symlink: /home/pinet/SLAM_AGV/workspace/install/transmission_interface/include/transmission_interface/four_bar_linkage_transmission.hpp
[0.646s] -- Up-to-date symlink: /home/pinet/SLAM_AGV/workspace/install/transmission_interface/include/transmission_interface/four_bar_linkage_transmission_loader.hpp
[0.647s] -- Up-to-date symlink: /home/pinet/SLAM_AGV/workspace/install/transmission_interface/include/transmission_interface/handle.hpp
[0.648s] -- Up-to-date symlink: /home/pinet/SLAM_AGV/workspace/install/transmission_interface/include/transmission_interface/simple_transmission.hpp
[0.649s] -- Up-to-date symlink: /home/pinet/SLAM_AGV/workspace/install/transmission_interface/include/transmission_interface/simple_transmission_loader.hpp
[0.650s] -- Up-to-date symlink: /home/pinet/SLAM_AGV/workspace/install/transmission_interface/include/transmission_interface/transmission.hpp
[0.651s] -- Up-to-date symlink: /home/pinet/SLAM_AGV/workspace/install/transmission_interface/include/transmission_interface/transmission_interface_exception.hpp
[0.651s] -- Up-to-date symlink: /home/pinet/SLAM_AGV/workspace/install/transmission_interface/include/transmission_interface/transmission_loader.hpp
[0.652s] -- Up-to-date symlink: /home/pinet/SLAM_AGV/workspace/install/transmission_interface/include/transmission_interface/visibility_control.h
[0.653s] -- Up-to-date symlink: /home/pinet/SLAM_AGV/workspace/install/transmission_interface/share/transmission_interface//ros2_control_plugins.xml
[0.654s] -- Up-to-date symlink: /home/pinet/SLAM_AGV/workspace/install/transmission_interface/share/transmission_interface/environment/library_path.sh
[0.656s] -- Up-to-date symlink: /home/pinet/SLAM_AGV/workspace/install/transmission_interface/share/transmission_interface/environment/library_path.dsv
[0.657s] -- Up-to-date symlink: /home/pinet/SLAM_AGV/workspace/install/transmission_interface/share/ament_index/resource_index/package_run_dependencies/transmission_interface
[0.658s] -- Up-to-date symlink: /home/pinet/SLAM_AGV/workspace/install/transmission_interface/share/ament_index/resource_index/parent_prefix_path/transmission_interface
[0.659s] -- Up-to-date symlink: /home/pinet/SLAM_AGV/workspace/install/transmission_interface/share/transmission_interface/environment/ament_prefix_path.sh
[0.660s] -- Up-to-date symlink: /home/pinet/SLAM_AGV/workspace/install/transmission_interface/share/transmission_interface/environment/ament_prefix_path.dsv
[0.661s] -- Up-to-date symlink: /home/pinet/SLAM_AGV/workspace/install/transmission_interface/share/transmission_interface/environment/path.sh
[0.662s] -- Up-to-date symlink: /home/pinet/SLAM_AGV/workspace/install/transmission_interface/share/transmission_interface/environment/path.dsv
[0.663s] -- Up-to-date symlink: /home/pinet/SLAM_AGV/workspace/install/transmission_interface/share/transmission_interface/local_setup.bash
[0.663s] -- Up-to-date symlink: /home/pinet/SLAM_AGV/workspace/install/transmission_interface/share/transmission_interface/local_setup.sh
[0.664s] -- Up-to-date symlink: /home/pinet/SLAM_AGV/workspace/install/transmission_interface/share/transmission_interface/local_setup.zsh
[0.665s] -- Up-to-date symlink: /home/pinet/SLAM_AGV/workspace/install/transmission_interface/share/transmission_interface/local_setup.dsv
[0.666s] -- Symlinking: /home/pinet/SLAM_AGV/workspace/install/transmission_interface/share/transmission_interface/package.dsv
[0.698s] -- Up-to-date symlink: /home/pinet/SLAM_AGV/workspace/install/transmission_interface/share/ament_index/resource_index/packages/transmission_interface
[0.699s] -- Up-to-date symlink: /home/pinet/SLAM_AGV/workspace/install/transmission_interface/share/ament_index/resource_index/transmission_interface__pluginlib__plugin/transmission_interface
[0.700s] -- Up-to-date symlink: /home/pinet/SLAM_AGV/workspace/install/transmission_interface/share/transmission_interface/cmake/ament_cmake_export_include_directories-extras.cmake
[0.702s] -- Up-to-date symlink: /home/pinet/SLAM_AGV/workspace/install/transmission_interface/share/transmission_interface/cmake/ament_cmake_export_dependencies-extras.cmake
[0.703s] -- Up-to-date symlink: /home/pinet/SLAM_AGV/workspace/install/transmission_interface/share/transmission_interface/cmake/ament_cmake_export_libraries-extras.cmake
[0.704s] -- Up-to-date symlink: /home/pinet/SLAM_AGV/workspace/install/transmission_interface/share/transmission_interface/cmake/transmission_interfaceConfig.cmake
[0.705s] -- Up-to-date symlink: /home/pinet/SLAM_AGV/workspace/install/transmission_interface/share/transmission_interface/cmake/transmission_interfaceConfig-version.cmake
[0.706s] -- Up-to-date symlink: /home/pinet/SLAM_AGV/workspace/install/transmission_interface/share/transmission_interface/package.xml
[0.708s] -- Up-to-date symlink: /home/pinet/SLAM_AGV/workspace/install/transmission_interface/include/transmission_interface/transmission_interface/version.h
[0.710s] -- Up-to-date: /home/pinet/SLAM_AGV/workspace/install/transmission_interface/lib/libtransmission_interface.so
[0.719s] Invoked command in '/home/pinet/SLAM_AGV/workspace/build/transmission_interface' returned '0': AMENT_PREFIX_PATH=/home/pinet/SLAM_AGV/workspace/install/hardware_interface:/home/pinet/SLAM_AGV/workspace/install/ros2_control_test_assets:/home/pinet/SLAM_AGV/workspace/install/control_msgs:${AMENT_PREFIX_PATH} CMAKE_PREFIX_PATH=/home/pinet/SLAM_AGV/workspace/install/hardware_interface:/home/pinet/SLAM_AGV/workspace/install/ros2_control_test_assets:/home/pinet/SLAM_AGV/workspace/install/control_msgs:/opt/ros/humble LD_LIBRARY_PATH=/home/pinet/SLAM_AGV/workspace/install/hardware_interface/lib:/home/pinet/SLAM_AGV/workspace/install/control_msgs/lib:${LD_LIBRARY_PATH} PYTHONPATH=/home/pinet/SLAM_AGV/workspace/install/control_msgs/local/lib/python3.10/dist-packages:${PYTHONPATH} /usr/bin/cmake --install /home/pinet/SLAM_AGV/workspace/build/transmission_interface
