[2.427s] Invoking command in '/home/pinet/SLAM_AGV/workspace/build/pi2stm_comms': PYTHONPATH=/home/pinet/SLAM_AGV/workspace/build/pi2stm_comms/prefix_override:/usr/lib/python3/dist-packages/colcon_core/task/python/colcon_distutils_commands:/home/pinet/SLAM_AGV/workspace/install/pi2stm_comms/lib/python3.10/site-packages:${PYTHONPATH} /usr/bin/python3 -W ignore:setup.py install is deprecated -W ignore:easy_install command is deprecated setup.py develop --editable --build-directory /home/pinet/SLAM_AGV/workspace/build/pi2stm_comms/build --no-deps symlink_data
[3.410s] running develop
[3.964s] running egg_info
[3.965s] creating pi2stm_comms.egg-info
[3.965s] writing pi2stm_comms.egg-info/PKG-INFO
[3.966s] writing dependency_links to pi2stm_comms.egg-info/dependency_links.txt
[3.967s] writing entry points to pi2stm_comms.egg-info/entry_points.txt
[3.967s] writing requirements to pi2stm_comms.egg-info/requires.txt
[3.968s] writing top-level names to pi2stm_comms.egg-info/top_level.txt
[3.969s] writing manifest file 'pi2stm_comms.egg-info/SOURCES.txt'
[3.975s] reading manifest file 'pi2stm_comms.egg-info/SOURCES.txt'
[3.977s] writing manifest file 'pi2stm_comms.egg-info/SOURCES.txt'
[3.982s] running build_ext
[3.983s] Creating /home/pinet/SLAM_AGV/workspace/install/pi2stm_comms/lib/python3.10/site-packages/pi2stm-comms.egg-link (link to .)
[3.987s] Installing mecanum_controller_interface script to /home/pinet/SLAM_AGV/workspace/install/pi2stm_comms/lib/pi2stm_comms
[3.988s] 
[3.988s] Installed /home/pinet/SLAM_AGV/workspace/build/pi2stm_comms
[3.989s] running symlink_data
[3.989s] creating /home/pinet/SLAM_AGV/workspace/install/pi2stm_comms/share/ament_index
[3.990s] creating /home/pinet/SLAM_AGV/workspace/install/pi2stm_comms/share/ament_index/resource_index
[3.990s] creating /home/pinet/SLAM_AGV/workspace/install/pi2stm_comms/share/ament_index/resource_index/packages
[3.991s] symbolically linking /home/pinet/SLAM_AGV/workspace/build/pi2stm_comms/resource/pi2stm_comms -> /home/pinet/SLAM_AGV/workspace/install/pi2stm_comms/share/ament_index/resource_index/packages
[3.991s] symbolically linking /home/pinet/SLAM_AGV/workspace/build/pi2stm_comms/package.xml -> /home/pinet/SLAM_AGV/workspace/install/pi2stm_comms/share/pi2stm_comms
[4.109s] Invoked command in '/home/pinet/SLAM_AGV/workspace/build/pi2stm_comms' returned '0': PYTHONPATH=/home/pinet/SLAM_AGV/workspace/build/pi2stm_comms/prefix_override:/usr/lib/python3/dist-packages/colcon_core/task/python/colcon_distutils_commands:/home/pinet/SLAM_AGV/workspace/install/pi2stm_comms/lib/python3.10/site-packages:${PYTHONPATH} /usr/bin/python3 -W ignore:setup.py install is deprecated -W ignore:easy_install command is deprecated setup.py develop --editable --build-directory /home/pinet/SLAM_AGV/workspace/build/pi2stm_comms/build --no-deps symlink_data
