[0.029s] Invoking command in '/home/pinet/SLAM_AGV/workspace/build/controller_manager_msgs': CMAKE_PREFIX_PATH=/opt/ros/humble /usr/bin/cmake /home/pinet/SLAM_AGV/workspace/src/ros2_control/controller_manager_msgs -DAMENT_CMAKE_SYMLINK_INSTALL=1 -DCMAKE_INSTALL_PREFIX=/home/pinet/SLAM_AGV/workspace/install/controller_manager_msgs
[0.265s] -- The C compiler identification is GNU 11.4.0
[0.503s] -- The CXX compiler identification is GNU 11.4.0
[0.532s] -- Detecting C compiler ABI info
[0.830s] -- Detecting C compiler ABI info - done
[0.857s] -- Check for working C compiler: /usr/bin/cc - skipped
[0.858s] -- Detecting C compile features
[0.859s] -- Detecting C compile features - done
[0.870s] -- Detecting CXX compiler ABI info
[1.190s] -- Detecting CXX compiler ABI info - done
[1.219s] -- Check for working CXX compiler: /usr/bin/c++ - skipped
[1.219s] -- Detecting CXX compile features
[1.221s] -- Detecting CXX compile features - done
[1.240s] -- Found ament_cmake: 1.3.11 (/opt/ros/humble/share/ament_cmake/cmake)
[1.891s] -- Found Python3: /usr/bin/python3 (found version "3.10.12") found components: Interpreter 
[2.150s] -- Override CMake install command with custom implementation using symlinks instead of copying resources
[2.335s] -- Found builtin_interfaces: 1.2.1 (/opt/ros/humble/share/builtin_interfaces/cmake)
[2.515s] -- Found rosidl_generator_c: 3.1.6 (/opt/ros/humble/share/rosidl_generator_c/cmake)
[2.547s] -- Found rosidl_adapter: 3.1.6 (/opt/ros/humble/share/rosidl_adapter/cmake)
[2.591s] -- Found rosidl_generator_cpp: 3.1.6 (/opt/ros/humble/share/rosidl_generator_cpp/cmake)
[2.650s] -- Using all available rosidl_typesupport_c: rosidl_typesupport_fastrtps_c;rosidl_typesupport_introspection_c
[2.730s] -- Using all available rosidl_typesupport_cpp: rosidl_typesupport_fastrtps_cpp;rosidl_typesupport_introspection_cpp
[2.808s] -- Found lifecycle_msgs: 1.2.1 (/opt/ros/humble/share/lifecycle_msgs/cmake)
[2.872s] -- Found rosidl_default_generators: 1.2.0 (/opt/ros/humble/share/rosidl_default_generators/cmake)
[4.385s] -- Found ament_cmake_cppcheck: 0.12.11 (/opt/ros/humble/share/ament_cmake_cppcheck/cmake)
[4.399s] -- Found ament_cmake_cpplint: 0.12.11 (/opt/ros/humble/share/ament_cmake_cpplint/cmake)
[4.413s] -- Found ament_cmake_uncrustify: 0.12.11 (/opt/ros/humble/share/ament_cmake_uncrustify/cmake)
[4.427s] -- Found ament_cmake_ros: 0.10.0 (/opt/ros/humble/share/ament_cmake_ros/cmake)
[5.847s] -- Using all available rosidl_typesupport_c: rosidl_typesupport_fastrtps_c;rosidl_typesupport_introspection_c
[6.397s] -- Using all available rosidl_typesupport_cpp: rosidl_typesupport_fastrtps_cpp;rosidl_typesupport_introspection_cpp
[6.498s] -- Found PythonInterp: /usr/bin/python3 (found suitable version "3.10.12", minimum required is "3.6") 
[6.510s] -- Found python_cmake_module: 0.10.0 (/opt/ros/humble/share/python_cmake_module/cmake)
[6.611s] -- Found PythonLibs: /usr/lib/aarch64-linux-gnu/libpython3.10.so (found suitable version "3.10.12", minimum required is "3.5") 
[6.612s] -- Using PYTHON_EXECUTABLE: /usr/bin/python3
[6.612s] -- Using PYTHON_INCLUDE_DIRS: /usr/include/python3.10
[6.613s] -- Using PYTHON_LIBRARIES: /usr/lib/aarch64-linux-gnu/libpython3.10.so
[6.706s] -- Found PythonExtra: .so  
[6.892s] -- Found ament_cmake_flake8: 0.12.11 (/opt/ros/humble/share/ament_cmake_flake8/cmake)
[6.906s] -- Found ament_cmake_pep257: 0.12.11 (/opt/ros/humble/share/ament_cmake_pep257/cmake)
[6.987s] -- Configuring done
[7.289s] -- Generating done
[7.341s] -- Build files have been written to: /home/pinet/SLAM_AGV/workspace/build/controller_manager_msgs
[7.365s] Invoked command in '/home/pinet/SLAM_AGV/workspace/build/controller_manager_msgs' returned '0': CMAKE_PREFIX_PATH=/opt/ros/humble /usr/bin/cmake /home/pinet/SLAM_AGV/workspace/src/ros2_control/controller_manager_msgs -DAMENT_CMAKE_SYMLINK_INSTALL=1 -DCMAKE_INSTALL_PREFIX=/home/pinet/SLAM_AGV/workspace/install/controller_manager_msgs
[7.373s] Invoking command in '/home/pinet/SLAM_AGV/workspace/build/controller_manager_msgs': CMAKE_PREFIX_PATH=/opt/ros/humble /usr/bin/cmake --build /home/pinet/SLAM_AGV/workspace/build/controller_manager_msgs -- -j4 -l4
[7.548s] [  1%] [34m[1mGenerating C code for ROS interfaces[0m
[7.590s] [  1%] [34m[1mGenerating C++ code for ROS interfaces[0m
[7.616s] [  1%] Built target ament_cmake_python_symlink_controller_manager_msgs
[8.798s] running egg_info
[8.803s] creating controller_manager_msgs.egg-info
[8.805s] writing controller_manager_msgs.egg-info/PKG-INFO
[8.807s] writing dependency_links to controller_manager_msgs.egg-info/dependency_links.txt
[8.809s] writing top-level names to controller_manager_msgs.egg-info/top_level.txt
[8.811s] writing manifest file 'controller_manager_msgs.egg-info/SOURCES.txt'
[8.821s] reading manifest file 'controller_manager_msgs.egg-info/SOURCES.txt'
[8.825s] writing manifest file 'controller_manager_msgs.egg-info/SOURCES.txt'
[8.961s] [  1%] Built target ament_cmake_python_build_controller_manager_msgs_egg
[14.716s] [  1%] Built target controller_manager_msgs__cpp
[14.773s] [  2%] [34m[1mGenerating C++ type support dispatch for ROS interfaces[0m
[14.800s] [  3%] [34m[1mGenerating C++ type support for eProsima Fast-RTPS[0m
[14.886s] [  3%] [34m[1mGenerating C++ introspection for ROS interfaces[0m
[14.956s] [  3%] [32mBuilding C object CMakeFiles/controller_manager_msgs__rosidl_generator_c.dir/rosidl_generator_c/controller_manager_msgs/msg/detail/controller_state__functions.c.o[0m
[15.269s] [  4%] [32mBuilding C object CMakeFiles/controller_manager_msgs__rosidl_generator_c.dir/rosidl_generator_c/controller_manager_msgs/msg/detail/chain_connection__functions.c.o[0m
[15.545s] [  5%] [32mBuilding C object CMakeFiles/controller_manager_msgs__rosidl_generator_c.dir/rosidl_generator_c/controller_manager_msgs/msg/detail/hardware_component_state__functions.c.o[0m
[15.815s] [  6%] [32mBuilding C object CMakeFiles/controller_manager_msgs__rosidl_generator_c.dir/rosidl_generator_c/controller_manager_msgs/msg/detail/hardware_interface__functions.c.o[0m
[16.062s] [  6%] [32mBuilding C object CMakeFiles/controller_manager_msgs__rosidl_generator_c.dir/rosidl_generator_c/controller_manager_msgs/srv/detail/configure_controller__functions.c.o[0m
[16.364s] [  7%] [32mBuilding C object CMakeFiles/controller_manager_msgs__rosidl_generator_c.dir/rosidl_generator_c/controller_manager_msgs/srv/detail/list_controllers__functions.c.o[0m
[16.661s] [  8%] [32mBuilding C object CMakeFiles/controller_manager_msgs__rosidl_generator_c.dir/rosidl_generator_c/controller_manager_msgs/srv/detail/list_controller_types__functions.c.o[0m
[16.962s] [  9%] [32mBuilding C object CMakeFiles/controller_manager_msgs__rosidl_generator_c.dir/rosidl_generator_c/controller_manager_msgs/srv/detail/list_hardware_components__functions.c.o[0m
[17.272s] [  9%] [32mBuilding C object CMakeFiles/controller_manager_msgs__rosidl_generator_c.dir/rosidl_generator_c/controller_manager_msgs/srv/detail/list_hardware_interfaces__functions.c.o[0m
[17.586s] [ 10%] [32mBuilding C object CMakeFiles/controller_manager_msgs__rosidl_generator_c.dir/rosidl_generator_c/controller_manager_msgs/srv/detail/load_controller__functions.c.o[0m
[17.895s] [ 11%] [32mBuilding C object CMakeFiles/controller_manager_msgs__rosidl_generator_c.dir/rosidl_generator_c/controller_manager_msgs/srv/detail/reload_controller_libraries__functions.c.o[0m
[18.183s] [ 12%] [32mBuilding C object CMakeFiles/controller_manager_msgs__rosidl_generator_c.dir/rosidl_generator_c/controller_manager_msgs/srv/detail/set_hardware_component_state__functions.c.o[0m
[18.493s] [ 12%] [32mBuilding C object CMakeFiles/controller_manager_msgs__rosidl_generator_c.dir/rosidl_generator_c/controller_manager_msgs/srv/detail/switch_controller__functions.c.o[0m
[18.805s] [ 13%] [32mBuilding C object CMakeFiles/controller_manager_msgs__rosidl_generator_c.dir/rosidl_generator_c/controller_manager_msgs/srv/detail/unload_controller__functions.c.o[0m
[19.100s] [ 14%] [32m[1mLinking C shared library libcontroller_manager_msgs__rosidl_generator_c.so[0m
[19.346s] [ 14%] Built target controller_manager_msgs__rosidl_generator_c
[19.527s] [ 15%] [34m[1mGenerating C type support for eProsima Fast-RTPS[0m
[19.593s] [ 16%] [32mBuilding CXX object CMakeFiles/controller_manager_msgs__rosidl_typesupport_cpp.dir/rosidl_typesupport_cpp/controller_manager_msgs/msg/controller_state__type_support.cpp.o[0m
[21.102s] [ 17%] [32mBuilding CXX object CMakeFiles/controller_manager_msgs__rosidl_typesupport_introspection_cpp.dir/rosidl_typesupport_introspection_cpp/controller_manager_msgs/msg/detail/controller_state__type_support.cpp.o[0m
[21.256s] [ 18%] [32mBuilding CXX object CMakeFiles/controller_manager_msgs__rosidl_typesupport_cpp.dir/rosidl_typesupport_cpp/controller_manager_msgs/msg/chain_connection__type_support.cpp.o[0m
[22.316s] [ 19%] [32mBuilding CXX object CMakeFiles/controller_manager_msgs__rosidl_typesupport_fastrtps_cpp.dir/rosidl_typesupport_fastrtps_cpp/controller_manager_msgs/msg/detail/dds_fastrtps/controller_state__type_support.cpp.o[0m
[22.846s] [ 19%] [32mBuilding CXX object CMakeFiles/controller_manager_msgs__rosidl_typesupport_cpp.dir/rosidl_typesupport_cpp/controller_manager_msgs/msg/hardware_component_state__type_support.cpp.o[0m
[23.989s] [ 20%] [32mBuilding CXX object CMakeFiles/controller_manager_msgs__rosidl_typesupport_introspection_cpp.dir/rosidl_typesupport_introspection_cpp/controller_manager_msgs/msg/detail/chain_connection__type_support.cpp.o[0m
[24.456s] [ 21%] [32mBuilding CXX object CMakeFiles/controller_manager_msgs__rosidl_typesupport_cpp.dir/rosidl_typesupport_cpp/controller_manager_msgs/msg/hardware_interface__type_support.cpp.o[0m
[25.226s] [ 22%] [32mBuilding CXX object CMakeFiles/controller_manager_msgs__rosidl_typesupport_fastrtps_cpp.dir/rosidl_typesupport_fastrtps_cpp/controller_manager_msgs/msg/detail/dds_fastrtps/chain_connection__type_support.cpp.o[0m
[26.075s] [ 23%] [32mBuilding CXX object CMakeFiles/controller_manager_msgs__rosidl_typesupport_cpp.dir/rosidl_typesupport_cpp/controller_manager_msgs/srv/configure_controller__type_support.cpp.o[0m
[26.384s] [ 24%] [32mBuilding CXX object CMakeFiles/controller_manager_msgs__rosidl_typesupport_introspection_cpp.dir/rosidl_typesupport_introspection_cpp/controller_manager_msgs/msg/detail/hardware_component_state__type_support.cpp.o[0m
[27.510s] [ 25%] [32mBuilding CXX object CMakeFiles/controller_manager_msgs__rosidl_typesupport_fastrtps_c.dir/rosidl_typesupport_fastrtps_c/controller_manager_msgs/msg/detail/controller_state__type_support_c.cpp.o[0m
[27.753s] [ 25%] [32mBuilding CXX object CMakeFiles/controller_manager_msgs__rosidl_typesupport_cpp.dir/rosidl_typesupport_cpp/controller_manager_msgs/srv/list_controllers__type_support.cpp.o[0m
[27.934s] [ 25%] [32mBuilding CXX object CMakeFiles/controller_manager_msgs__rosidl_typesupport_fastrtps_cpp.dir/rosidl_typesupport_fastrtps_cpp/controller_manager_msgs/msg/detail/dds_fastrtps/hardware_component_state__type_support.cpp.o[0m
[28.916s] [ 25%] [32mBuilding CXX object CMakeFiles/controller_manager_msgs__rosidl_typesupport_introspection_cpp.dir/rosidl_typesupport_introspection_cpp/controller_manager_msgs/msg/detail/hardware_interface__type_support.cpp.o[0m
[29.364s] [ 26%] [32mBuilding CXX object CMakeFiles/controller_manager_msgs__rosidl_typesupport_cpp.dir/rosidl_typesupport_cpp/controller_manager_msgs/srv/list_controller_types__type_support.cpp.o[0m
[29.621s] [ 26%] [32mBuilding CXX object CMakeFiles/controller_manager_msgs__rosidl_typesupport_fastrtps_c.dir/rosidl_typesupport_fastrtps_c/controller_manager_msgs/msg/detail/chain_connection__type_support_c.cpp.o[0m
[30.589s] [ 27%] [32mBuilding CXX object CMakeFiles/controller_manager_msgs__rosidl_typesupport_fastrtps_cpp.dir/rosidl_typesupport_fastrtps_cpp/controller_manager_msgs/msg/detail/dds_fastrtps/hardware_interface__type_support.cpp.o[0m
[31.041s] [ 28%] [32mBuilding CXX object CMakeFiles/controller_manager_msgs__rosidl_typesupport_cpp.dir/rosidl_typesupport_cpp/controller_manager_msgs/srv/list_hardware_components__type_support.cpp.o[0m
[31.143s] [ 29%] [32mBuilding CXX object CMakeFiles/controller_manager_msgs__rosidl_typesupport_introspection_cpp.dir/rosidl_typesupport_introspection_cpp/controller_manager_msgs/srv/detail/configure_controller__type_support.cpp.o[0m
[31.645s] [ 30%] [32mBuilding CXX object CMakeFiles/controller_manager_msgs__rosidl_typesupport_fastrtps_c.dir/rosidl_typesupport_fastrtps_c/controller_manager_msgs/msg/detail/hardware_component_state__type_support_c.cpp.o[0m
[32.697s] [ 31%] [32mBuilding CXX object CMakeFiles/controller_manager_msgs__rosidl_typesupport_cpp.dir/rosidl_typesupport_cpp/controller_manager_msgs/srv/list_hardware_interfaces__type_support.cpp.o[0m
[32.980s] [ 32%] [32mBuilding CXX object CMakeFiles/controller_manager_msgs__rosidl_typesupport_fastrtps_cpp.dir/rosidl_typesupport_fastrtps_cpp/controller_manager_msgs/srv/detail/dds_fastrtps/configure_controller__type_support.cpp.o[0m
[33.386s] [ 33%] [32mBuilding CXX object CMakeFiles/controller_manager_msgs__rosidl_typesupport_introspection_cpp.dir/rosidl_typesupport_introspection_cpp/controller_manager_msgs/srv/detail/list_controllers__type_support.cpp.o[0m
[33.765s] [ 34%] [32mBuilding CXX object CMakeFiles/controller_manager_msgs__rosidl_typesupport_fastrtps_c.dir/rosidl_typesupport_fastrtps_c/controller_manager_msgs/msg/detail/hardware_interface__type_support_c.cpp.o[0m
[34.274s] [ 34%] [32mBuilding CXX object CMakeFiles/controller_manager_msgs__rosidl_typesupport_cpp.dir/rosidl_typesupport_cpp/controller_manager_msgs/srv/load_controller__type_support.cpp.o[0m
[35.545s] [ 35%] [32mBuilding CXX object CMakeFiles/controller_manager_msgs__rosidl_typesupport_fastrtps_cpp.dir/rosidl_typesupport_fastrtps_cpp/controller_manager_msgs/srv/detail/dds_fastrtps/list_controllers__type_support.cpp.o[0m
[35.811s] [ 36%] [32mBuilding CXX object CMakeFiles/controller_manager_msgs__rosidl_typesupport_fastrtps_c.dir/rosidl_typesupport_fastrtps_c/controller_manager_msgs/srv/detail/configure_controller__type_support_c.cpp.o[0m
[35.933s] [ 37%] [32mBuilding CXX object CMakeFiles/controller_manager_msgs__rosidl_typesupport_cpp.dir/rosidl_typesupport_cpp/controller_manager_msgs/srv/reload_controller_libraries__type_support.cpp.o[0m
[36.462s] [ 38%] [32mBuilding CXX object CMakeFiles/controller_manager_msgs__rosidl_typesupport_introspection_cpp.dir/rosidl_typesupport_introspection_cpp/controller_manager_msgs/srv/detail/list_controller_types__type_support.cpp.o[0m
[37.557s] [ 39%] [32mBuilding CXX object CMakeFiles/controller_manager_msgs__rosidl_typesupport_cpp.dir/rosidl_typesupport_cpp/controller_manager_msgs/srv/set_hardware_component_state__type_support.cpp.o[0m
[37.888s] [ 39%] [32mBuilding CXX object CMakeFiles/controller_manager_msgs__rosidl_typesupport_fastrtps_c.dir/rosidl_typesupport_fastrtps_c/controller_manager_msgs/srv/detail/list_controllers__type_support_c.cpp.o[0m
[38.486s] [ 39%] [32mBuilding CXX object CMakeFiles/controller_manager_msgs__rosidl_typesupport_fastrtps_cpp.dir/rosidl_typesupport_fastrtps_cpp/controller_manager_msgs/srv/detail/dds_fastrtps/list_controller_types__type_support.cpp.o[0m
[38.993s] [ 39%] [32mBuilding CXX object CMakeFiles/controller_manager_msgs__rosidl_typesupport_introspection_cpp.dir/rosidl_typesupport_introspection_cpp/controller_manager_msgs/srv/detail/list_hardware_components__type_support.cpp.o[0m
[39.154s] [ 40%] [32mBuilding CXX object CMakeFiles/controller_manager_msgs__rosidl_typesupport_cpp.dir/rosidl_typesupport_cpp/controller_manager_msgs/srv/switch_controller__type_support.cpp.o[0m
[39.939s] [ 41%] [32mBuilding CXX object CMakeFiles/controller_manager_msgs__rosidl_typesupport_fastrtps_c.dir/rosidl_typesupport_fastrtps_c/controller_manager_msgs/srv/detail/list_controller_types__type_support_c.cpp.o[0m
[40.796s] [ 41%] [32mBuilding CXX object CMakeFiles/controller_manager_msgs__rosidl_typesupport_cpp.dir/rosidl_typesupport_cpp/controller_manager_msgs/srv/unload_controller__type_support.cpp.o[0m
[41.266s] [ 42%] [32mBuilding CXX object CMakeFiles/controller_manager_msgs__rosidl_typesupport_fastrtps_cpp.dir/rosidl_typesupport_fastrtps_cpp/controller_manager_msgs/srv/detail/dds_fastrtps/list_hardware_components__type_support.cpp.o[0m
[41.883s] [ 43%] [32mBuilding CXX object CMakeFiles/controller_manager_msgs__rosidl_typesupport_introspection_cpp.dir/rosidl_typesupport_introspection_cpp/controller_manager_msgs/srv/detail/list_hardware_interfaces__type_support.cpp.o[0m
[42.100s] [ 44%] [32mBuilding CXX object CMakeFiles/controller_manager_msgs__rosidl_typesupport_fastrtps_c.dir/rosidl_typesupport_fastrtps_c/controller_manager_msgs/srv/detail/list_hardware_components__type_support_c.cpp.o[0m
[42.395s] [ 45%] [32m[1mLinking CXX shared library libcontroller_manager_msgs__rosidl_typesupport_cpp.so[0m
[42.662s] [ 45%] Built target controller_manager_msgs__rosidl_typesupport_cpp
[42.705s] [ 46%] [32mBuilding CXX object CMakeFiles/controller_manager_msgs__rosidl_typesupport_fastrtps_c.dir/rosidl_typesupport_fastrtps_c/controller_manager_msgs/srv/detail/list_hardware_interfaces__type_support_c.cpp.o[0m
[44.241s] [ 47%] [32mBuilding CXX object CMakeFiles/controller_manager_msgs__rosidl_typesupport_fastrtps_cpp.dir/rosidl_typesupport_fastrtps_cpp/controller_manager_msgs/srv/detail/dds_fastrtps/list_hardware_interfaces__type_support.cpp.o[0m
[44.258s] [ 48%] [34m[1mGenerating C introspection for ROS interfaces[0m
[44.403s] [ 49%] [32mBuilding CXX object CMakeFiles/controller_manager_msgs__rosidl_typesupport_introspection_cpp.dir/rosidl_typesupport_introspection_cpp/controller_manager_msgs/srv/detail/load_controller__type_support.cpp.o[0m
[44.883s] [ 49%] [32mBuilding CXX object CMakeFiles/controller_manager_msgs__rosidl_typesupport_fastrtps_c.dir/rosidl_typesupport_fastrtps_c/controller_manager_msgs/srv/detail/load_controller__type_support_c.cpp.o[0m
[46.739s] [ 50%] [32mBuilding CXX object CMakeFiles/controller_manager_msgs__rosidl_typesupport_introspection_cpp.dir/rosidl_typesupport_introspection_cpp/controller_manager_msgs/srv/detail/reload_controller_libraries__type_support.cpp.o[0m
[46.911s] [ 51%] [32mBuilding CXX object CMakeFiles/controller_manager_msgs__rosidl_typesupport_fastrtps_cpp.dir/rosidl_typesupport_fastrtps_cpp/controller_manager_msgs/srv/detail/dds_fastrtps/load_controller__type_support.cpp.o[0m
[46.999s] [ 52%] [32mBuilding CXX object CMakeFiles/controller_manager_msgs__rosidl_typesupport_fastrtps_c.dir/rosidl_typesupport_fastrtps_c/controller_manager_msgs/srv/detail/reload_controller_libraries__type_support_c.cpp.o[0m
[49.032s] [ 53%] [32mBuilding CXX object CMakeFiles/controller_manager_msgs__rosidl_typesupport_fastrtps_c.dir/rosidl_typesupport_fastrtps_c/controller_manager_msgs/srv/detail/set_hardware_component_state__type_support_c.cpp.o[0m
[49.045s] [ 53%] [32mBuilding CXX object CMakeFiles/controller_manager_msgs__rosidl_typesupport_introspection_cpp.dir/rosidl_typesupport_introspection_cpp/controller_manager_msgs/srv/detail/set_hardware_component_state__type_support.cpp.o[0m
[49.282s] [ 53%] [32mBuilding CXX object CMakeFiles/controller_manager_msgs__rosidl_typesupport_fastrtps_cpp.dir/rosidl_typesupport_fastrtps_cpp/controller_manager_msgs/srv/detail/dds_fastrtps/reload_controller_libraries__type_support.cpp.o[0m
[51.195s] [ 54%] [32mBuilding CXX object CMakeFiles/controller_manager_msgs__rosidl_typesupport_fastrtps_c.dir/rosidl_typesupport_fastrtps_c/controller_manager_msgs/srv/detail/switch_controller__type_support_c.cpp.o[0m
[51.408s] [ 55%] [32mBuilding CXX object CMakeFiles/controller_manager_msgs__rosidl_typesupport_introspection_cpp.dir/rosidl_typesupport_introspection_cpp/controller_manager_msgs/srv/detail/switch_controller__type_support.cpp.o[0m
[51.630s] [ 56%] [32mBuilding C object CMakeFiles/controller_manager_msgs__rosidl_typesupport_introspection_c.dir/rosidl_typesupport_introspection_c/controller_manager_msgs/msg/detail/controller_state__type_support.c.o[0m
[51.757s] [ 57%] [32mBuilding CXX object CMakeFiles/controller_manager_msgs__rosidl_typesupport_fastrtps_cpp.dir/rosidl_typesupport_fastrtps_cpp/controller_manager_msgs/srv/detail/dds_fastrtps/set_hardware_component_state__type_support.cpp.o[0m
[51.895s] [ 58%] [32mBuilding C object CMakeFiles/controller_manager_msgs__rosidl_typesupport_introspection_c.dir/rosidl_typesupport_introspection_c/controller_manager_msgs/msg/detail/chain_connection__type_support.c.o[0m
[52.104s] [ 58%] [32mBuilding C object CMakeFiles/controller_manager_msgs__rosidl_typesupport_introspection_c.dir/rosidl_typesupport_introspection_c/controller_manager_msgs/msg/detail/hardware_component_state__type_support.c.o[0m
[52.357s] [ 59%] [32mBuilding C object CMakeFiles/controller_manager_msgs__rosidl_typesupport_introspection_c.dir/rosidl_typesupport_introspection_c/controller_manager_msgs/msg/detail/hardware_interface__type_support.c.o[0m
[52.578s] [ 60%] [32mBuilding C object CMakeFiles/controller_manager_msgs__rosidl_typesupport_introspection_c.dir/rosidl_typesupport_introspection_c/controller_manager_msgs/srv/detail/configure_controller__type_support.c.o[0m
[52.815s] [ 61%] [32mBuilding C object CMakeFiles/controller_manager_msgs__rosidl_typesupport_introspection_c.dir/rosidl_typesupport_introspection_c/controller_manager_msgs/srv/detail/list_controllers__type_support.c.o[0m
[53.067s] [ 61%] [32mBuilding C object CMakeFiles/controller_manager_msgs__rosidl_typesupport_introspection_c.dir/rosidl_typesupport_introspection_c/controller_manager_msgs/srv/detail/list_controller_types__type_support.c.o[0m
[53.332s] [ 62%] [32mBuilding C object CMakeFiles/controller_manager_msgs__rosidl_typesupport_introspection_c.dir/rosidl_typesupport_introspection_c/controller_manager_msgs/srv/detail/list_hardware_components__type_support.c.o[0m
[53.399s] [ 62%] [32mBuilding CXX object CMakeFiles/controller_manager_msgs__rosidl_typesupport_fastrtps_c.dir/rosidl_typesupport_fastrtps_c/controller_manager_msgs/srv/detail/unload_controller__type_support_c.cpp.o[0m
[53.569s] [ 63%] [32mBuilding C object CMakeFiles/controller_manager_msgs__rosidl_typesupport_introspection_c.dir/rosidl_typesupport_introspection_c/controller_manager_msgs/srv/detail/list_hardware_interfaces__type_support.c.o[0m
[53.815s] [ 63%] [32mBuilding C object CMakeFiles/controller_manager_msgs__rosidl_typesupport_introspection_c.dir/rosidl_typesupport_introspection_c/controller_manager_msgs/srv/detail/load_controller__type_support.c.o[0m
[54.018s] [ 64%] [32mBuilding CXX object CMakeFiles/controller_manager_msgs__rosidl_typesupport_introspection_cpp.dir/rosidl_typesupport_introspection_cpp/controller_manager_msgs/srv/detail/unload_controller__type_support.cpp.o[0m
[54.037s] [ 65%] [32mBuilding C object CMakeFiles/controller_manager_msgs__rosidl_typesupport_introspection_c.dir/rosidl_typesupport_introspection_c/controller_manager_msgs/srv/detail/reload_controller_libraries__type_support.c.o[0m
[54.214s] [ 66%] [32mBuilding CXX object CMakeFiles/controller_manager_msgs__rosidl_typesupport_fastrtps_cpp.dir/rosidl_typesupport_fastrtps_cpp/controller_manager_msgs/srv/detail/dds_fastrtps/switch_controller__type_support.cpp.o[0m
[54.241s] [ 67%] [32mBuilding C object CMakeFiles/controller_manager_msgs__rosidl_typesupport_introspection_c.dir/rosidl_typesupport_introspection_c/controller_manager_msgs/srv/detail/set_hardware_component_state__type_support.c.o[0m
[54.452s] [ 68%] [32mBuilding C object CMakeFiles/controller_manager_msgs__rosidl_typesupport_introspection_c.dir/rosidl_typesupport_introspection_c/controller_manager_msgs/srv/detail/switch_controller__type_support.c.o[0m
[54.733s] [ 68%] [32mBuilding C object CMakeFiles/controller_manager_msgs__rosidl_typesupport_introspection_c.dir/rosidl_typesupport_introspection_c/controller_manager_msgs/srv/detail/unload_controller__type_support.c.o[0m
[54.965s] [ 69%] [32m[1mLinking C shared library libcontroller_manager_msgs__rosidl_typesupport_introspection_c.so[0m
[55.181s] [ 69%] Built target controller_manager_msgs__rosidl_typesupport_introspection_c
[55.223s] [ 70%] [32mBuilding CXX object CMakeFiles/controller_manager_msgs__rosidl_typesupport_fastrtps_cpp.dir/rosidl_typesupport_fastrtps_cpp/controller_manager_msgs/srv/detail/dds_fastrtps/unload_controller__type_support.cpp.o[0m
[55.541s] [ 71%] [32m[1mLinking CXX shared library libcontroller_manager_msgs__rosidl_typesupport_fastrtps_c.so[0m
[55.977s] [ 71%] Built target controller_manager_msgs__rosidl_typesupport_fastrtps_c
[56.037s] [ 72%] [34m[1mGenerating C type support dispatch for ROS interfaces[0m
[56.338s] [ 73%] [32m[1mLinking CXX shared library libcontroller_manager_msgs__rosidl_typesupport_introspection_cpp.so[0m
[56.844s] [ 73%] Built target controller_manager_msgs__rosidl_typesupport_introspection_cpp
[57.623s] [ 73%] [32m[1mLinking CXX shared library libcontroller_manager_msgs__rosidl_typesupport_fastrtps_cpp.so[0m
[57.998s] [ 73%] Built target controller_manager_msgs__rosidl_typesupport_fastrtps_cpp
[60.152s] [ 73%] [32mBuilding CXX object CMakeFiles/controller_manager_msgs__rosidl_typesupport_c.dir/rosidl_typesupport_c/controller_manager_msgs/msg/controller_state__type_support.cpp.o[0m
[60.156s] [ 75%] [32mBuilding CXX object CMakeFiles/controller_manager_msgs__rosidl_typesupport_c.dir/rosidl_typesupport_c/controller_manager_msgs/msg/hardware_component_state__type_support.cpp.o[0m
[60.157s] [ 75%] [32mBuilding CXX object CMakeFiles/controller_manager_msgs__rosidl_typesupport_c.dir/rosidl_typesupport_c/controller_manager_msgs/msg/chain_connection__type_support.cpp.o[0m
[60.162s] [ 76%] [32mBuilding CXX object CMakeFiles/controller_manager_msgs__rosidl_typesupport_c.dir/rosidl_typesupport_c/controller_manager_msgs/msg/hardware_interface__type_support.cpp.o[0m
[60.312s] [ 77%] [32mBuilding CXX object CMakeFiles/controller_manager_msgs__rosidl_typesupport_c.dir/rosidl_typesupport_c/controller_manager_msgs/srv/configure_controller__type_support.cpp.o[0m
[60.312s] [ 77%] [32mBuilding CXX object CMakeFiles/controller_manager_msgs__rosidl_typesupport_c.dir/rosidl_typesupport_c/controller_manager_msgs/srv/list_controllers__type_support.cpp.o[0m
[60.316s] [ 78%] [32mBuilding CXX object CMakeFiles/controller_manager_msgs__rosidl_typesupport_c.dir/rosidl_typesupport_c/controller_manager_msgs/srv/list_controller_types__type_support.cpp.o[0m
[60.322s] [ 79%] [32mBuilding CXX object CMakeFiles/controller_manager_msgs__rosidl_typesupport_c.dir/rosidl_typesupport_c/controller_manager_msgs/srv/list_hardware_components__type_support.cpp.o[0m
[60.478s] [ 80%] [32mBuilding CXX object CMakeFiles/controller_manager_msgs__rosidl_typesupport_c.dir/rosidl_typesupport_c/controller_manager_msgs/srv/list_hardware_interfaces__type_support.cpp.o[0m
[60.479s] [ 80%] [32mBuilding CXX object CMakeFiles/controller_manager_msgs__rosidl_typesupport_c.dir/rosidl_typesupport_c/controller_manager_msgs/srv/load_controller__type_support.cpp.o[0m
[60.483s] [ 81%] [32mBuilding CXX object CMakeFiles/controller_manager_msgs__rosidl_typesupport_c.dir/rosidl_typesupport_c/controller_manager_msgs/srv/reload_controller_libraries__type_support.cpp.o[0m
[60.498s] [ 82%] [32mBuilding CXX object CMakeFiles/controller_manager_msgs__rosidl_typesupport_c.dir/rosidl_typesupport_c/controller_manager_msgs/srv/set_hardware_component_state__type_support.cpp.o[0m
[60.640s] [ 82%] [32mBuilding CXX object CMakeFiles/controller_manager_msgs__rosidl_typesupport_c.dir/rosidl_typesupport_c/controller_manager_msgs/srv/switch_controller__type_support.cpp.o[0m
[60.643s] [ 83%] [32mBuilding CXX object CMakeFiles/controller_manager_msgs__rosidl_typesupport_c.dir/rosidl_typesupport_c/controller_manager_msgs/srv/unload_controller__type_support.cpp.o[0m
[60.791s] [ 84%] [32m[1mLinking CXX shared library libcontroller_manager_msgs__rosidl_typesupport_c.so[0m
[60.968s] [ 84%] Built target controller_manager_msgs__rosidl_typesupport_c
[61.049s] [ 84%] Built target controller_manager_msgs
[61.133s] [ 85%] [34m[1mGenerating Python code for ROS interfaces[0m
[71.771s] [ 85%] Built target controller_manager_msgs__py
[71.858s] [ 86%] [32mBuilding C object CMakeFiles/controller_manager_msgs__rosidl_generator_py.dir/rosidl_generator_py/controller_manager_msgs/msg/_controller_state_s.c.o[0m
[71.860s] [ 86%] [32mBuilding C object CMakeFiles/controller_manager_msgs__rosidl_generator_py.dir/rosidl_generator_py/controller_manager_msgs/msg/_chain_connection_s.c.o[0m
[71.862s] [ 87%] [32mBuilding C object CMakeFiles/controller_manager_msgs__rosidl_generator_py.dir/rosidl_generator_py/controller_manager_msgs/msg/_hardware_component_state_s.c.o[0m
[71.868s] [ 88%] [32mBuilding C object CMakeFiles/controller_manager_msgs__rosidl_generator_py.dir/rosidl_generator_py/controller_manager_msgs/msg/_hardware_interface_s.c.o[0m
[72.394s] [ 89%] [32mBuilding C object CMakeFiles/controller_manager_msgs__rosidl_generator_py.dir/rosidl_generator_py/controller_manager_msgs/srv/_configure_controller_s.c.o[0m
[72.404s] [ 89%] [32mBuilding C object CMakeFiles/controller_manager_msgs__rosidl_generator_py.dir/rosidl_generator_py/controller_manager_msgs/srv/_list_controllers_s.c.o[0m
[72.439s] [ 90%] [32mBuilding C object CMakeFiles/controller_manager_msgs__rosidl_generator_py.dir/rosidl_generator_py/controller_manager_msgs/srv/_list_controller_types_s.c.o[0m
[72.509s] [ 91%] [32mBuilding C object CMakeFiles/controller_manager_msgs__rosidl_generator_py.dir/rosidl_generator_py/controller_manager_msgs/srv/_list_hardware_components_s.c.o[0m
[72.942s] [ 92%] [32mBuilding C object CMakeFiles/controller_manager_msgs__rosidl_generator_py.dir/rosidl_generator_py/controller_manager_msgs/srv/_list_hardware_interfaces_s.c.o[0m
[72.963s] [ 92%] [32mBuilding C object CMakeFiles/controller_manager_msgs__rosidl_generator_py.dir/rosidl_generator_py/controller_manager_msgs/srv/_load_controller_s.c.o[0m
[73.016s] [ 93%] [32mBuilding C object CMakeFiles/controller_manager_msgs__rosidl_generator_py.dir/rosidl_generator_py/controller_manager_msgs/srv/_reload_controller_libraries_s.c.o[0m
[73.090s] [ 94%] [32mBuilding C object CMakeFiles/controller_manager_msgs__rosidl_generator_py.dir/rosidl_generator_py/controller_manager_msgs/srv/_set_hardware_component_state_s.c.o[0m
[73.503s] [ 94%] [32mBuilding C object CMakeFiles/controller_manager_msgs__rosidl_generator_py.dir/rosidl_generator_py/controller_manager_msgs/srv/_switch_controller_s.c.o[0m
[73.546s] [ 95%] [32mBuilding C object CMakeFiles/controller_manager_msgs__rosidl_generator_py.dir/rosidl_generator_py/controller_manager_msgs/srv/_unload_controller_s.c.o[0m
[74.073s] [ 96%] [32m[1mLinking C shared library rosidl_generator_py/controller_manager_msgs/libcontroller_manager_msgs__rosidl_generator_py.so[0m
[74.279s] [ 96%] Built target controller_manager_msgs__rosidl_generator_py
[74.363s] [ 97%] [32mBuilding C object CMakeFiles/controller_manager_msgs__rosidl_typesupport_fastrtps_c__pyext.dir/rosidl_generator_py/controller_manager_msgs/_controller_manager_msgs_s.ep.rosidl_typesupport_fastrtps_c.c.o[0m
[74.365s] [ 98%] [32mBuilding C object CMakeFiles/controller_manager_msgs__rosidl_typesupport_introspection_c__pyext.dir/rosidl_generator_py/controller_manager_msgs/_controller_manager_msgs_s.ep.rosidl_typesupport_introspection_c.c.o[0m
[74.367s] [ 99%] [32mBuilding C object CMakeFiles/controller_manager_msgs__rosidl_typesupport_c__pyext.dir/rosidl_generator_py/controller_manager_msgs/_controller_manager_msgs_s.ep.rosidl_typesupport_c.c.o[0m
[75.241s] [100%] [32m[1mLinking C shared library rosidl_generator_py/controller_manager_msgs/controller_manager_msgs_s__rosidl_typesupport_fastrtps_c.cpython-310-aarch64-linux-gnu.so[0m
[75.242s] [100%] [32m[1mLinking C shared library rosidl_generator_py/controller_manager_msgs/controller_manager_msgs_s__rosidl_typesupport_c.cpython-310-aarch64-linux-gnu.so[0m
[75.243s] [100%] [32m[1mLinking C shared library rosidl_generator_py/controller_manager_msgs/controller_manager_msgs_s__rosidl_typesupport_introspection_c.cpython-310-aarch64-linux-gnu.so[0m
[75.497s] [100%] Built target controller_manager_msgs__rosidl_typesupport_fastrtps_c__pyext
[75.499s] [100%] Built target controller_manager_msgs__rosidl_typesupport_introspection_c__pyext
[75.501s] [100%] Built target controller_manager_msgs__rosidl_typesupport_c__pyext
[75.549s] Invoked command in '/home/pinet/SLAM_AGV/workspace/build/controller_manager_msgs' returned '0': CMAKE_PREFIX_PATH=/opt/ros/humble /usr/bin/cmake --build /home/pinet/SLAM_AGV/workspace/build/controller_manager_msgs -- -j4 -l4
[75.558s] Invoking command in '/home/pinet/SLAM_AGV/workspace/build/controller_manager_msgs': CMAKE_PREFIX_PATH=/opt/ros/humble /usr/bin/cmake --install /home/pinet/SLAM_AGV/workspace/build/controller_manager_msgs
[75.585s] -- Install configuration: ""
[75.587s] -- Execute custom install script
[75.589s] -- Symlinking: /home/pinet/SLAM_AGV/workspace/install/controller_manager_msgs/share/ament_index/resource_index/rosidl_interfaces/controller_manager_msgs
[75.625s] -- Symlinking: /home/pinet/SLAM_AGV/workspace/install/controller_manager_msgs/include/controller_manager_msgs/controller_manager_msgs/msg/chain_connection.h
[75.654s] -- Symlinking: /home/pinet/SLAM_AGV/workspace/install/controller_manager_msgs/include/controller_manager_msgs/controller_manager_msgs/msg/controller_state.h
[75.684s] -- Symlinking: /home/pinet/SLAM_AGV/workspace/install/controller_manager_msgs/include/controller_manager_msgs/controller_manager_msgs/msg/detail/chain_connection__functions.h
[75.715s] -- Symlinking: /home/pinet/SLAM_AGV/workspace/install/controller_manager_msgs/include/controller_manager_msgs/controller_manager_msgs/msg/detail/chain_connection__struct.h
[75.744s] -- Symlinking: /home/pinet/SLAM_AGV/workspace/install/controller_manager_msgs/include/controller_manager_msgs/controller_manager_msgs/msg/detail/chain_connection__type_support.h
[75.774s] -- Symlinking: /home/pinet/SLAM_AGV/workspace/install/controller_manager_msgs/include/controller_manager_msgs/controller_manager_msgs/msg/detail/controller_state__functions.h
[75.804s] -- Symlinking: /home/pinet/SLAM_AGV/workspace/install/controller_manager_msgs/include/controller_manager_msgs/controller_manager_msgs/msg/detail/controller_state__struct.h
[75.834s] -- Symlinking: /home/pinet/SLAM_AGV/workspace/install/controller_manager_msgs/include/controller_manager_msgs/controller_manager_msgs/msg/detail/controller_state__type_support.h
[75.866s] -- Symlinking: /home/pinet/SLAM_AGV/workspace/install/controller_manager_msgs/include/controller_manager_msgs/controller_manager_msgs/msg/detail/hardware_component_state__functions.h
[75.895s] -- Symlinking: /home/pinet/SLAM_AGV/workspace/install/controller_manager_msgs/include/controller_manager_msgs/controller_manager_msgs/msg/detail/hardware_component_state__struct.h
[75.926s] -- Symlinking: /home/pinet/SLAM_AGV/workspace/install/controller_manager_msgs/include/controller_manager_msgs/controller_manager_msgs/msg/detail/hardware_component_state__type_support.h
[75.956s] -- Symlinking: /home/pinet/SLAM_AGV/workspace/install/controller_manager_msgs/include/controller_manager_msgs/controller_manager_msgs/msg/detail/hardware_interface__functions.h
[75.984s] -- Symlinking: /home/pinet/SLAM_AGV/workspace/install/controller_manager_msgs/include/controller_manager_msgs/controller_manager_msgs/msg/detail/hardware_interface__struct.h
[76.013s] -- Symlinking: /home/pinet/SLAM_AGV/workspace/install/controller_manager_msgs/include/controller_manager_msgs/controller_manager_msgs/msg/detail/hardware_interface__type_support.h
[76.043s] -- Symlinking: /home/pinet/SLAM_AGV/workspace/install/controller_manager_msgs/include/controller_manager_msgs/controller_manager_msgs/msg/hardware_component_state.h
[76.071s] -- Symlinking: /home/pinet/SLAM_AGV/workspace/install/controller_manager_msgs/include/controller_manager_msgs/controller_manager_msgs/msg/hardware_interface.h
[76.102s] -- Symlinking: /home/pinet/SLAM_AGV/workspace/install/controller_manager_msgs/include/controller_manager_msgs/controller_manager_msgs/msg/rosidl_generator_c__visibility_control.h
[76.131s] -- Symlinking: /home/pinet/SLAM_AGV/workspace/install/controller_manager_msgs/include/controller_manager_msgs/controller_manager_msgs/srv/configure_controller.h
[76.162s] -- Symlinking: /home/pinet/SLAM_AGV/workspace/install/controller_manager_msgs/include/controller_manager_msgs/controller_manager_msgs/srv/detail/configure_controller__functions.h
[76.194s] -- Symlinking: /home/pinet/SLAM_AGV/workspace/install/controller_manager_msgs/include/controller_manager_msgs/controller_manager_msgs/srv/detail/configure_controller__struct.h
[76.223s] -- Symlinking: /home/pinet/SLAM_AGV/workspace/install/controller_manager_msgs/include/controller_manager_msgs/controller_manager_msgs/srv/detail/configure_controller__type_support.h
[76.253s] -- Symlinking: /home/pinet/SLAM_AGV/workspace/install/controller_manager_msgs/include/controller_manager_msgs/controller_manager_msgs/srv/detail/list_controller_types__functions.h
[76.282s] -- Symlinking: /home/pinet/SLAM_AGV/workspace/install/controller_manager_msgs/include/controller_manager_msgs/controller_manager_msgs/srv/detail/list_controller_types__struct.h
[76.314s] -- Symlinking: /home/pinet/SLAM_AGV/workspace/install/controller_manager_msgs/include/controller_manager_msgs/controller_manager_msgs/srv/detail/list_controller_types__type_support.h
[76.343s] -- Symlinking: /home/pinet/SLAM_AGV/workspace/install/controller_manager_msgs/include/controller_manager_msgs/controller_manager_msgs/srv/detail/list_controllers__functions.h
[76.374s] -- Symlinking: /home/pinet/SLAM_AGV/workspace/install/controller_manager_msgs/include/controller_manager_msgs/controller_manager_msgs/srv/detail/list_controllers__struct.h
[76.406s] -- Symlinking: /home/pinet/SLAM_AGV/workspace/install/controller_manager_msgs/include/controller_manager_msgs/controller_manager_msgs/srv/detail/list_controllers__type_support.h
[76.435s] -- Symlinking: /home/pinet/SLAM_AGV/workspace/install/controller_manager_msgs/include/controller_manager_msgs/controller_manager_msgs/srv/detail/list_hardware_components__functions.h
[76.466s] -- Symlinking: /home/pinet/SLAM_AGV/workspace/install/controller_manager_msgs/include/controller_manager_msgs/controller_manager_msgs/srv/detail/list_hardware_components__struct.h
[76.495s] -- Symlinking: /home/pinet/SLAM_AGV/workspace/install/controller_manager_msgs/include/controller_manager_msgs/controller_manager_msgs/srv/detail/list_hardware_components__type_support.h
[76.527s] -- Symlinking: /home/pinet/SLAM_AGV/workspace/install/controller_manager_msgs/include/controller_manager_msgs/controller_manager_msgs/srv/detail/list_hardware_interfaces__functions.h
[76.556s] -- Symlinking: /home/pinet/SLAM_AGV/workspace/install/controller_manager_msgs/include/controller_manager_msgs/controller_manager_msgs/srv/detail/list_hardware_interfaces__struct.h
[76.585s] -- Symlinking: /home/pinet/SLAM_AGV/workspace/install/controller_manager_msgs/include/controller_manager_msgs/controller_manager_msgs/srv/detail/list_hardware_interfaces__type_support.h
[76.616s] -- Symlinking: /home/pinet/SLAM_AGV/workspace/install/controller_manager_msgs/include/controller_manager_msgs/controller_manager_msgs/srv/detail/load_controller__functions.h
[76.644s] -- Symlinking: /home/pinet/SLAM_AGV/workspace/install/controller_manager_msgs/include/controller_manager_msgs/controller_manager_msgs/srv/detail/load_controller__struct.h
[76.675s] -- Symlinking: /home/pinet/SLAM_AGV/workspace/install/controller_manager_msgs/include/controller_manager_msgs/controller_manager_msgs/srv/detail/load_controller__type_support.h
[76.703s] -- Symlinking: /home/pinet/SLAM_AGV/workspace/install/controller_manager_msgs/include/controller_manager_msgs/controller_manager_msgs/srv/detail/reload_controller_libraries__functions.h
[76.733s] -- Symlinking: /home/pinet/SLAM_AGV/workspace/install/controller_manager_msgs/include/controller_manager_msgs/controller_manager_msgs/srv/detail/reload_controller_libraries__struct.h
[76.763s] -- Symlinking: /home/pinet/SLAM_AGV/workspace/install/controller_manager_msgs/include/controller_manager_msgs/controller_manager_msgs/srv/detail/reload_controller_libraries__type_support.h
[76.792s] -- Symlinking: /home/pinet/SLAM_AGV/workspace/install/controller_manager_msgs/include/controller_manager_msgs/controller_manager_msgs/srv/detail/set_hardware_component_state__functions.h
[76.821s] -- Symlinking: /home/pinet/SLAM_AGV/workspace/install/controller_manager_msgs/include/controller_manager_msgs/controller_manager_msgs/srv/detail/set_hardware_component_state__struct.h
[76.852s] -- Symlinking: /home/pinet/SLAM_AGV/workspace/install/controller_manager_msgs/include/controller_manager_msgs/controller_manager_msgs/srv/detail/set_hardware_component_state__type_support.h
[76.882s] -- Symlinking: /home/pinet/SLAM_AGV/workspace/install/controller_manager_msgs/include/controller_manager_msgs/controller_manager_msgs/srv/detail/switch_controller__functions.h
[76.913s] -- Symlinking: /home/pinet/SLAM_AGV/workspace/install/controller_manager_msgs/include/controller_manager_msgs/controller_manager_msgs/srv/detail/switch_controller__struct.h
[76.942s] -- Symlinking: /home/pinet/SLAM_AGV/workspace/install/controller_manager_msgs/include/controller_manager_msgs/controller_manager_msgs/srv/detail/switch_controller__type_support.h
[76.973s] -- Symlinking: /home/pinet/SLAM_AGV/workspace/install/controller_manager_msgs/include/controller_manager_msgs/controller_manager_msgs/srv/detail/unload_controller__functions.h
[77.004s] -- Symlinking: /home/pinet/SLAM_AGV/workspace/install/controller_manager_msgs/include/controller_manager_msgs/controller_manager_msgs/srv/detail/unload_controller__struct.h
[77.033s] -- Symlinking: /home/pinet/SLAM_AGV/workspace/install/controller_manager_msgs/include/controller_manager_msgs/controller_manager_msgs/srv/detail/unload_controller__type_support.h
[77.064s] -- Symlinking: /home/pinet/SLAM_AGV/workspace/install/controller_manager_msgs/include/controller_manager_msgs/controller_manager_msgs/srv/list_controller_types.h
[77.093s] -- Symlinking: /home/pinet/SLAM_AGV/workspace/install/controller_manager_msgs/include/controller_manager_msgs/controller_manager_msgs/srv/list_controllers.h
[77.122s] -- Symlinking: /home/pinet/SLAM_AGV/workspace/install/controller_manager_msgs/include/controller_manager_msgs/controller_manager_msgs/srv/list_hardware_components.h
[77.151s] -- Symlinking: /home/pinet/SLAM_AGV/workspace/install/controller_manager_msgs/include/controller_manager_msgs/controller_manager_msgs/srv/list_hardware_interfaces.h
[77.182s] -- Symlinking: /home/pinet/SLAM_AGV/workspace/install/controller_manager_msgs/include/controller_manager_msgs/controller_manager_msgs/srv/load_controller.h
[77.211s] -- Symlinking: /home/pinet/SLAM_AGV/workspace/install/controller_manager_msgs/include/controller_manager_msgs/controller_manager_msgs/srv/reload_controller_libraries.h
[77.242s] -- Symlinking: /home/pinet/SLAM_AGV/workspace/install/controller_manager_msgs/include/controller_manager_msgs/controller_manager_msgs/srv/set_hardware_component_state.h
[77.272s] -- Symlinking: /home/pinet/SLAM_AGV/workspace/install/controller_manager_msgs/include/controller_manager_msgs/controller_manager_msgs/srv/switch_controller.h
[77.301s] -- Symlinking: /home/pinet/SLAM_AGV/workspace/install/controller_manager_msgs/include/controller_manager_msgs/controller_manager_msgs/srv/unload_controller.h
[77.330s] -- Symlinking: /home/pinet/SLAM_AGV/workspace/install/controller_manager_msgs/share/controller_manager_msgs/environment/library_path.sh
[77.361s] -- Symlinking: /home/pinet/SLAM_AGV/workspace/install/controller_manager_msgs/share/controller_manager_msgs/environment/library_path.dsv
[77.400s] -- Symlinking: /home/pinet/SLAM_AGV/workspace/install/controller_manager_msgs/include/controller_manager_msgs/controller_manager_msgs/msg/detail/chain_connection__rosidl_typesupport_fastrtps_c.h
[77.430s] -- Symlinking: /home/pinet/SLAM_AGV/workspace/install/controller_manager_msgs/include/controller_manager_msgs/controller_manager_msgs/msg/detail/controller_state__rosidl_typesupport_fastrtps_c.h
[77.459s] -- Symlinking: /home/pinet/SLAM_AGV/workspace/install/controller_manager_msgs/include/controller_manager_msgs/controller_manager_msgs/msg/detail/hardware_component_state__rosidl_typesupport_fastrtps_c.h
[77.488s] -- Symlinking: /home/pinet/SLAM_AGV/workspace/install/controller_manager_msgs/include/controller_manager_msgs/controller_manager_msgs/msg/detail/hardware_interface__rosidl_typesupport_fastrtps_c.h
[77.517s] -- Symlinking: /home/pinet/SLAM_AGV/workspace/install/controller_manager_msgs/include/controller_manager_msgs/controller_manager_msgs/msg/rosidl_typesupport_fastrtps_c__visibility_control.h
[77.547s] -- Symlinking: /home/pinet/SLAM_AGV/workspace/install/controller_manager_msgs/include/controller_manager_msgs/controller_manager_msgs/srv/detail/configure_controller__rosidl_typesupport_fastrtps_c.h
[77.576s] -- Symlinking: /home/pinet/SLAM_AGV/workspace/install/controller_manager_msgs/include/controller_manager_msgs/controller_manager_msgs/srv/detail/list_controller_types__rosidl_typesupport_fastrtps_c.h
[77.607s] -- Symlinking: /home/pinet/SLAM_AGV/workspace/install/controller_manager_msgs/include/controller_manager_msgs/controller_manager_msgs/srv/detail/list_controllers__rosidl_typesupport_fastrtps_c.h
[77.636s] -- Symlinking: /home/pinet/SLAM_AGV/workspace/install/controller_manager_msgs/include/controller_manager_msgs/controller_manager_msgs/srv/detail/list_hardware_components__rosidl_typesupport_fastrtps_c.h
[77.667s] -- Symlinking: /home/pinet/SLAM_AGV/workspace/install/controller_manager_msgs/include/controller_manager_msgs/controller_manager_msgs/srv/detail/list_hardware_interfaces__rosidl_typesupport_fastrtps_c.h
[77.696s] -- Symlinking: /home/pinet/SLAM_AGV/workspace/install/controller_manager_msgs/include/controller_manager_msgs/controller_manager_msgs/srv/detail/load_controller__rosidl_typesupport_fastrtps_c.h
[77.746s] -- Symlinking: /home/pinet/SLAM_AGV/workspace/install/controller_manager_msgs/include/controller_manager_msgs/controller_manager_msgs/srv/detail/reload_controller_libraries__rosidl_typesupport_fastrtps_c.h
[77.783s] -- Symlinking: /home/pinet/SLAM_AGV/workspace/install/controller_manager_msgs/include/controller_manager_msgs/controller_manager_msgs/srv/detail/set_hardware_component_state__rosidl_typesupport_fastrtps_c.h
[77.812s] -- Symlinking: /home/pinet/SLAM_AGV/workspace/install/controller_manager_msgs/include/controller_manager_msgs/controller_manager_msgs/srv/detail/switch_controller__rosidl_typesupport_fastrtps_c.h
[77.841s] -- Symlinking: /home/pinet/SLAM_AGV/workspace/install/controller_manager_msgs/include/controller_manager_msgs/controller_manager_msgs/srv/detail/unload_controller__rosidl_typesupport_fastrtps_c.h
[77.879s] -- Symlinking: /home/pinet/SLAM_AGV/workspace/install/controller_manager_msgs/include/controller_manager_msgs/controller_manager_msgs/msg/chain_connection.hpp
[77.912s] -- Symlinking: /home/pinet/SLAM_AGV/workspace/install/controller_manager_msgs/include/controller_manager_msgs/controller_manager_msgs/msg/controller_state.hpp
[77.941s] -- Symlinking: /home/pinet/SLAM_AGV/workspace/install/controller_manager_msgs/include/controller_manager_msgs/controller_manager_msgs/msg/detail/chain_connection__builder.hpp
[77.970s] -- Symlinking: /home/pinet/SLAM_AGV/workspace/install/controller_manager_msgs/include/controller_manager_msgs/controller_manager_msgs/msg/detail/chain_connection__struct.hpp
[77.999s] -- Symlinking: /home/pinet/SLAM_AGV/workspace/install/controller_manager_msgs/include/controller_manager_msgs/controller_manager_msgs/msg/detail/chain_connection__traits.hpp
[78.028s] -- Symlinking: /home/pinet/SLAM_AGV/workspace/install/controller_manager_msgs/include/controller_manager_msgs/controller_manager_msgs/msg/detail/chain_connection__type_support.hpp
[78.058s] -- Symlinking: /home/pinet/SLAM_AGV/workspace/install/controller_manager_msgs/include/controller_manager_msgs/controller_manager_msgs/msg/detail/controller_state__builder.hpp
[78.090s] -- Symlinking: /home/pinet/SLAM_AGV/workspace/install/controller_manager_msgs/include/controller_manager_msgs/controller_manager_msgs/msg/detail/controller_state__struct.hpp
[78.119s] -- Symlinking: /home/pinet/SLAM_AGV/workspace/install/controller_manager_msgs/include/controller_manager_msgs/controller_manager_msgs/msg/detail/controller_state__traits.hpp
[78.150s] -- Symlinking: /home/pinet/SLAM_AGV/workspace/install/controller_manager_msgs/include/controller_manager_msgs/controller_manager_msgs/msg/detail/controller_state__type_support.hpp
[78.179s] -- Symlinking: /home/pinet/SLAM_AGV/workspace/install/controller_manager_msgs/include/controller_manager_msgs/controller_manager_msgs/msg/detail/hardware_component_state__builder.hpp
[78.209s] -- Symlinking: /home/pinet/SLAM_AGV/workspace/install/controller_manager_msgs/include/controller_manager_msgs/controller_manager_msgs/msg/detail/hardware_component_state__struct.hpp
[78.238s] -- Symlinking: /home/pinet/SLAM_AGV/workspace/install/controller_manager_msgs/include/controller_manager_msgs/controller_manager_msgs/msg/detail/hardware_component_state__traits.hpp
[78.271s] -- Symlinking: /home/pinet/SLAM_AGV/workspace/install/controller_manager_msgs/include/controller_manager_msgs/controller_manager_msgs/msg/detail/hardware_component_state__type_support.hpp
[78.300s] -- Symlinking: /home/pinet/SLAM_AGV/workspace/install/controller_manager_msgs/include/controller_manager_msgs/controller_manager_msgs/msg/detail/hardware_interface__builder.hpp
[78.331s] -- Symlinking: /home/pinet/SLAM_AGV/workspace/install/controller_manager_msgs/include/controller_manager_msgs/controller_manager_msgs/msg/detail/hardware_interface__struct.hpp
[78.360s] -- Symlinking: /home/pinet/SLAM_AGV/workspace/install/controller_manager_msgs/include/controller_manager_msgs/controller_manager_msgs/msg/detail/hardware_interface__traits.hpp
[78.390s] -- Symlinking: /home/pinet/SLAM_AGV/workspace/install/controller_manager_msgs/include/controller_manager_msgs/controller_manager_msgs/msg/detail/hardware_interface__type_support.hpp
[78.419s] -- Symlinking: /home/pinet/SLAM_AGV/workspace/install/controller_manager_msgs/include/controller_manager_msgs/controller_manager_msgs/msg/hardware_component_state.hpp
[78.450s] -- Symlinking: /home/pinet/SLAM_AGV/workspace/install/controller_manager_msgs/include/controller_manager_msgs/controller_manager_msgs/msg/hardware_interface.hpp
[78.479s] -- Symlinking: /home/pinet/SLAM_AGV/workspace/install/controller_manager_msgs/include/controller_manager_msgs/controller_manager_msgs/msg/rosidl_generator_cpp__visibility_control.hpp
[78.509s] -- Symlinking: /home/pinet/SLAM_AGV/workspace/install/controller_manager_msgs/include/controller_manager_msgs/controller_manager_msgs/srv/configure_controller.hpp
[78.539s] -- Symlinking: /home/pinet/SLAM_AGV/workspace/install/controller_manager_msgs/include/controller_manager_msgs/controller_manager_msgs/srv/detail/configure_controller__builder.hpp
[78.568s] -- Symlinking: /home/pinet/SLAM_AGV/workspace/install/controller_manager_msgs/include/controller_manager_msgs/controller_manager_msgs/srv/detail/configure_controller__struct.hpp
[78.597s] -- Symlinking: /home/pinet/SLAM_AGV/workspace/install/controller_manager_msgs/include/controller_manager_msgs/controller_manager_msgs/srv/detail/configure_controller__traits.hpp
[78.626s] -- Symlinking: /home/pinet/SLAM_AGV/workspace/install/controller_manager_msgs/include/controller_manager_msgs/controller_manager_msgs/srv/detail/configure_controller__type_support.hpp
[78.658s] -- Symlinking: /home/pinet/SLAM_AGV/workspace/install/controller_manager_msgs/include/controller_manager_msgs/controller_manager_msgs/srv/detail/list_controller_types__builder.hpp
[78.687s] -- Symlinking: /home/pinet/SLAM_AGV/workspace/install/controller_manager_msgs/include/controller_manager_msgs/controller_manager_msgs/srv/detail/list_controller_types__struct.hpp
[78.717s] -- Symlinking: /home/pinet/SLAM_AGV/workspace/install/controller_manager_msgs/include/controller_manager_msgs/controller_manager_msgs/srv/detail/list_controller_types__traits.hpp
[78.745s] -- Symlinking: /home/pinet/SLAM_AGV/workspace/install/controller_manager_msgs/include/controller_manager_msgs/controller_manager_msgs/srv/detail/list_controller_types__type_support.hpp
[78.777s] -- Symlinking: /home/pinet/SLAM_AGV/workspace/install/controller_manager_msgs/include/controller_manager_msgs/controller_manager_msgs/srv/detail/list_controllers__builder.hpp
[78.806s] -- Symlinking: /home/pinet/SLAM_AGV/workspace/install/controller_manager_msgs/include/controller_manager_msgs/controller_manager_msgs/srv/detail/list_controllers__struct.hpp
[78.836s] -- Symlinking: /home/pinet/SLAM_AGV/workspace/install/controller_manager_msgs/include/controller_manager_msgs/controller_manager_msgs/srv/detail/list_controllers__traits.hpp
[78.866s] -- Symlinking: /home/pinet/SLAM_AGV/workspace/install/controller_manager_msgs/include/controller_manager_msgs/controller_manager_msgs/srv/detail/list_controllers__type_support.hpp
[78.895s] -- Symlinking: /home/pinet/SLAM_AGV/workspace/install/controller_manager_msgs/include/controller_manager_msgs/controller_manager_msgs/srv/detail/list_hardware_components__builder.hpp
[78.925s] -- Symlinking: /home/pinet/SLAM_AGV/workspace/install/controller_manager_msgs/include/controller_manager_msgs/controller_manager_msgs/srv/detail/list_hardware_components__struct.hpp
[78.954s] -- Symlinking: /home/pinet/SLAM_AGV/workspace/install/controller_manager_msgs/include/controller_manager_msgs/controller_manager_msgs/srv/detail/list_hardware_components__traits.hpp
[78.983s] -- Symlinking: /home/pinet/SLAM_AGV/workspace/install/controller_manager_msgs/include/controller_manager_msgs/controller_manager_msgs/srv/detail/list_hardware_components__type_support.hpp
[79.012s] -- Symlinking: /home/pinet/SLAM_AGV/workspace/install/controller_manager_msgs/include/controller_manager_msgs/controller_manager_msgs/srv/detail/list_hardware_interfaces__builder.hpp
[79.042s] -- Symlinking: /home/pinet/SLAM_AGV/workspace/install/controller_manager_msgs/include/controller_manager_msgs/controller_manager_msgs/srv/detail/list_hardware_interfaces__struct.hpp
[79.072s] -- Symlinking: /home/pinet/SLAM_AGV/workspace/install/controller_manager_msgs/include/controller_manager_msgs/controller_manager_msgs/srv/detail/list_hardware_interfaces__traits.hpp
[79.102s] -- Symlinking: /home/pinet/SLAM_AGV/workspace/install/controller_manager_msgs/include/controller_manager_msgs/controller_manager_msgs/srv/detail/list_hardware_interfaces__type_support.hpp
[79.130s] -- Symlinking: /home/pinet/SLAM_AGV/workspace/install/controller_manager_msgs/include/controller_manager_msgs/controller_manager_msgs/srv/detail/load_controller__builder.hpp
[79.160s] -- Symlinking: /home/pinet/SLAM_AGV/workspace/install/controller_manager_msgs/include/controller_manager_msgs/controller_manager_msgs/srv/detail/load_controller__struct.hpp
[79.188s] -- Symlinking: /home/pinet/SLAM_AGV/workspace/install/controller_manager_msgs/include/controller_manager_msgs/controller_manager_msgs/srv/detail/load_controller__traits.hpp
[79.217s] -- Symlinking: /home/pinet/SLAM_AGV/workspace/install/controller_manager_msgs/include/controller_manager_msgs/controller_manager_msgs/srv/detail/load_controller__type_support.hpp
[79.246s] -- Symlinking: /home/pinet/SLAM_AGV/workspace/install/controller_manager_msgs/include/controller_manager_msgs/controller_manager_msgs/srv/detail/reload_controller_libraries__builder.hpp
[79.276s] -- Symlinking: /home/pinet/SLAM_AGV/workspace/install/controller_manager_msgs/include/controller_manager_msgs/controller_manager_msgs/srv/detail/reload_controller_libraries__struct.hpp
[79.306s] -- Symlinking: /home/pinet/SLAM_AGV/workspace/install/controller_manager_msgs/include/controller_manager_msgs/controller_manager_msgs/srv/detail/reload_controller_libraries__traits.hpp
[79.336s] -- Symlinking: /home/pinet/SLAM_AGV/workspace/install/controller_manager_msgs/include/controller_manager_msgs/controller_manager_msgs/srv/detail/reload_controller_libraries__type_support.hpp
[79.366s] -- Symlinking: /home/pinet/SLAM_AGV/workspace/install/controller_manager_msgs/include/controller_manager_msgs/controller_manager_msgs/srv/detail/set_hardware_component_state__builder.hpp
[79.398s] -- Symlinking: /home/pinet/SLAM_AGV/workspace/install/controller_manager_msgs/include/controller_manager_msgs/controller_manager_msgs/srv/detail/set_hardware_component_state__struct.hpp
[79.427s] -- Symlinking: /home/pinet/SLAM_AGV/workspace/install/controller_manager_msgs/include/controller_manager_msgs/controller_manager_msgs/srv/detail/set_hardware_component_state__traits.hpp
[79.458s] -- Symlinking: /home/pinet/SLAM_AGV/workspace/install/controller_manager_msgs/include/controller_manager_msgs/controller_manager_msgs/srv/detail/set_hardware_component_state__type_support.hpp
[79.488s] -- Symlinking: /home/pinet/SLAM_AGV/workspace/install/controller_manager_msgs/include/controller_manager_msgs/controller_manager_msgs/srv/detail/switch_controller__builder.hpp
[79.517s] -- Symlinking: /home/pinet/SLAM_AGV/workspace/install/controller_manager_msgs/include/controller_manager_msgs/controller_manager_msgs/srv/detail/switch_controller__struct.hpp
[79.546s] -- Symlinking: /home/pinet/SLAM_AGV/workspace/install/controller_manager_msgs/include/controller_manager_msgs/controller_manager_msgs/srv/detail/switch_controller__traits.hpp
[79.575s] -- Symlinking: /home/pinet/SLAM_AGV/workspace/install/controller_manager_msgs/include/controller_manager_msgs/controller_manager_msgs/srv/detail/switch_controller__type_support.hpp
[79.604s] -- Symlinking: /home/pinet/SLAM_AGV/workspace/install/controller_manager_msgs/include/controller_manager_msgs/controller_manager_msgs/srv/detail/unload_controller__builder.hpp
[79.635s] -- Symlinking: /home/pinet/SLAM_AGV/workspace/install/controller_manager_msgs/include/controller_manager_msgs/controller_manager_msgs/srv/detail/unload_controller__struct.hpp
[79.663s] -- Symlinking: /home/pinet/SLAM_AGV/workspace/install/controller_manager_msgs/include/controller_manager_msgs/controller_manager_msgs/srv/detail/unload_controller__traits.hpp
[79.692s] -- Symlinking: /home/pinet/SLAM_AGV/workspace/install/controller_manager_msgs/include/controller_manager_msgs/controller_manager_msgs/srv/detail/unload_controller__type_support.hpp
[79.722s] -- Symlinking: /home/pinet/SLAM_AGV/workspace/install/controller_manager_msgs/include/controller_manager_msgs/controller_manager_msgs/srv/list_controller_types.hpp
[79.751s] -- Symlinking: /home/pinet/SLAM_AGV/workspace/install/controller_manager_msgs/include/controller_manager_msgs/controller_manager_msgs/srv/list_controllers.hpp
[79.782s] -- Symlinking: /home/pinet/SLAM_AGV/workspace/install/controller_manager_msgs/include/controller_manager_msgs/controller_manager_msgs/srv/list_hardware_components.hpp
[79.810s] -- Symlinking: /home/pinet/SLAM_AGV/workspace/install/controller_manager_msgs/include/controller_manager_msgs/controller_manager_msgs/srv/list_hardware_interfaces.hpp
[79.842s] -- Symlinking: /home/pinet/SLAM_AGV/workspace/install/controller_manager_msgs/include/controller_manager_msgs/controller_manager_msgs/srv/load_controller.hpp
[79.871s] -- Symlinking: /home/pinet/SLAM_AGV/workspace/install/controller_manager_msgs/include/controller_manager_msgs/controller_manager_msgs/srv/reload_controller_libraries.hpp
[79.902s] -- Symlinking: /home/pinet/SLAM_AGV/workspace/install/controller_manager_msgs/include/controller_manager_msgs/controller_manager_msgs/srv/set_hardware_component_state.hpp
[79.931s] -- Symlinking: /home/pinet/SLAM_AGV/workspace/install/controller_manager_msgs/include/controller_manager_msgs/controller_manager_msgs/srv/switch_controller.hpp
[79.962s] -- Symlinking: /home/pinet/SLAM_AGV/workspace/install/controller_manager_msgs/include/controller_manager_msgs/controller_manager_msgs/srv/unload_controller.hpp
[80.000s] -- Symlinking: /home/pinet/SLAM_AGV/workspace/install/controller_manager_msgs/include/controller_manager_msgs/controller_manager_msgs/msg/detail/chain_connection__rosidl_typesupport_fastrtps_cpp.hpp
[80.033s] -- Symlinking: /home/pinet/SLAM_AGV/workspace/install/controller_manager_msgs/include/controller_manager_msgs/controller_manager_msgs/msg/detail/controller_state__rosidl_typesupport_fastrtps_cpp.hpp
[80.063s] -- Symlinking: /home/pinet/SLAM_AGV/workspace/install/controller_manager_msgs/include/controller_manager_msgs/controller_manager_msgs/msg/detail/hardware_component_state__rosidl_typesupport_fastrtps_cpp.hpp
[80.094s] -- Symlinking: /home/pinet/SLAM_AGV/workspace/install/controller_manager_msgs/include/controller_manager_msgs/controller_manager_msgs/msg/detail/hardware_interface__rosidl_typesupport_fastrtps_cpp.hpp
[80.123s] -- Symlinking: /home/pinet/SLAM_AGV/workspace/install/controller_manager_msgs/include/controller_manager_msgs/controller_manager_msgs/msg/rosidl_typesupport_fastrtps_cpp__visibility_control.h
[80.154s] -- Symlinking: /home/pinet/SLAM_AGV/workspace/install/controller_manager_msgs/include/controller_manager_msgs/controller_manager_msgs/srv/detail/configure_controller__rosidl_typesupport_fastrtps_cpp.hpp
[80.183s] -- Symlinking: /home/pinet/SLAM_AGV/workspace/install/controller_manager_msgs/include/controller_manager_msgs/controller_manager_msgs/srv/detail/list_controller_types__rosidl_typesupport_fastrtps_cpp.hpp
[80.214s] -- Symlinking: /home/pinet/SLAM_AGV/workspace/install/controller_manager_msgs/include/controller_manager_msgs/controller_manager_msgs/srv/detail/list_controllers__rosidl_typesupport_fastrtps_cpp.hpp
[80.244s] -- Symlinking: /home/pinet/SLAM_AGV/workspace/install/controller_manager_msgs/include/controller_manager_msgs/controller_manager_msgs/srv/detail/list_hardware_components__rosidl_typesupport_fastrtps_cpp.hpp
[80.272s] -- Symlinking: /home/pinet/SLAM_AGV/workspace/install/controller_manager_msgs/include/controller_manager_msgs/controller_manager_msgs/srv/detail/list_hardware_interfaces__rosidl_typesupport_fastrtps_cpp.hpp
[80.302s] -- Symlinking: /home/pinet/SLAM_AGV/workspace/install/controller_manager_msgs/include/controller_manager_msgs/controller_manager_msgs/srv/detail/load_controller__rosidl_typesupport_fastrtps_cpp.hpp
[80.333s] -- Symlinking: /home/pinet/SLAM_AGV/workspace/install/controller_manager_msgs/include/controller_manager_msgs/controller_manager_msgs/srv/detail/reload_controller_libraries__rosidl_typesupport_fastrtps_cpp.hpp
[80.362s] -- Symlinking: /home/pinet/SLAM_AGV/workspace/install/controller_manager_msgs/include/controller_manager_msgs/controller_manager_msgs/srv/detail/set_hardware_component_state__rosidl_typesupport_fastrtps_cpp.hpp
[80.391s] -- Symlinking: /home/pinet/SLAM_AGV/workspace/install/controller_manager_msgs/include/controller_manager_msgs/controller_manager_msgs/srv/detail/switch_controller__rosidl_typesupport_fastrtps_cpp.hpp
[80.420s] -- Symlinking: /home/pinet/SLAM_AGV/workspace/install/controller_manager_msgs/include/controller_manager_msgs/controller_manager_msgs/srv/detail/unload_controller__rosidl_typesupport_fastrtps_cpp.hpp
[80.454s] -- Symlinking: /home/pinet/SLAM_AGV/workspace/install/controller_manager_msgs/include/controller_manager_msgs/controller_manager_msgs/msg/detail/chain_connection__rosidl_typesupport_introspection_c.h
[80.485s] -- Symlinking: /home/pinet/SLAM_AGV/workspace/install/controller_manager_msgs/include/controller_manager_msgs/controller_manager_msgs/msg/detail/controller_state__rosidl_typesupport_introspection_c.h
[80.514s] -- Symlinking: /home/pinet/SLAM_AGV/workspace/install/controller_manager_msgs/include/controller_manager_msgs/controller_manager_msgs/msg/detail/hardware_component_state__rosidl_typesupport_introspection_c.h
[80.546s] -- Symlinking: /home/pinet/SLAM_AGV/workspace/install/controller_manager_msgs/include/controller_manager_msgs/controller_manager_msgs/msg/detail/hardware_interface__rosidl_typesupport_introspection_c.h
[80.576s] -- Symlinking: /home/pinet/SLAM_AGV/workspace/install/controller_manager_msgs/include/controller_manager_msgs/controller_manager_msgs/msg/rosidl_typesupport_introspection_c__visibility_control.h
[80.606s] -- Symlinking: /home/pinet/SLAM_AGV/workspace/install/controller_manager_msgs/include/controller_manager_msgs/controller_manager_msgs/srv/detail/configure_controller__rosidl_typesupport_introspection_c.h
[80.635s] -- Symlinking: /home/pinet/SLAM_AGV/workspace/install/controller_manager_msgs/include/controller_manager_msgs/controller_manager_msgs/srv/detail/list_controller_types__rosidl_typesupport_introspection_c.h
[80.666s] -- Symlinking: /home/pinet/SLAM_AGV/workspace/install/controller_manager_msgs/include/controller_manager_msgs/controller_manager_msgs/srv/detail/list_controllers__rosidl_typesupport_introspection_c.h
[80.695s] -- Symlinking: /home/pinet/SLAM_AGV/workspace/install/controller_manager_msgs/include/controller_manager_msgs/controller_manager_msgs/srv/detail/list_hardware_components__rosidl_typesupport_introspection_c.h
[80.724s] -- Symlinking: /home/pinet/SLAM_AGV/workspace/install/controller_manager_msgs/include/controller_manager_msgs/controller_manager_msgs/srv/detail/list_hardware_interfaces__rosidl_typesupport_introspection_c.h
[80.753s] -- Symlinking: /home/pinet/SLAM_AGV/workspace/install/controller_manager_msgs/include/controller_manager_msgs/controller_manager_msgs/srv/detail/load_controller__rosidl_typesupport_introspection_c.h
[80.785s] -- Symlinking: /home/pinet/SLAM_AGV/workspace/install/controller_manager_msgs/include/controller_manager_msgs/controller_manager_msgs/srv/detail/reload_controller_libraries__rosidl_typesupport_introspection_c.h
[80.814s] -- Symlinking: /home/pinet/SLAM_AGV/workspace/install/controller_manager_msgs/include/controller_manager_msgs/controller_manager_msgs/srv/detail/set_hardware_component_state__rosidl_typesupport_introspection_c.h
[80.846s] -- Symlinking: /home/pinet/SLAM_AGV/workspace/install/controller_manager_msgs/include/controller_manager_msgs/controller_manager_msgs/srv/detail/switch_controller__rosidl_typesupport_introspection_c.h
[80.875s] -- Symlinking: /home/pinet/SLAM_AGV/workspace/install/controller_manager_msgs/include/controller_manager_msgs/controller_manager_msgs/srv/detail/unload_controller__rosidl_typesupport_introspection_c.h
[80.908s] -- Symlinking: /home/pinet/SLAM_AGV/workspace/install/controller_manager_msgs/include/controller_manager_msgs/controller_manager_msgs/msg/detail/chain_connection__rosidl_typesupport_introspection_cpp.hpp
[80.939s] -- Symlinking: /home/pinet/SLAM_AGV/workspace/install/controller_manager_msgs/include/controller_manager_msgs/controller_manager_msgs/msg/detail/controller_state__rosidl_typesupport_introspection_cpp.hpp
[80.969s] -- Symlinking: /home/pinet/SLAM_AGV/workspace/install/controller_manager_msgs/include/controller_manager_msgs/controller_manager_msgs/msg/detail/hardware_component_state__rosidl_typesupport_introspection_cpp.hpp
[80.998s] -- Symlinking: /home/pinet/SLAM_AGV/workspace/install/controller_manager_msgs/include/controller_manager_msgs/controller_manager_msgs/msg/detail/hardware_interface__rosidl_typesupport_introspection_cpp.hpp
[81.034s] -- Symlinking: /home/pinet/SLAM_AGV/workspace/install/controller_manager_msgs/include/controller_manager_msgs/controller_manager_msgs/srv/detail/configure_controller__rosidl_typesupport_introspection_cpp.hpp
[81.064s] -- Symlinking: /home/pinet/SLAM_AGV/workspace/install/controller_manager_msgs/include/controller_manager_msgs/controller_manager_msgs/srv/detail/list_controller_types__rosidl_typesupport_introspection_cpp.hpp
[81.093s] -- Symlinking: /home/pinet/SLAM_AGV/workspace/install/controller_manager_msgs/include/controller_manager_msgs/controller_manager_msgs/srv/detail/list_controllers__rosidl_typesupport_introspection_cpp.hpp
[81.122s] -- Symlinking: /home/pinet/SLAM_AGV/workspace/install/controller_manager_msgs/include/controller_manager_msgs/controller_manager_msgs/srv/detail/list_hardware_components__rosidl_typesupport_introspection_cpp.hpp
[81.152s] -- Symlinking: /home/pinet/SLAM_AGV/workspace/install/controller_manager_msgs/include/controller_manager_msgs/controller_manager_msgs/srv/detail/list_hardware_interfaces__rosidl_typesupport_introspection_cpp.hpp
[81.181s] -- Symlinking: /home/pinet/SLAM_AGV/workspace/install/controller_manager_msgs/include/controller_manager_msgs/controller_manager_msgs/srv/detail/load_controller__rosidl_typesupport_introspection_cpp.hpp
[81.210s] -- Symlinking: /home/pinet/SLAM_AGV/workspace/install/controller_manager_msgs/include/controller_manager_msgs/controller_manager_msgs/srv/detail/reload_controller_libraries__rosidl_typesupport_introspection_cpp.hpp
[81.240s] -- Symlinking: /home/pinet/SLAM_AGV/workspace/install/controller_manager_msgs/include/controller_manager_msgs/controller_manager_msgs/srv/detail/set_hardware_component_state__rosidl_typesupport_introspection_cpp.hpp
[81.270s] -- Symlinking: /home/pinet/SLAM_AGV/workspace/install/controller_manager_msgs/include/controller_manager_msgs/controller_manager_msgs/srv/detail/switch_controller__rosidl_typesupport_introspection_cpp.hpp
[81.299s] -- Symlinking: /home/pinet/SLAM_AGV/workspace/install/controller_manager_msgs/include/controller_manager_msgs/controller_manager_msgs/srv/detail/unload_controller__rosidl_typesupport_introspection_cpp.hpp
[81.329s] -- Symlinking: /home/pinet/SLAM_AGV/workspace/install/controller_manager_msgs/share/controller_manager_msgs/environment/pythonpath.sh
[81.359s] -- Symlinking: /home/pinet/SLAM_AGV/workspace/install/controller_manager_msgs/share/controller_manager_msgs/environment/pythonpath.dsv
[81.389s] -- Symlinking: /home/pinet/SLAM_AGV/workspace/install/controller_manager_msgs/local/lib/python3.10/dist-packages/controller_manager_msgs-2.48.0-py3.10.egg-info/PKG-INFO
[81.420s] -- Symlinking: /home/pinet/SLAM_AGV/workspace/install/controller_manager_msgs/local/lib/python3.10/dist-packages/controller_manager_msgs-2.48.0-py3.10.egg-info/SOURCES.txt
[81.450s] -- Symlinking: /home/pinet/SLAM_AGV/workspace/install/controller_manager_msgs/local/lib/python3.10/dist-packages/controller_manager_msgs-2.48.0-py3.10.egg-info/dependency_links.txt
[81.480s] -- Symlinking: /home/pinet/SLAM_AGV/workspace/install/controller_manager_msgs/local/lib/python3.10/dist-packages/controller_manager_msgs-2.48.0-py3.10.egg-info/top_level.txt
[81.522s] -- Symlinking: /home/pinet/SLAM_AGV/workspace/install/controller_manager_msgs/local/lib/python3.10/dist-packages/controller_manager_msgs/__init__.py
[81.550s] -- Symlinking: /home/pinet/SLAM_AGV/workspace/install/controller_manager_msgs/local/lib/python3.10/dist-packages/controller_manager_msgs/_controller_manager_msgs_s.ep.rosidl_typesupport_c.c
[81.580s] -- Symlinking: /home/pinet/SLAM_AGV/workspace/install/controller_manager_msgs/local/lib/python3.10/dist-packages/controller_manager_msgs/_controller_manager_msgs_s.ep.rosidl_typesupport_fastrtps_c.c
[81.608s] -- Symlinking: /home/pinet/SLAM_AGV/workspace/install/controller_manager_msgs/local/lib/python3.10/dist-packages/controller_manager_msgs/_controller_manager_msgs_s.ep.rosidl_typesupport_introspection_c.c
[81.638s] -- Symlinking: /home/pinet/SLAM_AGV/workspace/install/controller_manager_msgs/local/lib/python3.10/dist-packages/controller_manager_msgs/controller_manager_msgs_s__rosidl_typesupport_c.cpython-310-aarch64-linux-gnu.so
[81.670s] -- Symlinking: /home/pinet/SLAM_AGV/workspace/install/controller_manager_msgs/local/lib/python3.10/dist-packages/controller_manager_msgs/controller_manager_msgs_s__rosidl_typesupport_fastrtps_c.cpython-310-aarch64-linux-gnu.so
[81.699s] -- Symlinking: /home/pinet/SLAM_AGV/workspace/install/controller_manager_msgs/local/lib/python3.10/dist-packages/controller_manager_msgs/controller_manager_msgs_s__rosidl_typesupport_introspection_c.cpython-310-aarch64-linux-gnu.so
[81.730s] -- Symlinking: /home/pinet/SLAM_AGV/workspace/install/controller_manager_msgs/local/lib/python3.10/dist-packages/controller_manager_msgs/libcontroller_manager_msgs__rosidl_generator_py.so
[81.760s] -- Symlinking: /home/pinet/SLAM_AGV/workspace/install/controller_manager_msgs/local/lib/python3.10/dist-packages/controller_manager_msgs/msg/__init__.py
[81.790s] -- Symlinking: /home/pinet/SLAM_AGV/workspace/install/controller_manager_msgs/local/lib/python3.10/dist-packages/controller_manager_msgs/msg/_chain_connection.py
[81.820s] -- Symlinking: /home/pinet/SLAM_AGV/workspace/install/controller_manager_msgs/local/lib/python3.10/dist-packages/controller_manager_msgs/msg/_chain_connection_s.c
[81.850s] -- Symlinking: /home/pinet/SLAM_AGV/workspace/install/controller_manager_msgs/local/lib/python3.10/dist-packages/controller_manager_msgs/msg/_controller_state.py
[81.879s] -- Symlinking: /home/pinet/SLAM_AGV/workspace/install/controller_manager_msgs/local/lib/python3.10/dist-packages/controller_manager_msgs/msg/_controller_state_s.c
[81.910s] -- Symlinking: /home/pinet/SLAM_AGV/workspace/install/controller_manager_msgs/local/lib/python3.10/dist-packages/controller_manager_msgs/msg/_hardware_component_state.py
[81.939s] -- Symlinking: /home/pinet/SLAM_AGV/workspace/install/controller_manager_msgs/local/lib/python3.10/dist-packages/controller_manager_msgs/msg/_hardware_component_state_s.c
[81.968s] -- Symlinking: /home/pinet/SLAM_AGV/workspace/install/controller_manager_msgs/local/lib/python3.10/dist-packages/controller_manager_msgs/msg/_hardware_interface.py
[81.997s] -- Symlinking: /home/pinet/SLAM_AGV/workspace/install/controller_manager_msgs/local/lib/python3.10/dist-packages/controller_manager_msgs/msg/_hardware_interface_s.c
[82.027s] -- Symlinking: /home/pinet/SLAM_AGV/workspace/install/controller_manager_msgs/local/lib/python3.10/dist-packages/controller_manager_msgs/srv/__init__.py
[82.058s] -- Symlinking: /home/pinet/SLAM_AGV/workspace/install/controller_manager_msgs/local/lib/python3.10/dist-packages/controller_manager_msgs/srv/_configure_controller.py
[82.086s] -- Symlinking: /home/pinet/SLAM_AGV/workspace/install/controller_manager_msgs/local/lib/python3.10/dist-packages/controller_manager_msgs/srv/_configure_controller_s.c
[82.115s] -- Symlinking: /home/pinet/SLAM_AGV/workspace/install/controller_manager_msgs/local/lib/python3.10/dist-packages/controller_manager_msgs/srv/_list_controller_types.py
[82.144s] -- Symlinking: /home/pinet/SLAM_AGV/workspace/install/controller_manager_msgs/local/lib/python3.10/dist-packages/controller_manager_msgs/srv/_list_controller_types_s.c
[82.173s] -- Symlinking: /home/pinet/SLAM_AGV/workspace/install/controller_manager_msgs/local/lib/python3.10/dist-packages/controller_manager_msgs/srv/_list_controllers.py
[82.202s] -- Symlinking: /home/pinet/SLAM_AGV/workspace/install/controller_manager_msgs/local/lib/python3.10/dist-packages/controller_manager_msgs/srv/_list_controllers_s.c
[82.231s] -- Symlinking: /home/pinet/SLAM_AGV/workspace/install/controller_manager_msgs/local/lib/python3.10/dist-packages/controller_manager_msgs/srv/_list_hardware_components.py
[82.261s] -- Symlinking: /home/pinet/SLAM_AGV/workspace/install/controller_manager_msgs/local/lib/python3.10/dist-packages/controller_manager_msgs/srv/_list_hardware_components_s.c
[82.290s] -- Symlinking: /home/pinet/SLAM_AGV/workspace/install/controller_manager_msgs/local/lib/python3.10/dist-packages/controller_manager_msgs/srv/_list_hardware_interfaces.py
[82.319s] -- Symlinking: /home/pinet/SLAM_AGV/workspace/install/controller_manager_msgs/local/lib/python3.10/dist-packages/controller_manager_msgs/srv/_list_hardware_interfaces_s.c
[82.348s] -- Symlinking: /home/pinet/SLAM_AGV/workspace/install/controller_manager_msgs/local/lib/python3.10/dist-packages/controller_manager_msgs/srv/_load_controller.py
[82.377s] -- Symlinking: /home/pinet/SLAM_AGV/workspace/install/controller_manager_msgs/local/lib/python3.10/dist-packages/controller_manager_msgs/srv/_load_controller_s.c
[82.406s] -- Symlinking: /home/pinet/SLAM_AGV/workspace/install/controller_manager_msgs/local/lib/python3.10/dist-packages/controller_manager_msgs/srv/_reload_controller_libraries.py
[82.435s] -- Symlinking: /home/pinet/SLAM_AGV/workspace/install/controller_manager_msgs/local/lib/python3.10/dist-packages/controller_manager_msgs/srv/_reload_controller_libraries_s.c
[82.466s] -- Symlinking: /home/pinet/SLAM_AGV/workspace/install/controller_manager_msgs/local/lib/python3.10/dist-packages/controller_manager_msgs/srv/_set_hardware_component_state.py
[82.495s] -- Symlinking: /home/pinet/SLAM_AGV/workspace/install/controller_manager_msgs/local/lib/python3.10/dist-packages/controller_manager_msgs/srv/_set_hardware_component_state_s.c
[82.524s] -- Symlinking: /home/pinet/SLAM_AGV/workspace/install/controller_manager_msgs/local/lib/python3.10/dist-packages/controller_manager_msgs/srv/_switch_controller.py
[82.554s] -- Symlinking: /home/pinet/SLAM_AGV/workspace/install/controller_manager_msgs/local/lib/python3.10/dist-packages/controller_manager_msgs/srv/_switch_controller_s.c
[82.584s] -- Symlinking: /home/pinet/SLAM_AGV/workspace/install/controller_manager_msgs/local/lib/python3.10/dist-packages/controller_manager_msgs/srv/_unload_controller.py
[82.612s] -- Symlinking: /home/pinet/SLAM_AGV/workspace/install/controller_manager_msgs/local/lib/python3.10/dist-packages/controller_manager_msgs/srv/_unload_controller_s.c
[82.643s] -- Up-to-date symlink: /home/pinet/SLAM_AGV/workspace/install/controller_manager_msgs/local/lib/python3.10/dist-packages/controller_manager_msgs/controller_manager_msgs_s__rosidl_typesupport_fastrtps_c.cpython-310-aarch64-linux-gnu.so
[82.645s] -- Up-to-date symlink: /home/pinet/SLAM_AGV/workspace/install/controller_manager_msgs/local/lib/python3.10/dist-packages/controller_manager_msgs/controller_manager_msgs_s__rosidl_typesupport_introspection_c.cpython-310-aarch64-linux-gnu.so
[82.646s] -- Up-to-date symlink: /home/pinet/SLAM_AGV/workspace/install/controller_manager_msgs/local/lib/python3.10/dist-packages/controller_manager_msgs/controller_manager_msgs_s__rosidl_typesupport_c.cpython-310-aarch64-linux-gnu.so
[82.647s] -- Symlinking: /home/pinet/SLAM_AGV/workspace/install/controller_manager_msgs/share/controller_manager_msgs/msg/ControllerState.idl
[82.677s] -- Symlinking: /home/pinet/SLAM_AGV/workspace/install/controller_manager_msgs/share/controller_manager_msgs/msg/ChainConnection.idl
[82.706s] -- Symlinking: /home/pinet/SLAM_AGV/workspace/install/controller_manager_msgs/share/controller_manager_msgs/msg/HardwareComponentState.idl
[82.751s] -- Symlinking: /home/pinet/SLAM_AGV/workspace/install/controller_manager_msgs/share/controller_manager_msgs/msg/HardwareInterface.idl
[82.786s] -- Symlinking: /home/pinet/SLAM_AGV/workspace/install/controller_manager_msgs/share/controller_manager_msgs/srv/ConfigureController.idl
[82.819s] -- Symlinking: /home/pinet/SLAM_AGV/workspace/install/controller_manager_msgs/share/controller_manager_msgs/srv/ListControllers.idl
[82.849s] -- Symlinking: /home/pinet/SLAM_AGV/workspace/install/controller_manager_msgs/share/controller_manager_msgs/srv/ListControllerTypes.idl
[82.878s] -- Symlinking: /home/pinet/SLAM_AGV/workspace/install/controller_manager_msgs/share/controller_manager_msgs/srv/ListHardwareComponents.idl
[82.908s] -- Symlinking: /home/pinet/SLAM_AGV/workspace/install/controller_manager_msgs/share/controller_manager_msgs/srv/ListHardwareInterfaces.idl
[82.938s] -- Symlinking: /home/pinet/SLAM_AGV/workspace/install/controller_manager_msgs/share/controller_manager_msgs/srv/LoadController.idl
[82.968s] -- Symlinking: /home/pinet/SLAM_AGV/workspace/install/controller_manager_msgs/share/controller_manager_msgs/srv/ReloadControllerLibraries.idl
[82.997s] -- Symlinking: /home/pinet/SLAM_AGV/workspace/install/controller_manager_msgs/share/controller_manager_msgs/srv/SetHardwareComponentState.idl
[83.026s] -- Symlinking: /home/pinet/SLAM_AGV/workspace/install/controller_manager_msgs/share/controller_manager_msgs/srv/SwitchController.idl
[83.056s] -- Symlinking: /home/pinet/SLAM_AGV/workspace/install/controller_manager_msgs/share/controller_manager_msgs/srv/UnloadController.idl
[83.088s] -- Symlinking: /home/pinet/SLAM_AGV/workspace/install/controller_manager_msgs/share/controller_manager_msgs/msg/ControllerState.msg
[83.116s] -- Symlinking: /home/pinet/SLAM_AGV/workspace/install/controller_manager_msgs/share/controller_manager_msgs/msg/ChainConnection.msg
[83.146s] -- Symlinking: /home/pinet/SLAM_AGV/workspace/install/controller_manager_msgs/share/controller_manager_msgs/msg/HardwareComponentState.msg
[83.175s] -- Symlinking: /home/pinet/SLAM_AGV/workspace/install/controller_manager_msgs/share/controller_manager_msgs/msg/HardwareInterface.msg
[83.208s] -- Symlinking: /home/pinet/SLAM_AGV/workspace/install/controller_manager_msgs/share/controller_manager_msgs/srv/ConfigureController.srv
[83.236s] -- Symlinking: /home/pinet/SLAM_AGV/workspace/install/controller_manager_msgs/share/controller_manager_msgs/srv/ConfigureController_Request.msg
[83.266s] -- Symlinking: /home/pinet/SLAM_AGV/workspace/install/controller_manager_msgs/share/controller_manager_msgs/srv/ConfigureController_Response.msg
[83.294s] -- Symlinking: /home/pinet/SLAM_AGV/workspace/install/controller_manager_msgs/share/controller_manager_msgs/srv/ListControllers.srv
[83.325s] -- Symlinking: /home/pinet/SLAM_AGV/workspace/install/controller_manager_msgs/share/controller_manager_msgs/srv/ListControllers_Request.msg
[83.354s] -- Symlinking: /home/pinet/SLAM_AGV/workspace/install/controller_manager_msgs/share/controller_manager_msgs/srv/ListControllers_Response.msg
[83.386s] -- Symlinking: /home/pinet/SLAM_AGV/workspace/install/controller_manager_msgs/share/controller_manager_msgs/srv/ListControllerTypes.srv
[83.415s] -- Symlinking: /home/pinet/SLAM_AGV/workspace/install/controller_manager_msgs/share/controller_manager_msgs/srv/ListControllerTypes_Request.msg
[83.447s] -- Symlinking: /home/pinet/SLAM_AGV/workspace/install/controller_manager_msgs/share/controller_manager_msgs/srv/ListControllerTypes_Response.msg
[83.476s] -- Symlinking: /home/pinet/SLAM_AGV/workspace/install/controller_manager_msgs/share/controller_manager_msgs/srv/ListHardwareComponents.srv
[83.507s] -- Symlinking: /home/pinet/SLAM_AGV/workspace/install/controller_manager_msgs/share/controller_manager_msgs/srv/ListHardwareComponents_Request.msg
[83.535s] -- Symlinking: /home/pinet/SLAM_AGV/workspace/install/controller_manager_msgs/share/controller_manager_msgs/srv/ListHardwareComponents_Response.msg
[83.566s] -- Symlinking: /home/pinet/SLAM_AGV/workspace/install/controller_manager_msgs/share/controller_manager_msgs/srv/ListHardwareInterfaces.srv
[83.596s] -- Symlinking: /home/pinet/SLAM_AGV/workspace/install/controller_manager_msgs/share/controller_manager_msgs/srv/ListHardwareInterfaces_Request.msg
[83.625s] -- Symlinking: /home/pinet/SLAM_AGV/workspace/install/controller_manager_msgs/share/controller_manager_msgs/srv/ListHardwareInterfaces_Response.msg
[83.655s] -- Symlinking: /home/pinet/SLAM_AGV/workspace/install/controller_manager_msgs/share/controller_manager_msgs/srv/LoadController.srv
[83.684s] -- Symlinking: /home/pinet/SLAM_AGV/workspace/install/controller_manager_msgs/share/controller_manager_msgs/srv/LoadController_Request.msg
[83.714s] -- Symlinking: /home/pinet/SLAM_AGV/workspace/install/controller_manager_msgs/share/controller_manager_msgs/srv/LoadController_Response.msg
[83.744s] -- Symlinking: /home/pinet/SLAM_AGV/workspace/install/controller_manager_msgs/share/controller_manager_msgs/srv/ReloadControllerLibraries.srv
[83.773s] -- Symlinking: /home/pinet/SLAM_AGV/workspace/install/controller_manager_msgs/share/controller_manager_msgs/srv/ReloadControllerLibraries_Request.msg
[83.803s] -- Symlinking: /home/pinet/SLAM_AGV/workspace/install/controller_manager_msgs/share/controller_manager_msgs/srv/ReloadControllerLibraries_Response.msg
[83.833s] -- Symlinking: /home/pinet/SLAM_AGV/workspace/install/controller_manager_msgs/share/controller_manager_msgs/srv/SetHardwareComponentState.srv
[83.863s] -- Symlinking: /home/pinet/SLAM_AGV/workspace/install/controller_manager_msgs/share/controller_manager_msgs/srv/SetHardwareComponentState_Request.msg
[83.892s] -- Symlinking: /home/pinet/SLAM_AGV/workspace/install/controller_manager_msgs/share/controller_manager_msgs/srv/SetHardwareComponentState_Response.msg
[83.921s] -- Symlinking: /home/pinet/SLAM_AGV/workspace/install/controller_manager_msgs/share/controller_manager_msgs/srv/SwitchController.srv
[83.950s] -- Symlinking: /home/pinet/SLAM_AGV/workspace/install/controller_manager_msgs/share/controller_manager_msgs/srv/SwitchController_Request.msg
[83.981s] -- Symlinking: /home/pinet/SLAM_AGV/workspace/install/controller_manager_msgs/share/controller_manager_msgs/srv/SwitchController_Response.msg
[84.010s] -- Symlinking: /home/pinet/SLAM_AGV/workspace/install/controller_manager_msgs/share/controller_manager_msgs/srv/UnloadController.srv
[84.042s] -- Symlinking: /home/pinet/SLAM_AGV/workspace/install/controller_manager_msgs/share/controller_manager_msgs/srv/UnloadController_Request.msg
[84.072s] -- Symlinking: /home/pinet/SLAM_AGV/workspace/install/controller_manager_msgs/share/controller_manager_msgs/srv/UnloadController_Response.msg
[84.102s] -- Symlinking: /home/pinet/SLAM_AGV/workspace/install/controller_manager_msgs/share/ament_index/resource_index/package_run_dependencies/controller_manager_msgs
[84.131s] -- Symlinking: /home/pinet/SLAM_AGV/workspace/install/controller_manager_msgs/share/ament_index/resource_index/parent_prefix_path/controller_manager_msgs
[84.161s] -- Symlinking: /home/pinet/SLAM_AGV/workspace/install/controller_manager_msgs/share/controller_manager_msgs/environment/ament_prefix_path.sh
[84.190s] -- Symlinking: /home/pinet/SLAM_AGV/workspace/install/controller_manager_msgs/share/controller_manager_msgs/environment/ament_prefix_path.dsv
[84.222s] -- Symlinking: /home/pinet/SLAM_AGV/workspace/install/controller_manager_msgs/share/controller_manager_msgs/environment/path.sh
[84.251s] -- Symlinking: /home/pinet/SLAM_AGV/workspace/install/controller_manager_msgs/share/controller_manager_msgs/environment/path.dsv
[84.283s] -- Symlinking: /home/pinet/SLAM_AGV/workspace/install/controller_manager_msgs/share/controller_manager_msgs/local_setup.bash
[84.314s] -- Symlinking: /home/pinet/SLAM_AGV/workspace/install/controller_manager_msgs/share/controller_manager_msgs/local_setup.sh
[84.343s] -- Symlinking: /home/pinet/SLAM_AGV/workspace/install/controller_manager_msgs/share/controller_manager_msgs/local_setup.zsh
[84.373s] -- Symlinking: /home/pinet/SLAM_AGV/workspace/install/controller_manager_msgs/share/controller_manager_msgs/local_setup.dsv
[84.402s] -- Symlinking: /home/pinet/SLAM_AGV/workspace/install/controller_manager_msgs/share/controller_manager_msgs/package.dsv
[84.434s] -- Symlinking: /home/pinet/SLAM_AGV/workspace/install/controller_manager_msgs/share/ament_index/resource_index/packages/controller_manager_msgs
[84.464s] -- Symlinking: /home/pinet/SLAM_AGV/workspace/install/controller_manager_msgs/share/controller_manager_msgs/cmake/rosidl_cmake-extras.cmake
[84.494s] -- Symlinking: /home/pinet/SLAM_AGV/workspace/install/controller_manager_msgs/share/controller_manager_msgs/cmake/ament_cmake_export_dependencies-extras.cmake
[84.523s] -- Symlinking: /home/pinet/SLAM_AGV/workspace/install/controller_manager_msgs/share/controller_manager_msgs/cmake/ament_cmake_export_include_directories-extras.cmake
[84.552s] -- Symlinking: /home/pinet/SLAM_AGV/workspace/install/controller_manager_msgs/share/controller_manager_msgs/cmake/ament_cmake_export_libraries-extras.cmake
[84.584s] -- Symlinking: /home/pinet/SLAM_AGV/workspace/install/controller_manager_msgs/share/controller_manager_msgs/cmake/ament_cmake_export_targets-extras.cmake
[84.613s] -- Symlinking: /home/pinet/SLAM_AGV/workspace/install/controller_manager_msgs/share/controller_manager_msgs/cmake/rosidl_cmake_export_typesupport_targets-extras.cmake
[84.642s] -- Symlinking: /home/pinet/SLAM_AGV/workspace/install/controller_manager_msgs/share/controller_manager_msgs/cmake/rosidl_cmake_export_typesupport_libraries-extras.cmake
[84.671s] -- Symlinking: /home/pinet/SLAM_AGV/workspace/install/controller_manager_msgs/share/controller_manager_msgs/cmake/controller_manager_msgsConfig.cmake
[84.700s] -- Symlinking: /home/pinet/SLAM_AGV/workspace/install/controller_manager_msgs/share/controller_manager_msgs/cmake/controller_manager_msgsConfig-version.cmake
[84.730s] -- Symlinking: /home/pinet/SLAM_AGV/workspace/install/controller_manager_msgs/share/controller_manager_msgs/package.xml
[84.760s] -- Installing: /home/pinet/SLAM_AGV/workspace/install/controller_manager_msgs/lib/libcontroller_manager_msgs__rosidl_generator_c.so
[84.764s] -- Set runtime path of "/home/pinet/SLAM_AGV/workspace/install/controller_manager_msgs/lib/libcontroller_manager_msgs__rosidl_generator_c.so" to ""
[84.764s] -- Installing: /home/pinet/SLAM_AGV/workspace/install/controller_manager_msgs/lib/libcontroller_manager_msgs__rosidl_typesupport_fastrtps_c.so
[84.768s] -- Set runtime path of "/home/pinet/SLAM_AGV/workspace/install/controller_manager_msgs/lib/libcontroller_manager_msgs__rosidl_typesupport_fastrtps_c.so" to ""
[84.768s] -- Installing: /home/pinet/SLAM_AGV/workspace/install/controller_manager_msgs/lib/libcontroller_manager_msgs__rosidl_typesupport_fastrtps_cpp.so
[84.774s] -- Set runtime path of "/home/pinet/SLAM_AGV/workspace/install/controller_manager_msgs/lib/libcontroller_manager_msgs__rosidl_typesupport_fastrtps_cpp.so" to ""
[84.774s] -- Installing: /home/pinet/SLAM_AGV/workspace/install/controller_manager_msgs/lib/libcontroller_manager_msgs__rosidl_typesupport_introspection_c.so
[84.778s] -- Set runtime path of "/home/pinet/SLAM_AGV/workspace/install/controller_manager_msgs/lib/libcontroller_manager_msgs__rosidl_typesupport_introspection_c.so" to ""
[84.779s] -- Installing: /home/pinet/SLAM_AGV/workspace/install/controller_manager_msgs/lib/libcontroller_manager_msgs__rosidl_typesupport_c.so
[84.781s] -- Set runtime path of "/home/pinet/SLAM_AGV/workspace/install/controller_manager_msgs/lib/libcontroller_manager_msgs__rosidl_typesupport_c.so" to ""
[84.782s] -- Installing: /home/pinet/SLAM_AGV/workspace/install/controller_manager_msgs/lib/libcontroller_manager_msgs__rosidl_typesupport_introspection_cpp.so
[84.788s] -- Set runtime path of "/home/pinet/SLAM_AGV/workspace/install/controller_manager_msgs/lib/libcontroller_manager_msgs__rosidl_typesupport_introspection_cpp.so" to ""
[84.788s] -- Installing: /home/pinet/SLAM_AGV/workspace/install/controller_manager_msgs/lib/libcontroller_manager_msgs__rosidl_typesupport_cpp.so
[84.791s] -- Set runtime path of "/home/pinet/SLAM_AGV/workspace/install/controller_manager_msgs/lib/libcontroller_manager_msgs__rosidl_typesupport_cpp.so" to ""
[85.012s] Listing '/home/pinet/SLAM_AGV/workspace/install/controller_manager_msgs/local/lib/python3.10/dist-packages/controller_manager_msgs'...
[85.012s] Compiling '/home/pinet/SLAM_AGV/workspace/install/controller_manager_msgs/local/lib/python3.10/dist-packages/controller_manager_msgs/__init__.py'...
[85.013s] Listing '/home/pinet/SLAM_AGV/workspace/install/controller_manager_msgs/local/lib/python3.10/dist-packages/controller_manager_msgs/msg'...
[85.014s] Compiling '/home/pinet/SLAM_AGV/workspace/install/controller_manager_msgs/local/lib/python3.10/dist-packages/controller_manager_msgs/msg/__init__.py'...
[85.015s] Compiling '/home/pinet/SLAM_AGV/workspace/install/controller_manager_msgs/local/lib/python3.10/dist-packages/controller_manager_msgs/msg/_chain_connection.py'...
[85.016s] Compiling '/home/pinet/SLAM_AGV/workspace/install/controller_manager_msgs/local/lib/python3.10/dist-packages/controller_manager_msgs/msg/_controller_state.py'...
[85.017s] Compiling '/home/pinet/SLAM_AGV/workspace/install/controller_manager_msgs/local/lib/python3.10/dist-packages/controller_manager_msgs/msg/_hardware_component_state.py'...
[85.017s] Compiling '/home/pinet/SLAM_AGV/workspace/install/controller_manager_msgs/local/lib/python3.10/dist-packages/controller_manager_msgs/msg/_hardware_interface.py'...
[85.018s] Listing '/home/pinet/SLAM_AGV/workspace/install/controller_manager_msgs/local/lib/python3.10/dist-packages/controller_manager_msgs/srv'...
[85.019s] Compiling '/home/pinet/SLAM_AGV/workspace/install/controller_manager_msgs/local/lib/python3.10/dist-packages/controller_manager_msgs/srv/__init__.py'...
[85.020s] Compiling '/home/pinet/SLAM_AGV/workspace/install/controller_manager_msgs/local/lib/python3.10/dist-packages/controller_manager_msgs/srv/_configure_controller.py'...
[85.021s] Compiling '/home/pinet/SLAM_AGV/workspace/install/controller_manager_msgs/local/lib/python3.10/dist-packages/controller_manager_msgs/srv/_list_controller_types.py'...
[85.022s] Compiling '/home/pinet/SLAM_AGV/workspace/install/controller_manager_msgs/local/lib/python3.10/dist-packages/controller_manager_msgs/srv/_list_controllers.py'...
[85.022s] Compiling '/home/pinet/SLAM_AGV/workspace/install/controller_manager_msgs/local/lib/python3.10/dist-packages/controller_manager_msgs/srv/_list_hardware_components.py'...
[85.023s] Compiling '/home/pinet/SLAM_AGV/workspace/install/controller_manager_msgs/local/lib/python3.10/dist-packages/controller_manager_msgs/srv/_list_hardware_interfaces.py'...
[85.024s] Compiling '/home/pinet/SLAM_AGV/workspace/install/controller_manager_msgs/local/lib/python3.10/dist-packages/controller_manager_msgs/srv/_load_controller.py'...
[85.024s] Compiling '/home/pinet/SLAM_AGV/workspace/install/controller_manager_msgs/local/lib/python3.10/dist-packages/controller_manager_msgs/srv/_reload_controller_libraries.py'...
[85.025s] Compiling '/home/pinet/SLAM_AGV/workspace/install/controller_manager_msgs/local/lib/python3.10/dist-packages/controller_manager_msgs/srv/_set_hardware_component_state.py'...
[85.025s] Compiling '/home/pinet/SLAM_AGV/workspace/install/controller_manager_msgs/local/lib/python3.10/dist-packages/controller_manager_msgs/srv/_switch_controller.py'...
[85.026s] Compiling '/home/pinet/SLAM_AGV/workspace/install/controller_manager_msgs/local/lib/python3.10/dist-packages/controller_manager_msgs/srv/_unload_controller.py'...
[85.036s] -- Installing: /home/pinet/SLAM_AGV/workspace/install/controller_manager_msgs/lib/libcontroller_manager_msgs__rosidl_generator_py.so
[85.039s] -- Set runtime path of "/home/pinet/SLAM_AGV/workspace/install/controller_manager_msgs/lib/libcontroller_manager_msgs__rosidl_generator_py.so" to ""
[85.040s] -- Installing: /home/pinet/SLAM_AGV/workspace/install/controller_manager_msgs/share/controller_manager_msgs/cmake/export_controller_manager_msgs__rosidl_generator_cExport.cmake
[85.042s] -- Installing: /home/pinet/SLAM_AGV/workspace/install/controller_manager_msgs/share/controller_manager_msgs/cmake/export_controller_manager_msgs__rosidl_generator_cExport-noconfig.cmake
[85.043s] -- Installing: /home/pinet/SLAM_AGV/workspace/install/controller_manager_msgs/share/controller_manager_msgs/cmake/export_controller_manager_msgs__rosidl_typesupport_fastrtps_cExport.cmake
[85.045s] -- Installing: /home/pinet/SLAM_AGV/workspace/install/controller_manager_msgs/share/controller_manager_msgs/cmake/export_controller_manager_msgs__rosidl_typesupport_fastrtps_cExport-noconfig.cmake
[85.047s] -- Installing: /home/pinet/SLAM_AGV/workspace/install/controller_manager_msgs/share/controller_manager_msgs/cmake/export_controller_manager_msgs__rosidl_generator_cppExport.cmake
[85.049s] -- Installing: /home/pinet/SLAM_AGV/workspace/install/controller_manager_msgs/share/controller_manager_msgs/cmake/export_controller_manager_msgs__rosidl_typesupport_fastrtps_cppExport.cmake
[85.051s] -- Installing: /home/pinet/SLAM_AGV/workspace/install/controller_manager_msgs/share/controller_manager_msgs/cmake/export_controller_manager_msgs__rosidl_typesupport_fastrtps_cppExport-noconfig.cmake
[85.053s] -- Installing: /home/pinet/SLAM_AGV/workspace/install/controller_manager_msgs/share/controller_manager_msgs/cmake/controller_manager_msgs__rosidl_typesupport_introspection_cExport.cmake
[85.054s] -- Installing: /home/pinet/SLAM_AGV/workspace/install/controller_manager_msgs/share/controller_manager_msgs/cmake/controller_manager_msgs__rosidl_typesupport_introspection_cExport-noconfig.cmake
[85.056s] -- Installing: /home/pinet/SLAM_AGV/workspace/install/controller_manager_msgs/share/controller_manager_msgs/cmake/controller_manager_msgs__rosidl_typesupport_cExport.cmake
[85.057s] -- Installing: /home/pinet/SLAM_AGV/workspace/install/controller_manager_msgs/share/controller_manager_msgs/cmake/controller_manager_msgs__rosidl_typesupport_cExport-noconfig.cmake
[85.059s] -- Installing: /home/pinet/SLAM_AGV/workspace/install/controller_manager_msgs/share/controller_manager_msgs/cmake/controller_manager_msgs__rosidl_typesupport_introspection_cppExport.cmake
[85.060s] -- Installing: /home/pinet/SLAM_AGV/workspace/install/controller_manager_msgs/share/controller_manager_msgs/cmake/controller_manager_msgs__rosidl_typesupport_introspection_cppExport-noconfig.cmake
[85.062s] -- Installing: /home/pinet/SLAM_AGV/workspace/install/controller_manager_msgs/share/controller_manager_msgs/cmake/controller_manager_msgs__rosidl_typesupport_cppExport.cmake
[85.063s] -- Installing: /home/pinet/SLAM_AGV/workspace/install/controller_manager_msgs/share/controller_manager_msgs/cmake/controller_manager_msgs__rosidl_typesupport_cppExport-noconfig.cmake
[85.065s] -- Installing: /home/pinet/SLAM_AGV/workspace/install/controller_manager_msgs/share/controller_manager_msgs/cmake/export_controller_manager_msgs__rosidl_generator_pyExport.cmake
[85.066s] -- Installing: /home/pinet/SLAM_AGV/workspace/install/controller_manager_msgs/share/controller_manager_msgs/cmake/export_controller_manager_msgs__rosidl_generator_pyExport-noconfig.cmake
[85.075s] Invoked command in '/home/pinet/SLAM_AGV/workspace/build/controller_manager_msgs' returned '0': CMAKE_PREFIX_PATH=/opt/ros/humble /usr/bin/cmake --install /home/pinet/SLAM_AGV/workspace/build/controller_manager_msgs
