-- The C compiler identification is GNU 11.4.0
-- The CXX compiler identification is GNU 11.4.0
-- Detecting C compiler ABI info
-- Detecting C compiler ABI info - done
-- Check for working C compiler: /usr/bin/cc - skipped
-- Detecting C compile features
-- Detecting C compile features - done
-- Detecting CXX compiler ABI info
-- Detecting CXX compiler ABI info - done
-- Check for working CXX compiler: /usr/bin/c++ - skipped
-- Detecting CXX compile features
-- Detecting CXX compile features - done
-- Found ament_cmake: 1.3.11 (/opt/ros/humble/share/ament_cmake/cmake)
-- Found Python3: /usr/bin/python3 (found version "3.10.12") found components: Interpreter 
-- Override CMake install command with custom implementation using symlinks instead of copying resources
[31mCMake Error at CMakeLists.txt:22 (find_package):
  By not providing "Findbackward_ros.cmake" in CMAKE_MODULE_PATH this project
  has asked CMake to find a package configuration file provided by
  "backward_ros", but CMake did not find one.

  Could not find a package configuration file provided by "backward_ros" with
  any of the following names:

    backward_rosConfig.cmake
    backward_ros-config.cmake

  Add the installation prefix of "backward_ros" to CMAKE_PREFIX_PATH or set
  "backward_ros_DIR" to a directory containing one of the above files.  If
  "backward_ros" provides a separate development package or SDK, be sure it
  has been installed.

[0m
-- Configuring incomplete, errors occurred!
See also "/home/pinet/SLAM_AGV/workspace/build/controller_manager/CMakeFiles/CMakeOutput.log".
