[2.426s] Invoking command in '/home/pinet/SLAM_AGV/workspace/build/twist_converter': PYTHONPATH=/home/pinet/SLAM_AGV/workspace/build/twist_converter/prefix_override:/usr/lib/python3/dist-packages/colcon_core/task/python/colcon_distutils_commands:/home/pinet/SLAM_AGV/workspace/install/twist_converter/lib/python3.10/site-packages:${PYTHONPATH} /usr/bin/python3 -W ignore:setup.py install is deprecated -W ignore:easy_install command is deprecated setup.py develop --editable --build-directory /home/pinet/SLAM_AGV/workspace/build/twist_converter/build --no-deps symlink_data
[3.413s] running develop
[3.979s] running egg_info
[3.979s] creating twist_converter.egg-info
[3.979s] writing twist_converter.egg-info/PKG-INFO
[3.980s] writing dependency_links to twist_converter.egg-info/dependency_links.txt
[3.981s] writing entry points to twist_converter.egg-info/entry_points.txt
[3.981s] writing requirements to twist_converter.egg-info/requires.txt
[3.982s] writing top-level names to twist_converter.egg-info/top_level.txt
[3.983s] writing manifest file 'twist_converter.egg-info/SOURCES.txt'
[3.989s] reading manifest file 'twist_converter.egg-info/SOURCES.txt'
[3.991s] writing manifest file 'twist_converter.egg-info/SOURCES.txt'
[3.996s] running build_ext
[3.997s] Creating /home/pinet/SLAM_AGV/workspace/install/twist_converter/lib/python3.10/site-packages/twist-converter.egg-link (link to .)
[4.001s] Installing twist_converter script to /home/pinet/SLAM_AGV/workspace/install/twist_converter/lib/twist_converter
[4.002s] 
[4.002s] Installed /home/pinet/SLAM_AGV/workspace/build/twist_converter
[4.003s] running symlink_data
[4.003s] creating /home/pinet/SLAM_AGV/workspace/install/twist_converter/share/ament_index
[4.004s] creating /home/pinet/SLAM_AGV/workspace/install/twist_converter/share/ament_index/resource_index
[4.004s] creating /home/pinet/SLAM_AGV/workspace/install/twist_converter/share/ament_index/resource_index/packages
[4.004s] symbolically linking /home/pinet/SLAM_AGV/workspace/build/twist_converter/resource/twist_converter -> /home/pinet/SLAM_AGV/workspace/install/twist_converter/share/ament_index/resource_index/packages
[4.005s] symbolically linking /home/pinet/SLAM_AGV/workspace/build/twist_converter/package.xml -> /home/pinet/SLAM_AGV/workspace/install/twist_converter/share/twist_converter
[4.124s] Invoked command in '/home/pinet/SLAM_AGV/workspace/build/twist_converter' returned '0': PYTHONPATH=/home/pinet/SLAM_AGV/workspace/build/twist_converter/prefix_override:/usr/lib/python3/dist-packages/colcon_core/task/python/colcon_distutils_commands:/home/pinet/SLAM_AGV/workspace/install/twist_converter/lib/python3.10/site-packages:${PYTHONPATH} /usr/bin/python3 -W ignore:setup.py install is deprecated -W ignore:easy_install command is deprecated setup.py develop --editable --build-directory /home/pinet/SLAM_AGV/workspace/build/twist_converter/build --no-deps symlink_data
