[0.977s] DEBUG:colcon:Command line arguments: ['/usr/bin/colcon', 'build', '--symlink-install', '--packages-select', 'mecanum_drive_controller']
[0.977s] DEBUG:colcon:Parsed command line arguments: Namespace(log_base=None, log_level=None, verb_name='build', build_base='build', install_base='install', merge_install=False, symlink_install=True, test_result_base=None, continue_on_error=False, executor='parallel', parallel_workers=4, event_handlers=None, ignore_user_meta=False, metas=['./colcon.meta'], base_paths=['.'], packages_ignore=None, packages_ignore_regex=None, paths=None, packages_up_to=None, packages_up_to_regex=None, packages_above=None, packages_above_and_dependencies=None, packages_above_depth=None, packages_select_by_dep=None, packages_skip_by_dep=None, packages_skip_up_to=None, packages_select_build_failed=False, packages_skip_build_finished=False, packages_select_test_failures=False, packages_skip_test_passed=False, packages_select=['mecanum_drive_controller'], packages_skip=None, packages_select_regex=None, packages_skip_regex=None, packages_start=None, packages_end=None, allow_overriding=[], cmake_args=None, cmake_target=None, cmake_target_skip_unavailable=False, cmake_clean_cache=False, cmake_clean_first=False, cmake_force_configure=False, ament_cmake_args=None, catkin_cmake_args=None, catkin_skip_building_tests=False, mixin_files=None, mixin=None, verb_parser=<colcon_mixin.mixin.mixin_argument.MixinArgumentDecorator object at 0xffffae4c7ac0>, verb_extension=<colcon_core.verb.build.BuildVerb object at 0xffffae634a90>, main=<bound method BuildVerb.main of <colcon_core.verb.build.BuildVerb object at 0xffffae634a90>>, mixin_verb=('build',))
[2.004s] Level 1:colcon.colcon_core.package_discovery:discover_packages(colcon_meta) check parameters
[2.005s] Level 1:colcon.colcon_core.package_discovery:discover_packages(recursive) check parameters
[2.005s] Level 1:colcon.colcon_core.package_discovery:discover_packages(ignore) check parameters
[2.005s] Level 1:colcon.colcon_core.package_discovery:discover_packages(path) check parameters
[2.005s] Level 1:colcon.colcon_core.package_discovery:discover_packages(colcon_meta) discover
[2.005s] Level 1:colcon.colcon_core.package_discovery:discover_packages(recursive) discover
[2.006s] INFO:colcon.colcon_core.package_discovery:Crawling recursively for packages in '/home/pinet/SLAM_AGV'
[2.006s] Level 1:colcon.colcon_core.package_identification:_identify(.) by extensions ['ignore', 'ignore_ament_install']
[2.007s] Level 1:colcon.colcon_core.package_identification:_identify(.) by extension 'ignore'
[2.007s] Level 1:colcon.colcon_core.package_identification:_identify(.) by extension 'ignore_ament_install'
[2.007s] Level 1:colcon.colcon_core.package_identification:_identify(.) by extensions ['colcon_pkg']
[2.007s] Level 1:colcon.colcon_core.package_identification:_identify(.) by extension 'colcon_pkg'
[2.008s] Level 1:colcon.colcon_core.package_identification:_identify(.) by extensions ['colcon_meta']
[2.008s] Level 1:colcon.colcon_core.package_identification:_identify(.) by extension 'colcon_meta'
[2.008s] Level 1:colcon.colcon_core.package_identification:_identify(.) by extensions ['ros']
[2.008s] Level 1:colcon.colcon_core.package_identification:_identify(.) by extension 'ros'
[2.089s] Level 1:colcon.colcon_core.package_identification:_identify(.) by extensions ['cmake', 'python']
[2.089s] Level 1:colcon.colcon_core.package_identification:_identify(.) by extension 'cmake'
[2.089s] Level 1:colcon.colcon_core.package_identification:_identify(.) by extension 'python'
[2.089s] Level 1:colcon.colcon_core.package_identification:_identify(.) by extensions ['python_setup_py']
[2.089s] Level 1:colcon.colcon_core.package_identification:_identify(.) by extension 'python_setup_py'
[2.090s] Level 1:colcon.colcon_core.package_identification:_identify(build) by extensions ['ignore', 'ignore_ament_install']
[2.090s] Level 1:colcon.colcon_core.package_identification:_identify(build) by extension 'ignore'
[2.090s] Level 1:colcon.colcon_core.package_identification:_identify(build) ignored
[2.091s] Level 1:colcon.colcon_core.package_identification:_identify(install) by extensions ['ignore', 'ignore_ament_install']
[2.091s] Level 1:colcon.colcon_core.package_identification:_identify(install) by extension 'ignore'
[2.091s] Level 1:colcon.colcon_core.package_identification:_identify(install) ignored
[2.092s] Level 1:colcon.colcon_core.package_identification:_identify(log) by extensions ['ignore', 'ignore_ament_install']
[2.092s] Level 1:colcon.colcon_core.package_identification:_identify(log) by extension 'ignore'
[2.092s] Level 1:colcon.colcon_core.package_identification:_identify(log) ignored
[2.093s] Level 1:colcon.colcon_core.package_identification:_identify(workspace) by extensions ['ignore', 'ignore_ament_install']
[2.093s] Level 1:colcon.colcon_core.package_identification:_identify(workspace) by extension 'ignore'
[2.093s] Level 1:colcon.colcon_core.package_identification:_identify(workspace) by extension 'ignore_ament_install'
[2.093s] Level 1:colcon.colcon_core.package_identification:_identify(workspace) by extensions ['colcon_pkg']
[2.094s] Level 1:colcon.colcon_core.package_identification:_identify(workspace) by extension 'colcon_pkg'
[2.094s] Level 1:colcon.colcon_core.package_identification:_identify(workspace) by extensions ['colcon_meta']
[2.094s] Level 1:colcon.colcon_core.package_identification:_identify(workspace) by extension 'colcon_meta'
[2.094s] Level 1:colcon.colcon_core.package_identification:_identify(workspace) by extensions ['ros']
[2.094s] Level 1:colcon.colcon_core.package_identification:_identify(workspace) by extension 'ros'
[2.095s] Level 1:colcon.colcon_core.package_identification:_identify(workspace) by extensions ['cmake', 'python']
[2.095s] Level 1:colcon.colcon_core.package_identification:_identify(workspace) by extension 'cmake'
[2.095s] Level 1:colcon.colcon_core.package_identification:_identify(workspace) by extension 'python'
[2.095s] Level 1:colcon.colcon_core.package_identification:_identify(workspace) by extensions ['python_setup_py']
[2.095s] Level 1:colcon.colcon_core.package_identification:_identify(workspace) by extension 'python_setup_py'
[2.096s] Level 1:colcon.colcon_core.package_identification:_identify(workspace/install) by extensions ['ignore', 'ignore_ament_install']
[2.096s] Level 1:colcon.colcon_core.package_identification:_identify(workspace/install) by extension 'ignore'
[2.096s] Level 1:colcon.colcon_core.package_identification:_identify(workspace/install) ignored
[2.097s] Level 1:colcon.colcon_core.package_identification:_identify(workspace/log) by extensions ['ignore', 'ignore_ament_install']
[2.097s] Level 1:colcon.colcon_core.package_identification:_identify(workspace/log) by extension 'ignore'
[2.098s] Level 1:colcon.colcon_core.package_identification:_identify(workspace/log) ignored
[2.098s] Level 1:colcon.colcon_core.package_identification:_identify(workspace/src) by extensions ['ignore', 'ignore_ament_install']
[2.098s] Level 1:colcon.colcon_core.package_identification:_identify(workspace/src) by extension 'ignore'
[2.099s] Level 1:colcon.colcon_core.package_identification:_identify(workspace/src) by extension 'ignore_ament_install'
[2.099s] Level 1:colcon.colcon_core.package_identification:_identify(workspace/src) by extensions ['colcon_pkg']
[2.099s] Level 1:colcon.colcon_core.package_identification:_identify(workspace/src) by extension 'colcon_pkg'
[2.099s] Level 1:colcon.colcon_core.package_identification:_identify(workspace/src) by extensions ['colcon_meta']
[2.099s] Level 1:colcon.colcon_core.package_identification:_identify(workspace/src) by extension 'colcon_meta'
[2.099s] Level 1:colcon.colcon_core.package_identification:_identify(workspace/src) by extensions ['ros']
[2.099s] Level 1:colcon.colcon_core.package_identification:_identify(workspace/src) by extension 'ros'
[2.100s] Level 1:colcon.colcon_core.package_identification:_identify(workspace/src) by extensions ['cmake', 'python']
[2.100s] Level 1:colcon.colcon_core.package_identification:_identify(workspace/src) by extension 'cmake'
[2.100s] Level 1:colcon.colcon_core.package_identification:_identify(workspace/src) by extension 'python'
[2.100s] Level 1:colcon.colcon_core.package_identification:_identify(workspace/src) by extensions ['python_setup_py']
[2.100s] Level 1:colcon.colcon_core.package_identification:_identify(workspace/src) by extension 'python_setup_py'
[2.102s] Level 1:colcon.colcon_core.package_identification:_identify(workspace/src/build) by extensions ['ignore', 'ignore_ament_install']
[2.102s] Level 1:colcon.colcon_core.package_identification:_identify(workspace/src/build) by extension 'ignore'
[2.102s] Level 1:colcon.colcon_core.package_identification:_identify(workspace/src/build) ignored
[2.103s] Level 1:colcon.colcon_core.package_identification:_identify(workspace/src/columbus) by extensions ['ignore', 'ignore_ament_install']
[2.103s] Level 1:colcon.colcon_core.package_identification:_identify(workspace/src/columbus) by extension 'ignore'
[2.104s] Level 1:colcon.colcon_core.package_identification:_identify(workspace/src/columbus) by extension 'ignore_ament_install'
[2.104s] Level 1:colcon.colcon_core.package_identification:_identify(workspace/src/columbus) by extensions ['colcon_pkg']
[2.104s] Level 1:colcon.colcon_core.package_identification:_identify(workspace/src/columbus) by extension 'colcon_pkg'
[2.104s] Level 1:colcon.colcon_core.package_identification:_identify(workspace/src/columbus) by extensions ['colcon_meta']
[2.104s] Level 1:colcon.colcon_core.package_identification:_identify(workspace/src/columbus) by extension 'colcon_meta'
[2.105s] Level 1:colcon.colcon_core.package_identification:_identify(workspace/src/columbus) by extensions ['ros']
[2.105s] Level 1:colcon.colcon_core.package_identification:_identify(workspace/src/columbus) by extension 'ros'
[2.116s] DEBUG:colcon.colcon_core.package_identification:Package 'workspace/src/columbus' with type 'ros.ament_cmake' and name 'columbus'
[2.118s] Level 1:colcon.colcon_core.package_identification:_identify(workspace/src/control_msgs) by extensions ['ignore', 'ignore_ament_install']
[2.118s] Level 1:colcon.colcon_core.package_identification:_identify(workspace/src/control_msgs) by extension 'ignore'
[2.118s] Level 1:colcon.colcon_core.package_identification:_identify(workspace/src/control_msgs) by extension 'ignore_ament_install'
[2.119s] Level 1:colcon.colcon_core.package_identification:_identify(workspace/src/control_msgs) by extensions ['colcon_pkg']
[2.119s] Level 1:colcon.colcon_core.package_identification:_identify(workspace/src/control_msgs) by extension 'colcon_pkg'
[2.119s] Level 1:colcon.colcon_core.package_identification:_identify(workspace/src/control_msgs) by extensions ['colcon_meta']
[2.119s] Level 1:colcon.colcon_core.package_identification:_identify(workspace/src/control_msgs) by extension 'colcon_meta'
[2.119s] Level 1:colcon.colcon_core.package_identification:_identify(workspace/src/control_msgs) by extensions ['ros']
[2.120s] Level 1:colcon.colcon_core.package_identification:_identify(workspace/src/control_msgs) by extension 'ros'
[2.120s] Level 1:colcon.colcon_core.package_identification:_identify(workspace/src/control_msgs) by extensions ['cmake', 'python']
[2.120s] Level 1:colcon.colcon_core.package_identification:_identify(workspace/src/control_msgs) by extension 'cmake'
[2.120s] Level 1:colcon.colcon_core.package_identification:_identify(workspace/src/control_msgs) by extension 'python'
[2.120s] Level 1:colcon.colcon_core.package_identification:_identify(workspace/src/control_msgs) by extensions ['python_setup_py']
[2.121s] Level 1:colcon.colcon_core.package_identification:_identify(workspace/src/control_msgs) by extension 'python_setup_py'
[2.122s] Level 1:colcon.colcon_core.package_identification:_identify(workspace/src/control_msgs/control_msgs) by extensions ['ignore', 'ignore_ament_install']
[2.122s] Level 1:colcon.colcon_core.package_identification:_identify(workspace/src/control_msgs/control_msgs) by extension 'ignore'
[2.123s] Level 1:colcon.colcon_core.package_identification:_identify(workspace/src/control_msgs/control_msgs) by extension 'ignore_ament_install'
[2.123s] Level 1:colcon.colcon_core.package_identification:_identify(workspace/src/control_msgs/control_msgs) by extensions ['colcon_pkg']
[2.123s] Level 1:colcon.colcon_core.package_identification:_identify(workspace/src/control_msgs/control_msgs) by extension 'colcon_pkg'
[2.123s] Level 1:colcon.colcon_core.package_identification:_identify(workspace/src/control_msgs/control_msgs) by extensions ['colcon_meta']
[2.123s] Level 1:colcon.colcon_core.package_identification:_identify(workspace/src/control_msgs/control_msgs) by extension 'colcon_meta'
[2.124s] Level 1:colcon.colcon_core.package_identification:_identify(workspace/src/control_msgs/control_msgs) by extensions ['ros']
[2.124s] Level 1:colcon.colcon_core.package_identification:_identify(workspace/src/control_msgs/control_msgs) by extension 'ros'
[2.129s] DEBUG:colcon.colcon_core.package_identification:Package 'workspace/src/control_msgs/control_msgs' with type 'ros.ament_cmake' and name 'control_msgs'
[2.131s] Level 1:colcon.colcon_core.package_identification:_identify(workspace/src/install) by extensions ['ignore', 'ignore_ament_install']
[2.131s] Level 1:colcon.colcon_core.package_identification:_identify(workspace/src/install) by extension 'ignore'
[2.131s] Level 1:colcon.colcon_core.package_identification:_identify(workspace/src/install) ignored
[2.132s] Level 1:colcon.colcon_core.package_identification:_identify(workspace/src/joy_tester) by extensions ['ignore', 'ignore_ament_install']
[2.132s] Level 1:colcon.colcon_core.package_identification:_identify(workspace/src/joy_tester) by extension 'ignore'
[2.133s] Level 1:colcon.colcon_core.package_identification:_identify(workspace/src/joy_tester) by extension 'ignore_ament_install'
[2.133s] Level 1:colcon.colcon_core.package_identification:_identify(workspace/src/joy_tester) by extensions ['colcon_pkg']
[2.133s] Level 1:colcon.colcon_core.package_identification:_identify(workspace/src/joy_tester) by extension 'colcon_pkg'
[2.133s] Level 1:colcon.colcon_core.package_identification:_identify(workspace/src/joy_tester) by extensions ['colcon_meta']
[2.133s] Level 1:colcon.colcon_core.package_identification:_identify(workspace/src/joy_tester) by extension 'colcon_meta'
[2.134s] Level 1:colcon.colcon_core.package_identification:_identify(workspace/src/joy_tester) by extensions ['ros']
[2.134s] Level 1:colcon.colcon_core.package_identification:_identify(workspace/src/joy_tester) by extension 'ros'
[2.137s] DEBUG:colcon.colcon_core.package_identification:Package 'workspace/src/joy_tester' with type 'ros.ament_python' and name 'joy_tester'
[2.139s] Level 1:colcon.colcon_core.package_identification:_identify(workspace/src/log) by extensions ['ignore', 'ignore_ament_install']
[2.139s] Level 1:colcon.colcon_core.package_identification:_identify(workspace/src/log) by extension 'ignore'
[2.139s] Level 1:colcon.colcon_core.package_identification:_identify(workspace/src/log) ignored
[2.140s] Level 1:colcon.colcon_core.package_identification:_identify(workspace/src/pi2stm_comms) by extensions ['ignore', 'ignore_ament_install']
[2.140s] Level 1:colcon.colcon_core.package_identification:_identify(workspace/src/pi2stm_comms) by extension 'ignore'
[2.140s] Level 1:colcon.colcon_core.package_identification:_identify(workspace/src/pi2stm_comms) by extension 'ignore_ament_install'
[2.141s] Level 1:colcon.colcon_core.package_identification:_identify(workspace/src/pi2stm_comms) by extensions ['colcon_pkg']
[2.141s] Level 1:colcon.colcon_core.package_identification:_identify(workspace/src/pi2stm_comms) by extension 'colcon_pkg'
[2.141s] Level 1:colcon.colcon_core.package_identification:_identify(workspace/src/pi2stm_comms) by extensions ['colcon_meta']
[2.141s] Level 1:colcon.colcon_core.package_identification:_identify(workspace/src/pi2stm_comms) by extension 'colcon_meta'
[2.141s] Level 1:colcon.colcon_core.package_identification:_identify(workspace/src/pi2stm_comms) by extensions ['ros']
[2.141s] Level 1:colcon.colcon_core.package_identification:_identify(workspace/src/pi2stm_comms) by extension 'ros'
[2.144s] DEBUG:colcon.colcon_core.package_identification:Package 'workspace/src/pi2stm_comms' with type 'ros.ament_python' and name 'pi2stm_comms'
[2.145s] Level 1:colcon.colcon_core.package_identification:_identify(workspace/src/ros2_control) by extensions ['ignore', 'ignore_ament_install']
[2.146s] Level 1:colcon.colcon_core.package_identification:_identify(workspace/src/ros2_control) by extension 'ignore'
[2.146s] Level 1:colcon.colcon_core.package_identification:_identify(workspace/src/ros2_control) by extension 'ignore_ament_install'
[2.146s] Level 1:colcon.colcon_core.package_identification:_identify(workspace/src/ros2_control) by extensions ['colcon_pkg']
[2.146s] Level 1:colcon.colcon_core.package_identification:_identify(workspace/src/ros2_control) by extension 'colcon_pkg'
[2.146s] Level 1:colcon.colcon_core.package_identification:_identify(workspace/src/ros2_control) by extensions ['colcon_meta']
[2.146s] Level 1:colcon.colcon_core.package_identification:_identify(workspace/src/ros2_control) by extension 'colcon_meta'
[2.147s] Level 1:colcon.colcon_core.package_identification:_identify(workspace/src/ros2_control) by extensions ['ros']
[2.147s] Level 1:colcon.colcon_core.package_identification:_identify(workspace/src/ros2_control) by extension 'ros'
[2.147s] Level 1:colcon.colcon_core.package_identification:_identify(workspace/src/ros2_control) by extensions ['cmake', 'python']
[2.147s] Level 1:colcon.colcon_core.package_identification:_identify(workspace/src/ros2_control) by extension 'cmake'
[2.148s] Level 1:colcon.colcon_core.package_identification:_identify(workspace/src/ros2_control) by extension 'python'
[2.148s] Level 1:colcon.colcon_core.package_identification:_identify(workspace/src/ros2_control) by extensions ['python_setup_py']
[2.148s] Level 1:colcon.colcon_core.package_identification:_identify(workspace/src/ros2_control) by extension 'python_setup_py'
[2.148s] Level 1:colcon.colcon_core.package_identification:_identify(workspace/src/ros2_control/controller_interface) by extensions ['ignore', 'ignore_ament_install']
[2.149s] Level 1:colcon.colcon_core.package_identification:_identify(workspace/src/ros2_control/controller_interface) by extension 'ignore'
[2.149s] Level 1:colcon.colcon_core.package_identification:_identify(workspace/src/ros2_control/controller_interface) by extension 'ignore_ament_install'
[2.149s] Level 1:colcon.colcon_core.package_identification:_identify(workspace/src/ros2_control/controller_interface) by extensions ['colcon_pkg']
[2.149s] Level 1:colcon.colcon_core.package_identification:_identify(workspace/src/ros2_control/controller_interface) by extension 'colcon_pkg'
[2.149s] Level 1:colcon.colcon_core.package_identification:_identify(workspace/src/ros2_control/controller_interface) by extensions ['colcon_meta']
[2.150s] Level 1:colcon.colcon_core.package_identification:_identify(workspace/src/ros2_control/controller_interface) by extension 'colcon_meta'
[2.150s] Level 1:colcon.colcon_core.package_identification:_identify(workspace/src/ros2_control/controller_interface) by extensions ['ros']
[2.150s] Level 1:colcon.colcon_core.package_identification:_identify(workspace/src/ros2_control/controller_interface) by extension 'ros'
[2.153s] DEBUG:colcon.colcon_core.package_identification:Package 'workspace/src/ros2_control/controller_interface' with type 'ros.ament_cmake' and name 'controller_interface'
[2.154s] Level 1:colcon.colcon_core.package_identification:_identify(workspace/src/ros2_control/controller_manager) by extensions ['ignore', 'ignore_ament_install']
[2.154s] Level 1:colcon.colcon_core.package_identification:_identify(workspace/src/ros2_control/controller_manager) by extension 'ignore'
[2.154s] Level 1:colcon.colcon_core.package_identification:_identify(workspace/src/ros2_control/controller_manager) by extension 'ignore_ament_install'
[2.155s] Level 1:colcon.colcon_core.package_identification:_identify(workspace/src/ros2_control/controller_manager) by extensions ['colcon_pkg']
[2.155s] Level 1:colcon.colcon_core.package_identification:_identify(workspace/src/ros2_control/controller_manager) by extension 'colcon_pkg'
[2.155s] Level 1:colcon.colcon_core.package_identification:_identify(workspace/src/ros2_control/controller_manager) by extensions ['colcon_meta']
[2.155s] Level 1:colcon.colcon_core.package_identification:_identify(workspace/src/ros2_control/controller_manager) by extension 'colcon_meta'
[2.155s] Level 1:colcon.colcon_core.package_identification:_identify(workspace/src/ros2_control/controller_manager) by extensions ['ros']
[2.155s] Level 1:colcon.colcon_core.package_identification:_identify(workspace/src/ros2_control/controller_manager) by extension 'ros'
[2.163s] DEBUG:colcon.colcon_core.package_identification:Package 'workspace/src/ros2_control/controller_manager' with type 'ros.ament_cmake' and name 'controller_manager'
[2.164s] Level 1:colcon.colcon_core.package_identification:_identify(workspace/src/ros2_control/controller_manager_msgs) by extensions ['ignore', 'ignore_ament_install']
[2.164s] Level 1:colcon.colcon_core.package_identification:_identify(workspace/src/ros2_control/controller_manager_msgs) by extension 'ignore'
[2.165s] Level 1:colcon.colcon_core.package_identification:_identify(workspace/src/ros2_control/controller_manager_msgs) by extension 'ignore_ament_install'
[2.165s] Level 1:colcon.colcon_core.package_identification:_identify(workspace/src/ros2_control/controller_manager_msgs) by extensions ['colcon_pkg']
[2.165s] Level 1:colcon.colcon_core.package_identification:_identify(workspace/src/ros2_control/controller_manager_msgs) by extension 'colcon_pkg'
[2.165s] Level 1:colcon.colcon_core.package_identification:_identify(workspace/src/ros2_control/controller_manager_msgs) by extensions ['colcon_meta']
[2.166s] Level 1:colcon.colcon_core.package_identification:_identify(workspace/src/ros2_control/controller_manager_msgs) by extension 'colcon_meta'
[2.166s] Level 1:colcon.colcon_core.package_identification:_identify(workspace/src/ros2_control/controller_manager_msgs) by extensions ['ros']
[2.166s] Level 1:colcon.colcon_core.package_identification:_identify(workspace/src/ros2_control/controller_manager_msgs) by extension 'ros'
[2.168s] DEBUG:colcon.colcon_core.package_identification:Package 'workspace/src/ros2_control/controller_manager_msgs' with type 'ros.ament_cmake' and name 'controller_manager_msgs'
[2.169s] Level 1:colcon.colcon_core.package_identification:_identify(workspace/src/ros2_control/doc) by extensions ['ignore', 'ignore_ament_install']
[2.170s] Level 1:colcon.colcon_core.package_identification:_identify(workspace/src/ros2_control/doc) by extension 'ignore'
[2.170s] Level 1:colcon.colcon_core.package_identification:_identify(workspace/src/ros2_control/doc) by extension 'ignore_ament_install'
[2.170s] Level 1:colcon.colcon_core.package_identification:_identify(workspace/src/ros2_control/doc) by extensions ['colcon_pkg']
[2.170s] Level 1:colcon.colcon_core.package_identification:_identify(workspace/src/ros2_control/doc) by extension 'colcon_pkg'
[2.170s] Level 1:colcon.colcon_core.package_identification:_identify(workspace/src/ros2_control/doc) by extensions ['colcon_meta']
[2.170s] Level 1:colcon.colcon_core.package_identification:_identify(workspace/src/ros2_control/doc) by extension 'colcon_meta'
[2.171s] Level 1:colcon.colcon_core.package_identification:_identify(workspace/src/ros2_control/doc) by extensions ['ros']
[2.171s] Level 1:colcon.colcon_core.package_identification:_identify(workspace/src/ros2_control/doc) by extension 'ros'
[2.171s] Level 1:colcon.colcon_core.package_identification:_identify(workspace/src/ros2_control/doc) by extensions ['cmake', 'python']
[2.171s] Level 1:colcon.colcon_core.package_identification:_identify(workspace/src/ros2_control/doc) by extension 'cmake'
[2.171s] Level 1:colcon.colcon_core.package_identification:_identify(workspace/src/ros2_control/doc) by extension 'python'
[2.172s] Level 1:colcon.colcon_core.package_identification:_identify(workspace/src/ros2_control/doc) by extensions ['python_setup_py']
[2.172s] Level 1:colcon.colcon_core.package_identification:_identify(workspace/src/ros2_control/doc) by extension 'python_setup_py'
[2.172s] Level 1:colcon.colcon_core.package_identification:_identify(workspace/src/ros2_control/doc/images) by extensions ['ignore', 'ignore_ament_install']
[2.173s] Level 1:colcon.colcon_core.package_identification:_identify(workspace/src/ros2_control/doc/images) by extension 'ignore'
[2.173s] Level 1:colcon.colcon_core.package_identification:_identify(workspace/src/ros2_control/doc/images) by extension 'ignore_ament_install'
[2.173s] Level 1:colcon.colcon_core.package_identification:_identify(workspace/src/ros2_control/doc/images) by extensions ['colcon_pkg']
[2.173s] Level 1:colcon.colcon_core.package_identification:_identify(workspace/src/ros2_control/doc/images) by extension 'colcon_pkg'
[2.173s] Level 1:colcon.colcon_core.package_identification:_identify(workspace/src/ros2_control/doc/images) by extensions ['colcon_meta']
[2.173s] Level 1:colcon.colcon_core.package_identification:_identify(workspace/src/ros2_control/doc/images) by extension 'colcon_meta'
[2.174s] Level 1:colcon.colcon_core.package_identification:_identify(workspace/src/ros2_control/doc/images) by extensions ['ros']
[2.174s] Level 1:colcon.colcon_core.package_identification:_identify(workspace/src/ros2_control/doc/images) by extension 'ros'
[2.174s] Level 1:colcon.colcon_core.package_identification:_identify(workspace/src/ros2_control/doc/images) by extensions ['cmake', 'python']
[2.174s] Level 1:colcon.colcon_core.package_identification:_identify(workspace/src/ros2_control/doc/images) by extension 'cmake'
[2.174s] Level 1:colcon.colcon_core.package_identification:_identify(workspace/src/ros2_control/doc/images) by extension 'python'
[2.175s] Level 1:colcon.colcon_core.package_identification:_identify(workspace/src/ros2_control/doc/images) by extensions ['python_setup_py']
[2.175s] Level 1:colcon.colcon_core.package_identification:_identify(workspace/src/ros2_control/doc/images) by extension 'python_setup_py'
[2.175s] Level 1:colcon.colcon_core.package_identification:_identify(workspace/src/ros2_control/hardware_interface) by extensions ['ignore', 'ignore_ament_install']
[2.176s] Level 1:colcon.colcon_core.package_identification:_identify(workspace/src/ros2_control/hardware_interface) by extension 'ignore'
[2.176s] Level 1:colcon.colcon_core.package_identification:_identify(workspace/src/ros2_control/hardware_interface) by extension 'ignore_ament_install'
[2.176s] Level 1:colcon.colcon_core.package_identification:_identify(workspace/src/ros2_control/hardware_interface) by extensions ['colcon_pkg']
[2.176s] Level 1:colcon.colcon_core.package_identification:_identify(workspace/src/ros2_control/hardware_interface) by extension 'colcon_pkg'
[2.176s] Level 1:colcon.colcon_core.package_identification:_identify(workspace/src/ros2_control/hardware_interface) by extensions ['colcon_meta']
[2.176s] Level 1:colcon.colcon_core.package_identification:_identify(workspace/src/ros2_control/hardware_interface) by extension 'colcon_meta'
[2.177s] Level 1:colcon.colcon_core.package_identification:_identify(workspace/src/ros2_control/hardware_interface) by extensions ['ros']
[2.177s] Level 1:colcon.colcon_core.package_identification:_identify(workspace/src/ros2_control/hardware_interface) by extension 'ros'
[2.182s] DEBUG:colcon.colcon_core.package_identification:Package 'workspace/src/ros2_control/hardware_interface' with type 'ros.ament_cmake' and name 'hardware_interface'
[2.183s] Level 1:colcon.colcon_core.package_identification:_identify(workspace/src/ros2_control/hardware_interface_testing) by extensions ['ignore', 'ignore_ament_install']
[2.183s] Level 1:colcon.colcon_core.package_identification:_identify(workspace/src/ros2_control/hardware_interface_testing) by extension 'ignore'
[2.184s] Level 1:colcon.colcon_core.package_identification:_identify(workspace/src/ros2_control/hardware_interface_testing) by extension 'ignore_ament_install'
[2.184s] Level 1:colcon.colcon_core.package_identification:_identify(workspace/src/ros2_control/hardware_interface_testing) by extensions ['colcon_pkg']
[2.184s] Level 1:colcon.colcon_core.package_identification:_identify(workspace/src/ros2_control/hardware_interface_testing) by extension 'colcon_pkg'
[2.184s] Level 1:colcon.colcon_core.package_identification:_identify(workspace/src/ros2_control/hardware_interface_testing) by extensions ['colcon_meta']
[2.184s] Level 1:colcon.colcon_core.package_identification:_identify(workspace/src/ros2_control/hardware_interface_testing) by extension 'colcon_meta'
[2.185s] Level 1:colcon.colcon_core.package_identification:_identify(workspace/src/ros2_control/hardware_interface_testing) by extensions ['ros']
[2.185s] Level 1:colcon.colcon_core.package_identification:_identify(workspace/src/ros2_control/hardware_interface_testing) by extension 'ros'
[2.189s] DEBUG:colcon.colcon_core.package_identification:Package 'workspace/src/ros2_control/hardware_interface_testing' with type 'ros.ament_cmake' and name 'hardware_interface_testing'
[2.189s] Level 1:colcon.colcon_core.package_identification:_identify(workspace/src/ros2_control/joint_limits) by extensions ['ignore', 'ignore_ament_install']
[2.190s] Level 1:colcon.colcon_core.package_identification:_identify(workspace/src/ros2_control/joint_limits) by extension 'ignore'
[2.190s] Level 1:colcon.colcon_core.package_identification:_identify(workspace/src/ros2_control/joint_limits) by extension 'ignore_ament_install'
[2.190s] Level 1:colcon.colcon_core.package_identification:_identify(workspace/src/ros2_control/joint_limits) by extensions ['colcon_pkg']
[2.190s] Level 1:colcon.colcon_core.package_identification:_identify(workspace/src/ros2_control/joint_limits) by extension 'colcon_pkg'
[2.191s] Level 1:colcon.colcon_core.package_identification:_identify(workspace/src/ros2_control/joint_limits) by extensions ['colcon_meta']
[2.191s] Level 1:colcon.colcon_core.package_identification:_identify(workspace/src/ros2_control/joint_limits) by extension 'colcon_meta'
[2.191s] Level 1:colcon.colcon_core.package_identification:_identify(workspace/src/ros2_control/joint_limits) by extensions ['ros']
[2.191s] Level 1:colcon.colcon_core.package_identification:_identify(workspace/src/ros2_control/joint_limits) by extension 'ros'
[2.195s] DEBUG:colcon.colcon_core.package_identification:Package 'workspace/src/ros2_control/joint_limits' with type 'ros.ament_cmake' and name 'joint_limits'
[2.196s] Level 1:colcon.colcon_core.package_identification:_identify(workspace/src/ros2_control/ros2_control) by extensions ['ignore', 'ignore_ament_install']
[2.196s] Level 1:colcon.colcon_core.package_identification:_identify(workspace/src/ros2_control/ros2_control) by extension 'ignore'
[2.197s] Level 1:colcon.colcon_core.package_identification:_identify(workspace/src/ros2_control/ros2_control) by extension 'ignore_ament_install'
[2.197s] Level 1:colcon.colcon_core.package_identification:_identify(workspace/src/ros2_control/ros2_control) by extensions ['colcon_pkg']
[2.197s] Level 1:colcon.colcon_core.package_identification:_identify(workspace/src/ros2_control/ros2_control) by extension 'colcon_pkg'
[2.197s] Level 1:colcon.colcon_core.package_identification:_identify(workspace/src/ros2_control/ros2_control) by extensions ['colcon_meta']
[2.197s] Level 1:colcon.colcon_core.package_identification:_identify(workspace/src/ros2_control/ros2_control) by extension 'colcon_meta'
[2.198s] Level 1:colcon.colcon_core.package_identification:_identify(workspace/src/ros2_control/ros2_control) by extensions ['ros']
[2.198s] Level 1:colcon.colcon_core.package_identification:_identify(workspace/src/ros2_control/ros2_control) by extension 'ros'
[2.200s] DEBUG:colcon.colcon_core.package_identification:Package 'workspace/src/ros2_control/ros2_control' with type 'ros.ament_cmake' and name 'ros2_control'
[2.201s] Level 1:colcon.colcon_core.package_identification:_identify(workspace/src/ros2_control/ros2_control_test_assets) by extensions ['ignore', 'ignore_ament_install']
[2.201s] Level 1:colcon.colcon_core.package_identification:_identify(workspace/src/ros2_control/ros2_control_test_assets) by extension 'ignore'
[2.201s] Level 1:colcon.colcon_core.package_identification:_identify(workspace/src/ros2_control/ros2_control_test_assets) by extension 'ignore_ament_install'
[2.202s] Level 1:colcon.colcon_core.package_identification:_identify(workspace/src/ros2_control/ros2_control_test_assets) by extensions ['colcon_pkg']
[2.202s] Level 1:colcon.colcon_core.package_identification:_identify(workspace/src/ros2_control/ros2_control_test_assets) by extension 'colcon_pkg'
[2.202s] Level 1:colcon.colcon_core.package_identification:_identify(workspace/src/ros2_control/ros2_control_test_assets) by extensions ['colcon_meta']
[2.202s] Level 1:colcon.colcon_core.package_identification:_identify(workspace/src/ros2_control/ros2_control_test_assets) by extension 'colcon_meta'
[2.202s] Level 1:colcon.colcon_core.package_identification:_identify(workspace/src/ros2_control/ros2_control_test_assets) by extensions ['ros']
[2.202s] Level 1:colcon.colcon_core.package_identification:_identify(workspace/src/ros2_control/ros2_control_test_assets) by extension 'ros'
[2.205s] DEBUG:colcon.colcon_core.package_identification:Package 'workspace/src/ros2_control/ros2_control_test_assets' with type 'ros.ament_cmake' and name 'ros2_control_test_assets'
[2.205s] Level 1:colcon.colcon_core.package_identification:_identify(workspace/src/ros2_control/ros2controlcli) by extensions ['ignore', 'ignore_ament_install']
[2.206s] Level 1:colcon.colcon_core.package_identification:_identify(workspace/src/ros2_control/ros2controlcli) by extension 'ignore'
[2.206s] Level 1:colcon.colcon_core.package_identification:_identify(workspace/src/ros2_control/ros2controlcli) by extension 'ignore_ament_install'
[2.206s] Level 1:colcon.colcon_core.package_identification:_identify(workspace/src/ros2_control/ros2controlcli) by extensions ['colcon_pkg']
[2.206s] Level 1:colcon.colcon_core.package_identification:_identify(workspace/src/ros2_control/ros2controlcli) by extension 'colcon_pkg'
[2.206s] Level 1:colcon.colcon_core.package_identification:_identify(workspace/src/ros2_control/ros2controlcli) by extensions ['colcon_meta']
[2.207s] Level 1:colcon.colcon_core.package_identification:_identify(workspace/src/ros2_control/ros2controlcli) by extension 'colcon_meta'
[2.207s] Level 1:colcon.colcon_core.package_identification:_identify(workspace/src/ros2_control/ros2controlcli) by extensions ['ros']
[2.207s] Level 1:colcon.colcon_core.package_identification:_identify(workspace/src/ros2_control/ros2controlcli) by extension 'ros'
[2.211s] DEBUG:colcon.colcon_core.package_identification:Package 'workspace/src/ros2_control/ros2controlcli' with type 'ros.ament_python' and name 'ros2controlcli'
[2.212s] Level 1:colcon.colcon_core.package_identification:_identify(workspace/src/ros2_control/rqt_controller_manager) by extensions ['ignore', 'ignore_ament_install']
[2.212s] Level 1:colcon.colcon_core.package_identification:_identify(workspace/src/ros2_control/rqt_controller_manager) by extension 'ignore'
[2.212s] Level 1:colcon.colcon_core.package_identification:_identify(workspace/src/ros2_control/rqt_controller_manager) by extension 'ignore_ament_install'
[2.213s] Level 1:colcon.colcon_core.package_identification:_identify(workspace/src/ros2_control/rqt_controller_manager) by extensions ['colcon_pkg']
[2.213s] Level 1:colcon.colcon_core.package_identification:_identify(workspace/src/ros2_control/rqt_controller_manager) by extension 'colcon_pkg'
[2.213s] Level 1:colcon.colcon_core.package_identification:_identify(workspace/src/ros2_control/rqt_controller_manager) by extensions ['colcon_meta']
[2.213s] Level 1:colcon.colcon_core.package_identification:_identify(workspace/src/ros2_control/rqt_controller_manager) by extension 'colcon_meta'
[2.213s] Level 1:colcon.colcon_core.package_identification:_identify(workspace/src/ros2_control/rqt_controller_manager) by extensions ['ros']
[2.214s] Level 1:colcon.colcon_core.package_identification:_identify(workspace/src/ros2_control/rqt_controller_manager) by extension 'ros'
[2.216s] DEBUG:colcon.colcon_core.package_identification:Package 'workspace/src/ros2_control/rqt_controller_manager' with type 'ros.ament_python' and name 'rqt_controller_manager'
[2.217s] Level 1:colcon.colcon_core.package_identification:_identify(workspace/src/ros2_control/transmission_interface) by extensions ['ignore', 'ignore_ament_install']
[2.217s] Level 1:colcon.colcon_core.package_identification:_identify(workspace/src/ros2_control/transmission_interface) by extension 'ignore'
[2.218s] Level 1:colcon.colcon_core.package_identification:_identify(workspace/src/ros2_control/transmission_interface) by extension 'ignore_ament_install'
[2.218s] Level 1:colcon.colcon_core.package_identification:_identify(workspace/src/ros2_control/transmission_interface) by extensions ['colcon_pkg']
[2.218s] Level 1:colcon.colcon_core.package_identification:_identify(workspace/src/ros2_control/transmission_interface) by extension 'colcon_pkg'
[2.218s] Level 1:colcon.colcon_core.package_identification:_identify(workspace/src/ros2_control/transmission_interface) by extensions ['colcon_meta']
[2.218s] Level 1:colcon.colcon_core.package_identification:_identify(workspace/src/ros2_control/transmission_interface) by extension 'colcon_meta'
[2.219s] Level 1:colcon.colcon_core.package_identification:_identify(workspace/src/ros2_control/transmission_interface) by extensions ['ros']
[2.219s] Level 1:colcon.colcon_core.package_identification:_identify(workspace/src/ros2_control/transmission_interface) by extension 'ros'
[2.222s] DEBUG:colcon.colcon_core.package_identification:Package 'workspace/src/ros2_control/transmission_interface' with type 'ros.ament_cmake' and name 'transmission_interface'
[2.222s] Level 1:colcon.colcon_core.package_identification:_identify(workspace/src/twist_converter) by extensions ['ignore', 'ignore_ament_install']
[2.223s] Level 1:colcon.colcon_core.package_identification:_identify(workspace/src/twist_converter) by extension 'ignore'
[2.223s] Level 1:colcon.colcon_core.package_identification:_identify(workspace/src/twist_converter) by extension 'ignore_ament_install'
[2.223s] Level 1:colcon.colcon_core.package_identification:_identify(workspace/src/twist_converter) by extensions ['colcon_pkg']
[2.223s] Level 1:colcon.colcon_core.package_identification:_identify(workspace/src/twist_converter) by extension 'colcon_pkg'
[2.223s] Level 1:colcon.colcon_core.package_identification:_identify(workspace/src/twist_converter) by extensions ['colcon_meta']
[2.223s] Level 1:colcon.colcon_core.package_identification:_identify(workspace/src/twist_converter) by extension 'colcon_meta'
[2.224s] Level 1:colcon.colcon_core.package_identification:_identify(workspace/src/twist_converter) by extensions ['ros']
[2.224s] Level 1:colcon.colcon_core.package_identification:_identify(workspace/src/twist_converter) by extension 'ros'
[2.226s] DEBUG:colcon.colcon_core.package_identification:Package 'workspace/src/twist_converter' with type 'ros.ament_python' and name 'twist_converter'
[2.227s] Level 1:colcon.colcon_core.package_discovery:discover_packages(recursive) using defaults
[2.227s] Level 1:colcon.colcon_core.package_discovery:discover_packages(ignore) discover
[2.227s] Level 1:colcon.colcon_core.package_discovery:discover_packages(ignore) using defaults
[2.227s] Level 1:colcon.colcon_core.package_discovery:discover_packages(path) discover
[2.227s] Level 1:colcon.colcon_core.package_discovery:discover_packages(path) using defaults
[2.228s] WARNING:colcon.colcon_core.package_selection:ignoring unknown package 'mecanum_drive_controller' in --packages-select
[2.411s] INFO:colcon.colcon_core.package_selection:Skipping not selected package 'columbus' in 'workspace/src/columbus'
[2.412s] INFO:colcon.colcon_core.package_selection:Skipping not selected package 'control_msgs' in 'workspace/src/control_msgs/control_msgs'
[2.412s] INFO:colcon.colcon_core.package_selection:Skipping not selected package 'controller_manager_msgs' in 'workspace/src/ros2_control/controller_manager_msgs'
[2.412s] INFO:colcon.colcon_core.package_selection:Skipping not selected package 'joint_limits' in 'workspace/src/ros2_control/joint_limits'
[2.412s] INFO:colcon.colcon_core.package_selection:Skipping not selected package 'joy_tester' in 'workspace/src/joy_tester'
[2.412s] INFO:colcon.colcon_core.package_selection:Skipping not selected package 'pi2stm_comms' in 'workspace/src/pi2stm_comms'
[2.412s] INFO:colcon.colcon_core.package_selection:Skipping not selected package 'ros2_control_test_assets' in 'workspace/src/ros2_control/ros2_control_test_assets'
[2.412s] INFO:colcon.colcon_core.package_selection:Skipping not selected package 'twist_converter' in 'workspace/src/twist_converter'
[2.412s] INFO:colcon.colcon_core.package_selection:Skipping not selected package 'hardware_interface' in 'workspace/src/ros2_control/hardware_interface'
[2.412s] INFO:colcon.colcon_core.package_selection:Skipping not selected package 'controller_interface' in 'workspace/src/ros2_control/controller_interface'
[2.413s] INFO:colcon.colcon_core.package_selection:Skipping not selected package 'hardware_interface_testing' in 'workspace/src/ros2_control/hardware_interface_testing'
[2.413s] INFO:colcon.colcon_core.package_selection:Skipping not selected package 'transmission_interface' in 'workspace/src/ros2_control/transmission_interface'
[2.413s] INFO:colcon.colcon_core.package_selection:Skipping not selected package 'controller_manager' in 'workspace/src/ros2_control/controller_manager'
[2.413s] INFO:colcon.colcon_core.package_selection:Skipping not selected package 'ros2controlcli' in 'workspace/src/ros2_control/ros2controlcli'
[2.413s] INFO:colcon.colcon_core.package_selection:Skipping not selected package 'rqt_controller_manager' in 'workspace/src/ros2_control/rqt_controller_manager'
[2.413s] INFO:colcon.colcon_core.package_selection:Skipping not selected package 'ros2_control' in 'workspace/src/ros2_control/ros2_control'
[2.416s] Level 1:colcon.colcon_core.package_discovery:discover_packages(prefix_path) check parameters
[2.416s] Level 1:colcon.colcon_core.package_discovery:discover_packages(prefix_path) discover
[2.434s] DEBUG:colcon.colcon_installed_package_information.package_discovery:Found 224 installed packages in /opt/ros/humble
[2.440s] Level 1:colcon.colcon_core.package_discovery:discover_packages(prefix_path) using defaults
[2.565s] INFO:colcon.colcon_core.executor:Executing jobs using 'parallel' executor
[2.569s] DEBUG:colcon.colcon_parallel_executor.executor.parallel:run_until_complete
[2.569s] DEBUG:colcon.colcon_parallel_executor.executor.parallel:closing loop
[2.570s] DEBUG:colcon.colcon_parallel_executor.executor.parallel:loop closed
[2.570s] DEBUG:colcon.colcon_parallel_executor.executor.parallel:run_until_complete finished with '0'
[2.571s] DEBUG:colcon.colcon_core.event_reactor:joining thread
[2.595s] INFO:colcon.colcon_core.plugin_system:Skipping extension 'colcon_notification.desktop_notification.notify_send': Could not find 'notify-send'
[2.595s] INFO:colcon.colcon_core.plugin_system:Skipping extension 'colcon_notification.desktop_notification.terminal_notifier': Not used on non-Darwin systems
[2.596s] INFO:colcon.colcon_core.plugin_system:Skipping extension 'colcon_notification.desktop_notification.win32': Not used on non-Windows systems
[2.596s] INFO:colcon.colcon_notification.desktop_notification:Sending desktop notification using 'notify2'
[2.624s] DEBUG:colcon.colcon_notification.desktop_notification.notify2:Failed to initialize notify2: org.freedesktop.DBus.Error.ServiceUnknown: The name org.freedesktop.Notifications was not provided by any .service files
[2.625s] DEBUG:colcon.colcon_core.event_reactor:joined thread
[2.644s] INFO:colcon.colcon_core.plugin_system:Skipping extension 'colcon_core.shell.bat': Not used on non-Windows systems
[2.645s] INFO:colcon.colcon_core.shell:Creating prefix script '/home/pinet/SLAM_AGV/install/local_setup.ps1'
[2.651s] INFO:colcon.colcon_core.shell:Creating prefix util module '/home/pinet/SLAM_AGV/install/_local_setup_util_ps1.py'
[2.659s] INFO:colcon.colcon_core.shell:Creating prefix chain script '/home/pinet/SLAM_AGV/install/setup.ps1'
[2.664s] INFO:colcon.colcon_core.shell:Creating prefix script '/home/pinet/SLAM_AGV/install/local_setup.sh'
[2.668s] INFO:colcon.colcon_core.shell:Creating prefix util module '/home/pinet/SLAM_AGV/install/_local_setup_util_sh.py'
[2.671s] INFO:colcon.colcon_core.shell:Creating prefix chain script '/home/pinet/SLAM_AGV/install/setup.sh'
[2.675s] INFO:colcon.colcon_core.shell:Creating prefix script '/home/pinet/SLAM_AGV/install/local_setup.bash'
[2.678s] INFO:colcon.colcon_core.shell:Creating prefix chain script '/home/pinet/SLAM_AGV/install/setup.bash'
[2.683s] INFO:colcon.colcon_core.shell:Creating prefix script '/home/pinet/SLAM_AGV/install/local_setup.zsh'
[2.686s] INFO:colcon.colcon_core.shell:Creating prefix chain script '/home/pinet/SLAM_AGV/install/setup.zsh'
