[2.505s] Invoking command in '/home/pinet/SLAM_AGV/workspace/build/rqt_joint_trajectory_controller': AMENT_PREFIX_PATH=/home/pinet/SLAM_AGV/workspace/install/controller_manager_msgs:/home/pinet/SLAM_AGV/workspace/install/control_msgs:${AMENT_PREFIX_PATH} CMAKE_PREFIX_PATH=/home/pinet/SLAM_AGV/workspace/install/controller_manager_msgs:/home/pinet/SLAM_AGV/workspace/install/control_msgs LD_LIBRARY_PATH=/home/pinet/SLAM_AGV/workspace/install/controller_manager_msgs/lib:/home/pinet/SLAM_AGV/workspace/install/control_msgs/lib:${LD_LIBRARY_PATH} PYTHONPATH=/home/pinet/SLAM_AGV/workspace/build/rqt_joint_trajectory_controller/prefix_override:/usr/lib/python3/dist-packages/colcon_core/task/python/colcon_distutils_commands:/home/pinet/SLAM_AGV/workspace/install/rqt_joint_trajectory_controller/lib/python3.10/site-packages:/home/pinet/SLAM_AGV/workspace/install/controller_manager_msgs/local/lib/python3.10/dist-packages:/home/pinet/SLAM_AGV/workspace/install/control_msgs/local/lib/python3.10/dist-packages:${PYTHONPATH} /usr/bin/python3 -W ignore:setup.py install is deprecated -W ignore:easy_install command is deprecated setup.py develop --editable --build-directory /home/pinet/SLAM_AGV/workspace/build/rqt_joint_trajectory_controller/build --no-deps symlink_data
[3.500s] running develop
[4.066s] running egg_info
[4.066s] creating rqt_joint_trajectory_controller.egg-info
[4.066s] writing rqt_joint_trajectory_controller.egg-info/PKG-INFO
[4.067s] writing dependency_links to rqt_joint_trajectory_controller.egg-info/dependency_links.txt
[4.068s] writing entry points to rqt_joint_trajectory_controller.egg-info/entry_points.txt
[4.069s] writing requirements to rqt_joint_trajectory_controller.egg-info/requires.txt
[4.069s] writing top-level names to rqt_joint_trajectory_controller.egg-info/top_level.txt
[4.070s] writing manifest file 'rqt_joint_trajectory_controller.egg-info/SOURCES.txt'
[4.077s] reading manifest file 'rqt_joint_trajectory_controller.egg-info/SOURCES.txt'
[4.080s] writing manifest file 'rqt_joint_trajectory_controller.egg-info/SOURCES.txt'
[4.085s] running build_ext
[4.086s] Creating /home/pinet/SLAM_AGV/workspace/install/rqt_joint_trajectory_controller/lib/python3.10/site-packages/rqt-joint-trajectory-controller.egg-link (link to .)
[4.089s] Installing rqt_joint_trajectory_controller script to /home/pinet/SLAM_AGV/workspace/install/rqt_joint_trajectory_controller/lib/rqt_joint_trajectory_controller
[4.091s] 
[4.091s] Installed /home/pinet/SLAM_AGV/workspace/build/rqt_joint_trajectory_controller
[4.092s] running symlink_data
[4.092s] creating /home/pinet/SLAM_AGV/workspace/install/rqt_joint_trajectory_controller/share/ament_index
[4.092s] creating /home/pinet/SLAM_AGV/workspace/install/rqt_joint_trajectory_controller/share/ament_index/resource_index
[4.093s] creating /home/pinet/SLAM_AGV/workspace/install/rqt_joint_trajectory_controller/share/ament_index/resource_index/packages
[4.093s] symbolically linking /home/pinet/SLAM_AGV/workspace/build/rqt_joint_trajectory_controller/resource/rqt_joint_trajectory_controller -> /home/pinet/SLAM_AGV/workspace/install/rqt_joint_trajectory_controller/share/ament_index/resource_index/packages
[4.094s] symbolically linking /home/pinet/SLAM_AGV/workspace/build/rqt_joint_trajectory_controller/package.xml -> /home/pinet/SLAM_AGV/workspace/install/rqt_joint_trajectory_controller/share/rqt_joint_trajectory_controller
[4.094s] creating /home/pinet/SLAM_AGV/workspace/install/rqt_joint_trajectory_controller/share/rqt_joint_trajectory_controller/resource
[4.094s] symbolically linking /home/pinet/SLAM_AGV/workspace/build/rqt_joint_trajectory_controller/resource/scope.svg -> /home/pinet/SLAM_AGV/workspace/install/rqt_joint_trajectory_controller/share/rqt_joint_trajectory_controller/resource
[4.095s] symbolically linking /home/pinet/SLAM_AGV/workspace/build/rqt_joint_trajectory_controller/resource/off.svg -> /home/pinet/SLAM_AGV/workspace/install/rqt_joint_trajectory_controller/share/rqt_joint_trajectory_controller/resource
[4.095s] symbolically linking /home/pinet/SLAM_AGV/workspace/build/rqt_joint_trajectory_controller/resource/on.svg -> /home/pinet/SLAM_AGV/workspace/install/rqt_joint_trajectory_controller/share/rqt_joint_trajectory_controller/resource
[4.096s] symbolically linking /home/pinet/SLAM_AGV/workspace/build/rqt_joint_trajectory_controller/resource/double_editor.ui -> /home/pinet/SLAM_AGV/workspace/install/rqt_joint_trajectory_controller/share/rqt_joint_trajectory_controller/resource
[4.096s] symbolically linking /home/pinet/SLAM_AGV/workspace/build/rqt_joint_trajectory_controller/resource/joint_trajectory_controller.ui -> /home/pinet/SLAM_AGV/workspace/install/rqt_joint_trajectory_controller/share/rqt_joint_trajectory_controller/resource
[4.097s] symbolically linking /home/pinet/SLAM_AGV/workspace/build/rqt_joint_trajectory_controller/resource/scope.png -> /home/pinet/SLAM_AGV/workspace/install/rqt_joint_trajectory_controller/share/rqt_joint_trajectory_controller/resource
[4.097s] symbolically linking /home/pinet/SLAM_AGV/workspace/build/rqt_joint_trajectory_controller/plugin.xml -> /home/pinet/SLAM_AGV/workspace/install/rqt_joint_trajectory_controller/share/rqt_joint_trajectory_controller
[4.219s] Invoked command in '/home/pinet/SLAM_AGV/workspace/build/rqt_joint_trajectory_controller' returned '0': AMENT_PREFIX_PATH=/home/pinet/SLAM_AGV/workspace/install/controller_manager_msgs:/home/pinet/SLAM_AGV/workspace/install/control_msgs:${AMENT_PREFIX_PATH} CMAKE_PREFIX_PATH=/home/pinet/SLAM_AGV/workspace/install/controller_manager_msgs:/home/pinet/SLAM_AGV/workspace/install/control_msgs LD_LIBRARY_PATH=/home/pinet/SLAM_AGV/workspace/install/controller_manager_msgs/lib:/home/pinet/SLAM_AGV/workspace/install/control_msgs/lib:${LD_LIBRARY_PATH} PYTHONPATH=/home/pinet/SLAM_AGV/workspace/build/rqt_joint_trajectory_controller/prefix_override:/usr/lib/python3/dist-packages/colcon_core/task/python/colcon_distutils_commands:/home/pinet/SLAM_AGV/workspace/install/rqt_joint_trajectory_controller/lib/python3.10/site-packages:/home/pinet/SLAM_AGV/workspace/install/controller_manager_msgs/local/lib/python3.10/dist-packages:/home/pinet/SLAM_AGV/workspace/install/control_msgs/local/lib/python3.10/dist-packages:${PYTHONPATH} /usr/bin/python3 -W ignore:setup.py install is deprecated -W ignore:easy_install command is deprecated setup.py develop --editable --build-directory /home/pinet/SLAM_AGV/workspace/build/rqt_joint_trajectory_controller/build --no-deps symlink_data
