[0.031s] Invoking command in '/home/pinet/SLAM_AGV/workspace/build/joint_limits': CMAKE_PREFIX_PATH=/opt/ros/humble /usr/bin/cmake --build /home/pinet/SLAM_AGV/workspace/build/joint_limits -- -j4 -l4
[0.182s] [35m[1mConsolidate compiler generated dependencies of target gtest_main[0m
[0.184s] [35m[1mConsolidate compiler generated dependencies of target gtest[0m
[0.228s] [ 14%] Built target ament_generate_version_header__joint_limits
[0.243s] [ 42%] Built target gtest_main
[0.248s] [ 71%] Built target gtest
[0.291s] [35m[1mConsolidate compiler generated dependencies of target joint_limits_rosparam_test[0m
[0.378s] [100%] Built target joint_limits_rosparam_test
[0.414s] Invoked command in '/home/pinet/SLAM_AGV/workspace/build/joint_limits' returned '0': CMAKE_PREFIX_PATH=/opt/ros/humble /usr/bin/cmake --build /home/pinet/SLAM_AGV/workspace/build/joint_limits -- -j4 -l4
[0.423s] Invoking command in '/home/pinet/SLAM_AGV/workspace/build/joint_limits': CMAKE_PREFIX_PATH=/opt/ros/humble /usr/bin/cmake --install /home/pinet/SLAM_AGV/workspace/build/joint_limits
[0.448s] -- Install configuration: ""
[0.450s] -- Execute custom install script
[0.451s] -- Up-to-date symlink: /home/pinet/SLAM_AGV/workspace/install/joint_limits/include/joint_limits/joint_limits.hpp
[0.452s] -- Up-to-date symlink: /home/pinet/SLAM_AGV/workspace/install/joint_limits/include/joint_limits/joint_limits_rosparam.hpp
[0.454s] -- Up-to-date symlink: /home/pinet/SLAM_AGV/workspace/install/joint_limits/lib/joint_limits/joint_limits_rosparam_test
[0.455s] -- Up-to-date symlink: /home/pinet/SLAM_AGV/workspace/install/joint_limits/share/joint_limits/test/joint_limits_rosparam.yaml
[0.456s] -- Up-to-date symlink: /home/pinet/SLAM_AGV/workspace/install/joint_limits/include/joint_limits/joint_limits/joint_limits.hpp
[0.457s] -- Up-to-date symlink: /home/pinet/SLAM_AGV/workspace/install/joint_limits/include/joint_limits/joint_limits/joint_limits_rosparam.hpp
[0.458s] -- Up-to-date symlink: /home/pinet/SLAM_AGV/workspace/install/joint_limits/share/joint_limits/environment/library_path.sh
[0.459s] -- Up-to-date symlink: /home/pinet/SLAM_AGV/workspace/install/joint_limits/share/joint_limits/environment/library_path.dsv
[0.460s] -- Up-to-date symlink: /home/pinet/SLAM_AGV/workspace/install/joint_limits/share/ament_index/resource_index/package_run_dependencies/joint_limits
[0.461s] -- Up-to-date symlink: /home/pinet/SLAM_AGV/workspace/install/joint_limits/share/ament_index/resource_index/parent_prefix_path/joint_limits
[0.462s] -- Up-to-date symlink: /home/pinet/SLAM_AGV/workspace/install/joint_limits/share/joint_limits/environment/ament_prefix_path.sh
[0.463s] -- Up-to-date symlink: /home/pinet/SLAM_AGV/workspace/install/joint_limits/share/joint_limits/environment/ament_prefix_path.dsv
[0.464s] -- Up-to-date symlink: /home/pinet/SLAM_AGV/workspace/install/joint_limits/share/joint_limits/environment/path.sh
[0.465s] -- Up-to-date symlink: /home/pinet/SLAM_AGV/workspace/install/joint_limits/share/joint_limits/environment/path.dsv
[0.466s] -- Up-to-date symlink: /home/pinet/SLAM_AGV/workspace/install/joint_limits/share/joint_limits/local_setup.bash
[0.467s] -- Up-to-date symlink: /home/pinet/SLAM_AGV/workspace/install/joint_limits/share/joint_limits/local_setup.sh
[0.468s] -- Up-to-date symlink: /home/pinet/SLAM_AGV/workspace/install/joint_limits/share/joint_limits/local_setup.zsh
[0.469s] -- Up-to-date symlink: /home/pinet/SLAM_AGV/workspace/install/joint_limits/share/joint_limits/local_setup.dsv
[0.469s] -- Symlinking: /home/pinet/SLAM_AGV/workspace/install/joint_limits/share/joint_limits/package.dsv
[0.500s] -- Up-to-date symlink: /home/pinet/SLAM_AGV/workspace/install/joint_limits/share/ament_index/resource_index/packages/joint_limits
[0.501s] -- Up-to-date symlink: /home/pinet/SLAM_AGV/workspace/install/joint_limits/share/joint_limits/cmake/ament_cmake_export_targets-extras.cmake
[0.502s] -- Up-to-date symlink: /home/pinet/SLAM_AGV/workspace/install/joint_limits/share/joint_limits/cmake/ament_cmake_export_dependencies-extras.cmake
[0.503s] -- Up-to-date symlink: /home/pinet/SLAM_AGV/workspace/install/joint_limits/share/joint_limits/cmake/ament_cmake_export_include_directories-extras.cmake
[0.504s] -- Up-to-date symlink: /home/pinet/SLAM_AGV/workspace/install/joint_limits/share/joint_limits/cmake/joint_limitsConfig.cmake
[0.505s] -- Up-to-date symlink: /home/pinet/SLAM_AGV/workspace/install/joint_limits/share/joint_limits/cmake/joint_limitsConfig-version.cmake
[0.506s] -- Up-to-date symlink: /home/pinet/SLAM_AGV/workspace/install/joint_limits/share/joint_limits/package.xml
[0.507s] -- Up-to-date symlink: /home/pinet/SLAM_AGV/workspace/install/joint_limits/include/joint_limits/joint_limits/version.h
[0.508s] -- Up-to-date: /home/pinet/SLAM_AGV/workspace/install/joint_limits/share/joint_limits/cmake/export_joint_limitsExport.cmake
[0.516s] Invoked command in '/home/pinet/SLAM_AGV/workspace/build/joint_limits' returned '0': CMAKE_PREFIX_PATH=/opt/ros/humble /usr/bin/cmake --install /home/pinet/SLAM_AGV/workspace/build/joint_limits
