[0.062s] Invoking command in '/home/pinet/SLAM_AGV/workspace/build/controller_interface': AMENT_PREFIX_PATH=/home/pinet/SLAM_AGV/workspace/install/hardware_interface:/home/pinet/SLAM_AGV/workspace/install/ros2_control_test_assets:/home/pinet/SLAM_AGV/workspace/install/control_msgs:${AMENT_PREFIX_PATH} CMAKE_PREFIX_PATH=/home/pinet/SLAM_AGV/workspace/install/hardware_interface:/home/pinet/SLAM_AGV/workspace/install/ros2_control_test_assets:/home/pinet/SLAM_AGV/workspace/install/control_msgs:/opt/ros/humble LD_LIBRARY_PATH=/home/pinet/SLAM_AGV/workspace/install/hardware_interface/lib:/home/pinet/SLAM_AGV/workspace/install/control_msgs/lib:${LD_LIBRARY_PATH} PYTHONPATH=/home/pinet/SLAM_AGV/workspace/install/control_msgs/local/lib/python3.10/dist-packages:${PYTHONPATH} /usr/bin/cmake --build /home/pinet/SLAM_AGV/workspace/build/controller_interface -- -j4 -l4
[0.284s] [  4%] Built target ament_generate_version_header__controller_interface
[0.300s] [ 12%] Built target gmock_main
[0.308s] [ 25%] Built target gmock
[0.421s] [ 33%] Built target test_semantic_component_interface
[0.424s] [ 50%] Built target controller_interface
[0.428s] [ 58%] Built target test_imu_sensor
[0.438s] [ 66%] Built target test_force_torque_sensor
[0.540s] [ 75%] Built target test_pose_sensor
[0.558s] [ 83%] Built target test_controller_with_options
[0.564s] [ 91%] Built target test_controller_interface
[0.567s] [100%] Built target test_chainable_controller_interface
[0.608s] Invoked command in '/home/pinet/SLAM_AGV/workspace/build/controller_interface' returned '0': AMENT_PREFIX_PATH=/home/pinet/SLAM_AGV/workspace/install/hardware_interface:/home/pinet/SLAM_AGV/workspace/install/ros2_control_test_assets:/home/pinet/SLAM_AGV/workspace/install/control_msgs:${AMENT_PREFIX_PATH} CMAKE_PREFIX_PATH=/home/pinet/SLAM_AGV/workspace/install/hardware_interface:/home/pinet/SLAM_AGV/workspace/install/ros2_control_test_assets:/home/pinet/SLAM_AGV/workspace/install/control_msgs:/opt/ros/humble LD_LIBRARY_PATH=/home/pinet/SLAM_AGV/workspace/install/hardware_interface/lib:/home/pinet/SLAM_AGV/workspace/install/control_msgs/lib:${LD_LIBRARY_PATH} PYTHONPATH=/home/pinet/SLAM_AGV/workspace/install/control_msgs/local/lib/python3.10/dist-packages:${PYTHONPATH} /usr/bin/cmake --build /home/pinet/SLAM_AGV/workspace/build/controller_interface -- -j4 -l4
[0.617s] Invoking command in '/home/pinet/SLAM_AGV/workspace/build/controller_interface': AMENT_PREFIX_PATH=/home/pinet/SLAM_AGV/workspace/install/hardware_interface:/home/pinet/SLAM_AGV/workspace/install/ros2_control_test_assets:/home/pinet/SLAM_AGV/workspace/install/control_msgs:${AMENT_PREFIX_PATH} CMAKE_PREFIX_PATH=/home/pinet/SLAM_AGV/workspace/install/hardware_interface:/home/pinet/SLAM_AGV/workspace/install/ros2_control_test_assets:/home/pinet/SLAM_AGV/workspace/install/control_msgs:/opt/ros/humble LD_LIBRARY_PATH=/home/pinet/SLAM_AGV/workspace/install/hardware_interface/lib:/home/pinet/SLAM_AGV/workspace/install/control_msgs/lib:${LD_LIBRARY_PATH} PYTHONPATH=/home/pinet/SLAM_AGV/workspace/install/control_msgs/local/lib/python3.10/dist-packages:${PYTHONPATH} /usr/bin/cmake --install /home/pinet/SLAM_AGV/workspace/build/controller_interface
[0.644s] -- Install configuration: ""
[0.647s] -- Execute custom install script
[0.650s] -- Up-to-date symlink: /home/pinet/SLAM_AGV/workspace/install/controller_interface/include/controller_interface/chainable_controller_interface.hpp
[0.650s] -- Up-to-date symlink: /home/pinet/SLAM_AGV/workspace/install/controller_interface/include/controller_interface/controller_interface.hpp
[0.651s] -- Up-to-date symlink: /home/pinet/SLAM_AGV/workspace/install/controller_interface/include/controller_interface/controller_interface_base.hpp
[0.652s] -- Up-to-date symlink: /home/pinet/SLAM_AGV/workspace/install/controller_interface/include/controller_interface/helpers.hpp
[0.653s] -- Up-to-date symlink: /home/pinet/SLAM_AGV/workspace/install/controller_interface/include/controller_interface/visibility_control.h
[0.654s] -- Up-to-date symlink: /home/pinet/SLAM_AGV/workspace/install/controller_interface/include/semantic_components/force_torque_sensor.hpp
[0.655s] -- Up-to-date symlink: /home/pinet/SLAM_AGV/workspace/install/controller_interface/include/semantic_components/imu_sensor.hpp
[0.656s] -- Up-to-date symlink: /home/pinet/SLAM_AGV/workspace/install/controller_interface/include/semantic_components/pose_sensor.hpp
[0.657s] -- Up-to-date symlink: /home/pinet/SLAM_AGV/workspace/install/controller_interface/include/semantic_components/range_sensor.hpp
[0.658s] -- Up-to-date symlink: /home/pinet/SLAM_AGV/workspace/install/controller_interface/include/semantic_components/semantic_component_interface.hpp
[0.659s] -- Up-to-date symlink: /home/pinet/SLAM_AGV/workspace/install/controller_interface/lib/libcontroller_interface.so
[0.661s] -- Up-to-date symlink: /home/pinet/SLAM_AGV/workspace/install/controller_interface/share/controller_interface/environment/library_path.sh
[0.662s] -- Up-to-date symlink: /home/pinet/SLAM_AGV/workspace/install/controller_interface/share/controller_interface/environment/library_path.dsv
[0.663s] -- Up-to-date symlink: /home/pinet/SLAM_AGV/workspace/install/controller_interface/share/ament_index/resource_index/package_run_dependencies/controller_interface
[0.665s] -- Up-to-date symlink: /home/pinet/SLAM_AGV/workspace/install/controller_interface/share/ament_index/resource_index/parent_prefix_path/controller_interface
[0.666s] -- Up-to-date symlink: /home/pinet/SLAM_AGV/workspace/install/controller_interface/share/controller_interface/environment/ament_prefix_path.sh
[0.667s] -- Up-to-date symlink: /home/pinet/SLAM_AGV/workspace/install/controller_interface/share/controller_interface/environment/ament_prefix_path.dsv
[0.668s] -- Up-to-date symlink: /home/pinet/SLAM_AGV/workspace/install/controller_interface/share/controller_interface/environment/path.sh
[0.669s] -- Up-to-date symlink: /home/pinet/SLAM_AGV/workspace/install/controller_interface/share/controller_interface/environment/path.dsv
[0.669s] -- Up-to-date symlink: /home/pinet/SLAM_AGV/workspace/install/controller_interface/share/controller_interface/local_setup.bash
[0.670s] -- Up-to-date symlink: /home/pinet/SLAM_AGV/workspace/install/controller_interface/share/controller_interface/local_setup.sh
[0.671s] -- Up-to-date symlink: /home/pinet/SLAM_AGV/workspace/install/controller_interface/share/controller_interface/local_setup.zsh
[0.672s] -- Up-to-date symlink: /home/pinet/SLAM_AGV/workspace/install/controller_interface/share/controller_interface/local_setup.dsv
[0.673s] -- Symlinking: /home/pinet/SLAM_AGV/workspace/install/controller_interface/share/controller_interface/package.dsv
[0.704s] -- Up-to-date symlink: /home/pinet/SLAM_AGV/workspace/install/controller_interface/share/ament_index/resource_index/packages/controller_interface
[0.705s] -- Up-to-date symlink: /home/pinet/SLAM_AGV/workspace/install/controller_interface/share/controller_interface/cmake/ament_cmake_export_dependencies-extras.cmake
[0.706s] -- Up-to-date symlink: /home/pinet/SLAM_AGV/workspace/install/controller_interface/share/controller_interface/cmake/ament_cmake_export_include_directories-extras.cmake
[0.707s] -- Up-to-date symlink: /home/pinet/SLAM_AGV/workspace/install/controller_interface/share/controller_interface/cmake/ament_cmake_export_libraries-extras.cmake
[0.708s] -- Up-to-date symlink: /home/pinet/SLAM_AGV/workspace/install/controller_interface/share/controller_interface/cmake/controller_interfaceConfig.cmake
[0.709s] -- Up-to-date symlink: /home/pinet/SLAM_AGV/workspace/install/controller_interface/share/controller_interface/cmake/controller_interfaceConfig-version.cmake
[0.710s] -- Up-to-date symlink: /home/pinet/SLAM_AGV/workspace/install/controller_interface/share/controller_interface/package.xml
[0.711s] -- Up-to-date symlink: /home/pinet/SLAM_AGV/workspace/install/controller_interface/include/controller_interface/controller_interface/version.h
[0.721s] Invoked command in '/home/pinet/SLAM_AGV/workspace/build/controller_interface' returned '0': AMENT_PREFIX_PATH=/home/pinet/SLAM_AGV/workspace/install/hardware_interface:/home/pinet/SLAM_AGV/workspace/install/ros2_control_test_assets:/home/pinet/SLAM_AGV/workspace/install/control_msgs:${AMENT_PREFIX_PATH} CMAKE_PREFIX_PATH=/home/pinet/SLAM_AGV/workspace/install/hardware_interface:/home/pinet/SLAM_AGV/workspace/install/ros2_control_test_assets:/home/pinet/SLAM_AGV/workspace/install/control_msgs:/opt/ros/humble LD_LIBRARY_PATH=/home/pinet/SLAM_AGV/workspace/install/hardware_interface/lib:/home/pinet/SLAM_AGV/workspace/install/control_msgs/lib:${LD_LIBRARY_PATH} PYTHONPATH=/home/pinet/SLAM_AGV/workspace/install/control_msgs/local/lib/python3.10/dist-packages:${PYTHONPATH} /usr/bin/cmake --install /home/pinet/SLAM_AGV/workspace/build/controller_interface
