[0.049s] Invoking command in '/home/pinet/SLAM_AGV/workspace/build/mecanum_drive_controller': CMAKE_PREFIX_PATH=/home/pinet/SLAM_AGV/workspace/install/control_msgs:/opt/ros/humble LD_LIBRARY_PATH=/home/pinet/SLAM_AGV/workspace/install/control_msgs/lib:${LD_LIBRARY_PATH} /usr/bin/cmake --build /home/pinet/SLAM_AGV/workspace/build/mecanum_drive_controller -- -j4 -l4
[0.163s] -- Found ament_cmake: 1.3.11 (/opt/ros/humble/share/ament_cmake/cmake)
[0.663s] -- Override CMake install command with custom implementation using symlinks instead of copying resources
[0.697s] -- Found controller_interface: 2.48.0 (/opt/ros/humble/share/controller_interface/cmake)
[0.820s] -- Found rosidl_generator_c: 3.1.6 (/opt/ros/humble/share/rosidl_generator_c/cmake)
[0.830s] -- Found rosidl_adapter: 3.1.6 (/opt/ros/humble/share/rosidl_adapter/cmake)
[0.853s] -- Found rosidl_generator_cpp: 3.1.6 (/opt/ros/humble/share/rosidl_generator_cpp/cmake)
[0.889s] -- Using all available rosidl_typesupport_c: rosidl_typesupport_fastrtps_c;rosidl_typesupport_introspection_c
[0.938s] -- Using all available rosidl_typesupport_cpp: rosidl_typesupport_fastrtps_cpp;rosidl_typesupport_introspection_cpp
[1.594s] -- Found rmw_implementation_cmake: 6.1.2 (/opt/ros/humble/share/rmw_implementation_cmake/cmake)
[1.600s] -- Found rmw_fastrtps_cpp: 6.2.7 (/opt/ros/humble/share/rmw_fastrtps_cpp/cmake)
[1.671s] -- Found TinyXML2 via Config file: TinyXML2_DIR-NOTFOUND
[1.704s] -- Found TinyXML2 via Config file: TinyXML2_DIR-NOTFOUND
[1.757s] -- Found TinyXML2 via Config file: TinyXML2_DIR-NOTFOUND
[1.787s] -- Found TinyXML2 via Config file: TinyXML2_DIR-NOTFOUND
[1.820s] -- Using RMW implementation 'rmw_fastrtps_cpp' as default
[2.000s] -- Found generate_parameter_library: 0.4.0 (/opt/ros/humble/share/generate_parameter_library/cmake)
[2.003s] -- Found parameter_traits: 0.4.0 (/opt/ros/humble/share/parameter_traits/cmake)
[2.033s] -- Found nav_msgs: 4.2.4 (/opt/ros/humble/share/nav_msgs/cmake)
[2.095s] -- Found realtime_tools: 2.11.0 (/opt/ros/humble/share/realtime_tools/cmake)
[2.132s] -- Found std_srvs: 4.2.4 (/opt/ros/humble/share/std_srvs/cmake)
[2.165s] -- Found tf2: 0.25.12 (/opt/ros/humble/share/tf2/cmake)
[2.178s] -- Found tf2_geometry_msgs: 0.25.12 (/opt/ros/humble/share/tf2_geometry_msgs/cmake)
[2.190s] -- Found eigen3_cmake_module: 0.1.1 (/opt/ros/humble/share/eigen3_cmake_module/cmake)
[2.194s] -- Ensuring Eigen3 include directory is part of orocos-kdl CMake target
[2.414s] -- Found ament_cmake_gmock: 1.3.11 (/opt/ros/humble/share/ament_cmake_gmock/cmake)
[2.416s] -- Found controller_manager: 2.48.0 (/opt/ros/humble/share/controller_manager/cmake)
[2.498s] -- Found ros2_control_test_assets: 2.48.0 (/opt/ros/humble/share/ros2_control_test_assets/cmake)
[2.503s] -- Found gmock sources under '/opt/ros/humble/src/gmock_vendor': C++ tests using 'Google Mock' will be built
[2.516s] -- Found ament_cmake_gtest: 1.3.11 (/opt/ros/humble/share/ament_cmake_gtest/cmake)
[2.518s] -- Found gtest sources under '/opt/ros/humble/src/gtest_vendor': C++ tests using 'Google Test' will be built
[2.972s] -- Configuring done
[3.550s] -- Generating done
[3.614s] -- Build files have been written to: /home/pinet/SLAM_AGV/workspace/build/mecanum_drive_controller
[3.734s] [35m[1mConsolidate compiler generated dependencies of target gmock_main[0m
[3.739s] [35m[1mConsolidate compiler generated dependencies of target gmock[0m
[3.771s] [  6%] [34m[1mRunning `/opt/ros/humble/bin/generate_parameter_library_cpp /home/pinet/SLAM_AGV/workspace/build/mecanum_drive_controller/include/mecanum_drive_controller/mecanum_drive_controller_parameters.hpp /home/pinet/SLAM_AGV/workspace/src/ros2_controllers/mecanum_drive_controller/src/mecanum_drive_controller.yaml `[0m
[3.800s] [ 12%] [32mBuilding CXX object gmock/CMakeFiles/gmock_main.dir/src/gmock_main.cc.o[0m
[3.825s] [ 18%] [32mBuilding CXX object gmock/CMakeFiles/gmock.dir/opt/ros/humble/src/gtest_vendor/src/gtest-all.cc.o[0m
[3.828s] [ 25%] [32mBuilding CXX object gmock/CMakeFiles/gmock.dir/src/gmock-all.cc.o[0m
[7.113s] [ 31%] [34m[1mCreating deprecated header file /home/pinet/SLAM_AGV/workspace/build/mecanum_drive_controller/include/mecanum_drive_controller_parameters.hpp[0m
[7.395s] [ 31%] Built target mecanum_drive_controller_parameters
[7.488s] [35m[1mConsolidate compiler generated dependencies of target mecanum_drive_controller[0m
[7.679s] [ 37%] [32mBuilding CXX object CMakeFiles/mecanum_drive_controller.dir/src/mecanum_drive_controller.cpp.o[0m
[14.298s] [ 43%] [32m[1mLinking CXX static library libgmock_main.a[0m
[14.474s] [ 43%] Built target gmock_main
[14.519s] [ 50%] [32mBuilding CXX object CMakeFiles/mecanum_drive_controller.dir/src/odometry.cpp.o[0m
[25.360s] [ 56%] [32m[1mLinking CXX static library libgmock.a[0m
[25.719s] [ 56%] Built target gmock
[25.773s] [35m[1mConsolidate compiler generated dependencies of target test_load_mecanum_drive_controller[0m
[25.883s] [ 62%] [32mBuilding CXX object CMakeFiles/test_load_mecanum_drive_controller.dir/test/test_load_mecanum_drive_controller.cpp.o[0m
[51.653s] [ 68%] [32m[1mLinking CXX executable test_load_mecanum_drive_controller[0m
[53.768s] [ 68%] Built target test_load_mecanum_drive_controller
[73.544s] [ 75%] [32m[1mLinking CXX shared library libmecanum_drive_controller.so[0m
[78.396s] [ 75%] Built target mecanum_drive_controller
[78.480s] [ 81%] [32mBuilding CXX object CMakeFiles/test_mecanum_drive_controller.dir/test/test_mecanum_drive_controller.cpp.o[0m
[78.482s] [ 87%] [32mBuilding CXX object CMakeFiles/test_mecanum_drive_controller_preceeding.dir/test/test_mecanum_drive_controller_preceeding.cpp.o[0m
[110.924s] [ 93%] [32m[1mLinking CXX executable test_mecanum_drive_controller_preceeding[0m
[115.936s] [ 93%] Built target test_mecanum_drive_controller_preceeding
[131.143s] [100%] [32m[1mLinking CXX executable test_mecanum_drive_controller[0m
[136.974s] [100%] Built target test_mecanum_drive_controller
[137.014s] Invoked command in '/home/pinet/SLAM_AGV/workspace/build/mecanum_drive_controller' returned '0': CMAKE_PREFIX_PATH=/home/pinet/SLAM_AGV/workspace/install/control_msgs:/opt/ros/humble LD_LIBRARY_PATH=/home/pinet/SLAM_AGV/workspace/install/control_msgs/lib:${LD_LIBRARY_PATH} /usr/bin/cmake --build /home/pinet/SLAM_AGV/workspace/build/mecanum_drive_controller -- -j4 -l4
[137.055s] Invoking command in '/home/pinet/SLAM_AGV/workspace/build/mecanum_drive_controller': CMAKE_PREFIX_PATH=/home/pinet/SLAM_AGV/workspace/install/control_msgs:/opt/ros/humble LD_LIBRARY_PATH=/home/pinet/SLAM_AGV/workspace/install/control_msgs/lib:${LD_LIBRARY_PATH} /usr/bin/cmake --install /home/pinet/SLAM_AGV/workspace/build/mecanum_drive_controller
[137.080s] -- Install configuration: ""
[137.081s] -- Execute custom install script
[137.083s] -- Symlinking: /home/pinet/SLAM_AGV/workspace/install/mecanum_drive_controller/include/mecanum_drive_controller/mecanum_drive_controller_parameters.hpp
[137.113s] -- Symlinking: /home/pinet/SLAM_AGV/workspace/install/mecanum_drive_controller/share/mecanum_drive_controller//mecanum_drive_controller.xml
[137.145s] -- Symlinking: /home/pinet/SLAM_AGV/workspace/install/mecanum_drive_controller/include/mecanum_drive_controller/mecanum_drive_controller/mecanum_drive_controller.hpp
[137.176s] -- Symlinking: /home/pinet/SLAM_AGV/workspace/install/mecanum_drive_controller/include/mecanum_drive_controller/mecanum_drive_controller/odometry.hpp
[137.207s] -- Symlinking: /home/pinet/SLAM_AGV/workspace/install/mecanum_drive_controller/include/mecanum_drive_controller/mecanum_drive_controller/visibility_control.h
[137.237s] -- Symlinking: /home/pinet/SLAM_AGV/workspace/install/mecanum_drive_controller/share/mecanum_drive_controller/environment/library_path.sh
[137.268s] -- Symlinking: /home/pinet/SLAM_AGV/workspace/install/mecanum_drive_controller/share/mecanum_drive_controller/environment/library_path.dsv
[137.302s] -- Symlinking: /home/pinet/SLAM_AGV/workspace/install/mecanum_drive_controller/share/ament_index/resource_index/package_run_dependencies/mecanum_drive_controller
[137.333s] -- Symlinking: /home/pinet/SLAM_AGV/workspace/install/mecanum_drive_controller/share/ament_index/resource_index/parent_prefix_path/mecanum_drive_controller
[137.364s] -- Symlinking: /home/pinet/SLAM_AGV/workspace/install/mecanum_drive_controller/share/mecanum_drive_controller/environment/ament_prefix_path.sh
[137.395s] -- Symlinking: /home/pinet/SLAM_AGV/workspace/install/mecanum_drive_controller/share/mecanum_drive_controller/environment/ament_prefix_path.dsv
[137.426s] -- Symlinking: /home/pinet/SLAM_AGV/workspace/install/mecanum_drive_controller/share/mecanum_drive_controller/environment/path.sh
[137.456s] -- Symlinking: /home/pinet/SLAM_AGV/workspace/install/mecanum_drive_controller/share/mecanum_drive_controller/environment/path.dsv
[137.489s] -- Symlinking: /home/pinet/SLAM_AGV/workspace/install/mecanum_drive_controller/share/mecanum_drive_controller/local_setup.bash
[137.521s] -- Symlinking: /home/pinet/SLAM_AGV/workspace/install/mecanum_drive_controller/share/mecanum_drive_controller/local_setup.sh
[137.550s] -- Symlinking: /home/pinet/SLAM_AGV/workspace/install/mecanum_drive_controller/share/mecanum_drive_controller/local_setup.zsh
[137.581s] -- Symlinking: /home/pinet/SLAM_AGV/workspace/install/mecanum_drive_controller/share/mecanum_drive_controller/local_setup.dsv
[137.612s] -- Symlinking: /home/pinet/SLAM_AGV/workspace/install/mecanum_drive_controller/share/mecanum_drive_controller/package.dsv
[137.644s] -- Symlinking: /home/pinet/SLAM_AGV/workspace/install/mecanum_drive_controller/share/ament_index/resource_index/packages/mecanum_drive_controller
[137.677s] -- Symlinking: /home/pinet/SLAM_AGV/workspace/install/mecanum_drive_controller/share/ament_index/resource_index/controller_interface__pluginlib__plugin/mecanum_drive_controller
[137.708s] -- Symlinking: /home/pinet/SLAM_AGV/workspace/install/mecanum_drive_controller/share/mecanum_drive_controller/cmake/ament_cmake_export_dependencies-extras.cmake
[137.738s] -- Symlinking: /home/pinet/SLAM_AGV/workspace/install/mecanum_drive_controller/share/mecanum_drive_controller/cmake/ament_cmake_export_targets-extras.cmake
[137.770s] -- Symlinking: /home/pinet/SLAM_AGV/workspace/install/mecanum_drive_controller/share/mecanum_drive_controller/cmake/mecanum_drive_controllerConfig.cmake
[137.800s] -- Symlinking: /home/pinet/SLAM_AGV/workspace/install/mecanum_drive_controller/share/mecanum_drive_controller/cmake/mecanum_drive_controllerConfig-version.cmake
[137.830s] -- Symlinking: /home/pinet/SLAM_AGV/workspace/install/mecanum_drive_controller/share/mecanum_drive_controller/package.xml
[137.863s] -- Installing: /home/pinet/SLAM_AGV/workspace/install/mecanum_drive_controller/lib/libmecanum_drive_controller.so
[137.940s] -- Set runtime path of "/home/pinet/SLAM_AGV/workspace/install/mecanum_drive_controller/lib/libmecanum_drive_controller.so" to ""
[137.940s] -- Installing: /home/pinet/SLAM_AGV/workspace/install/mecanum_drive_controller/share/mecanum_drive_controller/cmake/export_mecanum_drive_controllerExport.cmake
[137.942s] -- Installing: /home/pinet/SLAM_AGV/workspace/install/mecanum_drive_controller/share/mecanum_drive_controller/cmake/export_mecanum_drive_controllerExport-noconfig.cmake
[137.949s] Invoked command in '/home/pinet/SLAM_AGV/workspace/build/mecanum_drive_controller' returned '0': CMAKE_PREFIX_PATH=/home/pinet/SLAM_AGV/workspace/install/control_msgs:/opt/ros/humble LD_LIBRARY_PATH=/home/pinet/SLAM_AGV/workspace/install/control_msgs/lib:${LD_LIBRARY_PATH} /usr/bin/cmake --install /home/pinet/SLAM_AGV/workspace/build/mecanum_drive_controller
