[0.032s] Invoking command in '/home/pinet/SLAM_AGV/workspace/build/control_msgs': CMAKE_PREFIX_PATH=/opt/ros/humble /usr/bin/cmake --build /home/pinet/SLAM_AGV/workspace/build/control_msgs -- -j4 -l4
[0.245s] [35m[1mConsolidate compiler generated dependencies of target control_msgs__rosidl_generator_c[0m
[0.272s] [  0%] Built target control_msgs__cpp
[0.284s] [  0%] Built target ament_cmake_python_symlink_control_msgs
[0.341s] [35m[1mConsolidate compiler generated dependencies of target control_msgs__rosidl_typesupport_cpp[0m
[0.345s] [ 13%] Built target control_msgs__rosidl_generator_c
[0.350s] [35m[1mConsolidate compiler generated dependencies of target control_msgs__rosidl_typesupport_fastrtps_cpp[0m
[0.363s] [35m[1mConsolidate compiler generated dependencies of target control_msgs__rosidl_typesupport_introspection_cpp[0m
[0.494s] [ 25%] Built target control_msgs__rosidl_typesupport_cpp
[0.530s] [ 40%] Built target control_msgs__rosidl_typesupport_introspection_cpp
[0.532s] [ 50%] Built target control_msgs__rosidl_typesupport_fastrtps_cpp
[0.575s] [35m[1mConsolidate compiler generated dependencies of target control_msgs__rosidl_typesupport_fastrtps_c[0m
[0.594s] [35m[1mConsolidate compiler generated dependencies of target control_msgs__rosidl_typesupport_c[0m
[0.598s] [35m[1mConsolidate compiler generated dependencies of target control_msgs__rosidl_typesupport_introspection_c[0m
[0.681s] [ 62%] Built target control_msgs__rosidl_typesupport_c
[0.709s] [ 74%] Built target control_msgs__rosidl_typesupport_introspection_c
[0.756s] [ 86%] Built target control_msgs__rosidl_typesupport_fastrtps_c
[0.835s] [ 86%] Built target control_msgs
[0.921s] [ 86%] Built target control_msgs__py
[0.976s] [35m[1mConsolidate compiler generated dependencies of target control_msgs__rosidl_generator_py[0m
[1.133s] [ 97%] Built target control_msgs__rosidl_generator_py
[1.176s] [35m[1mConsolidate compiler generated dependencies of target control_msgs__rosidl_typesupport_fastrtps_c__pyext[0m
[1.178s] [35m[1mConsolidate compiler generated dependencies of target control_msgs__rosidl_typesupport_introspection_c__pyext[0m
[1.181s] [35m[1mConsolidate compiler generated dependencies of target control_msgs__rosidl_typesupport_c__pyext[0m
[1.246s] [ 98%] Built target control_msgs__rosidl_typesupport_fastrtps_c__pyext
[1.248s] [ 99%] Built target control_msgs__rosidl_typesupport_introspection_c__pyext
[1.256s] [100%] Built target control_msgs__rosidl_typesupport_c__pyext
[1.448s] running egg_info
[1.450s] writing control_msgs.egg-info/PKG-INFO
[1.451s] writing dependency_links to control_msgs.egg-info/dependency_links.txt
[1.452s] writing top-level names to control_msgs.egg-info/top_level.txt
[1.464s] reading manifest file 'control_msgs.egg-info/SOURCES.txt'
[1.468s] writing manifest file 'control_msgs.egg-info/SOURCES.txt'
[1.586s] [100%] Built target ament_cmake_python_build_control_msgs_egg
[1.628s] Invoked command in '/home/pinet/SLAM_AGV/workspace/build/control_msgs' returned '0': CMAKE_PREFIX_PATH=/opt/ros/humble /usr/bin/cmake --build /home/pinet/SLAM_AGV/workspace/build/control_msgs -- -j4 -l4
[1.637s] Invoking command in '/home/pinet/SLAM_AGV/workspace/build/control_msgs': CMAKE_PREFIX_PATH=/opt/ros/humble /usr/bin/cmake --install /home/pinet/SLAM_AGV/workspace/build/control_msgs
[1.663s] -- Install configuration: ""
[1.666s] -- Execute custom install script
[1.667s] -- Up-to-date symlink: /home/pinet/SLAM_AGV/workspace/install/control_msgs/share/ament_index/resource_index/rosidl_interfaces/control_msgs
[1.679s] -- Up-to-date symlink: /home/pinet/SLAM_AGV/workspace/install/control_msgs/include/control_msgs/control_msgs/action/detail/follow_joint_trajectory__functions.h
[1.680s] -- Up-to-date symlink: /home/pinet/SLAM_AGV/workspace/install/control_msgs/include/control_msgs/control_msgs/action/detail/follow_joint_trajectory__struct.h
[1.681s] -- Up-to-date symlink: /home/pinet/SLAM_AGV/workspace/install/control_msgs/include/control_msgs/control_msgs/action/detail/follow_joint_trajectory__type_support.h
[1.682s] -- Up-to-date symlink: /home/pinet/SLAM_AGV/workspace/install/control_msgs/include/control_msgs/control_msgs/action/detail/gripper_command__functions.h
[1.683s] -- Up-to-date symlink: /home/pinet/SLAM_AGV/workspace/install/control_msgs/include/control_msgs/control_msgs/action/detail/gripper_command__struct.h
[1.684s] -- Up-to-date symlink: /home/pinet/SLAM_AGV/workspace/install/control_msgs/include/control_msgs/control_msgs/action/detail/gripper_command__type_support.h
[1.684s] -- Up-to-date symlink: /home/pinet/SLAM_AGV/workspace/install/control_msgs/include/control_msgs/control_msgs/action/detail/joint_trajectory__functions.h
[1.685s] -- Up-to-date symlink: /home/pinet/SLAM_AGV/workspace/install/control_msgs/include/control_msgs/control_msgs/action/detail/joint_trajectory__struct.h
[1.686s] -- Up-to-date symlink: /home/pinet/SLAM_AGV/workspace/install/control_msgs/include/control_msgs/control_msgs/action/detail/joint_trajectory__type_support.h
[1.687s] -- Up-to-date symlink: /home/pinet/SLAM_AGV/workspace/install/control_msgs/include/control_msgs/control_msgs/action/detail/parallel_gripper_command__functions.h
[1.688s] -- Up-to-date symlink: /home/pinet/SLAM_AGV/workspace/install/control_msgs/include/control_msgs/control_msgs/action/detail/parallel_gripper_command__struct.h
[1.689s] -- Up-to-date symlink: /home/pinet/SLAM_AGV/workspace/install/control_msgs/include/control_msgs/control_msgs/action/detail/parallel_gripper_command__type_support.h
[1.690s] -- Up-to-date symlink: /home/pinet/SLAM_AGV/workspace/install/control_msgs/include/control_msgs/control_msgs/action/detail/point_head__functions.h
[1.691s] -- Up-to-date symlink: /home/pinet/SLAM_AGV/workspace/install/control_msgs/include/control_msgs/control_msgs/action/detail/point_head__struct.h
[1.692s] -- Up-to-date symlink: /home/pinet/SLAM_AGV/workspace/install/control_msgs/include/control_msgs/control_msgs/action/detail/point_head__type_support.h
[1.693s] -- Up-to-date symlink: /home/pinet/SLAM_AGV/workspace/install/control_msgs/include/control_msgs/control_msgs/action/detail/single_joint_position__functions.h
[1.694s] -- Up-to-date symlink: /home/pinet/SLAM_AGV/workspace/install/control_msgs/include/control_msgs/control_msgs/action/detail/single_joint_position__struct.h
[1.695s] -- Up-to-date symlink: /home/pinet/SLAM_AGV/workspace/install/control_msgs/include/control_msgs/control_msgs/action/detail/single_joint_position__type_support.h
[1.696s] -- Up-to-date symlink: /home/pinet/SLAM_AGV/workspace/install/control_msgs/include/control_msgs/control_msgs/action/follow_joint_trajectory.h
[1.696s] -- Up-to-date symlink: /home/pinet/SLAM_AGV/workspace/install/control_msgs/include/control_msgs/control_msgs/action/gripper_command.h
[1.697s] -- Up-to-date symlink: /home/pinet/SLAM_AGV/workspace/install/control_msgs/include/control_msgs/control_msgs/action/joint_trajectory.h
[1.698s] -- Up-to-date symlink: /home/pinet/SLAM_AGV/workspace/install/control_msgs/include/control_msgs/control_msgs/action/parallel_gripper_command.h
[1.699s] -- Up-to-date symlink: /home/pinet/SLAM_AGV/workspace/install/control_msgs/include/control_msgs/control_msgs/action/point_head.h
[1.700s] -- Up-to-date symlink: /home/pinet/SLAM_AGV/workspace/install/control_msgs/include/control_msgs/control_msgs/action/single_joint_position.h
[1.701s] -- Up-to-date symlink: /home/pinet/SLAM_AGV/workspace/install/control_msgs/include/control_msgs/control_msgs/msg/admittance_controller_state.h
[1.702s] -- Up-to-date symlink: /home/pinet/SLAM_AGV/workspace/install/control_msgs/include/control_msgs/control_msgs/msg/detail/admittance_controller_state__functions.h
[1.702s] -- Up-to-date symlink: /home/pinet/SLAM_AGV/workspace/install/control_msgs/include/control_msgs/control_msgs/msg/detail/admittance_controller_state__struct.h
[1.703s] -- Up-to-date symlink: /home/pinet/SLAM_AGV/workspace/install/control_msgs/include/control_msgs/control_msgs/msg/detail/admittance_controller_state__type_support.h
[1.704s] -- Up-to-date symlink: /home/pinet/SLAM_AGV/workspace/install/control_msgs/include/control_msgs/control_msgs/msg/detail/dynamic_interface_group_values__functions.h
[1.705s] -- Up-to-date symlink: /home/pinet/SLAM_AGV/workspace/install/control_msgs/include/control_msgs/control_msgs/msg/detail/dynamic_interface_group_values__struct.h
[1.706s] -- Up-to-date symlink: /home/pinet/SLAM_AGV/workspace/install/control_msgs/include/control_msgs/control_msgs/msg/detail/dynamic_interface_group_values__type_support.h
[1.707s] -- Up-to-date symlink: /home/pinet/SLAM_AGV/workspace/install/control_msgs/include/control_msgs/control_msgs/msg/detail/dynamic_joint_state__functions.h
[1.708s] -- Up-to-date symlink: /home/pinet/SLAM_AGV/workspace/install/control_msgs/include/control_msgs/control_msgs/msg/detail/dynamic_joint_state__struct.h
[1.709s] -- Up-to-date symlink: /home/pinet/SLAM_AGV/workspace/install/control_msgs/include/control_msgs/control_msgs/msg/detail/dynamic_joint_state__type_support.h
[1.710s] -- Up-to-date symlink: /home/pinet/SLAM_AGV/workspace/install/control_msgs/include/control_msgs/control_msgs/msg/detail/gripper_command__functions.h
[1.711s] -- Up-to-date symlink: /home/pinet/SLAM_AGV/workspace/install/control_msgs/include/control_msgs/control_msgs/msg/detail/gripper_command__struct.h
[1.712s] -- Up-to-date symlink: /home/pinet/SLAM_AGV/workspace/install/control_msgs/include/control_msgs/control_msgs/msg/detail/gripper_command__type_support.h
[1.713s] -- Up-to-date symlink: /home/pinet/SLAM_AGV/workspace/install/control_msgs/include/control_msgs/control_msgs/msg/detail/interface_value__functions.h
[1.714s] -- Up-to-date symlink: /home/pinet/SLAM_AGV/workspace/install/control_msgs/include/control_msgs/control_msgs/msg/detail/interface_value__struct.h
[1.715s] -- Up-to-date symlink: /home/pinet/SLAM_AGV/workspace/install/control_msgs/include/control_msgs/control_msgs/msg/detail/interface_value__type_support.h
[1.716s] -- Up-to-date symlink: /home/pinet/SLAM_AGV/workspace/install/control_msgs/include/control_msgs/control_msgs/msg/detail/joint_component_tolerance__functions.h
[1.717s] -- Up-to-date symlink: /home/pinet/SLAM_AGV/workspace/install/control_msgs/include/control_msgs/control_msgs/msg/detail/joint_component_tolerance__struct.h
[1.718s] -- Up-to-date symlink: /home/pinet/SLAM_AGV/workspace/install/control_msgs/include/control_msgs/control_msgs/msg/detail/joint_component_tolerance__type_support.h
[1.719s] -- Up-to-date symlink: /home/pinet/SLAM_AGV/workspace/install/control_msgs/include/control_msgs/control_msgs/msg/detail/joint_controller_state__functions.h
[1.719s] -- Up-to-date symlink: /home/pinet/SLAM_AGV/workspace/install/control_msgs/include/control_msgs/control_msgs/msg/detail/joint_controller_state__struct.h
[1.720s] -- Up-to-date symlink: /home/pinet/SLAM_AGV/workspace/install/control_msgs/include/control_msgs/control_msgs/msg/detail/joint_controller_state__type_support.h
[1.721s] -- Up-to-date symlink: /home/pinet/SLAM_AGV/workspace/install/control_msgs/include/control_msgs/control_msgs/msg/detail/joint_jog__functions.h
[1.722s] -- Up-to-date symlink: /home/pinet/SLAM_AGV/workspace/install/control_msgs/include/control_msgs/control_msgs/msg/detail/joint_jog__struct.h
[1.723s] -- Up-to-date symlink: /home/pinet/SLAM_AGV/workspace/install/control_msgs/include/control_msgs/control_msgs/msg/detail/joint_jog__type_support.h
[1.724s] -- Up-to-date symlink: /home/pinet/SLAM_AGV/workspace/install/control_msgs/include/control_msgs/control_msgs/msg/detail/joint_tolerance__functions.h
[1.725s] -- Up-to-date symlink: /home/pinet/SLAM_AGV/workspace/install/control_msgs/include/control_msgs/control_msgs/msg/detail/joint_tolerance__struct.h
[1.726s] -- Up-to-date symlink: /home/pinet/SLAM_AGV/workspace/install/control_msgs/include/control_msgs/control_msgs/msg/detail/joint_tolerance__type_support.h
[1.727s] -- Up-to-date symlink: /home/pinet/SLAM_AGV/workspace/install/control_msgs/include/control_msgs/control_msgs/msg/detail/joint_trajectory_controller_state__functions.h
[1.728s] -- Up-to-date symlink: /home/pinet/SLAM_AGV/workspace/install/control_msgs/include/control_msgs/control_msgs/msg/detail/joint_trajectory_controller_state__struct.h
[1.729s] -- Up-to-date symlink: /home/pinet/SLAM_AGV/workspace/install/control_msgs/include/control_msgs/control_msgs/msg/detail/joint_trajectory_controller_state__type_support.h
[1.730s] -- Up-to-date symlink: /home/pinet/SLAM_AGV/workspace/install/control_msgs/include/control_msgs/control_msgs/msg/detail/mecanum_drive_controller_state__functions.h
[1.731s] -- Up-to-date symlink: /home/pinet/SLAM_AGV/workspace/install/control_msgs/include/control_msgs/control_msgs/msg/detail/mecanum_drive_controller_state__struct.h
[1.731s] -- Up-to-date symlink: /home/pinet/SLAM_AGV/workspace/install/control_msgs/include/control_msgs/control_msgs/msg/detail/mecanum_drive_controller_state__type_support.h
[1.732s] -- Up-to-date symlink: /home/pinet/SLAM_AGV/workspace/install/control_msgs/include/control_msgs/control_msgs/msg/detail/multi_dof_command__functions.h
[1.733s] -- Up-to-date symlink: /home/pinet/SLAM_AGV/workspace/install/control_msgs/include/control_msgs/control_msgs/msg/detail/multi_dof_command__struct.h
[1.734s] -- Up-to-date symlink: /home/pinet/SLAM_AGV/workspace/install/control_msgs/include/control_msgs/control_msgs/msg/detail/multi_dof_command__type_support.h
[1.735s] -- Up-to-date symlink: /home/pinet/SLAM_AGV/workspace/install/control_msgs/include/control_msgs/control_msgs/msg/detail/multi_dof_state_stamped__functions.h
[1.736s] -- Up-to-date symlink: /home/pinet/SLAM_AGV/workspace/install/control_msgs/include/control_msgs/control_msgs/msg/detail/multi_dof_state_stamped__struct.h
[1.737s] -- Up-to-date symlink: /home/pinet/SLAM_AGV/workspace/install/control_msgs/include/control_msgs/control_msgs/msg/detail/multi_dof_state_stamped__type_support.h
[1.738s] -- Up-to-date symlink: /home/pinet/SLAM_AGV/workspace/install/control_msgs/include/control_msgs/control_msgs/msg/detail/pid_state__functions.h
[1.739s] -- Up-to-date symlink: /home/pinet/SLAM_AGV/workspace/install/control_msgs/include/control_msgs/control_msgs/msg/detail/pid_state__struct.h
[1.740s] -- Up-to-date symlink: /home/pinet/SLAM_AGV/workspace/install/control_msgs/include/control_msgs/control_msgs/msg/detail/pid_state__type_support.h
[1.741s] -- Up-to-date symlink: /home/pinet/SLAM_AGV/workspace/install/control_msgs/include/control_msgs/control_msgs/msg/detail/single_dof_state__functions.h
[1.741s] -- Up-to-date symlink: /home/pinet/SLAM_AGV/workspace/install/control_msgs/include/control_msgs/control_msgs/msg/detail/single_dof_state__struct.h
[1.742s] -- Up-to-date symlink: /home/pinet/SLAM_AGV/workspace/install/control_msgs/include/control_msgs/control_msgs/msg/detail/single_dof_state__type_support.h
[1.743s] -- Up-to-date symlink: /home/pinet/SLAM_AGV/workspace/install/control_msgs/include/control_msgs/control_msgs/msg/detail/single_dof_state_stamped__functions.h
[1.744s] -- Up-to-date symlink: /home/pinet/SLAM_AGV/workspace/install/control_msgs/include/control_msgs/control_msgs/msg/detail/single_dof_state_stamped__struct.h
[1.745s] -- Up-to-date symlink: /home/pinet/SLAM_AGV/workspace/install/control_msgs/include/control_msgs/control_msgs/msg/detail/single_dof_state_stamped__type_support.h
[1.746s] -- Up-to-date symlink: /home/pinet/SLAM_AGV/workspace/install/control_msgs/include/control_msgs/control_msgs/msg/detail/steering_controller_status__functions.h
[1.747s] -- Up-to-date symlink: /home/pinet/SLAM_AGV/workspace/install/control_msgs/include/control_msgs/control_msgs/msg/detail/steering_controller_status__struct.h
[1.748s] -- Up-to-date symlink: /home/pinet/SLAM_AGV/workspace/install/control_msgs/include/control_msgs/control_msgs/msg/detail/steering_controller_status__type_support.h
[1.749s] -- Up-to-date symlink: /home/pinet/SLAM_AGV/workspace/install/control_msgs/include/control_msgs/control_msgs/msg/dynamic_interface_group_values.h
[1.750s] -- Up-to-date symlink: /home/pinet/SLAM_AGV/workspace/install/control_msgs/include/control_msgs/control_msgs/msg/dynamic_joint_state.h
[1.750s] -- Up-to-date symlink: /home/pinet/SLAM_AGV/workspace/install/control_msgs/include/control_msgs/control_msgs/msg/gripper_command.h
[1.751s] -- Up-to-date symlink: /home/pinet/SLAM_AGV/workspace/install/control_msgs/include/control_msgs/control_msgs/msg/interface_value.h
[1.752s] -- Up-to-date symlink: /home/pinet/SLAM_AGV/workspace/install/control_msgs/include/control_msgs/control_msgs/msg/joint_component_tolerance.h
[1.753s] -- Up-to-date symlink: /home/pinet/SLAM_AGV/workspace/install/control_msgs/include/control_msgs/control_msgs/msg/joint_controller_state.h
[1.754s] -- Up-to-date symlink: /home/pinet/SLAM_AGV/workspace/install/control_msgs/include/control_msgs/control_msgs/msg/joint_jog.h
[1.755s] -- Up-to-date symlink: /home/pinet/SLAM_AGV/workspace/install/control_msgs/include/control_msgs/control_msgs/msg/joint_tolerance.h
[1.755s] -- Up-to-date symlink: /home/pinet/SLAM_AGV/workspace/install/control_msgs/include/control_msgs/control_msgs/msg/joint_trajectory_controller_state.h
[1.756s] -- Up-to-date symlink: /home/pinet/SLAM_AGV/workspace/install/control_msgs/include/control_msgs/control_msgs/msg/mecanum_drive_controller_state.h
[1.757s] -- Up-to-date symlink: /home/pinet/SLAM_AGV/workspace/install/control_msgs/include/control_msgs/control_msgs/msg/multi_dof_command.h
[1.758s] -- Up-to-date symlink: /home/pinet/SLAM_AGV/workspace/install/control_msgs/include/control_msgs/control_msgs/msg/multi_dof_state_stamped.h
[1.759s] -- Up-to-date symlink: /home/pinet/SLAM_AGV/workspace/install/control_msgs/include/control_msgs/control_msgs/msg/pid_state.h
[1.760s] -- Up-to-date symlink: /home/pinet/SLAM_AGV/workspace/install/control_msgs/include/control_msgs/control_msgs/msg/rosidl_generator_c__visibility_control.h
[1.760s] -- Up-to-date symlink: /home/pinet/SLAM_AGV/workspace/install/control_msgs/include/control_msgs/control_msgs/msg/single_dof_state.h
[1.761s] -- Up-to-date symlink: /home/pinet/SLAM_AGV/workspace/install/control_msgs/include/control_msgs/control_msgs/msg/single_dof_state_stamped.h
[1.762s] -- Up-to-date symlink: /home/pinet/SLAM_AGV/workspace/install/control_msgs/include/control_msgs/control_msgs/msg/steering_controller_status.h
[1.763s] -- Up-to-date symlink: /home/pinet/SLAM_AGV/workspace/install/control_msgs/include/control_msgs/control_msgs/srv/detail/query_calibration_state__functions.h
[1.764s] -- Up-to-date symlink: /home/pinet/SLAM_AGV/workspace/install/control_msgs/include/control_msgs/control_msgs/srv/detail/query_calibration_state__struct.h
[1.765s] -- Up-to-date symlink: /home/pinet/SLAM_AGV/workspace/install/control_msgs/include/control_msgs/control_msgs/srv/detail/query_calibration_state__type_support.h
[1.766s] -- Up-to-date symlink: /home/pinet/SLAM_AGV/workspace/install/control_msgs/include/control_msgs/control_msgs/srv/detail/query_trajectory_state__functions.h
[1.767s] -- Up-to-date symlink: /home/pinet/SLAM_AGV/workspace/install/control_msgs/include/control_msgs/control_msgs/srv/detail/query_trajectory_state__struct.h
[1.768s] -- Up-to-date symlink: /home/pinet/SLAM_AGV/workspace/install/control_msgs/include/control_msgs/control_msgs/srv/detail/query_trajectory_state__type_support.h
[1.769s] -- Up-to-date symlink: /home/pinet/SLAM_AGV/workspace/install/control_msgs/include/control_msgs/control_msgs/srv/query_calibration_state.h
[1.769s] -- Up-to-date symlink: /home/pinet/SLAM_AGV/workspace/install/control_msgs/include/control_msgs/control_msgs/srv/query_trajectory_state.h
[1.771s] -- Up-to-date symlink: /home/pinet/SLAM_AGV/workspace/install/control_msgs/share/control_msgs/environment/library_path.sh
[1.771s] -- Up-to-date symlink: /home/pinet/SLAM_AGV/workspace/install/control_msgs/share/control_msgs/environment/library_path.dsv
[1.783s] -- Up-to-date symlink: /home/pinet/SLAM_AGV/workspace/install/control_msgs/include/control_msgs/control_msgs/action/detail/follow_joint_trajectory__rosidl_typesupport_fastrtps_c.h
[1.784s] -- Up-to-date symlink: /home/pinet/SLAM_AGV/workspace/install/control_msgs/include/control_msgs/control_msgs/action/detail/gripper_command__rosidl_typesupport_fastrtps_c.h
[1.785s] -- Up-to-date symlink: /home/pinet/SLAM_AGV/workspace/install/control_msgs/include/control_msgs/control_msgs/action/detail/joint_trajectory__rosidl_typesupport_fastrtps_c.h
[1.786s] -- Up-to-date symlink: /home/pinet/SLAM_AGV/workspace/install/control_msgs/include/control_msgs/control_msgs/action/detail/parallel_gripper_command__rosidl_typesupport_fastrtps_c.h
[1.787s] -- Up-to-date symlink: /home/pinet/SLAM_AGV/workspace/install/control_msgs/include/control_msgs/control_msgs/action/detail/point_head__rosidl_typesupport_fastrtps_c.h
[1.788s] -- Up-to-date symlink: /home/pinet/SLAM_AGV/workspace/install/control_msgs/include/control_msgs/control_msgs/action/detail/single_joint_position__rosidl_typesupport_fastrtps_c.h
[1.789s] -- Up-to-date symlink: /home/pinet/SLAM_AGV/workspace/install/control_msgs/include/control_msgs/control_msgs/msg/detail/admittance_controller_state__rosidl_typesupport_fastrtps_c.h
[1.790s] -- Up-to-date symlink: /home/pinet/SLAM_AGV/workspace/install/control_msgs/include/control_msgs/control_msgs/msg/detail/dynamic_interface_group_values__rosidl_typesupport_fastrtps_c.h
[1.791s] -- Up-to-date symlink: /home/pinet/SLAM_AGV/workspace/install/control_msgs/include/control_msgs/control_msgs/msg/detail/dynamic_joint_state__rosidl_typesupport_fastrtps_c.h
[1.792s] -- Up-to-date symlink: /home/pinet/SLAM_AGV/workspace/install/control_msgs/include/control_msgs/control_msgs/msg/detail/gripper_command__rosidl_typesupport_fastrtps_c.h
[1.793s] -- Up-to-date symlink: /home/pinet/SLAM_AGV/workspace/install/control_msgs/include/control_msgs/control_msgs/msg/detail/interface_value__rosidl_typesupport_fastrtps_c.h
[1.794s] -- Up-to-date symlink: /home/pinet/SLAM_AGV/workspace/install/control_msgs/include/control_msgs/control_msgs/msg/detail/joint_component_tolerance__rosidl_typesupport_fastrtps_c.h
[1.795s] -- Up-to-date symlink: /home/pinet/SLAM_AGV/workspace/install/control_msgs/include/control_msgs/control_msgs/msg/detail/joint_controller_state__rosidl_typesupport_fastrtps_c.h
[1.796s] -- Up-to-date symlink: /home/pinet/SLAM_AGV/workspace/install/control_msgs/include/control_msgs/control_msgs/msg/detail/joint_jog__rosidl_typesupport_fastrtps_c.h
[1.797s] -- Up-to-date symlink: /home/pinet/SLAM_AGV/workspace/install/control_msgs/include/control_msgs/control_msgs/msg/detail/joint_tolerance__rosidl_typesupport_fastrtps_c.h
[1.798s] -- Up-to-date symlink: /home/pinet/SLAM_AGV/workspace/install/control_msgs/include/control_msgs/control_msgs/msg/detail/joint_trajectory_controller_state__rosidl_typesupport_fastrtps_c.h
[1.799s] -- Up-to-date symlink: /home/pinet/SLAM_AGV/workspace/install/control_msgs/include/control_msgs/control_msgs/msg/detail/mecanum_drive_controller_state__rosidl_typesupport_fastrtps_c.h
[1.800s] -- Up-to-date symlink: /home/pinet/SLAM_AGV/workspace/install/control_msgs/include/control_msgs/control_msgs/msg/detail/multi_dof_command__rosidl_typesupport_fastrtps_c.h
[1.800s] -- Up-to-date symlink: /home/pinet/SLAM_AGV/workspace/install/control_msgs/include/control_msgs/control_msgs/msg/detail/multi_dof_state_stamped__rosidl_typesupport_fastrtps_c.h
[1.801s] -- Up-to-date symlink: /home/pinet/SLAM_AGV/workspace/install/control_msgs/include/control_msgs/control_msgs/msg/detail/pid_state__rosidl_typesupport_fastrtps_c.h
[1.802s] -- Up-to-date symlink: /home/pinet/SLAM_AGV/workspace/install/control_msgs/include/control_msgs/control_msgs/msg/detail/single_dof_state__rosidl_typesupport_fastrtps_c.h
[1.803s] -- Up-to-date symlink: /home/pinet/SLAM_AGV/workspace/install/control_msgs/include/control_msgs/control_msgs/msg/detail/single_dof_state_stamped__rosidl_typesupport_fastrtps_c.h
[1.804s] -- Up-to-date symlink: /home/pinet/SLAM_AGV/workspace/install/control_msgs/include/control_msgs/control_msgs/msg/detail/steering_controller_status__rosidl_typesupport_fastrtps_c.h
[1.805s] -- Up-to-date symlink: /home/pinet/SLAM_AGV/workspace/install/control_msgs/include/control_msgs/control_msgs/msg/rosidl_typesupport_fastrtps_c__visibility_control.h
[1.806s] -- Up-to-date symlink: /home/pinet/SLAM_AGV/workspace/install/control_msgs/include/control_msgs/control_msgs/srv/detail/query_calibration_state__rosidl_typesupport_fastrtps_c.h
[1.807s] -- Up-to-date symlink: /home/pinet/SLAM_AGV/workspace/install/control_msgs/include/control_msgs/control_msgs/srv/detail/query_trajectory_state__rosidl_typesupport_fastrtps_c.h
[1.820s] -- Up-to-date symlink: /home/pinet/SLAM_AGV/workspace/install/control_msgs/include/control_msgs/control_msgs/action/detail/follow_joint_trajectory__builder.hpp
[1.820s] -- Up-to-date symlink: /home/pinet/SLAM_AGV/workspace/install/control_msgs/include/control_msgs/control_msgs/action/detail/follow_joint_trajectory__struct.hpp
[1.821s] -- Up-to-date symlink: /home/pinet/SLAM_AGV/workspace/install/control_msgs/include/control_msgs/control_msgs/action/detail/follow_joint_trajectory__traits.hpp
[1.822s] -- Up-to-date symlink: /home/pinet/SLAM_AGV/workspace/install/control_msgs/include/control_msgs/control_msgs/action/detail/follow_joint_trajectory__type_support.hpp
[1.823s] -- Up-to-date symlink: /home/pinet/SLAM_AGV/workspace/install/control_msgs/include/control_msgs/control_msgs/action/detail/gripper_command__builder.hpp
[1.824s] -- Up-to-date symlink: /home/pinet/SLAM_AGV/workspace/install/control_msgs/include/control_msgs/control_msgs/action/detail/gripper_command__struct.hpp
[1.825s] -- Up-to-date symlink: /home/pinet/SLAM_AGV/workspace/install/control_msgs/include/control_msgs/control_msgs/action/detail/gripper_command__traits.hpp
[1.826s] -- Up-to-date symlink: /home/pinet/SLAM_AGV/workspace/install/control_msgs/include/control_msgs/control_msgs/action/detail/gripper_command__type_support.hpp
[1.827s] -- Up-to-date symlink: /home/pinet/SLAM_AGV/workspace/install/control_msgs/include/control_msgs/control_msgs/action/detail/joint_trajectory__builder.hpp
[1.828s] -- Up-to-date symlink: /home/pinet/SLAM_AGV/workspace/install/control_msgs/include/control_msgs/control_msgs/action/detail/joint_trajectory__struct.hpp
[1.829s] -- Up-to-date symlink: /home/pinet/SLAM_AGV/workspace/install/control_msgs/include/control_msgs/control_msgs/action/detail/joint_trajectory__traits.hpp
[1.830s] -- Up-to-date symlink: /home/pinet/SLAM_AGV/workspace/install/control_msgs/include/control_msgs/control_msgs/action/detail/joint_trajectory__type_support.hpp
[1.831s] -- Up-to-date symlink: /home/pinet/SLAM_AGV/workspace/install/control_msgs/include/control_msgs/control_msgs/action/detail/parallel_gripper_command__builder.hpp
[1.831s] -- Up-to-date symlink: /home/pinet/SLAM_AGV/workspace/install/control_msgs/include/control_msgs/control_msgs/action/detail/parallel_gripper_command__struct.hpp
[1.832s] -- Up-to-date symlink: /home/pinet/SLAM_AGV/workspace/install/control_msgs/include/control_msgs/control_msgs/action/detail/parallel_gripper_command__traits.hpp
[1.833s] -- Up-to-date symlink: /home/pinet/SLAM_AGV/workspace/install/control_msgs/include/control_msgs/control_msgs/action/detail/parallel_gripper_command__type_support.hpp
[1.834s] -- Up-to-date symlink: /home/pinet/SLAM_AGV/workspace/install/control_msgs/include/control_msgs/control_msgs/action/detail/point_head__builder.hpp
[1.835s] -- Up-to-date symlink: /home/pinet/SLAM_AGV/workspace/install/control_msgs/include/control_msgs/control_msgs/action/detail/point_head__struct.hpp
[1.836s] -- Up-to-date symlink: /home/pinet/SLAM_AGV/workspace/install/control_msgs/include/control_msgs/control_msgs/action/detail/point_head__traits.hpp
[1.837s] -- Up-to-date symlink: /home/pinet/SLAM_AGV/workspace/install/control_msgs/include/control_msgs/control_msgs/action/detail/point_head__type_support.hpp
[1.838s] -- Up-to-date symlink: /home/pinet/SLAM_AGV/workspace/install/control_msgs/include/control_msgs/control_msgs/action/detail/single_joint_position__builder.hpp
[1.839s] -- Up-to-date symlink: /home/pinet/SLAM_AGV/workspace/install/control_msgs/include/control_msgs/control_msgs/action/detail/single_joint_position__struct.hpp
[1.840s] -- Up-to-date symlink: /home/pinet/SLAM_AGV/workspace/install/control_msgs/include/control_msgs/control_msgs/action/detail/single_joint_position__traits.hpp
[1.841s] -- Up-to-date symlink: /home/pinet/SLAM_AGV/workspace/install/control_msgs/include/control_msgs/control_msgs/action/detail/single_joint_position__type_support.hpp
[1.842s] -- Up-to-date symlink: /home/pinet/SLAM_AGV/workspace/install/control_msgs/include/control_msgs/control_msgs/action/follow_joint_trajectory.hpp
[1.842s] -- Up-to-date symlink: /home/pinet/SLAM_AGV/workspace/install/control_msgs/include/control_msgs/control_msgs/action/gripper_command.hpp
[1.843s] -- Up-to-date symlink: /home/pinet/SLAM_AGV/workspace/install/control_msgs/include/control_msgs/control_msgs/action/joint_trajectory.hpp
[1.844s] -- Up-to-date symlink: /home/pinet/SLAM_AGV/workspace/install/control_msgs/include/control_msgs/control_msgs/action/parallel_gripper_command.hpp
[1.845s] -- Up-to-date symlink: /home/pinet/SLAM_AGV/workspace/install/control_msgs/include/control_msgs/control_msgs/action/point_head.hpp
[1.846s] -- Up-to-date symlink: /home/pinet/SLAM_AGV/workspace/install/control_msgs/include/control_msgs/control_msgs/action/single_joint_position.hpp
[1.847s] -- Up-to-date symlink: /home/pinet/SLAM_AGV/workspace/install/control_msgs/include/control_msgs/control_msgs/msg/admittance_controller_state.hpp
[1.848s] -- Up-to-date symlink: /home/pinet/SLAM_AGV/workspace/install/control_msgs/include/control_msgs/control_msgs/msg/detail/admittance_controller_state__builder.hpp
[1.849s] -- Up-to-date symlink: /home/pinet/SLAM_AGV/workspace/install/control_msgs/include/control_msgs/control_msgs/msg/detail/admittance_controller_state__struct.hpp
[1.849s] -- Up-to-date symlink: /home/pinet/SLAM_AGV/workspace/install/control_msgs/include/control_msgs/control_msgs/msg/detail/admittance_controller_state__traits.hpp
[1.850s] -- Up-to-date symlink: /home/pinet/SLAM_AGV/workspace/install/control_msgs/include/control_msgs/control_msgs/msg/detail/admittance_controller_state__type_support.hpp
[1.851s] -- Up-to-date symlink: /home/pinet/SLAM_AGV/workspace/install/control_msgs/include/control_msgs/control_msgs/msg/detail/dynamic_interface_group_values__builder.hpp
[1.852s] -- Up-to-date symlink: /home/pinet/SLAM_AGV/workspace/install/control_msgs/include/control_msgs/control_msgs/msg/detail/dynamic_interface_group_values__struct.hpp
[1.853s] -- Up-to-date symlink: /home/pinet/SLAM_AGV/workspace/install/control_msgs/include/control_msgs/control_msgs/msg/detail/dynamic_interface_group_values__traits.hpp
[1.854s] -- Up-to-date symlink: /home/pinet/SLAM_AGV/workspace/install/control_msgs/include/control_msgs/control_msgs/msg/detail/dynamic_interface_group_values__type_support.hpp
[1.855s] -- Up-to-date symlink: /home/pinet/SLAM_AGV/workspace/install/control_msgs/include/control_msgs/control_msgs/msg/detail/dynamic_joint_state__builder.hpp
[1.856s] -- Up-to-date symlink: /home/pinet/SLAM_AGV/workspace/install/control_msgs/include/control_msgs/control_msgs/msg/detail/dynamic_joint_state__struct.hpp
[1.857s] -- Up-to-date symlink: /home/pinet/SLAM_AGV/workspace/install/control_msgs/include/control_msgs/control_msgs/msg/detail/dynamic_joint_state__traits.hpp
[1.858s] -- Up-to-date symlink: /home/pinet/SLAM_AGV/workspace/install/control_msgs/include/control_msgs/control_msgs/msg/detail/dynamic_joint_state__type_support.hpp
[1.859s] -- Up-to-date symlink: /home/pinet/SLAM_AGV/workspace/install/control_msgs/include/control_msgs/control_msgs/msg/detail/gripper_command__builder.hpp
[1.860s] -- Up-to-date symlink: /home/pinet/SLAM_AGV/workspace/install/control_msgs/include/control_msgs/control_msgs/msg/detail/gripper_command__struct.hpp
[1.861s] -- Up-to-date symlink: /home/pinet/SLAM_AGV/workspace/install/control_msgs/include/control_msgs/control_msgs/msg/detail/gripper_command__traits.hpp
[1.861s] -- Up-to-date symlink: /home/pinet/SLAM_AGV/workspace/install/control_msgs/include/control_msgs/control_msgs/msg/detail/gripper_command__type_support.hpp
[1.862s] -- Up-to-date symlink: /home/pinet/SLAM_AGV/workspace/install/control_msgs/include/control_msgs/control_msgs/msg/detail/interface_value__builder.hpp
[1.863s] -- Up-to-date symlink: /home/pinet/SLAM_AGV/workspace/install/control_msgs/include/control_msgs/control_msgs/msg/detail/interface_value__struct.hpp
[1.865s] -- Up-to-date symlink: /home/pinet/SLAM_AGV/workspace/install/control_msgs/include/control_msgs/control_msgs/msg/detail/interface_value__traits.hpp
[1.866s] -- Up-to-date symlink: /home/pinet/SLAM_AGV/workspace/install/control_msgs/include/control_msgs/control_msgs/msg/detail/interface_value__type_support.hpp
[1.867s] -- Up-to-date symlink: /home/pinet/SLAM_AGV/workspace/install/control_msgs/include/control_msgs/control_msgs/msg/detail/joint_component_tolerance__builder.hpp
[1.868s] -- Up-to-date symlink: /home/pinet/SLAM_AGV/workspace/install/control_msgs/include/control_msgs/control_msgs/msg/detail/joint_component_tolerance__struct.hpp
[1.868s] -- Up-to-date symlink: /home/pinet/SLAM_AGV/workspace/install/control_msgs/include/control_msgs/control_msgs/msg/detail/joint_component_tolerance__traits.hpp
[1.870s] -- Up-to-date symlink: /home/pinet/SLAM_AGV/workspace/install/control_msgs/include/control_msgs/control_msgs/msg/detail/joint_component_tolerance__type_support.hpp
[1.871s] -- Up-to-date symlink: /home/pinet/SLAM_AGV/workspace/install/control_msgs/include/control_msgs/control_msgs/msg/detail/joint_controller_state__builder.hpp
[1.872s] -- Up-to-date symlink: /home/pinet/SLAM_AGV/workspace/install/control_msgs/include/control_msgs/control_msgs/msg/detail/joint_controller_state__struct.hpp
[1.873s] -- Up-to-date symlink: /home/pinet/SLAM_AGV/workspace/install/control_msgs/include/control_msgs/control_msgs/msg/detail/joint_controller_state__traits.hpp
[1.874s] -- Up-to-date symlink: /home/pinet/SLAM_AGV/workspace/install/control_msgs/include/control_msgs/control_msgs/msg/detail/joint_controller_state__type_support.hpp
[1.875s] -- Up-to-date symlink: /home/pinet/SLAM_AGV/workspace/install/control_msgs/include/control_msgs/control_msgs/msg/detail/joint_jog__builder.hpp
[1.876s] -- Up-to-date symlink: /home/pinet/SLAM_AGV/workspace/install/control_msgs/include/control_msgs/control_msgs/msg/detail/joint_jog__struct.hpp
[1.877s] -- Up-to-date symlink: /home/pinet/SLAM_AGV/workspace/install/control_msgs/include/control_msgs/control_msgs/msg/detail/joint_jog__traits.hpp
[1.878s] -- Up-to-date symlink: /home/pinet/SLAM_AGV/workspace/install/control_msgs/include/control_msgs/control_msgs/msg/detail/joint_jog__type_support.hpp
[1.883s] -- Up-to-date symlink: /home/pinet/SLAM_AGV/workspace/install/control_msgs/include/control_msgs/control_msgs/msg/detail/joint_tolerance__builder.hpp
[1.883s] -- Up-to-date symlink: /home/pinet/SLAM_AGV/workspace/install/control_msgs/include/control_msgs/control_msgs/msg/detail/joint_tolerance__struct.hpp
[1.884s] -- Up-to-date symlink: /home/pinet/SLAM_AGV/workspace/install/control_msgs/include/control_msgs/control_msgs/msg/detail/joint_tolerance__traits.hpp
[1.884s] -- Up-to-date symlink: /home/pinet/SLAM_AGV/workspace/install/control_msgs/include/control_msgs/control_msgs/msg/detail/joint_tolerance__type_support.hpp
[1.884s] -- Up-to-date symlink: /home/pinet/SLAM_AGV/workspace/install/control_msgs/include/control_msgs/control_msgs/msg/detail/joint_trajectory_controller_state__builder.hpp
[1.885s] -- Up-to-date symlink: /home/pinet/SLAM_AGV/workspace/install/control_msgs/include/control_msgs/control_msgs/msg/detail/joint_trajectory_controller_state__struct.hpp
[1.885s] -- Up-to-date symlink: /home/pinet/SLAM_AGV/workspace/install/control_msgs/include/control_msgs/control_msgs/msg/detail/joint_trajectory_controller_state__traits.hpp
[1.885s] -- Up-to-date symlink: /home/pinet/SLAM_AGV/workspace/install/control_msgs/include/control_msgs/control_msgs/msg/detail/joint_trajectory_controller_state__type_support.hpp
[1.886s] -- Up-to-date symlink: /home/pinet/SLAM_AGV/workspace/install/control_msgs/include/control_msgs/control_msgs/msg/detail/mecanum_drive_controller_state__builder.hpp
[1.887s] -- Up-to-date symlink: /home/pinet/SLAM_AGV/workspace/install/control_msgs/include/control_msgs/control_msgs/msg/detail/mecanum_drive_controller_state__struct.hpp
[1.888s] -- Up-to-date symlink: /home/pinet/SLAM_AGV/workspace/install/control_msgs/include/control_msgs/control_msgs/msg/detail/mecanum_drive_controller_state__traits.hpp
[1.889s] -- Up-to-date symlink: /home/pinet/SLAM_AGV/workspace/install/control_msgs/include/control_msgs/control_msgs/msg/detail/mecanum_drive_controller_state__type_support.hpp
[1.890s] -- Up-to-date symlink: /home/pinet/SLAM_AGV/workspace/install/control_msgs/include/control_msgs/control_msgs/msg/detail/multi_dof_command__builder.hpp
[1.891s] -- Up-to-date symlink: /home/pinet/SLAM_AGV/workspace/install/control_msgs/include/control_msgs/control_msgs/msg/detail/multi_dof_command__struct.hpp
[1.892s] -- Up-to-date symlink: /home/pinet/SLAM_AGV/workspace/install/control_msgs/include/control_msgs/control_msgs/msg/detail/multi_dof_command__traits.hpp
[1.893s] -- Up-to-date symlink: /home/pinet/SLAM_AGV/workspace/install/control_msgs/include/control_msgs/control_msgs/msg/detail/multi_dof_command__type_support.hpp
[1.894s] -- Up-to-date symlink: /home/pinet/SLAM_AGV/workspace/install/control_msgs/include/control_msgs/control_msgs/msg/detail/multi_dof_state_stamped__builder.hpp
[1.895s] -- Up-to-date symlink: /home/pinet/SLAM_AGV/workspace/install/control_msgs/include/control_msgs/control_msgs/msg/detail/multi_dof_state_stamped__struct.hpp
[1.896s] -- Up-to-date symlink: /home/pinet/SLAM_AGV/workspace/install/control_msgs/include/control_msgs/control_msgs/msg/detail/multi_dof_state_stamped__traits.hpp
[1.897s] -- Up-to-date symlink: /home/pinet/SLAM_AGV/workspace/install/control_msgs/include/control_msgs/control_msgs/msg/detail/multi_dof_state_stamped__type_support.hpp
[1.897s] -- Up-to-date symlink: /home/pinet/SLAM_AGV/workspace/install/control_msgs/include/control_msgs/control_msgs/msg/detail/pid_state__builder.hpp
[1.898s] -- Up-to-date symlink: /home/pinet/SLAM_AGV/workspace/install/control_msgs/include/control_msgs/control_msgs/msg/detail/pid_state__struct.hpp
[1.899s] -- Up-to-date symlink: /home/pinet/SLAM_AGV/workspace/install/control_msgs/include/control_msgs/control_msgs/msg/detail/pid_state__traits.hpp
[1.900s] -- Up-to-date symlink: /home/pinet/SLAM_AGV/workspace/install/control_msgs/include/control_msgs/control_msgs/msg/detail/pid_state__type_support.hpp
[1.901s] -- Up-to-date symlink: /home/pinet/SLAM_AGV/workspace/install/control_msgs/include/control_msgs/control_msgs/msg/detail/single_dof_state__builder.hpp
[1.902s] -- Up-to-date symlink: /home/pinet/SLAM_AGV/workspace/install/control_msgs/include/control_msgs/control_msgs/msg/detail/single_dof_state__struct.hpp
[1.903s] -- Up-to-date symlink: /home/pinet/SLAM_AGV/workspace/install/control_msgs/include/control_msgs/control_msgs/msg/detail/single_dof_state__traits.hpp
[1.904s] -- Up-to-date symlink: /home/pinet/SLAM_AGV/workspace/install/control_msgs/include/control_msgs/control_msgs/msg/detail/single_dof_state__type_support.hpp
[1.905s] -- Up-to-date symlink: /home/pinet/SLAM_AGV/workspace/install/control_msgs/include/control_msgs/control_msgs/msg/detail/single_dof_state_stamped__builder.hpp
[1.906s] -- Up-to-date symlink: /home/pinet/SLAM_AGV/workspace/install/control_msgs/include/control_msgs/control_msgs/msg/detail/single_dof_state_stamped__struct.hpp
[1.907s] -- Up-to-date symlink: /home/pinet/SLAM_AGV/workspace/install/control_msgs/include/control_msgs/control_msgs/msg/detail/single_dof_state_stamped__traits.hpp
[1.908s] -- Up-to-date symlink: /home/pinet/SLAM_AGV/workspace/install/control_msgs/include/control_msgs/control_msgs/msg/detail/single_dof_state_stamped__type_support.hpp
[1.909s] -- Up-to-date symlink: /home/pinet/SLAM_AGV/workspace/install/control_msgs/include/control_msgs/control_msgs/msg/detail/steering_controller_status__builder.hpp
[1.910s] -- Up-to-date symlink: /home/pinet/SLAM_AGV/workspace/install/control_msgs/include/control_msgs/control_msgs/msg/detail/steering_controller_status__struct.hpp
[1.911s] -- Up-to-date symlink: /home/pinet/SLAM_AGV/workspace/install/control_msgs/include/control_msgs/control_msgs/msg/detail/steering_controller_status__traits.hpp
[1.912s] -- Up-to-date symlink: /home/pinet/SLAM_AGV/workspace/install/control_msgs/include/control_msgs/control_msgs/msg/detail/steering_controller_status__type_support.hpp
[1.912s] -- Up-to-date symlink: /home/pinet/SLAM_AGV/workspace/install/control_msgs/include/control_msgs/control_msgs/msg/dynamic_interface_group_values.hpp
[1.913s] -- Up-to-date symlink: /home/pinet/SLAM_AGV/workspace/install/control_msgs/include/control_msgs/control_msgs/msg/dynamic_joint_state.hpp
[1.914s] -- Up-to-date symlink: /home/pinet/SLAM_AGV/workspace/install/control_msgs/include/control_msgs/control_msgs/msg/gripper_command.hpp
[1.915s] -- Up-to-date symlink: /home/pinet/SLAM_AGV/workspace/install/control_msgs/include/control_msgs/control_msgs/msg/interface_value.hpp
[1.916s] -- Up-to-date symlink: /home/pinet/SLAM_AGV/workspace/install/control_msgs/include/control_msgs/control_msgs/msg/joint_component_tolerance.hpp
[1.917s] -- Up-to-date symlink: /home/pinet/SLAM_AGV/workspace/install/control_msgs/include/control_msgs/control_msgs/msg/joint_controller_state.hpp
[1.918s] -- Up-to-date symlink: /home/pinet/SLAM_AGV/workspace/install/control_msgs/include/control_msgs/control_msgs/msg/joint_jog.hpp
[1.918s] -- Up-to-date symlink: /home/pinet/SLAM_AGV/workspace/install/control_msgs/include/control_msgs/control_msgs/msg/joint_tolerance.hpp
[1.919s] -- Up-to-date symlink: /home/pinet/SLAM_AGV/workspace/install/control_msgs/include/control_msgs/control_msgs/msg/joint_trajectory_controller_state.hpp
[1.920s] -- Up-to-date symlink: /home/pinet/SLAM_AGV/workspace/install/control_msgs/include/control_msgs/control_msgs/msg/mecanum_drive_controller_state.hpp
[1.921s] -- Up-to-date symlink: /home/pinet/SLAM_AGV/workspace/install/control_msgs/include/control_msgs/control_msgs/msg/multi_dof_command.hpp
[1.922s] -- Up-to-date symlink: /home/pinet/SLAM_AGV/workspace/install/control_msgs/include/control_msgs/control_msgs/msg/multi_dof_state_stamped.hpp
[1.923s] -- Up-to-date symlink: /home/pinet/SLAM_AGV/workspace/install/control_msgs/include/control_msgs/control_msgs/msg/pid_state.hpp
[1.923s] -- Up-to-date symlink: /home/pinet/SLAM_AGV/workspace/install/control_msgs/include/control_msgs/control_msgs/msg/rosidl_generator_cpp__visibility_control.hpp
[1.924s] -- Up-to-date symlink: /home/pinet/SLAM_AGV/workspace/install/control_msgs/include/control_msgs/control_msgs/msg/single_dof_state.hpp
[1.925s] -- Up-to-date symlink: /home/pinet/SLAM_AGV/workspace/install/control_msgs/include/control_msgs/control_msgs/msg/single_dof_state_stamped.hpp
[1.926s] -- Up-to-date symlink: /home/pinet/SLAM_AGV/workspace/install/control_msgs/include/control_msgs/control_msgs/msg/steering_controller_status.hpp
[1.927s] -- Up-to-date symlink: /home/pinet/SLAM_AGV/workspace/install/control_msgs/include/control_msgs/control_msgs/srv/detail/query_calibration_state__builder.hpp
[1.928s] -- Up-to-date symlink: /home/pinet/SLAM_AGV/workspace/install/control_msgs/include/control_msgs/control_msgs/srv/detail/query_calibration_state__struct.hpp
[1.929s] -- Up-to-date symlink: /home/pinet/SLAM_AGV/workspace/install/control_msgs/include/control_msgs/control_msgs/srv/detail/query_calibration_state__traits.hpp
[1.930s] -- Up-to-date symlink: /home/pinet/SLAM_AGV/workspace/install/control_msgs/include/control_msgs/control_msgs/srv/detail/query_calibration_state__type_support.hpp
[1.931s] -- Up-to-date symlink: /home/pinet/SLAM_AGV/workspace/install/control_msgs/include/control_msgs/control_msgs/srv/detail/query_trajectory_state__builder.hpp
[1.932s] -- Up-to-date symlink: /home/pinet/SLAM_AGV/workspace/install/control_msgs/include/control_msgs/control_msgs/srv/detail/query_trajectory_state__struct.hpp
[1.933s] -- Up-to-date symlink: /home/pinet/SLAM_AGV/workspace/install/control_msgs/include/control_msgs/control_msgs/srv/detail/query_trajectory_state__traits.hpp
[1.933s] -- Up-to-date symlink: /home/pinet/SLAM_AGV/workspace/install/control_msgs/include/control_msgs/control_msgs/srv/detail/query_trajectory_state__type_support.hpp
[1.934s] -- Up-to-date symlink: /home/pinet/SLAM_AGV/workspace/install/control_msgs/include/control_msgs/control_msgs/srv/query_calibration_state.hpp
[1.935s] -- Up-to-date symlink: /home/pinet/SLAM_AGV/workspace/install/control_msgs/include/control_msgs/control_msgs/srv/query_trajectory_state.hpp
[1.948s] -- Up-to-date symlink: /home/pinet/SLAM_AGV/workspace/install/control_msgs/include/control_msgs/control_msgs/action/detail/follow_joint_trajectory__rosidl_typesupport_fastrtps_cpp.hpp
[1.949s] -- Up-to-date symlink: /home/pinet/SLAM_AGV/workspace/install/control_msgs/include/control_msgs/control_msgs/action/detail/gripper_command__rosidl_typesupport_fastrtps_cpp.hpp
[1.950s] -- Up-to-date symlink: /home/pinet/SLAM_AGV/workspace/install/control_msgs/include/control_msgs/control_msgs/action/detail/joint_trajectory__rosidl_typesupport_fastrtps_cpp.hpp
[1.951s] -- Up-to-date symlink: /home/pinet/SLAM_AGV/workspace/install/control_msgs/include/control_msgs/control_msgs/action/detail/parallel_gripper_command__rosidl_typesupport_fastrtps_cpp.hpp
[1.952s] -- Up-to-date symlink: /home/pinet/SLAM_AGV/workspace/install/control_msgs/include/control_msgs/control_msgs/action/detail/point_head__rosidl_typesupport_fastrtps_cpp.hpp
[1.953s] -- Up-to-date symlink: /home/pinet/SLAM_AGV/workspace/install/control_msgs/include/control_msgs/control_msgs/action/detail/single_joint_position__rosidl_typesupport_fastrtps_cpp.hpp
[1.954s] -- Up-to-date symlink: /home/pinet/SLAM_AGV/workspace/install/control_msgs/include/control_msgs/control_msgs/msg/detail/admittance_controller_state__rosidl_typesupport_fastrtps_cpp.hpp
[1.955s] -- Up-to-date symlink: /home/pinet/SLAM_AGV/workspace/install/control_msgs/include/control_msgs/control_msgs/msg/detail/dynamic_interface_group_values__rosidl_typesupport_fastrtps_cpp.hpp
[1.956s] -- Up-to-date symlink: /home/pinet/SLAM_AGV/workspace/install/control_msgs/include/control_msgs/control_msgs/msg/detail/dynamic_joint_state__rosidl_typesupport_fastrtps_cpp.hpp
[1.957s] -- Up-to-date symlink: /home/pinet/SLAM_AGV/workspace/install/control_msgs/include/control_msgs/control_msgs/msg/detail/gripper_command__rosidl_typesupport_fastrtps_cpp.hpp
[1.958s] -- Up-to-date symlink: /home/pinet/SLAM_AGV/workspace/install/control_msgs/include/control_msgs/control_msgs/msg/detail/interface_value__rosidl_typesupport_fastrtps_cpp.hpp
[1.959s] -- Up-to-date symlink: /home/pinet/SLAM_AGV/workspace/install/control_msgs/include/control_msgs/control_msgs/msg/detail/joint_component_tolerance__rosidl_typesupport_fastrtps_cpp.hpp
[1.960s] -- Up-to-date symlink: /home/pinet/SLAM_AGV/workspace/install/control_msgs/include/control_msgs/control_msgs/msg/detail/joint_controller_state__rosidl_typesupport_fastrtps_cpp.hpp
[1.961s] -- Up-to-date symlink: /home/pinet/SLAM_AGV/workspace/install/control_msgs/include/control_msgs/control_msgs/msg/detail/joint_jog__rosidl_typesupport_fastrtps_cpp.hpp
[1.962s] -- Up-to-date symlink: /home/pinet/SLAM_AGV/workspace/install/control_msgs/include/control_msgs/control_msgs/msg/detail/joint_tolerance__rosidl_typesupport_fastrtps_cpp.hpp
[1.963s] -- Up-to-date symlink: /home/pinet/SLAM_AGV/workspace/install/control_msgs/include/control_msgs/control_msgs/msg/detail/joint_trajectory_controller_state__rosidl_typesupport_fastrtps_cpp.hpp
[1.964s] -- Up-to-date symlink: /home/pinet/SLAM_AGV/workspace/install/control_msgs/include/control_msgs/control_msgs/msg/detail/mecanum_drive_controller_state__rosidl_typesupport_fastrtps_cpp.hpp
[1.965s] -- Up-to-date symlink: /home/pinet/SLAM_AGV/workspace/install/control_msgs/include/control_msgs/control_msgs/msg/detail/multi_dof_command__rosidl_typesupport_fastrtps_cpp.hpp
[1.966s] -- Up-to-date symlink: /home/pinet/SLAM_AGV/workspace/install/control_msgs/include/control_msgs/control_msgs/msg/detail/multi_dof_state_stamped__rosidl_typesupport_fastrtps_cpp.hpp
[1.967s] -- Up-to-date symlink: /home/pinet/SLAM_AGV/workspace/install/control_msgs/include/control_msgs/control_msgs/msg/detail/pid_state__rosidl_typesupport_fastrtps_cpp.hpp
[1.968s] -- Up-to-date symlink: /home/pinet/SLAM_AGV/workspace/install/control_msgs/include/control_msgs/control_msgs/msg/detail/single_dof_state__rosidl_typesupport_fastrtps_cpp.hpp
[1.969s] -- Up-to-date symlink: /home/pinet/SLAM_AGV/workspace/install/control_msgs/include/control_msgs/control_msgs/msg/detail/single_dof_state_stamped__rosidl_typesupport_fastrtps_cpp.hpp
[1.970s] -- Up-to-date symlink: /home/pinet/SLAM_AGV/workspace/install/control_msgs/include/control_msgs/control_msgs/msg/detail/steering_controller_status__rosidl_typesupport_fastrtps_cpp.hpp
[1.970s] -- Up-to-date symlink: /home/pinet/SLAM_AGV/workspace/install/control_msgs/include/control_msgs/control_msgs/msg/rosidl_typesupport_fastrtps_cpp__visibility_control.h
[1.971s] -- Up-to-date symlink: /home/pinet/SLAM_AGV/workspace/install/control_msgs/include/control_msgs/control_msgs/srv/detail/query_calibration_state__rosidl_typesupport_fastrtps_cpp.hpp
[1.972s] -- Up-to-date symlink: /home/pinet/SLAM_AGV/workspace/install/control_msgs/include/control_msgs/control_msgs/srv/detail/query_trajectory_state__rosidl_typesupport_fastrtps_cpp.hpp
[1.979s] -- Up-to-date symlink: /home/pinet/SLAM_AGV/workspace/install/control_msgs/include/control_msgs/control_msgs/action/detail/follow_joint_trajectory__rosidl_typesupport_introspection_c.h
[1.980s] -- Up-to-date symlink: /home/pinet/SLAM_AGV/workspace/install/control_msgs/include/control_msgs/control_msgs/action/detail/gripper_command__rosidl_typesupport_introspection_c.h
[1.981s] -- Up-to-date symlink: /home/pinet/SLAM_AGV/workspace/install/control_msgs/include/control_msgs/control_msgs/action/detail/joint_trajectory__rosidl_typesupport_introspection_c.h
[1.982s] -- Up-to-date symlink: /home/pinet/SLAM_AGV/workspace/install/control_msgs/include/control_msgs/control_msgs/action/detail/parallel_gripper_command__rosidl_typesupport_introspection_c.h
[1.983s] -- Up-to-date symlink: /home/pinet/SLAM_AGV/workspace/install/control_msgs/include/control_msgs/control_msgs/action/detail/point_head__rosidl_typesupport_introspection_c.h
[1.984s] -- Up-to-date symlink: /home/pinet/SLAM_AGV/workspace/install/control_msgs/include/control_msgs/control_msgs/action/detail/single_joint_position__rosidl_typesupport_introspection_c.h
[1.985s] -- Up-to-date symlink: /home/pinet/SLAM_AGV/workspace/install/control_msgs/include/control_msgs/control_msgs/msg/detail/admittance_controller_state__rosidl_typesupport_introspection_c.h
[1.986s] -- Up-to-date symlink: /home/pinet/SLAM_AGV/workspace/install/control_msgs/include/control_msgs/control_msgs/msg/detail/dynamic_interface_group_values__rosidl_typesupport_introspection_c.h
[1.987s] -- Up-to-date symlink: /home/pinet/SLAM_AGV/workspace/install/control_msgs/include/control_msgs/control_msgs/msg/detail/dynamic_joint_state__rosidl_typesupport_introspection_c.h
[1.988s] -- Up-to-date symlink: /home/pinet/SLAM_AGV/workspace/install/control_msgs/include/control_msgs/control_msgs/msg/detail/gripper_command__rosidl_typesupport_introspection_c.h
[1.989s] -- Up-to-date symlink: /home/pinet/SLAM_AGV/workspace/install/control_msgs/include/control_msgs/control_msgs/msg/detail/interface_value__rosidl_typesupport_introspection_c.h
[1.990s] -- Up-to-date symlink: /home/pinet/SLAM_AGV/workspace/install/control_msgs/include/control_msgs/control_msgs/msg/detail/joint_component_tolerance__rosidl_typesupport_introspection_c.h
[1.991s] -- Up-to-date symlink: /home/pinet/SLAM_AGV/workspace/install/control_msgs/include/control_msgs/control_msgs/msg/detail/joint_controller_state__rosidl_typesupport_introspection_c.h
[1.992s] -- Up-to-date symlink: /home/pinet/SLAM_AGV/workspace/install/control_msgs/include/control_msgs/control_msgs/msg/detail/joint_jog__rosidl_typesupport_introspection_c.h
[1.993s] -- Up-to-date symlink: /home/pinet/SLAM_AGV/workspace/install/control_msgs/include/control_msgs/control_msgs/msg/detail/joint_tolerance__rosidl_typesupport_introspection_c.h
[1.994s] -- Up-to-date symlink: /home/pinet/SLAM_AGV/workspace/install/control_msgs/include/control_msgs/control_msgs/msg/detail/joint_trajectory_controller_state__rosidl_typesupport_introspection_c.h
[1.995s] -- Up-to-date symlink: /home/pinet/SLAM_AGV/workspace/install/control_msgs/include/control_msgs/control_msgs/msg/detail/mecanum_drive_controller_state__rosidl_typesupport_introspection_c.h
[1.996s] -- Up-to-date symlink: /home/pinet/SLAM_AGV/workspace/install/control_msgs/include/control_msgs/control_msgs/msg/detail/multi_dof_command__rosidl_typesupport_introspection_c.h
[1.997s] -- Up-to-date symlink: /home/pinet/SLAM_AGV/workspace/install/control_msgs/include/control_msgs/control_msgs/msg/detail/multi_dof_state_stamped__rosidl_typesupport_introspection_c.h
[1.998s] -- Up-to-date symlink: /home/pinet/SLAM_AGV/workspace/install/control_msgs/include/control_msgs/control_msgs/msg/detail/pid_state__rosidl_typesupport_introspection_c.h
[1.999s] -- Up-to-date symlink: /home/pinet/SLAM_AGV/workspace/install/control_msgs/include/control_msgs/control_msgs/msg/detail/single_dof_state__rosidl_typesupport_introspection_c.h
[2.000s] -- Up-to-date symlink: /home/pinet/SLAM_AGV/workspace/install/control_msgs/include/control_msgs/control_msgs/msg/detail/single_dof_state_stamped__rosidl_typesupport_introspection_c.h
[2.001s] -- Up-to-date symlink: /home/pinet/SLAM_AGV/workspace/install/control_msgs/include/control_msgs/control_msgs/msg/detail/steering_controller_status__rosidl_typesupport_introspection_c.h
[2.001s] -- Up-to-date symlink: /home/pinet/SLAM_AGV/workspace/install/control_msgs/include/control_msgs/control_msgs/msg/rosidl_typesupport_introspection_c__visibility_control.h
[2.003s] -- Up-to-date symlink: /home/pinet/SLAM_AGV/workspace/install/control_msgs/include/control_msgs/control_msgs/srv/detail/query_calibration_state__rosidl_typesupport_introspection_c.h
[2.003s] -- Up-to-date symlink: /home/pinet/SLAM_AGV/workspace/install/control_msgs/include/control_msgs/control_msgs/srv/detail/query_trajectory_state__rosidl_typesupport_introspection_c.h
[2.011s] -- Up-to-date symlink: /home/pinet/SLAM_AGV/workspace/install/control_msgs/include/control_msgs/control_msgs/action/detail/follow_joint_trajectory__rosidl_typesupport_introspection_cpp.hpp
[2.012s] -- Up-to-date symlink: /home/pinet/SLAM_AGV/workspace/install/control_msgs/include/control_msgs/control_msgs/action/detail/gripper_command__rosidl_typesupport_introspection_cpp.hpp
[2.012s] -- Up-to-date symlink: /home/pinet/SLAM_AGV/workspace/install/control_msgs/include/control_msgs/control_msgs/action/detail/joint_trajectory__rosidl_typesupport_introspection_cpp.hpp
[2.013s] -- Up-to-date symlink: /home/pinet/SLAM_AGV/workspace/install/control_msgs/include/control_msgs/control_msgs/action/detail/parallel_gripper_command__rosidl_typesupport_introspection_cpp.hpp
[2.015s] -- Up-to-date symlink: /home/pinet/SLAM_AGV/workspace/install/control_msgs/include/control_msgs/control_msgs/action/detail/point_head__rosidl_typesupport_introspection_cpp.hpp
[2.015s] -- Up-to-date symlink: /home/pinet/SLAM_AGV/workspace/install/control_msgs/include/control_msgs/control_msgs/action/detail/single_joint_position__rosidl_typesupport_introspection_cpp.hpp
[2.016s] -- Up-to-date symlink: /home/pinet/SLAM_AGV/workspace/install/control_msgs/include/control_msgs/control_msgs/msg/detail/admittance_controller_state__rosidl_typesupport_introspection_cpp.hpp
[2.017s] -- Up-to-date symlink: /home/pinet/SLAM_AGV/workspace/install/control_msgs/include/control_msgs/control_msgs/msg/detail/dynamic_interface_group_values__rosidl_typesupport_introspection_cpp.hpp
[2.018s] -- Up-to-date symlink: /home/pinet/SLAM_AGV/workspace/install/control_msgs/include/control_msgs/control_msgs/msg/detail/dynamic_joint_state__rosidl_typesupport_introspection_cpp.hpp
[2.019s] -- Up-to-date symlink: /home/pinet/SLAM_AGV/workspace/install/control_msgs/include/control_msgs/control_msgs/msg/detail/gripper_command__rosidl_typesupport_introspection_cpp.hpp
[2.020s] -- Up-to-date symlink: /home/pinet/SLAM_AGV/workspace/install/control_msgs/include/control_msgs/control_msgs/msg/detail/interface_value__rosidl_typesupport_introspection_cpp.hpp
[2.021s] -- Up-to-date symlink: /home/pinet/SLAM_AGV/workspace/install/control_msgs/include/control_msgs/control_msgs/msg/detail/joint_component_tolerance__rosidl_typesupport_introspection_cpp.hpp
[2.022s] -- Up-to-date symlink: /home/pinet/SLAM_AGV/workspace/install/control_msgs/include/control_msgs/control_msgs/msg/detail/joint_controller_state__rosidl_typesupport_introspection_cpp.hpp
[2.023s] -- Up-to-date symlink: /home/pinet/SLAM_AGV/workspace/install/control_msgs/include/control_msgs/control_msgs/msg/detail/joint_jog__rosidl_typesupport_introspection_cpp.hpp
[2.024s] -- Up-to-date symlink: /home/pinet/SLAM_AGV/workspace/install/control_msgs/include/control_msgs/control_msgs/msg/detail/joint_tolerance__rosidl_typesupport_introspection_cpp.hpp
[2.025s] -- Up-to-date symlink: /home/pinet/SLAM_AGV/workspace/install/control_msgs/include/control_msgs/control_msgs/msg/detail/joint_trajectory_controller_state__rosidl_typesupport_introspection_cpp.hpp
[2.026s] -- Up-to-date symlink: /home/pinet/SLAM_AGV/workspace/install/control_msgs/include/control_msgs/control_msgs/msg/detail/mecanum_drive_controller_state__rosidl_typesupport_introspection_cpp.hpp
[2.027s] -- Up-to-date symlink: /home/pinet/SLAM_AGV/workspace/install/control_msgs/include/control_msgs/control_msgs/msg/detail/multi_dof_command__rosidl_typesupport_introspection_cpp.hpp
[2.028s] -- Up-to-date symlink: /home/pinet/SLAM_AGV/workspace/install/control_msgs/include/control_msgs/control_msgs/msg/detail/multi_dof_state_stamped__rosidl_typesupport_introspection_cpp.hpp
[2.029s] -- Up-to-date symlink: /home/pinet/SLAM_AGV/workspace/install/control_msgs/include/control_msgs/control_msgs/msg/detail/pid_state__rosidl_typesupport_introspection_cpp.hpp
[2.030s] -- Up-to-date symlink: /home/pinet/SLAM_AGV/workspace/install/control_msgs/include/control_msgs/control_msgs/msg/detail/single_dof_state__rosidl_typesupport_introspection_cpp.hpp
[2.031s] -- Up-to-date symlink: /home/pinet/SLAM_AGV/workspace/install/control_msgs/include/control_msgs/control_msgs/msg/detail/single_dof_state_stamped__rosidl_typesupport_introspection_cpp.hpp
[2.032s] -- Up-to-date symlink: /home/pinet/SLAM_AGV/workspace/install/control_msgs/include/control_msgs/control_msgs/msg/detail/steering_controller_status__rosidl_typesupport_introspection_cpp.hpp
[2.033s] -- Up-to-date symlink: /home/pinet/SLAM_AGV/workspace/install/control_msgs/include/control_msgs/control_msgs/srv/detail/query_calibration_state__rosidl_typesupport_introspection_cpp.hpp
[2.034s] -- Up-to-date symlink: /home/pinet/SLAM_AGV/workspace/install/control_msgs/include/control_msgs/control_msgs/srv/detail/query_trajectory_state__rosidl_typesupport_introspection_cpp.hpp
[2.035s] -- Up-to-date symlink: /home/pinet/SLAM_AGV/workspace/install/control_msgs/share/control_msgs/environment/pythonpath.sh
[2.036s] -- Up-to-date symlink: /home/pinet/SLAM_AGV/workspace/install/control_msgs/share/control_msgs/environment/pythonpath.dsv
[2.038s] -- Up-to-date symlink: /home/pinet/SLAM_AGV/workspace/install/control_msgs/local/lib/python3.10/dist-packages/control_msgs-4.7.0-py3.10.egg-info/PKG-INFO
[2.039s] -- Up-to-date symlink: /home/pinet/SLAM_AGV/workspace/install/control_msgs/local/lib/python3.10/dist-packages/control_msgs-4.7.0-py3.10.egg-info/SOURCES.txt
[2.040s] -- Up-to-date symlink: /home/pinet/SLAM_AGV/workspace/install/control_msgs/local/lib/python3.10/dist-packages/control_msgs-4.7.0-py3.10.egg-info/dependency_links.txt
[2.041s] -- Up-to-date symlink: /home/pinet/SLAM_AGV/workspace/install/control_msgs/local/lib/python3.10/dist-packages/control_msgs-4.7.0-py3.10.egg-info/top_level.txt
[2.055s] -- Up-to-date symlink: /home/pinet/SLAM_AGV/workspace/install/control_msgs/local/lib/python3.10/dist-packages/control_msgs/__init__.py
[2.056s] -- Up-to-date symlink: /home/pinet/SLAM_AGV/workspace/install/control_msgs/local/lib/python3.10/dist-packages/control_msgs/_control_msgs_s.ep.rosidl_typesupport_c.c
[2.057s] -- Up-to-date symlink: /home/pinet/SLAM_AGV/workspace/install/control_msgs/local/lib/python3.10/dist-packages/control_msgs/_control_msgs_s.ep.rosidl_typesupport_fastrtps_c.c
[2.058s] -- Up-to-date symlink: /home/pinet/SLAM_AGV/workspace/install/control_msgs/local/lib/python3.10/dist-packages/control_msgs/_control_msgs_s.ep.rosidl_typesupport_introspection_c.c
[2.059s] -- Up-to-date symlink: /home/pinet/SLAM_AGV/workspace/install/control_msgs/local/lib/python3.10/dist-packages/control_msgs/action/__init__.py
[2.060s] -- Up-to-date symlink: /home/pinet/SLAM_AGV/workspace/install/control_msgs/local/lib/python3.10/dist-packages/control_msgs/action/_follow_joint_trajectory.py
[2.060s] -- Up-to-date symlink: /home/pinet/SLAM_AGV/workspace/install/control_msgs/local/lib/python3.10/dist-packages/control_msgs/action/_follow_joint_trajectory_s.c
[2.061s] -- Up-to-date symlink: /home/pinet/SLAM_AGV/workspace/install/control_msgs/local/lib/python3.10/dist-packages/control_msgs/action/_gripper_command.py
[2.062s] -- Up-to-date symlink: /home/pinet/SLAM_AGV/workspace/install/control_msgs/local/lib/python3.10/dist-packages/control_msgs/action/_gripper_command_s.c
[2.063s] -- Up-to-date symlink: /home/pinet/SLAM_AGV/workspace/install/control_msgs/local/lib/python3.10/dist-packages/control_msgs/action/_joint_trajectory.py
[2.064s] -- Up-to-date symlink: /home/pinet/SLAM_AGV/workspace/install/control_msgs/local/lib/python3.10/dist-packages/control_msgs/action/_joint_trajectory_s.c
[2.065s] -- Up-to-date symlink: /home/pinet/SLAM_AGV/workspace/install/control_msgs/local/lib/python3.10/dist-packages/control_msgs/action/_parallel_gripper_command.py
[2.066s] -- Up-to-date symlink: /home/pinet/SLAM_AGV/workspace/install/control_msgs/local/lib/python3.10/dist-packages/control_msgs/action/_parallel_gripper_command_s.c
[2.067s] -- Up-to-date symlink: /home/pinet/SLAM_AGV/workspace/install/control_msgs/local/lib/python3.10/dist-packages/control_msgs/action/_point_head.py
[2.068s] -- Up-to-date symlink: /home/pinet/SLAM_AGV/workspace/install/control_msgs/local/lib/python3.10/dist-packages/control_msgs/action/_point_head_s.c
[2.069s] -- Up-to-date symlink: /home/pinet/SLAM_AGV/workspace/install/control_msgs/local/lib/python3.10/dist-packages/control_msgs/action/_single_joint_position.py
[2.069s] -- Up-to-date symlink: /home/pinet/SLAM_AGV/workspace/install/control_msgs/local/lib/python3.10/dist-packages/control_msgs/action/_single_joint_position_s.c
[2.070s] -- Up-to-date symlink: /home/pinet/SLAM_AGV/workspace/install/control_msgs/local/lib/python3.10/dist-packages/control_msgs/control_msgs_s__rosidl_typesupport_c.cpython-310-aarch64-linux-gnu.so
[2.071s] -- Up-to-date symlink: /home/pinet/SLAM_AGV/workspace/install/control_msgs/local/lib/python3.10/dist-packages/control_msgs/control_msgs_s__rosidl_typesupport_fastrtps_c.cpython-310-aarch64-linux-gnu.so
[2.072s] -- Up-to-date symlink: /home/pinet/SLAM_AGV/workspace/install/control_msgs/local/lib/python3.10/dist-packages/control_msgs/control_msgs_s__rosidl_typesupport_introspection_c.cpython-310-aarch64-linux-gnu.so
[2.073s] -- Up-to-date symlink: /home/pinet/SLAM_AGV/workspace/install/control_msgs/local/lib/python3.10/dist-packages/control_msgs/libcontrol_msgs__rosidl_generator_py.so
[2.074s] -- Up-to-date symlink: /home/pinet/SLAM_AGV/workspace/install/control_msgs/local/lib/python3.10/dist-packages/control_msgs/msg/__init__.py
[2.075s] -- Up-to-date symlink: /home/pinet/SLAM_AGV/workspace/install/control_msgs/local/lib/python3.10/dist-packages/control_msgs/msg/_admittance_controller_state.py
[2.076s] -- Up-to-date symlink: /home/pinet/SLAM_AGV/workspace/install/control_msgs/local/lib/python3.10/dist-packages/control_msgs/msg/_admittance_controller_state_s.c
[2.077s] -- Up-to-date symlink: /home/pinet/SLAM_AGV/workspace/install/control_msgs/local/lib/python3.10/dist-packages/control_msgs/msg/_dynamic_interface_group_values.py
[2.077s] -- Up-to-date symlink: /home/pinet/SLAM_AGV/workspace/install/control_msgs/local/lib/python3.10/dist-packages/control_msgs/msg/_dynamic_interface_group_values_s.c
[2.078s] -- Up-to-date symlink: /home/pinet/SLAM_AGV/workspace/install/control_msgs/local/lib/python3.10/dist-packages/control_msgs/msg/_dynamic_joint_state.py
[2.079s] -- Up-to-date symlink: /home/pinet/SLAM_AGV/workspace/install/control_msgs/local/lib/python3.10/dist-packages/control_msgs/msg/_dynamic_joint_state_s.c
[2.080s] -- Up-to-date symlink: /home/pinet/SLAM_AGV/workspace/install/control_msgs/local/lib/python3.10/dist-packages/control_msgs/msg/_gripper_command.py
[2.081s] -- Up-to-date symlink: /home/pinet/SLAM_AGV/workspace/install/control_msgs/local/lib/python3.10/dist-packages/control_msgs/msg/_gripper_command_s.c
[2.082s] -- Up-to-date symlink: /home/pinet/SLAM_AGV/workspace/install/control_msgs/local/lib/python3.10/dist-packages/control_msgs/msg/_interface_value.py
[2.083s] -- Up-to-date symlink: /home/pinet/SLAM_AGV/workspace/install/control_msgs/local/lib/python3.10/dist-packages/control_msgs/msg/_interface_value_s.c
[2.084s] -- Up-to-date symlink: /home/pinet/SLAM_AGV/workspace/install/control_msgs/local/lib/python3.10/dist-packages/control_msgs/msg/_joint_component_tolerance.py
[2.085s] -- Up-to-date symlink: /home/pinet/SLAM_AGV/workspace/install/control_msgs/local/lib/python3.10/dist-packages/control_msgs/msg/_joint_component_tolerance_s.c
[2.085s] -- Up-to-date symlink: /home/pinet/SLAM_AGV/workspace/install/control_msgs/local/lib/python3.10/dist-packages/control_msgs/msg/_joint_controller_state.py
[2.086s] -- Up-to-date symlink: /home/pinet/SLAM_AGV/workspace/install/control_msgs/local/lib/python3.10/dist-packages/control_msgs/msg/_joint_controller_state_s.c
[2.087s] -- Up-to-date symlink: /home/pinet/SLAM_AGV/workspace/install/control_msgs/local/lib/python3.10/dist-packages/control_msgs/msg/_joint_jog.py
[2.088s] -- Up-to-date symlink: /home/pinet/SLAM_AGV/workspace/install/control_msgs/local/lib/python3.10/dist-packages/control_msgs/msg/_joint_jog_s.c
[2.089s] -- Up-to-date symlink: /home/pinet/SLAM_AGV/workspace/install/control_msgs/local/lib/python3.10/dist-packages/control_msgs/msg/_joint_tolerance.py
[2.090s] -- Up-to-date symlink: /home/pinet/SLAM_AGV/workspace/install/control_msgs/local/lib/python3.10/dist-packages/control_msgs/msg/_joint_tolerance_s.c
[2.091s] -- Up-to-date symlink: /home/pinet/SLAM_AGV/workspace/install/control_msgs/local/lib/python3.10/dist-packages/control_msgs/msg/_joint_trajectory_controller_state.py
[2.092s] -- Up-to-date symlink: /home/pinet/SLAM_AGV/workspace/install/control_msgs/local/lib/python3.10/dist-packages/control_msgs/msg/_joint_trajectory_controller_state_s.c
[2.092s] -- Up-to-date symlink: /home/pinet/SLAM_AGV/workspace/install/control_msgs/local/lib/python3.10/dist-packages/control_msgs/msg/_mecanum_drive_controller_state.py
[2.093s] -- Up-to-date symlink: /home/pinet/SLAM_AGV/workspace/install/control_msgs/local/lib/python3.10/dist-packages/control_msgs/msg/_mecanum_drive_controller_state_s.c
[2.094s] -- Up-to-date symlink: /home/pinet/SLAM_AGV/workspace/install/control_msgs/local/lib/python3.10/dist-packages/control_msgs/msg/_multi_dof_command.py
[2.095s] -- Up-to-date symlink: /home/pinet/SLAM_AGV/workspace/install/control_msgs/local/lib/python3.10/dist-packages/control_msgs/msg/_multi_dof_command_s.c
[2.096s] -- Up-to-date symlink: /home/pinet/SLAM_AGV/workspace/install/control_msgs/local/lib/python3.10/dist-packages/control_msgs/msg/_multi_dof_state_stamped.py
[2.097s] -- Up-to-date symlink: /home/pinet/SLAM_AGV/workspace/install/control_msgs/local/lib/python3.10/dist-packages/control_msgs/msg/_multi_dof_state_stamped_s.c
[2.098s] -- Up-to-date symlink: /home/pinet/SLAM_AGV/workspace/install/control_msgs/local/lib/python3.10/dist-packages/control_msgs/msg/_pid_state.py
[2.099s] -- Up-to-date symlink: /home/pinet/SLAM_AGV/workspace/install/control_msgs/local/lib/python3.10/dist-packages/control_msgs/msg/_pid_state_s.c
[2.100s] -- Up-to-date symlink: /home/pinet/SLAM_AGV/workspace/install/control_msgs/local/lib/python3.10/dist-packages/control_msgs/msg/_single_dof_state.py
[2.101s] -- Up-to-date symlink: /home/pinet/SLAM_AGV/workspace/install/control_msgs/local/lib/python3.10/dist-packages/control_msgs/msg/_single_dof_state_s.c
[2.101s] -- Up-to-date symlink: /home/pinet/SLAM_AGV/workspace/install/control_msgs/local/lib/python3.10/dist-packages/control_msgs/msg/_single_dof_state_stamped.py
[2.102s] -- Up-to-date symlink: /home/pinet/SLAM_AGV/workspace/install/control_msgs/local/lib/python3.10/dist-packages/control_msgs/msg/_single_dof_state_stamped_s.c
[2.103s] -- Up-to-date symlink: /home/pinet/SLAM_AGV/workspace/install/control_msgs/local/lib/python3.10/dist-packages/control_msgs/msg/_steering_controller_status.py
[2.104s] -- Up-to-date symlink: /home/pinet/SLAM_AGV/workspace/install/control_msgs/local/lib/python3.10/dist-packages/control_msgs/msg/_steering_controller_status_s.c
[2.105s] -- Up-to-date symlink: /home/pinet/SLAM_AGV/workspace/install/control_msgs/local/lib/python3.10/dist-packages/control_msgs/srv/__init__.py
[2.106s] -- Up-to-date symlink: /home/pinet/SLAM_AGV/workspace/install/control_msgs/local/lib/python3.10/dist-packages/control_msgs/srv/_query_calibration_state.py
[2.107s] -- Up-to-date symlink: /home/pinet/SLAM_AGV/workspace/install/control_msgs/local/lib/python3.10/dist-packages/control_msgs/srv/_query_calibration_state_s.c
[2.108s] -- Up-to-date symlink: /home/pinet/SLAM_AGV/workspace/install/control_msgs/local/lib/python3.10/dist-packages/control_msgs/srv/_query_trajectory_state.py
[2.109s] -- Up-to-date symlink: /home/pinet/SLAM_AGV/workspace/install/control_msgs/local/lib/python3.10/dist-packages/control_msgs/srv/_query_trajectory_state_s.c
[2.110s] -- Up-to-date symlink: /home/pinet/SLAM_AGV/workspace/install/control_msgs/local/lib/python3.10/dist-packages/control_msgs/control_msgs_s__rosidl_typesupport_fastrtps_c.cpython-310-aarch64-linux-gnu.so
[2.112s] -- Up-to-date symlink: /home/pinet/SLAM_AGV/workspace/install/control_msgs/local/lib/python3.10/dist-packages/control_msgs/control_msgs_s__rosidl_typesupport_introspection_c.cpython-310-aarch64-linux-gnu.so
[2.113s] -- Up-to-date symlink: /home/pinet/SLAM_AGV/workspace/install/control_msgs/local/lib/python3.10/dist-packages/control_msgs/control_msgs_s__rosidl_typesupport_c.cpython-310-aarch64-linux-gnu.so
[2.114s] -- Up-to-date symlink: /home/pinet/SLAM_AGV/workspace/install/control_msgs/share/control_msgs/action/ParallelGripperCommand.idl
[2.115s] -- Up-to-date symlink: /home/pinet/SLAM_AGV/workspace/install/control_msgs/share/control_msgs/action/FollowJointTrajectory.idl
[2.116s] -- Up-to-date symlink: /home/pinet/SLAM_AGV/workspace/install/control_msgs/share/control_msgs/action/GripperCommand.idl
[2.117s] -- Up-to-date symlink: /home/pinet/SLAM_AGV/workspace/install/control_msgs/share/control_msgs/action/JointTrajectory.idl
[2.118s] -- Up-to-date symlink: /home/pinet/SLAM_AGV/workspace/install/control_msgs/share/control_msgs/action/PointHead.idl
[2.119s] -- Up-to-date symlink: /home/pinet/SLAM_AGV/workspace/install/control_msgs/share/control_msgs/action/SingleJointPosition.idl
[2.120s] -- Up-to-date symlink: /home/pinet/SLAM_AGV/workspace/install/control_msgs/share/control_msgs/msg/AdmittanceControllerState.idl
[2.121s] -- Up-to-date symlink: /home/pinet/SLAM_AGV/workspace/install/control_msgs/share/control_msgs/msg/DynamicInterfaceGroupValues.idl
[2.122s] -- Up-to-date symlink: /home/pinet/SLAM_AGV/workspace/install/control_msgs/share/control_msgs/msg/DynamicJointState.idl
[2.123s] -- Up-to-date symlink: /home/pinet/SLAM_AGV/workspace/install/control_msgs/share/control_msgs/msg/GripperCommand.idl
[2.124s] -- Up-to-date symlink: /home/pinet/SLAM_AGV/workspace/install/control_msgs/share/control_msgs/msg/InterfaceValue.idl
[2.125s] -- Up-to-date symlink: /home/pinet/SLAM_AGV/workspace/install/control_msgs/share/control_msgs/msg/JointComponentTolerance.idl
[2.126s] -- Up-to-date symlink: /home/pinet/SLAM_AGV/workspace/install/control_msgs/share/control_msgs/msg/JointControllerState.idl
[2.127s] -- Up-to-date symlink: /home/pinet/SLAM_AGV/workspace/install/control_msgs/share/control_msgs/msg/JointJog.idl
[2.128s] -- Up-to-date symlink: /home/pinet/SLAM_AGV/workspace/install/control_msgs/share/control_msgs/msg/JointTolerance.idl
[2.129s] -- Up-to-date symlink: /home/pinet/SLAM_AGV/workspace/install/control_msgs/share/control_msgs/msg/JointTrajectoryControllerState.idl
[2.130s] -- Up-to-date symlink: /home/pinet/SLAM_AGV/workspace/install/control_msgs/share/control_msgs/msg/MecanumDriveControllerState.idl
[2.131s] -- Up-to-date symlink: /home/pinet/SLAM_AGV/workspace/install/control_msgs/share/control_msgs/msg/MultiDOFCommand.idl
[2.132s] -- Up-to-date symlink: /home/pinet/SLAM_AGV/workspace/install/control_msgs/share/control_msgs/msg/MultiDOFStateStamped.idl
[2.133s] -- Up-to-date symlink: /home/pinet/SLAM_AGV/workspace/install/control_msgs/share/control_msgs/msg/PidState.idl
[2.134s] -- Up-to-date symlink: /home/pinet/SLAM_AGV/workspace/install/control_msgs/share/control_msgs/msg/SingleDOFState.idl
[2.135s] -- Up-to-date symlink: /home/pinet/SLAM_AGV/workspace/install/control_msgs/share/control_msgs/msg/SingleDOFStateStamped.idl
[2.136s] -- Up-to-date symlink: /home/pinet/SLAM_AGV/workspace/install/control_msgs/share/control_msgs/msg/SteeringControllerStatus.idl
[2.137s] -- Up-to-date symlink: /home/pinet/SLAM_AGV/workspace/install/control_msgs/share/control_msgs/srv/QueryCalibrationState.idl
[2.138s] -- Up-to-date symlink: /home/pinet/SLAM_AGV/workspace/install/control_msgs/share/control_msgs/srv/QueryTrajectoryState.idl
[2.139s] -- Up-to-date symlink: /home/pinet/SLAM_AGV/workspace/install/control_msgs/share/control_msgs/action/ParallelGripperCommand.action
[2.140s] -- Up-to-date symlink: /home/pinet/SLAM_AGV/workspace/install/control_msgs/share/control_msgs/action/FollowJointTrajectory.action
[2.141s] -- Up-to-date symlink: /home/pinet/SLAM_AGV/workspace/install/control_msgs/share/control_msgs/action/GripperCommand.action
[2.142s] -- Up-to-date symlink: /home/pinet/SLAM_AGV/workspace/install/control_msgs/share/control_msgs/action/JointTrajectory.action
[2.143s] -- Up-to-date symlink: /home/pinet/SLAM_AGV/workspace/install/control_msgs/share/control_msgs/action/PointHead.action
[2.144s] -- Up-to-date symlink: /home/pinet/SLAM_AGV/workspace/install/control_msgs/share/control_msgs/action/SingleJointPosition.action
[2.144s] -- Up-to-date symlink: /home/pinet/SLAM_AGV/workspace/install/control_msgs/share/control_msgs/msg/AdmittanceControllerState.msg
[2.145s] -- Up-to-date symlink: /home/pinet/SLAM_AGV/workspace/install/control_msgs/share/control_msgs/msg/DynamicInterfaceGroupValues.msg
[2.146s] -- Up-to-date symlink: /home/pinet/SLAM_AGV/workspace/install/control_msgs/share/control_msgs/msg/DynamicJointState.msg
[2.147s] -- Up-to-date symlink: /home/pinet/SLAM_AGV/workspace/install/control_msgs/share/control_msgs/msg/GripperCommand.msg
[2.148s] -- Up-to-date symlink: /home/pinet/SLAM_AGV/workspace/install/control_msgs/share/control_msgs/msg/InterfaceValue.msg
[2.149s] -- Up-to-date symlink: /home/pinet/SLAM_AGV/workspace/install/control_msgs/share/control_msgs/msg/JointComponentTolerance.msg
[2.150s] -- Up-to-date symlink: /home/pinet/SLAM_AGV/workspace/install/control_msgs/share/control_msgs/msg/JointControllerState.msg
[2.151s] -- Up-to-date symlink: /home/pinet/SLAM_AGV/workspace/install/control_msgs/share/control_msgs/msg/JointJog.msg
[2.152s] -- Up-to-date symlink: /home/pinet/SLAM_AGV/workspace/install/control_msgs/share/control_msgs/msg/JointTolerance.msg
[2.153s] -- Up-to-date symlink: /home/pinet/SLAM_AGV/workspace/install/control_msgs/share/control_msgs/msg/JointTrajectoryControllerState.msg
[2.154s] -- Up-to-date symlink: /home/pinet/SLAM_AGV/workspace/install/control_msgs/share/control_msgs/msg/MecanumDriveControllerState.msg
[2.155s] -- Up-to-date symlink: /home/pinet/SLAM_AGV/workspace/install/control_msgs/share/control_msgs/msg/MultiDOFCommand.msg
[2.156s] -- Up-to-date symlink: /home/pinet/SLAM_AGV/workspace/install/control_msgs/share/control_msgs/msg/MultiDOFStateStamped.msg
[2.156s] -- Up-to-date symlink: /home/pinet/SLAM_AGV/workspace/install/control_msgs/share/control_msgs/msg/PidState.msg
[2.157s] -- Up-to-date symlink: /home/pinet/SLAM_AGV/workspace/install/control_msgs/share/control_msgs/msg/SingleDOFState.msg
[2.158s] -- Up-to-date symlink: /home/pinet/SLAM_AGV/workspace/install/control_msgs/share/control_msgs/msg/SingleDOFStateStamped.msg
[2.159s] -- Up-to-date symlink: /home/pinet/SLAM_AGV/workspace/install/control_msgs/share/control_msgs/msg/SteeringControllerStatus.msg
[2.160s] -- Up-to-date symlink: /home/pinet/SLAM_AGV/workspace/install/control_msgs/share/control_msgs/srv/QueryCalibrationState.srv
[2.161s] -- Up-to-date symlink: /home/pinet/SLAM_AGV/workspace/install/control_msgs/share/control_msgs/srv/QueryCalibrationState_Request.msg
[2.162s] -- Up-to-date symlink: /home/pinet/SLAM_AGV/workspace/install/control_msgs/share/control_msgs/srv/QueryCalibrationState_Response.msg
[2.163s] -- Up-to-date symlink: /home/pinet/SLAM_AGV/workspace/install/control_msgs/share/control_msgs/srv/QueryTrajectoryState.srv
[2.164s] -- Up-to-date symlink: /home/pinet/SLAM_AGV/workspace/install/control_msgs/share/control_msgs/srv/QueryTrajectoryState_Request.msg
[2.165s] -- Up-to-date symlink: /home/pinet/SLAM_AGV/workspace/install/control_msgs/share/control_msgs/srv/QueryTrajectoryState_Response.msg
[2.166s] -- Up-to-date symlink: /home/pinet/SLAM_AGV/workspace/install/control_msgs/share/ament_index/resource_index/package_run_dependencies/control_msgs
[2.167s] -- Up-to-date symlink: /home/pinet/SLAM_AGV/workspace/install/control_msgs/share/ament_index/resource_index/parent_prefix_path/control_msgs
[2.168s] -- Up-to-date symlink: /home/pinet/SLAM_AGV/workspace/install/control_msgs/share/control_msgs/environment/ament_prefix_path.sh
[2.169s] -- Up-to-date symlink: /home/pinet/SLAM_AGV/workspace/install/control_msgs/share/control_msgs/environment/ament_prefix_path.dsv
[2.170s] -- Up-to-date symlink: /home/pinet/SLAM_AGV/workspace/install/control_msgs/share/control_msgs/environment/path.sh
[2.171s] -- Up-to-date symlink: /home/pinet/SLAM_AGV/workspace/install/control_msgs/share/control_msgs/environment/path.dsv
[2.172s] -- Up-to-date symlink: /home/pinet/SLAM_AGV/workspace/install/control_msgs/share/control_msgs/local_setup.bash
[2.172s] -- Up-to-date symlink: /home/pinet/SLAM_AGV/workspace/install/control_msgs/share/control_msgs/local_setup.sh
[2.173s] -- Up-to-date symlink: /home/pinet/SLAM_AGV/workspace/install/control_msgs/share/control_msgs/local_setup.zsh
[2.174s] -- Up-to-date symlink: /home/pinet/SLAM_AGV/workspace/install/control_msgs/share/control_msgs/local_setup.dsv
[2.175s] -- Symlinking: /home/pinet/SLAM_AGV/workspace/install/control_msgs/share/control_msgs/package.dsv
[2.207s] -- Up-to-date symlink: /home/pinet/SLAM_AGV/workspace/install/control_msgs/share/ament_index/resource_index/packages/control_msgs
[2.207s] -- Up-to-date symlink: /home/pinet/SLAM_AGV/workspace/install/control_msgs/share/control_msgs/cmake/rosidl_cmake-extras.cmake
[2.209s] -- Up-to-date symlink: /home/pinet/SLAM_AGV/workspace/install/control_msgs/share/control_msgs/cmake/ament_cmake_export_dependencies-extras.cmake
[2.210s] -- Up-to-date symlink: /home/pinet/SLAM_AGV/workspace/install/control_msgs/share/control_msgs/cmake/ament_cmake_export_include_directories-extras.cmake
[2.211s] -- Up-to-date symlink: /home/pinet/SLAM_AGV/workspace/install/control_msgs/share/control_msgs/cmake/ament_cmake_export_libraries-extras.cmake
[2.211s] -- Up-to-date symlink: /home/pinet/SLAM_AGV/workspace/install/control_msgs/share/control_msgs/cmake/ament_cmake_export_targets-extras.cmake
[2.212s] -- Up-to-date symlink: /home/pinet/SLAM_AGV/workspace/install/control_msgs/share/control_msgs/cmake/rosidl_cmake_export_typesupport_targets-extras.cmake
[2.213s] -- Up-to-date symlink: /home/pinet/SLAM_AGV/workspace/install/control_msgs/share/control_msgs/cmake/rosidl_cmake_export_typesupport_libraries-extras.cmake
[2.214s] -- Up-to-date symlink: /home/pinet/SLAM_AGV/workspace/install/control_msgs/share/control_msgs/cmake/control_msgsConfig.cmake
[2.215s] -- Up-to-date symlink: /home/pinet/SLAM_AGV/workspace/install/control_msgs/share/control_msgs/cmake/control_msgsConfig-version.cmake
[2.216s] -- Up-to-date symlink: /home/pinet/SLAM_AGV/workspace/install/control_msgs/share/control_msgs/package.xml
[2.218s] -- Up-to-date: /home/pinet/SLAM_AGV/workspace/install/control_msgs/lib/libcontrol_msgs__rosidl_generator_c.so
[2.220s] -- Up-to-date: /home/pinet/SLAM_AGV/workspace/install/control_msgs/lib/libcontrol_msgs__rosidl_typesupport_fastrtps_c.so
[2.222s] -- Up-to-date: /home/pinet/SLAM_AGV/workspace/install/control_msgs/lib/libcontrol_msgs__rosidl_typesupport_fastrtps_cpp.so
[2.224s] -- Up-to-date: /home/pinet/SLAM_AGV/workspace/install/control_msgs/lib/libcontrol_msgs__rosidl_typesupport_introspection_c.so
[2.226s] -- Up-to-date: /home/pinet/SLAM_AGV/workspace/install/control_msgs/lib/libcontrol_msgs__rosidl_typesupport_c.so
[2.228s] -- Up-to-date: /home/pinet/SLAM_AGV/workspace/install/control_msgs/lib/libcontrol_msgs__rosidl_typesupport_introspection_cpp.so
[2.230s] -- Up-to-date: /home/pinet/SLAM_AGV/workspace/install/control_msgs/lib/libcontrol_msgs__rosidl_typesupport_cpp.so
[2.372s] Listing '/home/pinet/SLAM_AGV/workspace/install/control_msgs/local/lib/python3.10/dist-packages/control_msgs'...
[2.373s] Listing '/home/pinet/SLAM_AGV/workspace/install/control_msgs/local/lib/python3.10/dist-packages/control_msgs/action'...
[2.374s] Listing '/home/pinet/SLAM_AGV/workspace/install/control_msgs/local/lib/python3.10/dist-packages/control_msgs/msg'...
[2.375s] Listing '/home/pinet/SLAM_AGV/workspace/install/control_msgs/local/lib/python3.10/dist-packages/control_msgs/srv'...
[2.395s] -- Up-to-date: /home/pinet/SLAM_AGV/workspace/install/control_msgs/lib/libcontrol_msgs__rosidl_generator_py.so
[2.396s] -- Up-to-date: /home/pinet/SLAM_AGV/workspace/install/control_msgs/share/control_msgs/cmake/export_control_msgs__rosidl_generator_cExport.cmake
[2.397s] -- Up-to-date: /home/pinet/SLAM_AGV/workspace/install/control_msgs/share/control_msgs/cmake/export_control_msgs__rosidl_generator_cExport-noconfig.cmake
[2.398s] -- Up-to-date: /home/pinet/SLAM_AGV/workspace/install/control_msgs/share/control_msgs/cmake/export_control_msgs__rosidl_typesupport_fastrtps_cExport.cmake
[2.398s] -- Up-to-date: /home/pinet/SLAM_AGV/workspace/install/control_msgs/share/control_msgs/cmake/export_control_msgs__rosidl_typesupport_fastrtps_cExport-noconfig.cmake
[2.399s] -- Up-to-date: /home/pinet/SLAM_AGV/workspace/install/control_msgs/share/control_msgs/cmake/export_control_msgs__rosidl_generator_cppExport.cmake
[2.400s] -- Up-to-date: /home/pinet/SLAM_AGV/workspace/install/control_msgs/share/control_msgs/cmake/export_control_msgs__rosidl_typesupport_fastrtps_cppExport.cmake
[2.401s] -- Up-to-date: /home/pinet/SLAM_AGV/workspace/install/control_msgs/share/control_msgs/cmake/export_control_msgs__rosidl_typesupport_fastrtps_cppExport-noconfig.cmake
[2.402s] -- Up-to-date: /home/pinet/SLAM_AGV/workspace/install/control_msgs/share/control_msgs/cmake/control_msgs__rosidl_typesupport_introspection_cExport.cmake
[2.402s] -- Up-to-date: /home/pinet/SLAM_AGV/workspace/install/control_msgs/share/control_msgs/cmake/control_msgs__rosidl_typesupport_introspection_cExport-noconfig.cmake
[2.403s] -- Up-to-date: /home/pinet/SLAM_AGV/workspace/install/control_msgs/share/control_msgs/cmake/control_msgs__rosidl_typesupport_cExport.cmake
[2.404s] -- Up-to-date: /home/pinet/SLAM_AGV/workspace/install/control_msgs/share/control_msgs/cmake/control_msgs__rosidl_typesupport_cExport-noconfig.cmake
[2.405s] -- Up-to-date: /home/pinet/SLAM_AGV/workspace/install/control_msgs/share/control_msgs/cmake/control_msgs__rosidl_typesupport_introspection_cppExport.cmake
[2.405s] -- Up-to-date: /home/pinet/SLAM_AGV/workspace/install/control_msgs/share/control_msgs/cmake/control_msgs__rosidl_typesupport_introspection_cppExport-noconfig.cmake
[2.406s] -- Up-to-date: /home/pinet/SLAM_AGV/workspace/install/control_msgs/share/control_msgs/cmake/control_msgs__rosidl_typesupport_cppExport.cmake
[2.407s] -- Up-to-date: /home/pinet/SLAM_AGV/workspace/install/control_msgs/share/control_msgs/cmake/control_msgs__rosidl_typesupport_cppExport-noconfig.cmake
[2.408s] -- Up-to-date: /home/pinet/SLAM_AGV/workspace/install/control_msgs/share/control_msgs/cmake/export_control_msgs__rosidl_generator_pyExport.cmake
[2.408s] -- Up-to-date: /home/pinet/SLAM_AGV/workspace/install/control_msgs/share/control_msgs/cmake/export_control_msgs__rosidl_generator_pyExport-noconfig.cmake
[2.416s] Invoked command in '/home/pinet/SLAM_AGV/workspace/build/control_msgs' returned '0': CMAKE_PREFIX_PATH=/opt/ros/humble /usr/bin/cmake --install /home/pinet/SLAM_AGV/workspace/build/control_msgs
