[0.055s] Invoking command in '/home/pinet/SLAM_AGV/workspace/build/transmission_interface': AMENT_PREFIX_PATH=/home/pinet/SLAM_AGV/workspace/install/hardware_interface:/home/pinet/SLAM_AGV/workspace/install/ros2_control_test_assets:/home/pinet/SLAM_AGV/workspace/install/control_msgs:${AMENT_PREFIX_PATH} CMAKE_PREFIX_PATH=/home/pinet/SLAM_AGV/workspace/install/hardware_interface:/home/pinet/SLAM_AGV/workspace/install/ros2_control_test_assets:/home/pinet/SLAM_AGV/workspace/install/control_msgs:/opt/ros/humble LD_LIBRARY_PATH=/home/pinet/SLAM_AGV/workspace/install/hardware_interface/lib:/home/pinet/SLAM_AGV/workspace/install/control_msgs/lib:${LD_LIBRARY_PATH} PYTHONPATH=/home/pinet/SLAM_AGV/workspace/install/control_msgs/local/lib/python3.10/dist-packages:${PYTHONPATH} /usr/bin/cmake /home/pinet/SLAM_AGV/workspace/src/ros2_control/transmission_interface -DAMENT_CMAKE_SYMLINK_INSTALL=1 -DCMAKE_INSTALL_PREFIX=/home/pinet/SLAM_AGV/workspace/install/transmission_interface
[0.303s] -- The C compiler identification is GNU 11.4.0
[0.550s] -- The CXX compiler identification is GNU 11.4.0
[0.580s] -- Detecting C compiler ABI info
[0.884s] -- Detecting C compiler ABI info - done
[0.912s] -- Check for working C compiler: /usr/bin/cc - skipped
[0.913s] -- Detecting C compile features
[0.914s] -- Detecting C compile features - done
[0.925s] -- Detecting CXX compiler ABI info
[1.262s] -- Detecting CXX compiler ABI info - done
[1.290s] -- Check for working CXX compiler: /usr/bin/c++ - skipped
[1.291s] -- Detecting CXX compile features
[1.292s] -- Detecting CXX compile features - done
[1.315s] -- Found ament_cmake: 1.3.11 (/opt/ros/humble/share/ament_cmake/cmake)
[1.991s] -- Found Python3: /usr/bin/python3 (found version "3.10.12") found components: Interpreter 
[2.265s] -- Override CMake install command with custom implementation using symlinks instead of copying resources
[2.493s] -- Found hardware_interface: 2.48.0 (/home/pinet/SLAM_AGV/workspace/install/hardware_interface/share/hardware_interface/cmake)
[2.751s] -- Found rosidl_generator_c: 3.1.6 (/opt/ros/humble/share/rosidl_generator_c/cmake)
[2.790s] -- Found rosidl_adapter: 3.1.6 (/opt/ros/humble/share/rosidl_adapter/cmake)
[2.841s] -- Found rosidl_generator_cpp: 3.1.6 (/opt/ros/humble/share/rosidl_generator_cpp/cmake)
[2.908s] -- Using all available rosidl_typesupport_c: rosidl_typesupport_fastrtps_c;rosidl_typesupport_introspection_c
[3.000s] -- Using all available rosidl_typesupport_cpp: rosidl_typesupport_fastrtps_cpp;rosidl_typesupport_introspection_cpp
[4.019s] -- Found rmw_implementation_cmake: 6.1.2 (/opt/ros/humble/share/rmw_implementation_cmake/cmake)
[4.039s] -- Found rmw_fastrtps_cpp: 6.2.7 (/opt/ros/humble/share/rmw_fastrtps_cpp/cmake)
[4.181s] -- Found TinyXML2 via Config file: TinyXML2_DIR-NOTFOUND
[4.414s] -- Found OpenSSL: /usr/lib/aarch64-linux-gnu/libcrypto.so (found version "3.0.2")  
[4.427s] -- Found TinyXML2 via Config file: TinyXML2_DIR-NOTFOUND
[4.474s] -- Found FastRTPS: /opt/ros/humble/include  
[4.485s] -- Found TinyXML2 via Config file: TinyXML2_DIR-NOTFOUND
[4.516s] -- Found TinyXML2 via Config file: TinyXML2_DIR-NOTFOUND
[4.549s] -- Using RMW implementation 'rmw_fastrtps_cpp' as default
[4.610s] -- Looking for pthread.h
[4.935s] -- Looking for pthread.h - found
[4.936s] -- Performing Test CMAKE_HAVE_LIBC_PTHREAD
[5.258s] -- Performing Test CMAKE_HAVE_LIBC_PTHREAD - Success
[5.263s] -- Found Threads: TRUE  
[5.504s] -- Found ament_cmake_gmock: 1.3.11 (/opt/ros/humble/share/ament_cmake_gmock/cmake)
[5.520s] -- Found gmock sources under '/opt/ros/humble/src/gmock_vendor': C++ tests using 'Google Mock' will be built
[5.554s] -- Found ament_cmake_gtest: 1.3.11 (/opt/ros/humble/share/ament_cmake_gtest/cmake)
[5.557s] -- Found gtest sources under '/opt/ros/humble/src/gtest_vendor': C++ tests using 'Google Test' will be built
[5.988s] -- Configuring done
[6.889s] -- Generating done
[6.979s] -- Build files have been written to: /home/pinet/SLAM_AGV/workspace/build/transmission_interface
[7.027s] Invoked command in '/home/pinet/SLAM_AGV/workspace/build/transmission_interface' returned '0': AMENT_PREFIX_PATH=/home/pinet/SLAM_AGV/workspace/install/hardware_interface:/home/pinet/SLAM_AGV/workspace/install/ros2_control_test_assets:/home/pinet/SLAM_AGV/workspace/install/control_msgs:${AMENT_PREFIX_PATH} CMAKE_PREFIX_PATH=/home/pinet/SLAM_AGV/workspace/install/hardware_interface:/home/pinet/SLAM_AGV/workspace/install/ros2_control_test_assets:/home/pinet/SLAM_AGV/workspace/install/control_msgs:/opt/ros/humble LD_LIBRARY_PATH=/home/pinet/SLAM_AGV/workspace/install/hardware_interface/lib:/home/pinet/SLAM_AGV/workspace/install/control_msgs/lib:${LD_LIBRARY_PATH} PYTHONPATH=/home/pinet/SLAM_AGV/workspace/install/control_msgs/local/lib/python3.10/dist-packages:${PYTHONPATH} /usr/bin/cmake /home/pinet/SLAM_AGV/workspace/src/ros2_control/transmission_interface -DAMENT_CMAKE_SYMLINK_INSTALL=1 -DCMAKE_INSTALL_PREFIX=/home/pinet/SLAM_AGV/workspace/install/transmission_interface
[7.035s] Invoking command in '/home/pinet/SLAM_AGV/workspace/build/transmission_interface': AMENT_PREFIX_PATH=/home/pinet/SLAM_AGV/workspace/install/hardware_interface:/home/pinet/SLAM_AGV/workspace/install/ros2_control_test_assets:/home/pinet/SLAM_AGV/workspace/install/control_msgs:${AMENT_PREFIX_PATH} CMAKE_PREFIX_PATH=/home/pinet/SLAM_AGV/workspace/install/hardware_interface:/home/pinet/SLAM_AGV/workspace/install/ros2_control_test_assets:/home/pinet/SLAM_AGV/workspace/install/control_msgs:/opt/ros/humble LD_LIBRARY_PATH=/home/pinet/SLAM_AGV/workspace/install/hardware_interface/lib:/home/pinet/SLAM_AGV/workspace/install/control_msgs/lib:${LD_LIBRARY_PATH} PYTHONPATH=/home/pinet/SLAM_AGV/workspace/install/control_msgs/local/lib/python3.10/dist-packages:${PYTHONPATH} /usr/bin/cmake --build /home/pinet/SLAM_AGV/workspace/build/transmission_interface -- -j4 -l4
[7.251s] [  4%] [34m[1mGenerating transmission_interface/version.h[0m
[7.254s] [  8%] [32mBuilding CXX object gmock/CMakeFiles/gmock_main.dir/src/gmock_main.cc.o[0m
[7.258s] [ 12%] [32mBuilding CXX object gmock/CMakeFiles/gmock.dir/opt/ros/humble/src/gtest_vendor/src/gtest-all.cc.o[0m
[7.260s] [ 16%] [32mBuilding CXX object gmock/CMakeFiles/gmock.dir/src/gmock-all.cc.o[0m
[7.331s] [ 16%] Built target ament_generate_version_header__transmission_interface
[7.424s] [ 20%] [32mBuilding CXX object CMakeFiles/transmission_interface.dir/src/simple_transmission_loader.cpp.o[0m
[18.246s] [ 25%] [32m[1mLinking CXX static library libgmock_main.a[0m
[18.412s] [ 25%] Built target gmock_main
[18.457s] [ 29%] [32mBuilding CXX object CMakeFiles/transmission_interface.dir/src/four_bar_linkage_transmission_loader.cpp.o[0m
[22.368s] [ 33%] [32mBuilding CXX object CMakeFiles/transmission_interface.dir/src/differential_transmission_loader.cpp.o[0m
[29.694s] [ 37%] [32m[1mLinking CXX static library libgmock.a[0m
[30.064s] [ 37%] Built target gmock
[30.172s] [ 41%] [32mBuilding CXX object CMakeFiles/test_simple_transmission.dir/test/simple_transmission_test.cpp.o[0m
[30.182s] [ 45%] [32mBuilding CXX object CMakeFiles/test_differential_transmission.dir/test/differential_transmission_test.cpp.o[0m
[40.629s] [ 50%] [32mBuilding CXX object CMakeFiles/test_four_bar_linkage_transmission.dir/test/four_bar_linkage_transmission_test.cpp.o[0m
[44.044s] [ 54%] [32m[1mLinking CXX shared library libtransmission_interface.so[0m
[45.316s] [ 54%] Built target transmission_interface
[45.434s] [ 58%] [32mBuilding CXX object CMakeFiles/test_simple_transmission_loader.dir/test/simple_transmission_loader_test.cpp.o[0m
[46.048s] [ 62%] [32m[1mLinking CXX executable test_simple_transmission[0m
[46.549s] [ 66%] [32m[1mLinking CXX executable test_differential_transmission[0m
[48.984s] [ 66%] Built target test_simple_transmission
[49.122s] [ 70%] [32mBuilding CXX object CMakeFiles/test_four_bar_linkage_transmission_loader.dir/test/four_bar_linkage_transmission_loader_test.cpp.o[0m
[49.309s] [ 70%] Built target test_differential_transmission
[49.423s] [ 75%] [32mBuilding CXX object CMakeFiles/test_differential_transmission_loader.dir/test/differential_transmission_loader_test.cpp.o[0m
[59.184s] [ 79%] [32m[1mLinking CXX executable test_four_bar_linkage_transmission[0m
[61.596s] [ 79%] Built target test_four_bar_linkage_transmission
[61.732s] [ 83%] [32mBuilding CXX object CMakeFiles/test_utils.dir/test/utils_test.cpp.o[0m
[74.482s] [ 87%] [32m[1mLinking CXX executable test_utils[0m
[76.470s] [ 87%] Built target test_utils
[78.646s] [ 91%] [32m[1mLinking CXX executable test_simple_transmission_loader[0m
[81.571s] [ 95%] [32m[1mLinking CXX executable test_four_bar_linkage_transmission_loader[0m
[81.661s] [ 95%] Built target test_simple_transmission_loader
[82.595s] [100%] [32m[1mLinking CXX executable test_differential_transmission_loader[0m
[84.804s] [100%] Built target test_four_bar_linkage_transmission_loader
[85.604s] [100%] Built target test_differential_transmission_loader
[85.644s] Invoked command in '/home/pinet/SLAM_AGV/workspace/build/transmission_interface' returned '0': AMENT_PREFIX_PATH=/home/pinet/SLAM_AGV/workspace/install/hardware_interface:/home/pinet/SLAM_AGV/workspace/install/ros2_control_test_assets:/home/pinet/SLAM_AGV/workspace/install/control_msgs:${AMENT_PREFIX_PATH} CMAKE_PREFIX_PATH=/home/pinet/SLAM_AGV/workspace/install/hardware_interface:/home/pinet/SLAM_AGV/workspace/install/ros2_control_test_assets:/home/pinet/SLAM_AGV/workspace/install/control_msgs:/opt/ros/humble LD_LIBRARY_PATH=/home/pinet/SLAM_AGV/workspace/install/hardware_interface/lib:/home/pinet/SLAM_AGV/workspace/install/control_msgs/lib:${LD_LIBRARY_PATH} PYTHONPATH=/home/pinet/SLAM_AGV/workspace/install/control_msgs/local/lib/python3.10/dist-packages:${PYTHONPATH} /usr/bin/cmake --build /home/pinet/SLAM_AGV/workspace/build/transmission_interface -- -j4 -l4
[85.651s] Invoking command in '/home/pinet/SLAM_AGV/workspace/build/transmission_interface': AMENT_PREFIX_PATH=/home/pinet/SLAM_AGV/workspace/install/hardware_interface:/home/pinet/SLAM_AGV/workspace/install/ros2_control_test_assets:/home/pinet/SLAM_AGV/workspace/install/control_msgs:${AMENT_PREFIX_PATH} CMAKE_PREFIX_PATH=/home/pinet/SLAM_AGV/workspace/install/hardware_interface:/home/pinet/SLAM_AGV/workspace/install/ros2_control_test_assets:/home/pinet/SLAM_AGV/workspace/install/control_msgs:/opt/ros/humble LD_LIBRARY_PATH=/home/pinet/SLAM_AGV/workspace/install/hardware_interface/lib:/home/pinet/SLAM_AGV/workspace/install/control_msgs/lib:${LD_LIBRARY_PATH} PYTHONPATH=/home/pinet/SLAM_AGV/workspace/install/control_msgs/local/lib/python3.10/dist-packages:${PYTHONPATH} /usr/bin/cmake --install /home/pinet/SLAM_AGV/workspace/build/transmission_interface
[85.679s] -- Install configuration: ""
[85.681s] -- Execute custom install script
[85.684s] -- Symlinking: /home/pinet/SLAM_AGV/workspace/install/transmission_interface/include/transmission_interface/accessor.hpp
[85.717s] -- Symlinking: /home/pinet/SLAM_AGV/workspace/install/transmission_interface/include/transmission_interface/differential_transmission.hpp
[85.748s] -- Symlinking: /home/pinet/SLAM_AGV/workspace/install/transmission_interface/include/transmission_interface/differential_transmission_loader.hpp
[85.780s] -- Symlinking: /home/pinet/SLAM_AGV/workspace/install/transmission_interface/include/transmission_interface/exception.hpp
[85.812s] -- Symlinking: /home/pinet/SLAM_AGV/workspace/install/transmission_interface/include/transmission_interface/four_bar_linkage_transmission.hpp
[85.844s] -- Symlinking: /home/pinet/SLAM_AGV/workspace/install/transmission_interface/include/transmission_interface/four_bar_linkage_transmission_loader.hpp
[85.874s] -- Symlinking: /home/pinet/SLAM_AGV/workspace/install/transmission_interface/include/transmission_interface/handle.hpp
[85.907s] -- Symlinking: /home/pinet/SLAM_AGV/workspace/install/transmission_interface/include/transmission_interface/simple_transmission.hpp
[85.941s] -- Symlinking: /home/pinet/SLAM_AGV/workspace/install/transmission_interface/include/transmission_interface/simple_transmission_loader.hpp
[85.973s] -- Symlinking: /home/pinet/SLAM_AGV/workspace/install/transmission_interface/include/transmission_interface/transmission.hpp
[86.004s] -- Symlinking: /home/pinet/SLAM_AGV/workspace/install/transmission_interface/include/transmission_interface/transmission_interface_exception.hpp
[86.038s] -- Symlinking: /home/pinet/SLAM_AGV/workspace/install/transmission_interface/include/transmission_interface/transmission_loader.hpp
[86.069s] -- Symlinking: /home/pinet/SLAM_AGV/workspace/install/transmission_interface/include/transmission_interface/visibility_control.h
[86.101s] -- Symlinking: /home/pinet/SLAM_AGV/workspace/install/transmission_interface/share/transmission_interface//ros2_control_plugins.xml
[86.134s] -- Symlinking: /home/pinet/SLAM_AGV/workspace/install/transmission_interface/share/transmission_interface/environment/library_path.sh
[86.165s] -- Symlinking: /home/pinet/SLAM_AGV/workspace/install/transmission_interface/share/transmission_interface/environment/library_path.dsv
[86.198s] -- Symlinking: /home/pinet/SLAM_AGV/workspace/install/transmission_interface/share/ament_index/resource_index/package_run_dependencies/transmission_interface
[86.232s] -- Symlinking: /home/pinet/SLAM_AGV/workspace/install/transmission_interface/share/ament_index/resource_index/parent_prefix_path/transmission_interface
[86.263s] -- Symlinking: /home/pinet/SLAM_AGV/workspace/install/transmission_interface/share/transmission_interface/environment/ament_prefix_path.sh
[86.296s] -- Symlinking: /home/pinet/SLAM_AGV/workspace/install/transmission_interface/share/transmission_interface/environment/ament_prefix_path.dsv
[86.330s] -- Symlinking: /home/pinet/SLAM_AGV/workspace/install/transmission_interface/share/transmission_interface/environment/path.sh
[86.361s] -- Symlinking: /home/pinet/SLAM_AGV/workspace/install/transmission_interface/share/transmission_interface/environment/path.dsv
[86.392s] -- Symlinking: /home/pinet/SLAM_AGV/workspace/install/transmission_interface/share/transmission_interface/local_setup.bash
[86.426s] -- Symlinking: /home/pinet/SLAM_AGV/workspace/install/transmission_interface/share/transmission_interface/local_setup.sh
[86.460s] -- Symlinking: /home/pinet/SLAM_AGV/workspace/install/transmission_interface/share/transmission_interface/local_setup.zsh
[86.494s] -- Symlinking: /home/pinet/SLAM_AGV/workspace/install/transmission_interface/share/transmission_interface/local_setup.dsv
[86.526s] -- Symlinking: /home/pinet/SLAM_AGV/workspace/install/transmission_interface/share/transmission_interface/package.dsv
[86.558s] -- Symlinking: /home/pinet/SLAM_AGV/workspace/install/transmission_interface/share/ament_index/resource_index/packages/transmission_interface
[86.591s] -- Symlinking: /home/pinet/SLAM_AGV/workspace/install/transmission_interface/share/ament_index/resource_index/transmission_interface__pluginlib__plugin/transmission_interface
[86.625s] -- Symlinking: /home/pinet/SLAM_AGV/workspace/install/transmission_interface/share/transmission_interface/cmake/ament_cmake_export_include_directories-extras.cmake
[86.658s] -- Symlinking: /home/pinet/SLAM_AGV/workspace/install/transmission_interface/share/transmission_interface/cmake/ament_cmake_export_dependencies-extras.cmake
[86.689s] -- Symlinking: /home/pinet/SLAM_AGV/workspace/install/transmission_interface/share/transmission_interface/cmake/ament_cmake_export_libraries-extras.cmake
[86.723s] -- Symlinking: /home/pinet/SLAM_AGV/workspace/install/transmission_interface/share/transmission_interface/cmake/transmission_interfaceConfig.cmake
[86.754s] -- Symlinking: /home/pinet/SLAM_AGV/workspace/install/transmission_interface/share/transmission_interface/cmake/transmission_interfaceConfig-version.cmake
[86.785s] -- Symlinking: /home/pinet/SLAM_AGV/workspace/install/transmission_interface/share/transmission_interface/package.xml
[86.820s] -- Symlinking: /home/pinet/SLAM_AGV/workspace/install/transmission_interface/include/transmission_interface/transmission_interface/version.h
[86.853s] -- Installing: /home/pinet/SLAM_AGV/workspace/install/transmission_interface/lib/libtransmission_interface.so
[86.859s] -- Set runtime path of "/home/pinet/SLAM_AGV/workspace/install/transmission_interface/lib/libtransmission_interface.so" to ""
[86.868s] Invoked command in '/home/pinet/SLAM_AGV/workspace/build/transmission_interface' returned '0': AMENT_PREFIX_PATH=/home/pinet/SLAM_AGV/workspace/install/hardware_interface:/home/pinet/SLAM_AGV/workspace/install/ros2_control_test_assets:/home/pinet/SLAM_AGV/workspace/install/control_msgs:${AMENT_PREFIX_PATH} CMAKE_PREFIX_PATH=/home/pinet/SLAM_AGV/workspace/install/hardware_interface:/home/pinet/SLAM_AGV/workspace/install/ros2_control_test_assets:/home/pinet/SLAM_AGV/workspace/install/control_msgs:/opt/ros/humble LD_LIBRARY_PATH=/home/pinet/SLAM_AGV/workspace/install/hardware_interface/lib:/home/pinet/SLAM_AGV/workspace/install/control_msgs/lib:${LD_LIBRARY_PATH} PYTHONPATH=/home/pinet/SLAM_AGV/workspace/install/control_msgs/local/lib/python3.10/dist-packages:${PYTHONPATH} /usr/bin/cmake --install /home/pinet/SLAM_AGV/workspace/build/transmission_interface
