[0.093s] Invoking command in '/home/pinet/SLAM_AGV/workspace/build/controller_manager': AMENT_PREFIX_PATH=/home/pinet/SLAM_AGV/workspace/install/hardware_interface_testing:/home/pinet/SLAM_AGV/workspace/install/controller_interface:/home/pinet/SLAM_AGV/workspace/install/hardware_interface:/home/pinet/SLAM_AGV/workspace/install/ros2_control_test_assets:/home/pinet/SLAM_AGV/workspace/install/controller_manager_msgs:/home/pinet/SLAM_AGV/workspace/install/control_msgs:${AMENT_PREFIX_PATH} CMAKE_PREFIX_PATH=/home/pinet/SLAM_AGV/workspace/install/hardware_interface_testing:/home/pinet/SLAM_AGV/workspace/install/controller_interface:/home/pinet/SLAM_AGV/workspace/install/hardware_interface:/home/pinet/SLAM_AGV/workspace/install/ros2_control_test_assets:/home/pinet/SLAM_AGV/workspace/install/controller_manager_msgs:/home/pinet/SLAM_AGV/workspace/install/control_msgs:/opt/ros/humble LD_LIBRARY_PATH=/home/pinet/SLAM_AGV/workspace/install/hardware_interface_testing/lib:/home/pinet/SLAM_AGV/workspace/install/controller_interface/lib:/home/pinet/SLAM_AGV/workspace/install/hardware_interface/lib:/home/pinet/SLAM_AGV/workspace/install/controller_manager_msgs/lib:/home/pinet/SLAM_AGV/workspace/install/control_msgs/lib:${LD_LIBRARY_PATH} PYTHONPATH=/home/pinet/SLAM_AGV/workspace/install/controller_manager_msgs/local/lib/python3.10/dist-packages:/home/pinet/SLAM_AGV/workspace/install/control_msgs/local/lib/python3.10/dist-packages:${PYTHONPATH} /usr/bin/cmake /home/pinet/SLAM_AGV/workspace/src/ros2_control/controller_manager -DAMENT_CMAKE_SYMLINK_INSTALL=1 -DCMAKE_INSTALL_PREFIX=/home/pinet/SLAM_AGV/workspace/install/controller_manager
[0.140s] -- Found ament_cmake: 1.3.11 (/opt/ros/humble/share/ament_cmake/cmake)
[0.662s] -- Override CMake install command with custom implementation using symlinks instead of copying resources
[0.737s] -- Found ament_index_cpp: 1.4.0 (/opt/ros/humble/share/ament_index_cpp/cmake)
[0.743s] -- Found controller_interface: 2.48.0 (/home/pinet/SLAM_AGV/workspace/install/controller_interface/share/controller_interface/cmake)
[1.067s] -- Found rosidl_generator_c: 3.1.6 (/opt/ros/humble/share/rosidl_generator_c/cmake)
[1.117s] -- Found rosidl_adapter: 3.1.6 (/opt/ros/humble/share/rosidl_adapter/cmake)
[1.180s] -- Found rosidl_generator_cpp: 3.1.6 (/opt/ros/humble/share/rosidl_generator_cpp/cmake)
[1.258s] -- Using all available rosidl_typesupport_c: rosidl_typesupport_fastrtps_c;rosidl_typesupport_introspection_c
[1.367s] -- Using all available rosidl_typesupport_cpp: rosidl_typesupport_fastrtps_cpp;rosidl_typesupport_introspection_cpp
[2.497s] -- Found rmw_implementation_cmake: 6.1.2 (/opt/ros/humble/share/rmw_implementation_cmake/cmake)
[2.523s] -- Found rmw_fastrtps_cpp: 6.2.7 (/opt/ros/humble/share/rmw_fastrtps_cpp/cmake)
[2.692s] -- Found TinyXML2 via Config file: TinyXML2_DIR-NOTFOUND
[2.971s] -- Found OpenSSL: /usr/lib/aarch64-linux-gnu/libcrypto.so (found version "3.0.2")  
[2.973s] -- Found TinyXML2 via Config file: TinyXML2_DIR-NOTFOUND
[3.007s] -- Found FastRTPS: /opt/ros/humble/include  
[3.018s] -- Found TinyXML2 via Config file: TinyXML2_DIR-NOTFOUND
[3.050s] -- Found TinyXML2 via Config file: TinyXML2_DIR-NOTFOUND
[3.085s] -- Using RMW implementation 'rmw_fastrtps_cpp' as default
[3.164s] -- Looking for pthread.h
[3.618s] -- Looking for pthread.h - found
[3.618s] -- Performing Test CMAKE_HAVE_LIBC_PTHREAD
[4.068s] -- Performing Test CMAKE_HAVE_LIBC_PTHREAD - Success
[4.074s] -- Found Threads: TRUE  
[4.326s] -- Found controller_manager_msgs: 2.48.0 (/home/pinet/SLAM_AGV/workspace/install/controller_manager_msgs/share/controller_manager_msgs/cmake)
[4.401s] -- Found realtime_tools: 2.11.0 (/opt/ros/humble/share/realtime_tools/cmake)
[4.609s] -- Found ament_cmake_gmock: 1.3.11 (/opt/ros/humble/share/ament_cmake_gmock/cmake)
[4.616s] -- Found ros2_control_test_assets: 2.48.0 (/home/pinet/SLAM_AGV/workspace/install/ros2_control_test_assets/share/ros2_control_test_assets/cmake)
[4.648s] -- Found gmock sources under '/opt/ros/humble/src/gmock_vendor': C++ tests using 'Google Mock' will be built
[4.694s] -- Found ament_cmake_gtest: 1.3.11 (/opt/ros/humble/share/ament_cmake_gtest/cmake)
[4.697s] -- Found gtest sources under '/opt/ros/humble/src/gtest_vendor': C++ tests using 'Google Test' will be built
[4.751s] -- Found ament_cmake_pytest: 1.3.11 (/opt/ros/humble/share/ament_cmake_pytest/cmake)
[7.182s] -- Configuring done
[9.354s] -- Generating done
[9.505s] -- Build files have been written to: /home/pinet/SLAM_AGV/workspace/build/controller_manager
[9.553s] Invoked command in '/home/pinet/SLAM_AGV/workspace/build/controller_manager' returned '0': AMENT_PREFIX_PATH=/home/pinet/SLAM_AGV/workspace/install/hardware_interface_testing:/home/pinet/SLAM_AGV/workspace/install/controller_interface:/home/pinet/SLAM_AGV/workspace/install/hardware_interface:/home/pinet/SLAM_AGV/workspace/install/ros2_control_test_assets:/home/pinet/SLAM_AGV/workspace/install/controller_manager_msgs:/home/pinet/SLAM_AGV/workspace/install/control_msgs:${AMENT_PREFIX_PATH} CMAKE_PREFIX_PATH=/home/pinet/SLAM_AGV/workspace/install/hardware_interface_testing:/home/pinet/SLAM_AGV/workspace/install/controller_interface:/home/pinet/SLAM_AGV/workspace/install/hardware_interface:/home/pinet/SLAM_AGV/workspace/install/ros2_control_test_assets:/home/pinet/SLAM_AGV/workspace/install/controller_manager_msgs:/home/pinet/SLAM_AGV/workspace/install/control_msgs:/opt/ros/humble LD_LIBRARY_PATH=/home/pinet/SLAM_AGV/workspace/install/hardware_interface_testing/lib:/home/pinet/SLAM_AGV/workspace/install/controller_interface/lib:/home/pinet/SLAM_AGV/workspace/install/hardware_interface/lib:/home/pinet/SLAM_AGV/workspace/install/controller_manager_msgs/lib:/home/pinet/SLAM_AGV/workspace/install/control_msgs/lib:${LD_LIBRARY_PATH} PYTHONPATH=/home/pinet/SLAM_AGV/workspace/install/controller_manager_msgs/local/lib/python3.10/dist-packages:/home/pinet/SLAM_AGV/workspace/install/control_msgs/local/lib/python3.10/dist-packages:${PYTHONPATH} /usr/bin/cmake /home/pinet/SLAM_AGV/workspace/src/ros2_control/controller_manager -DAMENT_CMAKE_SYMLINK_INSTALL=1 -DCMAKE_INSTALL_PREFIX=/home/pinet/SLAM_AGV/workspace/install/controller_manager
[9.561s] Invoking command in '/home/pinet/SLAM_AGV/workspace/build/controller_manager': AMENT_PREFIX_PATH=/home/pinet/SLAM_AGV/workspace/install/hardware_interface_testing:/home/pinet/SLAM_AGV/workspace/install/controller_interface:/home/pinet/SLAM_AGV/workspace/install/hardware_interface:/home/pinet/SLAM_AGV/workspace/install/ros2_control_test_assets:/home/pinet/SLAM_AGV/workspace/install/controller_manager_msgs:/home/pinet/SLAM_AGV/workspace/install/control_msgs:${AMENT_PREFIX_PATH} CMAKE_PREFIX_PATH=/home/pinet/SLAM_AGV/workspace/install/hardware_interface_testing:/home/pinet/SLAM_AGV/workspace/install/controller_interface:/home/pinet/SLAM_AGV/workspace/install/hardware_interface:/home/pinet/SLAM_AGV/workspace/install/ros2_control_test_assets:/home/pinet/SLAM_AGV/workspace/install/controller_manager_msgs:/home/pinet/SLAM_AGV/workspace/install/control_msgs:/opt/ros/humble LD_LIBRARY_PATH=/home/pinet/SLAM_AGV/workspace/install/hardware_interface_testing/lib:/home/pinet/SLAM_AGV/workspace/install/controller_interface/lib:/home/pinet/SLAM_AGV/workspace/install/hardware_interface/lib:/home/pinet/SLAM_AGV/workspace/install/controller_manager_msgs/lib:/home/pinet/SLAM_AGV/workspace/install/control_msgs/lib:${LD_LIBRARY_PATH} PYTHONPATH=/home/pinet/SLAM_AGV/workspace/install/controller_manager_msgs/local/lib/python3.10/dist-packages:/home/pinet/SLAM_AGV/workspace/install/control_msgs/local/lib/python3.10/dist-packages:${PYTHONPATH} /usr/bin/cmake --build /home/pinet/SLAM_AGV/workspace/build/controller_manager -- -j4 -l4
[9.811s] [  2%] [34m[1mGenerating controller_manager/version.h[0m
[9.812s] [  5%] [32mBuilding CXX object gmock/CMakeFiles/gmock.dir/opt/ros/humble/src/gtest_vendor/src/gtest-all.cc.o[0m
[9.814s] [  7%] [32mBuilding CXX object gmock/CMakeFiles/gmock_main.dir/src/gmock_main.cc.o[0m
[9.862s] [  7%] Built target ament_cmake_python_symlink_controller_manager_setup
[9.895s] [  7%] Built target ament_generate_version_header__controller_manager
[9.909s] [ 10%] [32mBuilding CXX object gmock/CMakeFiles/gmock.dir/src/gmock-all.cc.o[0m
[10.031s] [ 10%] Built target ament_cmake_python_symlink_controller_manager
[10.138s] [ 13%] [32mBuilding CXX object CMakeFiles/controller_manager.dir/src/controller_manager.cpp.o[0m
[20.827s] [ 15%] [32m[1mLinking CXX static library libgmock_main.a[0m
[21.035s] [ 15%] Built target gmock_main
[22.938s] running egg_info
[22.942s] creating controller_manager.egg-info
[22.943s] writing controller_manager.egg-info/PKG-INFO
[22.945s] writing dependency_links to controller_manager.egg-info/dependency_links.txt
[22.946s] writing entry points to controller_manager.egg-info/entry_points.txt
[22.948s] writing top-level names to controller_manager.egg-info/top_level.txt
[22.949s] writing manifest file 'controller_manager.egg-info/SOURCES.txt'
[22.963s] reading manifest file 'controller_manager.egg-info/SOURCES.txt'
[22.967s] writing manifest file 'controller_manager.egg-info/SOURCES.txt'
[23.174s] [ 15%] Built target ament_cmake_python_build_controller_manager_egg
[24.838s] running install_scripts
[24.882s] /usr/lib/python3/dist-packages/setuptools/command/install.py:34: SetuptoolsDeprecationWarning: setup.py install is deprecated. Use build and pip and other standards-based tools.
[24.882s]   warnings.warn(
[25.007s] running egg_info
[25.012s] writing controller_manager.egg-info/PKG-INFO
[25.013s] writing dependency_links to controller_manager.egg-info/dependency_links.txt
[25.015s] writing entry points to controller_manager.egg-info/entry_points.txt
[25.017s] writing top-level names to controller_manager.egg-info/top_level.txt
[25.028s] reading manifest file 'controller_manager.egg-info/SOURCES.txt'
[25.033s] writing manifest file 'controller_manager.egg-info/SOURCES.txt'
[25.040s] Installing hardware_spawner script to scripts
[25.041s] Installing spawner script to scripts
[25.042s] Installing unspawner script to scripts
[25.246s] [ 15%] Built target ament_cmake_python_build_controller_manager_scripts
[32.022s] [ 18%] [32m[1mLinking CXX static library libgmock.a[0m
[32.385s] [ 18%] Built target gmock
[88.685s] [ 21%] [32m[1mLinking CXX shared library libcontroller_manager.so[0m
[95.641s] [ 21%] Built target controller_manager
[95.745s] [ 23%] [32mBuilding CXX object CMakeFiles/ros2_control_node.dir/src/ros2_control_node.cpp.o[0m
[95.750s] [ 26%] [32mBuilding CXX object CMakeFiles/test_controller.dir/test/test_controller/test_controller.cpp.o[0m
[95.751s] [ 28%] [32mBuilding CXX object CMakeFiles/test_controller_failed_init.dir/test/test_controller_failed_init/test_controller_failed_init.cpp.o[0m
[95.757s] [ 31%] [32mBuilding CXX object CMakeFiles/test_chainable_controller.dir/test/test_chainable_controller/test_chainable_controller.cpp.o[0m
[115.202s] [ 34%] [32m[1mLinking CXX shared library libtest_controller.so[0m
[116.682s] [ 34%] Built target test_controller
[116.810s] [ 36%] [32mBuilding CXX object CMakeFiles/test_controller_manager_urdf_passing.dir/test/test_controller_manager_urdf_passing.cpp.o[0m
[120.627s] [ 39%] [32m[1mLinking CXX shared library libtest_controller_failed_init.so[0m
[121.609s] [ 39%] Built target test_controller_failed_init
[121.743s] [ 42%] [32mBuilding CXX object CMakeFiles/test_controller_with_interfaces.dir/test/test_controller_with_interfaces/test_controller_with_interfaces.cpp.o[0m
[122.257s] [ 44%] [32m[1mLinking CXX executable ros2_control_node[0m
[129.120s] [ 44%] Built target ros2_control_node
[129.253s] [ 47%] [32mBuilding CXX object CMakeFiles/test_spawner_unspawner.dir/test/test_spawner_unspawner.cpp.o[0m
[150.801s] [ 50%] [32m[1mLinking CXX shared library libtest_chainable_controller.so[0m
[152.173s] [ 52%] [32m[1mLinking CXX shared library libtest_controller_with_interfaces.so[0m
[153.533s] [ 52%] Built target test_controller_with_interfaces
[153.711s] [ 55%] [32mBuilding CXX object CMakeFiles/test_hardware_spawner.dir/test/test_hardware_spawner.cpp.o[0m
[155.146s] [ 55%] Built target test_chainable_controller
[155.265s] [ 57%] [32mBuilding CXX object CMakeFiles/test_hardware_management_srvs.dir/test/test_hardware_management_srvs.cpp.o[0m
[158.728s] [ 60%] [32m[1mLinking CXX executable test_controller_manager_urdf_passing[0m
[168.731s] [ 60%] Built target test_controller_manager_urdf_passing
[168.872s] [ 63%] [32mBuilding CXX object CMakeFiles/test_controller_manager.dir/test/test_controller_manager.cpp.o[0m
[184.337s] [ 65%] [32m[1mLinking CXX executable test_spawner_unspawner[0m
[193.127s] [ 65%] Built target test_spawner_unspawner
[193.255s] [ 68%] [32mBuilding CXX object CMakeFiles/test_controller_manager_with_namespace.cpp.dir/test/test_controller_manager_with_namespace.cpp.o[0m
[208.649s] [ 71%] [32m[1mLinking CXX executable test_hardware_spawner[0m
[211.026s] [ 73%] [32m[1mLinking CXX executable test_hardware_management_srvs[0m
[219.389s] [ 73%] Built target test_hardware_spawner
[219.570s] [ 76%] [32mBuilding CXX object CMakeFiles/test_load_controller.dir/test/test_load_controller.cpp.o[0m
[221.141s] [ 76%] Built target test_hardware_management_srvs
[221.276s] [ 78%] [32mBuilding CXX object CMakeFiles/test_controllers_chaining_with_controller_manager.dir/test/test_controllers_chaining_with_controller_manager.cpp.o[0m
[224.821s] [ 81%] [32m[1mLinking CXX executable test_controller_manager[0m
[235.567s] [ 81%] Built target test_controller_manager
[235.720s] [ 84%] [32mBuilding CXX object CMakeFiles/test_controller_manager_srvs.dir/test/test_controller_manager_srvs.cpp.o[0m
[242.188s] [ 86%] [32m[1mLinking CXX executable test_controller_manager_with_namespace.cpp[0m
[251.490s] [ 86%] Built target test_controller_manager_with_namespace.cpp
[251.653s] [ 89%] [32mBuilding CXX object CMakeFiles/test_release_interfaces.dir/test/test_release_interfaces.cpp.o[0m
[274.197s] [ 92%] [32m[1mLinking CXX executable test_controllers_chaining_with_controller_manager[0m
[274.630s] [ 94%] [32m[1mLinking CXX executable test_load_controller[0m
[285.079s] [ 94%] Built target test_controllers_chaining_with_controller_manager
[285.214s] [ 94%] Built target test_load_controller
[292.983s] [ 97%] [32m[1mLinking CXX executable test_release_interfaces[0m
[299.214s] [ 97%] Built target test_release_interfaces
[308.398s] [100%] [32m[1mLinking CXX executable test_controller_manager_srvs[0m
[315.983s] [100%] Built target test_controller_manager_srvs
[316.031s] Invoked command in '/home/pinet/SLAM_AGV/workspace/build/controller_manager' returned '0': AMENT_PREFIX_PATH=/home/pinet/SLAM_AGV/workspace/install/hardware_interface_testing:/home/pinet/SLAM_AGV/workspace/install/controller_interface:/home/pinet/SLAM_AGV/workspace/install/hardware_interface:/home/pinet/SLAM_AGV/workspace/install/ros2_control_test_assets:/home/pinet/SLAM_AGV/workspace/install/controller_manager_msgs:/home/pinet/SLAM_AGV/workspace/install/control_msgs:${AMENT_PREFIX_PATH} CMAKE_PREFIX_PATH=/home/pinet/SLAM_AGV/workspace/install/hardware_interface_testing:/home/pinet/SLAM_AGV/workspace/install/controller_interface:/home/pinet/SLAM_AGV/workspace/install/hardware_interface:/home/pinet/SLAM_AGV/workspace/install/ros2_control_test_assets:/home/pinet/SLAM_AGV/workspace/install/controller_manager_msgs:/home/pinet/SLAM_AGV/workspace/install/control_msgs:/opt/ros/humble LD_LIBRARY_PATH=/home/pinet/SLAM_AGV/workspace/install/hardware_interface_testing/lib:/home/pinet/SLAM_AGV/workspace/install/controller_interface/lib:/home/pinet/SLAM_AGV/workspace/install/hardware_interface/lib:/home/pinet/SLAM_AGV/workspace/install/controller_manager_msgs/lib:/home/pinet/SLAM_AGV/workspace/install/control_msgs/lib:${LD_LIBRARY_PATH} PYTHONPATH=/home/pinet/SLAM_AGV/workspace/install/controller_manager_msgs/local/lib/python3.10/dist-packages:/home/pinet/SLAM_AGV/workspace/install/control_msgs/local/lib/python3.10/dist-packages:${PYTHONPATH} /usr/bin/cmake --build /home/pinet/SLAM_AGV/workspace/build/controller_manager -- -j4 -l4
[316.040s] Invoking command in '/home/pinet/SLAM_AGV/workspace/build/controller_manager': AMENT_PREFIX_PATH=/home/pinet/SLAM_AGV/workspace/install/hardware_interface_testing:/home/pinet/SLAM_AGV/workspace/install/controller_interface:/home/pinet/SLAM_AGV/workspace/install/hardware_interface:/home/pinet/SLAM_AGV/workspace/install/ros2_control_test_assets:/home/pinet/SLAM_AGV/workspace/install/controller_manager_msgs:/home/pinet/SLAM_AGV/workspace/install/control_msgs:${AMENT_PREFIX_PATH} CMAKE_PREFIX_PATH=/home/pinet/SLAM_AGV/workspace/install/hardware_interface_testing:/home/pinet/SLAM_AGV/workspace/install/controller_interface:/home/pinet/SLAM_AGV/workspace/install/hardware_interface:/home/pinet/SLAM_AGV/workspace/install/ros2_control_test_assets:/home/pinet/SLAM_AGV/workspace/install/controller_manager_msgs:/home/pinet/SLAM_AGV/workspace/install/control_msgs:/opt/ros/humble LD_LIBRARY_PATH=/home/pinet/SLAM_AGV/workspace/install/hardware_interface_testing/lib:/home/pinet/SLAM_AGV/workspace/install/controller_interface/lib:/home/pinet/SLAM_AGV/workspace/install/hardware_interface/lib:/home/pinet/SLAM_AGV/workspace/install/controller_manager_msgs/lib:/home/pinet/SLAM_AGV/workspace/install/control_msgs/lib:${LD_LIBRARY_PATH} PYTHONPATH=/home/pinet/SLAM_AGV/workspace/install/controller_manager_msgs/local/lib/python3.10/dist-packages:/home/pinet/SLAM_AGV/workspace/install/control_msgs/local/lib/python3.10/dist-packages:${PYTHONPATH} /usr/bin/cmake --install /home/pinet/SLAM_AGV/workspace/build/controller_manager
[316.070s] -- Install configuration: ""
[316.072s] -- Execute custom install script
[316.074s] -- Symlinking: /home/pinet/SLAM_AGV/workspace/install/controller_manager/lib/libcontroller_manager.so
[316.110s] -- Symlinking: /home/pinet/SLAM_AGV/workspace/install/controller_manager/lib/controller_manager/ros2_control_node
[316.147s] -- Symlinking: /home/pinet/SLAM_AGV/workspace/install/controller_manager/include/controller_manager/controller_manager.hpp
[316.182s] -- Symlinking: /home/pinet/SLAM_AGV/workspace/install/controller_manager/include/controller_manager/controller_spec.hpp
[316.217s] -- Symlinking: /home/pinet/SLAM_AGV/workspace/install/controller_manager/include/controller_manager/visibility_control.h
[316.252s] -- Symlinking: /home/pinet/SLAM_AGV/workspace/install/controller_manager/share/controller_manager/test/test_controller/test_controller.xml
[316.288s] -- Symlinking: /home/pinet/SLAM_AGV/workspace/install/controller_manager/lib/libtest_controller.so
[316.325s] -- Symlinking: /home/pinet/SLAM_AGV/workspace/install/controller_manager/share/controller_manager/test/test_controller_failed_init/test_controller_failed_init.xml
[316.362s] -- Symlinking: /home/pinet/SLAM_AGV/workspace/install/controller_manager/lib/libtest_controller_failed_init.so
[316.397s] -- Symlinking: /home/pinet/SLAM_AGV/workspace/install/controller_manager/share/controller_manager/test/test_chainable_controller/test_chainable_controller.xml
[316.433s] -- Symlinking: /home/pinet/SLAM_AGV/workspace/install/controller_manager/lib/libtest_chainable_controller.so
[316.469s] -- Symlinking: /home/pinet/SLAM_AGV/workspace/install/controller_manager/share/controller_manager/test/test_controller_with_interfaces/test_controller_with_interfaces.xml
[316.506s] -- Symlinking: /home/pinet/SLAM_AGV/workspace/install/controller_manager/lib/libtest_controller_with_interfaces.so
[316.542s] -- Symlinking: /home/pinet/SLAM_AGV/workspace/install/controller_manager/test/test_controller_spawner_with_type.yaml
[316.577s] -- Symlinking: /home/pinet/SLAM_AGV/workspace/install/controller_manager/test/test_controller_spawner_with_basic_controllers.yaml
[316.612s] -- Symlinking: /home/pinet/SLAM_AGV/workspace/install/controller_manager/test/test_controller_overriding_parameters.yaml
[316.647s] -- Symlinking: /home/pinet/SLAM_AGV/workspace/install/controller_manager/test/test_controller_spawner_wildcard_entries.yaml
[316.683s] -- Symlinking: /home/pinet/SLAM_AGV/workspace/install/controller_manager/test/test_controller_spawner_with_interfaces.yaml
[316.717s] -- Symlinking: /home/pinet/SLAM_AGV/workspace/install/controller_manager/test/test_ros2_control_node.yaml
[316.753s] -- Symlinking: /home/pinet/SLAM_AGV/workspace/install/controller_manager/share/controller_manager/environment/pythonpath.sh
[316.790s] -- Symlinking: /home/pinet/SLAM_AGV/workspace/install/controller_manager/share/controller_manager/environment/pythonpath.dsv
[316.828s] -- Symlinking: /home/pinet/SLAM_AGV/workspace/install/controller_manager/local/lib/python3.10/dist-packages/controller_manager-2.48.0-py3.10.egg-info/PKG-INFO
[316.867s] -- Symlinking: /home/pinet/SLAM_AGV/workspace/install/controller_manager/local/lib/python3.10/dist-packages/controller_manager-2.48.0-py3.10.egg-info/SOURCES.txt
[316.902s] -- Symlinking: /home/pinet/SLAM_AGV/workspace/install/controller_manager/local/lib/python3.10/dist-packages/controller_manager-2.48.0-py3.10.egg-info/dependency_links.txt
[316.937s] -- Symlinking: /home/pinet/SLAM_AGV/workspace/install/controller_manager/local/lib/python3.10/dist-packages/controller_manager-2.48.0-py3.10.egg-info/entry_points.txt
[316.972s] -- Symlinking: /home/pinet/SLAM_AGV/workspace/install/controller_manager/local/lib/python3.10/dist-packages/controller_manager-2.48.0-py3.10.egg-info/top_level.txt
[317.007s] -- Symlinking: /home/pinet/SLAM_AGV/workspace/install/controller_manager/lib/controller_manager//hardware_spawner
[317.041s] -- Symlinking: /home/pinet/SLAM_AGV/workspace/install/controller_manager/lib/controller_manager//spawner
[317.077s] -- Symlinking: /home/pinet/SLAM_AGV/workspace/install/controller_manager/lib/controller_manager//unspawner
[317.113s] -- Symlinking: /home/pinet/SLAM_AGV/workspace/install/controller_manager/local/lib/python3.10/dist-packages/controller_manager/__init__.py
[317.149s] -- Symlinking: /home/pinet/SLAM_AGV/workspace/install/controller_manager/local/lib/python3.10/dist-packages/controller_manager/controller_manager_services.py
[317.184s] -- Symlinking: /home/pinet/SLAM_AGV/workspace/install/controller_manager/local/lib/python3.10/dist-packages/controller_manager/hardware_spawner.py
[317.219s] -- Symlinking: /home/pinet/SLAM_AGV/workspace/install/controller_manager/local/lib/python3.10/dist-packages/controller_manager/launch_utils.py
[317.255s] -- Symlinking: /home/pinet/SLAM_AGV/workspace/install/controller_manager/local/lib/python3.10/dist-packages/controller_manager/spawner.py
[317.291s] -- Symlinking: /home/pinet/SLAM_AGV/workspace/install/controller_manager/local/lib/python3.10/dist-packages/controller_manager/unspawner.py
[317.326s] -- Symlinking: /home/pinet/SLAM_AGV/workspace/install/controller_manager/share/controller_manager/environment/library_path.sh
[317.361s] -- Symlinking: /home/pinet/SLAM_AGV/workspace/install/controller_manager/share/controller_manager/environment/library_path.dsv
[317.399s] -- Symlinking: /home/pinet/SLAM_AGV/workspace/install/controller_manager/share/ament_index/resource_index/package_run_dependencies/controller_manager
[317.434s] -- Symlinking: /home/pinet/SLAM_AGV/workspace/install/controller_manager/share/ament_index/resource_index/parent_prefix_path/controller_manager
[317.471s] -- Symlinking: /home/pinet/SLAM_AGV/workspace/install/controller_manager/share/controller_manager/environment/ament_prefix_path.sh
[317.509s] -- Symlinking: /home/pinet/SLAM_AGV/workspace/install/controller_manager/share/controller_manager/environment/ament_prefix_path.dsv
[317.545s] -- Symlinking: /home/pinet/SLAM_AGV/workspace/install/controller_manager/share/controller_manager/environment/path.sh
[317.581s] -- Symlinking: /home/pinet/SLAM_AGV/workspace/install/controller_manager/share/controller_manager/environment/path.dsv
[317.618s] -- Symlinking: /home/pinet/SLAM_AGV/workspace/install/controller_manager/share/controller_manager/local_setup.bash
[317.944s] -- Symlinking: /home/pinet/SLAM_AGV/workspace/install/controller_manager/share/controller_manager/local_setup.sh
[317.979s] -- Symlinking: /home/pinet/SLAM_AGV/workspace/install/controller_manager/share/controller_manager/local_setup.zsh
[318.012s] -- Symlinking: /home/pinet/SLAM_AGV/workspace/install/controller_manager/share/controller_manager/local_setup.dsv
[318.048s] -- Symlinking: /home/pinet/SLAM_AGV/workspace/install/controller_manager/share/controller_manager/package.dsv
[318.085s] -- Symlinking: /home/pinet/SLAM_AGV/workspace/install/controller_manager/share/ament_index/resource_index/packages/controller_manager
[318.121s] -- Symlinking: /home/pinet/SLAM_AGV/workspace/install/controller_manager/share/ament_index/resource_index/controller_interface__pluginlib__plugin/controller_manager
[318.157s] -- Symlinking: /home/pinet/SLAM_AGV/workspace/install/controller_manager/share/controller_manager/cmake/ament_cmake_export_libraries-extras.cmake
[318.193s] -- Symlinking: /home/pinet/SLAM_AGV/workspace/install/controller_manager/share/controller_manager/cmake/ament_cmake_export_include_directories-extras.cmake
[318.228s] -- Symlinking: /home/pinet/SLAM_AGV/workspace/install/controller_manager/share/controller_manager/cmake/ament_cmake_export_dependencies-extras.cmake
[318.263s] -- Symlinking: /home/pinet/SLAM_AGV/workspace/install/controller_manager/share/controller_manager/cmake/controller_managerConfig.cmake
[318.297s] -- Symlinking: /home/pinet/SLAM_AGV/workspace/install/controller_manager/share/controller_manager/cmake/controller_managerConfig-version.cmake
[318.333s] -- Symlinking: /home/pinet/SLAM_AGV/workspace/install/controller_manager/share/controller_manager/package.xml
[318.368s] -- Symlinking: /home/pinet/SLAM_AGV/workspace/install/controller_manager/include/controller_manager/controller_manager/version.h
[318.585s] Listing '/home/pinet/SLAM_AGV/workspace/install/controller_manager/local/lib/python3.10/dist-packages/controller_manager'...
[318.586s] Compiling '/home/pinet/SLAM_AGV/workspace/install/controller_manager/local/lib/python3.10/dist-packages/controller_manager/__init__.py'...
[318.587s] Compiling '/home/pinet/SLAM_AGV/workspace/install/controller_manager/local/lib/python3.10/dist-packages/controller_manager/controller_manager_services.py'...
[318.588s] Compiling '/home/pinet/SLAM_AGV/workspace/install/controller_manager/local/lib/python3.10/dist-packages/controller_manager/hardware_spawner.py'...
[318.589s] Compiling '/home/pinet/SLAM_AGV/workspace/install/controller_manager/local/lib/python3.10/dist-packages/controller_manager/launch_utils.py'...
[318.590s] Compiling '/home/pinet/SLAM_AGV/workspace/install/controller_manager/local/lib/python3.10/dist-packages/controller_manager/spawner.py'...
[318.591s] Compiling '/home/pinet/SLAM_AGV/workspace/install/controller_manager/local/lib/python3.10/dist-packages/controller_manager/unspawner.py'...
[318.617s] Invoked command in '/home/pinet/SLAM_AGV/workspace/build/controller_manager' returned '0': AMENT_PREFIX_PATH=/home/pinet/SLAM_AGV/workspace/install/hardware_interface_testing:/home/pinet/SLAM_AGV/workspace/install/controller_interface:/home/pinet/SLAM_AGV/workspace/install/hardware_interface:/home/pinet/SLAM_AGV/workspace/install/ros2_control_test_assets:/home/pinet/SLAM_AGV/workspace/install/controller_manager_msgs:/home/pinet/SLAM_AGV/workspace/install/control_msgs:${AMENT_PREFIX_PATH} CMAKE_PREFIX_PATH=/home/pinet/SLAM_AGV/workspace/install/hardware_interface_testing:/home/pinet/SLAM_AGV/workspace/install/controller_interface:/home/pinet/SLAM_AGV/workspace/install/hardware_interface:/home/pinet/SLAM_AGV/workspace/install/ros2_control_test_assets:/home/pinet/SLAM_AGV/workspace/install/controller_manager_msgs:/home/pinet/SLAM_AGV/workspace/install/control_msgs:/opt/ros/humble LD_LIBRARY_PATH=/home/pinet/SLAM_AGV/workspace/install/hardware_interface_testing/lib:/home/pinet/SLAM_AGV/workspace/install/controller_interface/lib:/home/pinet/SLAM_AGV/workspace/install/hardware_interface/lib:/home/pinet/SLAM_AGV/workspace/install/controller_manager_msgs/lib:/home/pinet/SLAM_AGV/workspace/install/control_msgs/lib:${LD_LIBRARY_PATH} PYTHONPATH=/home/pinet/SLAM_AGV/workspace/install/controller_manager_msgs/local/lib/python3.10/dist-packages:/home/pinet/SLAM_AGV/workspace/install/control_msgs/local/lib/python3.10/dist-packages:${PYTHONPATH} /usr/bin/cmake --install /home/pinet/SLAM_AGV/workspace/build/controller_manager
