[0.103s] Invoking command in '/home/pinet/SLAM_AGV/workspace/build/admittance_controller': AMENT_PREFIX_PATH=/home/pinet/SLAM_AGV/workspace/install/controller_manager:/home/pinet/SLAM_AGV/workspace/install/hardware_interface_testing:/home/pinet/SLAM_AGV/workspace/install/controller_interface:/home/pinet/SLAM_AGV/workspace/install/hardware_interface:/home/pinet/SLAM_AGV/workspace/install/ros2_control_test_assets:/home/pinet/SLAM_AGV/workspace/install/controller_manager_msgs:/home/pinet/SLAM_AGV/workspace/install/control_msgs:${AMENT_PREFIX_PATH} CMAKE_PREFIX_PATH=/home/pinet/SLAM_AGV/workspace/install/controller_manager:/home/pinet/SLAM_AGV/workspace/install/hardware_interface_testing:/home/pinet/SLAM_AGV/workspace/install/controller_interface:/home/pinet/SLAM_AGV/workspace/install/hardware_interface:/home/pinet/SLAM_AGV/workspace/install/ros2_control_test_assets:/home/pinet/SLAM_AGV/workspace/install/controller_manager_msgs:/home/pinet/SLAM_AGV/workspace/install/control_msgs:/opt/ros/humble LD_LIBRARY_PATH=/home/pinet/SLAM_AGV/workspace/install/controller_manager/lib:/home/pinet/SLAM_AGV/workspace/install/hardware_interface_testing/lib:/home/pinet/SLAM_AGV/workspace/install/controller_interface/lib:/home/pinet/SLAM_AGV/workspace/install/hardware_interface/lib:/home/pinet/SLAM_AGV/workspace/install/controller_manager_msgs/lib:/home/pinet/SLAM_AGV/workspace/install/control_msgs/lib:${LD_LIBRARY_PATH} PYTHONPATH=/home/pinet/SLAM_AGV/workspace/install/controller_manager/local/lib/python3.10/dist-packages:/home/pinet/SLAM_AGV/workspace/install/controller_manager_msgs/local/lib/python3.10/dist-packages:/home/pinet/SLAM_AGV/workspace/install/control_msgs/local/lib/python3.10/dist-packages:${PYTHONPATH} /usr/bin/cmake /home/pinet/SLAM_AGV/workspace/src/ros2_controllers/admittance_controller -DAMENT_CMAKE_SYMLINK_INSTALL=1 -DCMAKE_INSTALL_PREFIX=/home/pinet/SLAM_AGV/workspace/install/admittance_controller
[0.146s] -- Found ament_cmake: 1.3.11 (/opt/ros/humble/share/ament_cmake/cmake)
[0.683s] -- Override CMake install command with custom implementation using symlinks instead of copying resources
[0.717s] -- Found angles: 1.15.0 (/opt/ros/humble/share/angles/cmake)
[0.722s] -- Found control_msgs: 4.7.0 (/home/pinet/SLAM_AGV/workspace/install/control_msgs/share/control_msgs/cmake)
[0.837s] -- Found rosidl_generator_c: 3.1.6 (/opt/ros/humble/share/rosidl_generator_c/cmake)
[0.847s] -- Found rosidl_adapter: 3.1.6 (/opt/ros/humble/share/rosidl_adapter/cmake)
[0.870s] -- Found rosidl_generator_cpp: 3.1.6 (/opt/ros/humble/share/rosidl_generator_cpp/cmake)
[0.908s] -- Using all available rosidl_typesupport_c: rosidl_typesupport_fastrtps_c;rosidl_typesupport_introspection_c
[0.957s] -- Using all available rosidl_typesupport_cpp: rosidl_typesupport_fastrtps_cpp;rosidl_typesupport_introspection_cpp
[1.391s] -- Found control_toolbox: 3.6.0 (/opt/ros/humble/share/control_toolbox/cmake)
[1.498s] -- Found rmw_implementation_cmake: 6.1.2 (/opt/ros/humble/share/rmw_implementation_cmake/cmake)
[1.504s] -- Found rmw_fastrtps_cpp: 6.2.7 (/opt/ros/humble/share/rmw_fastrtps_cpp/cmake)
[1.999s] -- Using RMW implementation 'rmw_fastrtps_cpp' as default
[2.403s] -- Found controller_interface: 2.48.0 (/home/pinet/SLAM_AGV/workspace/install/controller_interface/share/controller_interface/cmake)
[2.448s] -- Found kinematics_interface: 0.3.0 (/opt/ros/humble/share/kinematics_interface/cmake)
[2.457s] -- Found tf2: 0.25.12 (/opt/ros/humble/share/tf2/cmake)
[2.469s] -- Found tf2_eigen: 0.25.12 (/opt/ros/humble/share/tf2_eigen/cmake)
[2.645s] -- Found tf2_geometry_msgs: 0.25.12 (/opt/ros/humble/share/tf2_geometry_msgs/cmake)
[2.658s] -- Found eigen3_cmake_module: 0.1.1 (/opt/ros/humble/share/eigen3_cmake_module/cmake)
[2.662s] -- Ensuring Eigen3 include directory is part of orocos-kdl CMake target
[2.667s] -- Found tf2_kdl: 0.25.12 (/opt/ros/humble/share/tf2_kdl/cmake)
[2.755s] -- Found ament_cmake_gmock: 1.3.11 (/opt/ros/humble/share/ament_cmake_gmock/cmake)
[2.757s] -- Found controller_manager: 2.48.0 (/home/pinet/SLAM_AGV/workspace/install/controller_manager/share/controller_manager/cmake)
[2.841s] -- Found ros2_control_test_assets: 2.48.0 (/home/pinet/SLAM_AGV/workspace/install/ros2_control_test_assets/share/ros2_control_test_assets/cmake)
[2.913s] [31mCMake Error at CMakeLists.txt:66 (find_package):
[2.914s]   By not providing "Findkinematics_interface_kdl.cmake" in CMAKE_MODULE_PATH
[2.914s]   this project has asked CMake to find a package configuration file provided
[2.914s]   by "kinematics_interface_kdl", but CMake did not find one.
[2.915s] 
[2.915s]   Could not find a package configuration file provided by
[2.915s]   "kinematics_interface_kdl" with any of the following names:
[2.916s] 
[2.916s]     kinematics_interface_kdlConfig.cmake
[2.917s]     kinematics_interface_kdl-config.cmake
[2.917s] 
[2.918s]   Add the installation prefix of "kinematics_interface_kdl" to
[2.919s]   CMAKE_PREFIX_PATH or set "kinematics_interface_kdl_DIR" to a directory
[2.919s]   containing one of the above files.  If "kinematics_interface_kdl" provides
[2.920s]   a separate development package or SDK, be sure it has been installed.
[2.920s] 
[2.921s] [0m
[2.921s] -- Configuring incomplete, errors occurred!
[2.922s] See also "/home/pinet/SLAM_AGV/workspace/build/admittance_controller/CMakeFiles/CMakeOutput.log".
[2.947s] Invoked command in '/home/pinet/SLAM_AGV/workspace/build/admittance_controller' returned '1': AMENT_PREFIX_PATH=/home/pinet/SLAM_AGV/workspace/install/controller_manager:/home/pinet/SLAM_AGV/workspace/install/hardware_interface_testing:/home/pinet/SLAM_AGV/workspace/install/controller_interface:/home/pinet/SLAM_AGV/workspace/install/hardware_interface:/home/pinet/SLAM_AGV/workspace/install/ros2_control_test_assets:/home/pinet/SLAM_AGV/workspace/install/controller_manager_msgs:/home/pinet/SLAM_AGV/workspace/install/control_msgs:${AMENT_PREFIX_PATH} CMAKE_PREFIX_PATH=/home/pinet/SLAM_AGV/workspace/install/controller_manager:/home/pinet/SLAM_AGV/workspace/install/hardware_interface_testing:/home/pinet/SLAM_AGV/workspace/install/controller_interface:/home/pinet/SLAM_AGV/workspace/install/hardware_interface:/home/pinet/SLAM_AGV/workspace/install/ros2_control_test_assets:/home/pinet/SLAM_AGV/workspace/install/controller_manager_msgs:/home/pinet/SLAM_AGV/workspace/install/control_msgs:/opt/ros/humble LD_LIBRARY_PATH=/home/pinet/SLAM_AGV/workspace/install/controller_manager/lib:/home/pinet/SLAM_AGV/workspace/install/hardware_interface_testing/lib:/home/pinet/SLAM_AGV/workspace/install/controller_interface/lib:/home/pinet/SLAM_AGV/workspace/install/hardware_interface/lib:/home/pinet/SLAM_AGV/workspace/install/controller_manager_msgs/lib:/home/pinet/SLAM_AGV/workspace/install/control_msgs/lib:${LD_LIBRARY_PATH} PYTHONPATH=/home/pinet/SLAM_AGV/workspace/install/controller_manager/local/lib/python3.10/dist-packages:/home/pinet/SLAM_AGV/workspace/install/controller_manager_msgs/local/lib/python3.10/dist-packages:/home/pinet/SLAM_AGV/workspace/install/control_msgs/local/lib/python3.10/dist-packages:${PYTHONPATH} /usr/bin/cmake /home/pinet/SLAM_AGV/workspace/src/ros2_controllers/admittance_controller -DAMENT_CMAKE_SYMLINK_INSTALL=1 -DCMAKE_INSTALL_PREFIX=/home/pinet/SLAM_AGV/workspace/install/admittance_controller
