[0.062s] Invoking command in '/home/pinet/SLAM_AGV/workspace/build/transmission_interface': AMENT_PREFIX_PATH=/home/pinet/SLAM_AGV/workspace/install/hardware_interface:/home/pinet/SLAM_AGV/workspace/install/ros2_control_test_assets:/home/pinet/SLAM_AGV/workspace/install/control_msgs:${AMENT_PREFIX_PATH} CMAKE_PREFIX_PATH=/home/pinet/SLAM_AGV/workspace/install/hardware_interface:/home/pinet/SLAM_AGV/workspace/install/ros2_control_test_assets:/home/pinet/SLAM_AGV/workspace/install/control_msgs:/opt/ros/humble LD_LIBRARY_PATH=/home/pinet/SLAM_AGV/workspace/install/hardware_interface/lib:/home/pinet/SLAM_AGV/workspace/install/control_msgs/lib:${LD_LIBRARY_PATH} PYTHONPATH=/home/pinet/SLAM_AGV/workspace/install/control_msgs/local/lib/python3.10/dist-packages:${PYTHONPATH} /usr/bin/cmake --build /home/pinet/SLAM_AGV/workspace/build/transmission_interface -- -j4 -l4
[0.236s] [35m[1mConsolidate compiler generated dependencies of target gmock_main[0m
[0.240s] [35m[1mConsolidate compiler generated dependencies of target gmock[0m
[0.274s] [  4%] Built target ament_generate_version_header__transmission_interface
[0.301s] [ 12%] Built target gmock_main
[0.316s] [ 25%] Built target gmock
[0.323s] [35m[1mConsolidate compiler generated dependencies of target transmission_interface[0m
[0.361s] [35m[1mConsolidate compiler generated dependencies of target test_simple_transmission[0m
[0.362s] [35m[1mConsolidate compiler generated dependencies of target test_differential_transmission[0m
[0.366s] [35m[1mConsolidate compiler generated dependencies of target test_four_bar_linkage_transmission[0m
[0.434s] [ 33%] Built target test_simple_transmission
[0.438s] [ 41%] Built target test_differential_transmission
[0.441s] [ 50%] Built target test_four_bar_linkage_transmission
[0.457s] [ 66%] Built target transmission_interface
[0.482s] [35m[1mConsolidate compiler generated dependencies of target test_simple_transmission_loader[0m
[0.488s] [35m[1mConsolidate compiler generated dependencies of target test_four_bar_linkage_transmission_loader[0m
[0.491s] [35m[1mConsolidate compiler generated dependencies of target test_differential_transmission_loader[0m
[0.511s] [35m[1mConsolidate compiler generated dependencies of target test_utils[0m
[0.558s] [ 75%] Built target test_simple_transmission_loader
[0.567s] [ 83%] Built target test_four_bar_linkage_transmission_loader
[0.582s] [ 91%] Built target test_differential_transmission_loader
[0.585s] [100%] Built target test_utils
[0.624s] Invoked command in '/home/pinet/SLAM_AGV/workspace/build/transmission_interface' returned '0': AMENT_PREFIX_PATH=/home/pinet/SLAM_AGV/workspace/install/hardware_interface:/home/pinet/SLAM_AGV/workspace/install/ros2_control_test_assets:/home/pinet/SLAM_AGV/workspace/install/control_msgs:${AMENT_PREFIX_PATH} CMAKE_PREFIX_PATH=/home/pinet/SLAM_AGV/workspace/install/hardware_interface:/home/pinet/SLAM_AGV/workspace/install/ros2_control_test_assets:/home/pinet/SLAM_AGV/workspace/install/control_msgs:/opt/ros/humble LD_LIBRARY_PATH=/home/pinet/SLAM_AGV/workspace/install/hardware_interface/lib:/home/pinet/SLAM_AGV/workspace/install/control_msgs/lib:${LD_LIBRARY_PATH} PYTHONPATH=/home/pinet/SLAM_AGV/workspace/install/control_msgs/local/lib/python3.10/dist-packages:${PYTHONPATH} /usr/bin/cmake --build /home/pinet/SLAM_AGV/workspace/build/transmission_interface -- -j4 -l4
[0.634s] Invoking command in '/home/pinet/SLAM_AGV/workspace/build/transmission_interface': AMENT_PREFIX_PATH=/home/pinet/SLAM_AGV/workspace/install/hardware_interface:/home/pinet/SLAM_AGV/workspace/install/ros2_control_test_assets:/home/pinet/SLAM_AGV/workspace/install/control_msgs:${AMENT_PREFIX_PATH} CMAKE_PREFIX_PATH=/home/pinet/SLAM_AGV/workspace/install/hardware_interface:/home/pinet/SLAM_AGV/workspace/install/ros2_control_test_assets:/home/pinet/SLAM_AGV/workspace/install/control_msgs:/opt/ros/humble LD_LIBRARY_PATH=/home/pinet/SLAM_AGV/workspace/install/hardware_interface/lib:/home/pinet/SLAM_AGV/workspace/install/control_msgs/lib:${LD_LIBRARY_PATH} PYTHONPATH=/home/pinet/SLAM_AGV/workspace/install/control_msgs/local/lib/python3.10/dist-packages:${PYTHONPATH} /usr/bin/cmake --install /home/pinet/SLAM_AGV/workspace/build/transmission_interface
[0.662s] -- Install configuration: ""
[0.664s] -- Execute custom install script
[0.667s] -- Up-to-date symlink: /home/pinet/SLAM_AGV/workspace/install/transmission_interface/include/transmission_interface/accessor.hpp
[0.668s] -- Up-to-date symlink: /home/pinet/SLAM_AGV/workspace/install/transmission_interface/include/transmission_interface/differential_transmission.hpp
[0.669s] -- Up-to-date symlink: /home/pinet/SLAM_AGV/workspace/install/transmission_interface/include/transmission_interface/differential_transmission_loader.hpp
[0.669s] -- Up-to-date symlink: /home/pinet/SLAM_AGV/workspace/install/transmission_interface/include/transmission_interface/exception.hpp
[0.670s] -- Up-to-date symlink: /home/pinet/SLAM_AGV/workspace/install/transmission_interface/include/transmission_interface/four_bar_linkage_transmission.hpp
[0.672s] -- Up-to-date symlink: /home/pinet/SLAM_AGV/workspace/install/transmission_interface/include/transmission_interface/four_bar_linkage_transmission_loader.hpp
[0.672s] -- Up-to-date symlink: /home/pinet/SLAM_AGV/workspace/install/transmission_interface/include/transmission_interface/handle.hpp
[0.673s] -- Up-to-date symlink: /home/pinet/SLAM_AGV/workspace/install/transmission_interface/include/transmission_interface/simple_transmission.hpp
[0.674s] -- Up-to-date symlink: /home/pinet/SLAM_AGV/workspace/install/transmission_interface/include/transmission_interface/simple_transmission_loader.hpp
[0.675s] -- Up-to-date symlink: /home/pinet/SLAM_AGV/workspace/install/transmission_interface/include/transmission_interface/transmission.hpp
[0.676s] -- Up-to-date symlink: /home/pinet/SLAM_AGV/workspace/install/transmission_interface/include/transmission_interface/transmission_interface_exception.hpp
[0.676s] -- Up-to-date symlink: /home/pinet/SLAM_AGV/workspace/install/transmission_interface/include/transmission_interface/transmission_loader.hpp
[0.677s] -- Up-to-date symlink: /home/pinet/SLAM_AGV/workspace/install/transmission_interface/include/transmission_interface/visibility_control.h
[0.678s] -- Up-to-date symlink: /home/pinet/SLAM_AGV/workspace/install/transmission_interface/share/transmission_interface//ros2_control_plugins.xml
[0.679s] -- Up-to-date symlink: /home/pinet/SLAM_AGV/workspace/install/transmission_interface/share/transmission_interface/environment/library_path.sh
[0.680s] -- Up-to-date symlink: /home/pinet/SLAM_AGV/workspace/install/transmission_interface/share/transmission_interface/environment/library_path.dsv
[0.681s] -- Up-to-date symlink: /home/pinet/SLAM_AGV/workspace/install/transmission_interface/share/ament_index/resource_index/package_run_dependencies/transmission_interface
[0.683s] -- Up-to-date symlink: /home/pinet/SLAM_AGV/workspace/install/transmission_interface/share/ament_index/resource_index/parent_prefix_path/transmission_interface
[0.684s] -- Up-to-date symlink: /home/pinet/SLAM_AGV/workspace/install/transmission_interface/share/transmission_interface/environment/ament_prefix_path.sh
[0.685s] -- Up-to-date symlink: /home/pinet/SLAM_AGV/workspace/install/transmission_interface/share/transmission_interface/environment/ament_prefix_path.dsv
[0.686s] -- Up-to-date symlink: /home/pinet/SLAM_AGV/workspace/install/transmission_interface/share/transmission_interface/environment/path.sh
[0.687s] -- Up-to-date symlink: /home/pinet/SLAM_AGV/workspace/install/transmission_interface/share/transmission_interface/environment/path.dsv
[0.687s] -- Up-to-date symlink: /home/pinet/SLAM_AGV/workspace/install/transmission_interface/share/transmission_interface/local_setup.bash
[0.688s] -- Up-to-date symlink: /home/pinet/SLAM_AGV/workspace/install/transmission_interface/share/transmission_interface/local_setup.sh
[0.689s] -- Up-to-date symlink: /home/pinet/SLAM_AGV/workspace/install/transmission_interface/share/transmission_interface/local_setup.zsh
[0.690s] -- Up-to-date symlink: /home/pinet/SLAM_AGV/workspace/install/transmission_interface/share/transmission_interface/local_setup.dsv
[0.691s] -- Symlinking: /home/pinet/SLAM_AGV/workspace/install/transmission_interface/share/transmission_interface/package.dsv
[0.723s] -- Up-to-date symlink: /home/pinet/SLAM_AGV/workspace/install/transmission_interface/share/ament_index/resource_index/packages/transmission_interface
[0.724s] -- Up-to-date symlink: /home/pinet/SLAM_AGV/workspace/install/transmission_interface/share/ament_index/resource_index/transmission_interface__pluginlib__plugin/transmission_interface
[0.725s] -- Up-to-date symlink: /home/pinet/SLAM_AGV/workspace/install/transmission_interface/share/transmission_interface/cmake/ament_cmake_export_include_directories-extras.cmake
[0.726s] -- Up-to-date symlink: /home/pinet/SLAM_AGV/workspace/install/transmission_interface/share/transmission_interface/cmake/ament_cmake_export_dependencies-extras.cmake
[0.727s] -- Up-to-date symlink: /home/pinet/SLAM_AGV/workspace/install/transmission_interface/share/transmission_interface/cmake/ament_cmake_export_libraries-extras.cmake
[0.729s] -- Up-to-date symlink: /home/pinet/SLAM_AGV/workspace/install/transmission_interface/share/transmission_interface/cmake/transmission_interfaceConfig.cmake
[0.730s] -- Up-to-date symlink: /home/pinet/SLAM_AGV/workspace/install/transmission_interface/share/transmission_interface/cmake/transmission_interfaceConfig-version.cmake
[0.731s] -- Up-to-date symlink: /home/pinet/SLAM_AGV/workspace/install/transmission_interface/share/transmission_interface/package.xml
[0.732s] -- Up-to-date symlink: /home/pinet/SLAM_AGV/workspace/install/transmission_interface/include/transmission_interface/transmission_interface/version.h
[0.734s] -- Up-to-date: /home/pinet/SLAM_AGV/workspace/install/transmission_interface/lib/libtransmission_interface.so
[0.744s] Invoked command in '/home/pinet/SLAM_AGV/workspace/build/transmission_interface' returned '0': AMENT_PREFIX_PATH=/home/pinet/SLAM_AGV/workspace/install/hardware_interface:/home/pinet/SLAM_AGV/workspace/install/ros2_control_test_assets:/home/pinet/SLAM_AGV/workspace/install/control_msgs:${AMENT_PREFIX_PATH} CMAKE_PREFIX_PATH=/home/pinet/SLAM_AGV/workspace/install/hardware_interface:/home/pinet/SLAM_AGV/workspace/install/ros2_control_test_assets:/home/pinet/SLAM_AGV/workspace/install/control_msgs:/opt/ros/humble LD_LIBRARY_PATH=/home/pinet/SLAM_AGV/workspace/install/hardware_interface/lib:/home/pinet/SLAM_AGV/workspace/install/control_msgs/lib:${LD_LIBRARY_PATH} PYTHONPATH=/home/pinet/SLAM_AGV/workspace/install/control_msgs/local/lib/python3.10/dist-packages:${PYTHONPATH} /usr/bin/cmake --install /home/pinet/SLAM_AGV/workspace/build/transmission_interface
