[0.033s] Invoking command in '/home/pinet/SLAM_AGV/workspace/build/joint_limits': CMAKE_PREFIX_PATH=/opt/ros/humble /usr/bin/cmake --build /home/pinet/SLAM_AGV/workspace/build/joint_limits -- -j4 -l4
[0.234s] [ 14%] Built target ament_generate_version_header__joint_limits
[0.241s] [ 42%] Built target gtest_main
[0.246s] [ 71%] Built target gtest
[0.357s] [100%] Built target joint_limits_rosparam_test
[0.393s] Invoked command in '/home/pinet/SLAM_AGV/workspace/build/joint_limits' returned '0': CMAKE_PREFIX_PATH=/opt/ros/humble /usr/bin/cmake --build /home/pinet/SLAM_AGV/workspace/build/joint_limits -- -j4 -l4
[0.402s] Invoking command in '/home/pinet/SLAM_AGV/workspace/build/joint_limits': CMAKE_PREFIX_PATH=/opt/ros/humble /usr/bin/cmake --install /home/pinet/SLAM_AGV/workspace/build/joint_limits
[0.427s] -- Install configuration: ""
[0.430s] -- Execute custom install script
[0.431s] -- Up-to-date symlink: /home/pinet/SLAM_AGV/workspace/install/joint_limits/include/joint_limits/joint_limits.hpp
[0.432s] -- Up-to-date symlink: /home/pinet/SLAM_AGV/workspace/install/joint_limits/include/joint_limits/joint_limits_rosparam.hpp
[0.434s] -- Up-to-date symlink: /home/pinet/SLAM_AGV/workspace/install/joint_limits/lib/joint_limits/joint_limits_rosparam_test
[0.435s] -- Up-to-date symlink: /home/pinet/SLAM_AGV/workspace/install/joint_limits/share/joint_limits/test/joint_limits_rosparam.yaml
[0.437s] -- Up-to-date symlink: /home/pinet/SLAM_AGV/workspace/install/joint_limits/include/joint_limits/joint_limits/joint_limits.hpp
[0.438s] -- Up-to-date symlink: /home/pinet/SLAM_AGV/workspace/install/joint_limits/include/joint_limits/joint_limits/joint_limits_rosparam.hpp
[0.440s] -- Up-to-date symlink: /home/pinet/SLAM_AGV/workspace/install/joint_limits/share/joint_limits/environment/library_path.sh
[0.441s] -- Up-to-date symlink: /home/pinet/SLAM_AGV/workspace/install/joint_limits/share/joint_limits/environment/library_path.dsv
[0.443s] -- Up-to-date symlink: /home/pinet/SLAM_AGV/workspace/install/joint_limits/share/ament_index/resource_index/package_run_dependencies/joint_limits
[0.444s] -- Up-to-date symlink: /home/pinet/SLAM_AGV/workspace/install/joint_limits/share/ament_index/resource_index/parent_prefix_path/joint_limits
[0.445s] -- Up-to-date symlink: /home/pinet/SLAM_AGV/workspace/install/joint_limits/share/joint_limits/environment/ament_prefix_path.sh
[0.446s] -- Up-to-date symlink: /home/pinet/SLAM_AGV/workspace/install/joint_limits/share/joint_limits/environment/ament_prefix_path.dsv
[0.447s] -- Up-to-date symlink: /home/pinet/SLAM_AGV/workspace/install/joint_limits/share/joint_limits/environment/path.sh
[0.448s] -- Up-to-date symlink: /home/pinet/SLAM_AGV/workspace/install/joint_limits/share/joint_limits/environment/path.dsv
[0.449s] -- Up-to-date symlink: /home/pinet/SLAM_AGV/workspace/install/joint_limits/share/joint_limits/local_setup.bash
[0.449s] -- Up-to-date symlink: /home/pinet/SLAM_AGV/workspace/install/joint_limits/share/joint_limits/local_setup.sh
[0.450s] -- Up-to-date symlink: /home/pinet/SLAM_AGV/workspace/install/joint_limits/share/joint_limits/local_setup.zsh
[0.451s] -- Up-to-date symlink: /home/pinet/SLAM_AGV/workspace/install/joint_limits/share/joint_limits/local_setup.dsv
[0.452s] -- Symlinking: /home/pinet/SLAM_AGV/workspace/install/joint_limits/share/joint_limits/package.dsv
[0.480s] -- Up-to-date symlink: /home/pinet/SLAM_AGV/workspace/install/joint_limits/share/ament_index/resource_index/packages/joint_limits
[0.481s] -- Up-to-date symlink: /home/pinet/SLAM_AGV/workspace/install/joint_limits/share/joint_limits/cmake/ament_cmake_export_targets-extras.cmake
[0.482s] -- Up-to-date symlink: /home/pinet/SLAM_AGV/workspace/install/joint_limits/share/joint_limits/cmake/ament_cmake_export_dependencies-extras.cmake
[0.483s] -- Up-to-date symlink: /home/pinet/SLAM_AGV/workspace/install/joint_limits/share/joint_limits/cmake/ament_cmake_export_include_directories-extras.cmake
[0.484s] -- Up-to-date symlink: /home/pinet/SLAM_AGV/workspace/install/joint_limits/share/joint_limits/cmake/joint_limitsConfig.cmake
[0.484s] -- Up-to-date symlink: /home/pinet/SLAM_AGV/workspace/install/joint_limits/share/joint_limits/cmake/joint_limitsConfig-version.cmake
[0.485s] -- Up-to-date symlink: /home/pinet/SLAM_AGV/workspace/install/joint_limits/share/joint_limits/package.xml
[0.486s] -- Up-to-date symlink: /home/pinet/SLAM_AGV/workspace/install/joint_limits/include/joint_limits/joint_limits/version.h
[0.488s] -- Up-to-date: /home/pinet/SLAM_AGV/workspace/install/joint_limits/share/joint_limits/cmake/export_joint_limitsExport.cmake
[0.496s] Invoked command in '/home/pinet/SLAM_AGV/workspace/build/joint_limits' returned '0': CMAKE_PREFIX_PATH=/opt/ros/humble /usr/bin/cmake --install /home/pinet/SLAM_AGV/workspace/build/joint_limits
