[0.045s] Invoking command in '/home/pinet/SLAM_AGV/workspace/build/hardware_interface': AMENT_PREFIX_PATH=/home/pinet/SLAM_AGV/workspace/install/ros2_control_test_assets:/home/pinet/SLAM_AGV/workspace/install/control_msgs:${AMENT_PREFIX_PATH} CMAKE_PREFIX_PATH=/home/pinet/SLAM_AGV/workspace/install/ros2_control_test_assets:/home/pinet/SLAM_AGV/workspace/install/control_msgs:/opt/ros/humble LD_LIBRARY_PATH=/home/pinet/SLAM_AGV/workspace/install/control_msgs/lib:${LD_LIBRARY_PATH} PYTHONPATH=/home/pinet/SLAM_AGV/workspace/install/control_msgs/local/lib/python3.10/dist-packages:${PYTHONPATH} /usr/bin/cmake /home/pinet/SLAM_AGV/workspace/src/ros2_control/hardware_interface -DAMENT_CMAKE_SYMLINK_INSTALL=1 -DCMAKE_INSTALL_PREFIX=/home/pinet/SLAM_AGV/workspace/install/hardware_interface
[0.287s] -- The C compiler identification is GNU 11.4.0
[0.526s] -- The CXX compiler identification is GNU 11.4.0
[0.555s] -- Detecting C compiler ABI info
[0.850s] -- Detecting C compiler ABI info - done
[0.877s] -- Check for working C compiler: /usr/bin/cc - skipped
[0.878s] -- Detecting C compile features
[0.879s] -- Detecting C compile features - done
[0.889s] -- Detecting CXX compiler ABI info
[1.221s] -- Detecting CXX compiler ABI info - done
[1.249s] -- Check for working CXX compiler: /usr/bin/c++ - skipped
[1.250s] -- Detecting CXX compile features
[1.252s] -- Detecting CXX compile features - done
[1.273s] -- Found ament_cmake: 1.3.11 (/opt/ros/humble/share/ament_cmake/cmake)
[1.940s] -- Found Python3: /usr/bin/python3 (found version "3.10.12") found components: Interpreter 
[2.210s] -- Override CMake install command with custom implementation using symlinks instead of copying resources
[2.411s] -- Found control_msgs: 4.7.0 (/home/pinet/SLAM_AGV/workspace/install/control_msgs/share/control_msgs/cmake)
[2.634s] -- Found rosidl_generator_c: 3.1.6 (/opt/ros/humble/share/rosidl_generator_c/cmake)
[2.669s] -- Found rosidl_adapter: 3.1.6 (/opt/ros/humble/share/rosidl_adapter/cmake)
[2.716s] -- Found rosidl_generator_cpp: 3.1.6 (/opt/ros/humble/share/rosidl_generator_cpp/cmake)
[2.779s] -- Using all available rosidl_typesupport_c: rosidl_typesupport_fastrtps_c;rosidl_typesupport_introspection_c
[2.863s] -- Using all available rosidl_typesupport_cpp: rosidl_typesupport_fastrtps_cpp;rosidl_typesupport_introspection_cpp
[3.397s] -- Found lifecycle_msgs: 1.2.1 (/opt/ros/humble/share/lifecycle_msgs/cmake)
[3.446s] -- Found pluginlib: 5.1.0 (/opt/ros/humble/share/pluginlib/cmake)
[3.637s] -- Found rclcpp_lifecycle: 16.0.11 (/opt/ros/humble/share/rclcpp_lifecycle/cmake)
[3.864s] -- Found rmw_implementation_cmake: 6.1.2 (/opt/ros/humble/share/rmw_implementation_cmake/cmake)
[3.882s] -- Found rmw_fastrtps_cpp: 6.2.7 (/opt/ros/humble/share/rmw_fastrtps_cpp/cmake)
[4.017s] -- Found TinyXML2 via Config file: TinyXML2_DIR-NOTFOUND
[4.256s] -- Found OpenSSL: /usr/lib/aarch64-linux-gnu/libcrypto.so (found version "3.0.2")  
[4.269s] -- Found TinyXML2 via Config file: TinyXML2_DIR-NOTFOUND
[4.314s] -- Found FastRTPS: /opt/ros/humble/include  
[4.325s] -- Found TinyXML2 via Config file: TinyXML2_DIR-NOTFOUND
[4.355s] -- Found TinyXML2 via Config file: TinyXML2_DIR-NOTFOUND
[4.390s] -- Using RMW implementation 'rmw_fastrtps_cpp' as default
[4.447s] -- Looking for pthread.h
[4.760s] -- Looking for pthread.h - found
[4.761s] -- Performing Test CMAKE_HAVE_LIBC_PTHREAD
[5.076s] -- Performing Test CMAKE_HAVE_LIBC_PTHREAD - Success
[5.081s] -- Found Threads: TRUE  
[5.280s] -- Found TinyXML2 via Config file: TinyXML2_DIR-NOTFOUND
[5.307s] -- Found ament_cmake_gmock: 1.3.11 (/opt/ros/humble/share/ament_cmake_gmock/cmake)
[5.310s] -- Found ros2_control_test_assets: 2.48.0 (/home/pinet/SLAM_AGV/workspace/install/ros2_control_test_assets/share/ros2_control_test_assets/cmake)
[5.332s] -- Found gmock sources under '/opt/ros/humble/src/gmock_vendor': C++ tests using 'Google Mock' will be built
[5.367s] -- Found ament_cmake_gtest: 1.3.11 (/opt/ros/humble/share/ament_cmake_gtest/cmake)
[5.371s] -- Found gtest sources under '/opt/ros/humble/src/gtest_vendor': C++ tests using 'Google Test' will be built
[5.701s] -- Configuring done
[6.011s] -- Generating done
[6.089s] -- Build files have been written to: /home/pinet/SLAM_AGV/workspace/build/hardware_interface
[6.130s] Invoked command in '/home/pinet/SLAM_AGV/workspace/build/hardware_interface' returned '0': AMENT_PREFIX_PATH=/home/pinet/SLAM_AGV/workspace/install/ros2_control_test_assets:/home/pinet/SLAM_AGV/workspace/install/control_msgs:${AMENT_PREFIX_PATH} CMAKE_PREFIX_PATH=/home/pinet/SLAM_AGV/workspace/install/ros2_control_test_assets:/home/pinet/SLAM_AGV/workspace/install/control_msgs:/opt/ros/humble LD_LIBRARY_PATH=/home/pinet/SLAM_AGV/workspace/install/control_msgs/lib:${LD_LIBRARY_PATH} PYTHONPATH=/home/pinet/SLAM_AGV/workspace/install/control_msgs/local/lib/python3.10/dist-packages:${PYTHONPATH} /usr/bin/cmake /home/pinet/SLAM_AGV/workspace/src/ros2_control/hardware_interface -DAMENT_CMAKE_SYMLINK_INSTALL=1 -DCMAKE_INSTALL_PREFIX=/home/pinet/SLAM_AGV/workspace/install/hardware_interface
[6.139s] Invoking command in '/home/pinet/SLAM_AGV/workspace/build/hardware_interface': AMENT_PREFIX_PATH=/home/pinet/SLAM_AGV/workspace/install/ros2_control_test_assets:/home/pinet/SLAM_AGV/workspace/install/control_msgs:${AMENT_PREFIX_PATH} CMAKE_PREFIX_PATH=/home/pinet/SLAM_AGV/workspace/install/ros2_control_test_assets:/home/pinet/SLAM_AGV/workspace/install/control_msgs:/opt/ros/humble LD_LIBRARY_PATH=/home/pinet/SLAM_AGV/workspace/install/control_msgs/lib:${LD_LIBRARY_PATH} PYTHONPATH=/home/pinet/SLAM_AGV/workspace/install/control_msgs/local/lib/python3.10/dist-packages:${PYTHONPATH} /usr/bin/cmake --build /home/pinet/SLAM_AGV/workspace/build/hardware_interface -- -j4 -l4
[6.353s] [  2%] [34m[1mGenerating hardware_interface/version.h[0m
[6.355s] [  8%] [32mBuilding CXX object gmock/CMakeFiles/gmock.dir/opt/ros/humble/src/gtest_vendor/src/gtest-all.cc.o[0m
[6.356s] [  8%] [32mBuilding CXX object gmock/CMakeFiles/gmock_main.dir/src/gmock_main.cc.o[0m
[6.362s] [ 11%] [32mBuilding CXX object gmock/CMakeFiles/gmock.dir/src/gmock-all.cc.o[0m
[6.436s] [ 11%] Built target ament_generate_version_header__hardware_interface
[6.527s] [ 14%] [32mBuilding CXX object CMakeFiles/hardware_interface.dir/src/actuator.cpp.o[0m
[14.729s] [ 17%] [32mBuilding CXX object CMakeFiles/hardware_interface.dir/src/component_parser.cpp.o[0m
[17.227s] [ 20%] [32m[1mLinking CXX static library libgmock_main.a[0m
[17.394s] [ 20%] Built target gmock_main
[17.435s] [ 22%] [32mBuilding CXX object CMakeFiles/hardware_interface.dir/src/resource_manager.cpp.o[0m
[21.674s] [ 25%] [32mBuilding CXX object CMakeFiles/hardware_interface.dir/src/sensor.cpp.o[0m
[27.450s] [ 28%] [32mBuilding CXX object CMakeFiles/hardware_interface.dir/src/system.cpp.o[0m
[28.229s] [ 31%] [32m[1mLinking CXX static library libgmock.a[0m
[28.602s] [ 31%] Built target gmock
[28.642s] [ 34%] [32mBuilding CXX object CMakeFiles/hardware_interface.dir/src/lexical_casts.cpp.o[0m
[30.679s] [ 37%] [32mBuilding CXX object CMakeFiles/test_macros.dir/test/test_macros.cpp.o[0m
[38.065s] [ 40%] [32m[1mLinking CXX executable test_macros[0m
[38.708s] [ 40%] Built target test_macros
[43.006s] [ 42%] [32m[1mLinking CXX shared library libhardware_interface.so[0m
[44.532s] [ 42%] Built target hardware_interface
[44.626s] [ 48%] [32mBuilding CXX object CMakeFiles/fake_components.dir/src/mock_components/generic_system.cpp.o[0m
[44.628s] [ 48%] [32mBuilding CXX object CMakeFiles/mock_components.dir/src/mock_components/generic_system.cpp.o[0m
[44.631s] [ 51%] [32mBuilding CXX object CMakeFiles/test_inst_hardwares.dir/test/test_inst_hardwares.cpp.o[0m
[44.632s] [ 54%] [32mBuilding CXX object CMakeFiles/test_joint_handle.dir/test/test_handle.cpp.o[0m
[56.680s] [ 57%] [32m[1mLinking CXX executable test_joint_handle[0m
[57.510s] [ 60%] [32m[1mLinking CXX shared library libmock_components.so[0m
[57.578s] [ 62%] [32mBuilding CXX object CMakeFiles/fake_components.dir/src/mock_components/fake_generic_system.cpp.o[0m
[58.190s] [ 62%] Built target test_joint_handle
[58.201s] [ 65%] [32m[1mLinking CXX executable test_inst_hardwares[0m
[58.299s] [ 68%] [32mBuilding CXX object CMakeFiles/test_component_interfaces.dir/test/test_component_interfaces.cpp.o[0m
[59.119s] [ 68%] Built target mock_components
[59.249s] [ 71%] [32mBuilding CXX object CMakeFiles/test_component_parser.dir/test/test_component_parser.cpp.o[0m
[59.552s] [ 71%] Built target test_inst_hardwares
[59.640s] [ 74%] [32mBuilding CXX object CMakeFiles/test_hardware_components.dir/test/test_hardware_components/test_single_joint_actuator.cpp.o[0m
[66.426s] [ 77%] [32m[1mLinking CXX shared library libfake_components.so[0m
[68.474s] [ 77%] Built target fake_components
[68.615s] [ 80%] [32mBuilding CXX object CMakeFiles/test_generic_system.dir/test/mock_components/test_generic_system.cpp.o[0m
[70.438s] [ 82%] [32mBuilding CXX object CMakeFiles/test_hardware_components.dir/test/test_hardware_components/test_force_torque_sensor.cpp.o[0m
[78.673s] [ 85%] [32m[1mLinking CXX executable test_component_interfaces[0m
[81.242s] [ 85%] Built target test_component_interfaces
[81.285s] [ 88%] [32mBuilding CXX object CMakeFiles/test_hardware_components.dir/test/test_hardware_components/test_two_joint_system.cpp.o[0m
[81.519s] [ 91%] [32mBuilding CXX object CMakeFiles/test_hardware_components.dir/test/test_hardware_components/test_system_with_command_modes.cpp.o[0m
[83.686s] [ 94%] [32m[1mLinking CXX executable test_component_parser[0m
[86.699s] [ 94%] Built target test_component_parser
[89.909s] [ 97%] [32m[1mLinking CXX executable test_generic_system[0m
[90.926s] [100%] [32m[1mLinking CXX shared library libtest_hardware_components.so[0m
[91.842s] [100%] Built target test_hardware_components
[91.862s] [100%] Built target test_generic_system
[91.902s] Invoked command in '/home/pinet/SLAM_AGV/workspace/build/hardware_interface' returned '0': AMENT_PREFIX_PATH=/home/pinet/SLAM_AGV/workspace/install/ros2_control_test_assets:/home/pinet/SLAM_AGV/workspace/install/control_msgs:${AMENT_PREFIX_PATH} CMAKE_PREFIX_PATH=/home/pinet/SLAM_AGV/workspace/install/ros2_control_test_assets:/home/pinet/SLAM_AGV/workspace/install/control_msgs:/opt/ros/humble LD_LIBRARY_PATH=/home/pinet/SLAM_AGV/workspace/install/control_msgs/lib:${LD_LIBRARY_PATH} PYTHONPATH=/home/pinet/SLAM_AGV/workspace/install/control_msgs/local/lib/python3.10/dist-packages:${PYTHONPATH} /usr/bin/cmake --build /home/pinet/SLAM_AGV/workspace/build/hardware_interface -- -j4 -l4
[91.910s] Invoking command in '/home/pinet/SLAM_AGV/workspace/build/hardware_interface': AMENT_PREFIX_PATH=/home/pinet/SLAM_AGV/workspace/install/ros2_control_test_assets:/home/pinet/SLAM_AGV/workspace/install/control_msgs:${AMENT_PREFIX_PATH} CMAKE_PREFIX_PATH=/home/pinet/SLAM_AGV/workspace/install/ros2_control_test_assets:/home/pinet/SLAM_AGV/workspace/install/control_msgs:/opt/ros/humble LD_LIBRARY_PATH=/home/pinet/SLAM_AGV/workspace/install/control_msgs/lib:${LD_LIBRARY_PATH} PYTHONPATH=/home/pinet/SLAM_AGV/workspace/install/control_msgs/local/lib/python3.10/dist-packages:${PYTHONPATH} /usr/bin/cmake --install /home/pinet/SLAM_AGV/workspace/build/hardware_interface
[91.936s] -- Install configuration: ""
[91.938s] -- Execute custom install script
[91.939s] -- Symlinking: /home/pinet/SLAM_AGV/workspace/install/hardware_interface/share/hardware_interface//mock_components_plugin_description.xml
[91.969s] -- Symlinking: /home/pinet/SLAM_AGV/workspace/install/hardware_interface/share/hardware_interface//fake_components_plugin_description.xml
[92.003s] -- Symlinking: /home/pinet/SLAM_AGV/workspace/install/hardware_interface/include/fake_components/generic_system.hpp
[92.035s] -- Symlinking: /home/pinet/SLAM_AGV/workspace/install/hardware_interface/include/fake_components/visibility_control.h
[92.066s] -- Symlinking: /home/pinet/SLAM_AGV/workspace/install/hardware_interface/include/hardware_interface/actuator.hpp
[92.096s] -- Symlinking: /home/pinet/SLAM_AGV/workspace/install/hardware_interface/include/hardware_interface/actuator_interface.hpp
[92.126s] -- Symlinking: /home/pinet/SLAM_AGV/workspace/install/hardware_interface/include/hardware_interface/component_parser.hpp
[92.156s] -- Symlinking: /home/pinet/SLAM_AGV/workspace/install/hardware_interface/include/hardware_interface/controller_info.hpp
[92.187s] -- Symlinking: /home/pinet/SLAM_AGV/workspace/install/hardware_interface/include/hardware_interface/handle.hpp
[92.219s] -- Symlinking: /home/pinet/SLAM_AGV/workspace/install/hardware_interface/include/hardware_interface/hardware_component_info.hpp
[92.249s] -- Symlinking: /home/pinet/SLAM_AGV/workspace/install/hardware_interface/include/hardware_interface/hardware_info.hpp
[92.279s] -- Symlinking: /home/pinet/SLAM_AGV/workspace/install/hardware_interface/include/hardware_interface/lexical_casts.hpp
[92.309s] -- Symlinking: /home/pinet/SLAM_AGV/workspace/install/hardware_interface/include/hardware_interface/loaned_command_interface.hpp
[92.339s] -- Symlinking: /home/pinet/SLAM_AGV/workspace/install/hardware_interface/include/hardware_interface/loaned_state_interface.hpp
[92.370s] -- Symlinking: /home/pinet/SLAM_AGV/workspace/install/hardware_interface/include/hardware_interface/macros.hpp
[92.400s] -- Symlinking: /home/pinet/SLAM_AGV/workspace/install/hardware_interface/include/hardware_interface/resource_manager.hpp
[92.430s] -- Symlinking: /home/pinet/SLAM_AGV/workspace/install/hardware_interface/include/hardware_interface/sensor.hpp
[92.459s] -- Symlinking: /home/pinet/SLAM_AGV/workspace/install/hardware_interface/include/hardware_interface/sensor_interface.hpp
[92.490s] -- Symlinking: /home/pinet/SLAM_AGV/workspace/install/hardware_interface/include/hardware_interface/system.hpp
[92.520s] -- Symlinking: /home/pinet/SLAM_AGV/workspace/install/hardware_interface/include/hardware_interface/system_interface.hpp
[92.552s] -- Symlinking: /home/pinet/SLAM_AGV/workspace/install/hardware_interface/include/hardware_interface/types/hardware_interface_return_values.hpp
[92.582s] -- Symlinking: /home/pinet/SLAM_AGV/workspace/install/hardware_interface/include/hardware_interface/types/hardware_interface_type_values.hpp
[92.612s] -- Symlinking: /home/pinet/SLAM_AGV/workspace/install/hardware_interface/include/hardware_interface/types/lifecycle_state_names.hpp
[92.642s] -- Symlinking: /home/pinet/SLAM_AGV/workspace/install/hardware_interface/include/hardware_interface/visibility_control.h
[92.672s] -- Symlinking: /home/pinet/SLAM_AGV/workspace/install/hardware_interface/include/mock_components/generic_system.hpp
[92.704s] -- Symlinking: /home/pinet/SLAM_AGV/workspace/install/hardware_interface/include/mock_components/visibility_control.h
[92.735s] -- Symlinking: /home/pinet/SLAM_AGV/workspace/install/hardware_interface/lib/libfake_components.so
[92.766s] -- Symlinking: /home/pinet/SLAM_AGV/workspace/install/hardware_interface/lib/libmock_components.so
[92.798s] -- Symlinking: /home/pinet/SLAM_AGV/workspace/install/hardware_interface/lib/libhardware_interface.so
[92.829s] -- Symlinking: /home/pinet/SLAM_AGV/workspace/install/hardware_interface/lib/libtest_hardware_components.so
[92.862s] -- Symlinking: /home/pinet/SLAM_AGV/workspace/install/hardware_interface/share/hardware_interface/test/test_hardware_components/test_hardware_components.xml
[92.893s] -- Symlinking: /home/pinet/SLAM_AGV/workspace/install/hardware_interface/share/hardware_interface/environment/library_path.sh
[92.923s] -- Symlinking: /home/pinet/SLAM_AGV/workspace/install/hardware_interface/share/hardware_interface/environment/library_path.dsv
[92.954s] -- Symlinking: /home/pinet/SLAM_AGV/workspace/install/hardware_interface/share/ament_index/resource_index/package_run_dependencies/hardware_interface
[92.985s] -- Symlinking: /home/pinet/SLAM_AGV/workspace/install/hardware_interface/share/ament_index/resource_index/parent_prefix_path/hardware_interface
[93.016s] -- Symlinking: /home/pinet/SLAM_AGV/workspace/install/hardware_interface/share/hardware_interface/environment/ament_prefix_path.sh
[93.047s] -- Symlinking: /home/pinet/SLAM_AGV/workspace/install/hardware_interface/share/hardware_interface/environment/ament_prefix_path.dsv
[93.078s] -- Symlinking: /home/pinet/SLAM_AGV/workspace/install/hardware_interface/share/hardware_interface/environment/path.sh
[93.112s] -- Symlinking: /home/pinet/SLAM_AGV/workspace/install/hardware_interface/share/hardware_interface/environment/path.dsv
[93.142s] -- Symlinking: /home/pinet/SLAM_AGV/workspace/install/hardware_interface/share/hardware_interface/local_setup.bash
[93.173s] -- Symlinking: /home/pinet/SLAM_AGV/workspace/install/hardware_interface/share/hardware_interface/local_setup.sh
[93.203s] -- Symlinking: /home/pinet/SLAM_AGV/workspace/install/hardware_interface/share/hardware_interface/local_setup.zsh
[93.234s] -- Symlinking: /home/pinet/SLAM_AGV/workspace/install/hardware_interface/share/hardware_interface/local_setup.dsv
[93.263s] -- Symlinking: /home/pinet/SLAM_AGV/workspace/install/hardware_interface/share/hardware_interface/package.dsv
[93.295s] -- Symlinking: /home/pinet/SLAM_AGV/workspace/install/hardware_interface/share/ament_index/resource_index/packages/hardware_interface
[93.326s] -- Symlinking: /home/pinet/SLAM_AGV/workspace/install/hardware_interface/share/ament_index/resource_index/hardware_interface__pluginlib__plugin/hardware_interface
[93.357s] -- Symlinking: /home/pinet/SLAM_AGV/workspace/install/hardware_interface/share/hardware_interface/cmake/ament_cmake_export_include_directories-extras.cmake
[93.389s] -- Symlinking: /home/pinet/SLAM_AGV/workspace/install/hardware_interface/share/hardware_interface/cmake/ament_cmake_export_libraries-extras.cmake
[93.419s] -- Symlinking: /home/pinet/SLAM_AGV/workspace/install/hardware_interface/share/hardware_interface/cmake/ament_cmake_export_dependencies-extras.cmake
[93.450s] -- Symlinking: /home/pinet/SLAM_AGV/workspace/install/hardware_interface/share/hardware_interface/cmake/hardware_interfaceConfig.cmake
[93.480s] -- Symlinking: /home/pinet/SLAM_AGV/workspace/install/hardware_interface/share/hardware_interface/cmake/hardware_interfaceConfig-version.cmake
[93.510s] -- Symlinking: /home/pinet/SLAM_AGV/workspace/install/hardware_interface/share/hardware_interface/package.xml
[93.544s] -- Symlinking: /home/pinet/SLAM_AGV/workspace/install/hardware_interface/include/hardware_interface/hardware_interface/version.h
[93.583s] Invoked command in '/home/pinet/SLAM_AGV/workspace/build/hardware_interface' returned '0': AMENT_PREFIX_PATH=/home/pinet/SLAM_AGV/workspace/install/ros2_control_test_assets:/home/pinet/SLAM_AGV/workspace/install/control_msgs:${AMENT_PREFIX_PATH} CMAKE_PREFIX_PATH=/home/pinet/SLAM_AGV/workspace/install/ros2_control_test_assets:/home/pinet/SLAM_AGV/workspace/install/control_msgs:/opt/ros/humble LD_LIBRARY_PATH=/home/pinet/SLAM_AGV/workspace/install/control_msgs/lib:${LD_LIBRARY_PATH} PYTHONPATH=/home/pinet/SLAM_AGV/workspace/install/control_msgs/local/lib/python3.10/dist-packages:${PYTHONPATH} /usr/bin/cmake --install /home/pinet/SLAM_AGV/workspace/build/hardware_interface
