[0.059s] Invoking command in '/home/pinet/SLAM_AGV/workspace/build/controller_interface': AMENT_PREFIX_PATH=/home/pinet/SLAM_AGV/workspace/install/hardware_interface:/home/pinet/SLAM_AGV/workspace/install/ros2_control_test_assets:/home/pinet/SLAM_AGV/workspace/install/control_msgs:${AMENT_PREFIX_PATH} CMAKE_PREFIX_PATH=/home/pinet/SLAM_AGV/workspace/install/hardware_interface:/home/pinet/SLAM_AGV/workspace/install/ros2_control_test_assets:/home/pinet/SLAM_AGV/workspace/install/control_msgs:/opt/ros/humble LD_LIBRARY_PATH=/home/pinet/SLAM_AGV/workspace/install/hardware_interface/lib:/home/pinet/SLAM_AGV/workspace/install/control_msgs/lib:${LD_LIBRARY_PATH} PYTHONPATH=/home/pinet/SLAM_AGV/workspace/install/control_msgs/local/lib/python3.10/dist-packages:${PYTHONPATH} /usr/bin/cmake --build /home/pinet/SLAM_AGV/workspace/build/controller_interface -- -j4 -l4
[0.250s] [35m[1mConsolidate compiler generated dependencies of target gmock_main[0m
[0.253s] [35m[1mConsolidate compiler generated dependencies of target gmock[0m
[0.276s] [  4%] Built target ament_generate_version_header__controller_interface
[0.319s] [ 12%] Built target gmock_main
[0.326s] [35m[1mConsolidate compiler generated dependencies of target controller_interface[0m
[0.330s] [ 25%] Built target gmock
[0.375s] [35m[1mConsolidate compiler generated dependencies of target test_semantic_component_interface[0m
[0.379s] [35m[1mConsolidate compiler generated dependencies of target test_imu_sensor[0m
[0.381s] [35m[1mConsolidate compiler generated dependencies of target test_force_torque_sensor[0m
[0.449s] [ 33%] Built target test_semantic_component_interface
[0.457s] [ 58%] Built target controller_interface
[0.457s] [ 58%] Built target test_force_torque_sensor
[0.463s] [ 66%] Built target test_imu_sensor
[0.497s] [35m[1mConsolidate compiler generated dependencies of target test_pose_sensor[0m
[0.505s] [35m[1mConsolidate compiler generated dependencies of target test_controller_interface[0m
[0.508s] [35m[1mConsolidate compiler generated dependencies of target test_controller_with_options[0m
[0.518s] [35m[1mConsolidate compiler generated dependencies of target test_chainable_controller_interface[0m
[0.574s] [ 75%] Built target test_pose_sensor
[0.603s] [ 83%] Built target test_controller_interface
[0.609s] [ 91%] Built target test_controller_with_options
[0.620s] [100%] Built target test_chainable_controller_interface
[0.661s] Invoked command in '/home/pinet/SLAM_AGV/workspace/build/controller_interface' returned '0': AMENT_PREFIX_PATH=/home/pinet/SLAM_AGV/workspace/install/hardware_interface:/home/pinet/SLAM_AGV/workspace/install/ros2_control_test_assets:/home/pinet/SLAM_AGV/workspace/install/control_msgs:${AMENT_PREFIX_PATH} CMAKE_PREFIX_PATH=/home/pinet/SLAM_AGV/workspace/install/hardware_interface:/home/pinet/SLAM_AGV/workspace/install/ros2_control_test_assets:/home/pinet/SLAM_AGV/workspace/install/control_msgs:/opt/ros/humble LD_LIBRARY_PATH=/home/pinet/SLAM_AGV/workspace/install/hardware_interface/lib:/home/pinet/SLAM_AGV/workspace/install/control_msgs/lib:${LD_LIBRARY_PATH} PYTHONPATH=/home/pinet/SLAM_AGV/workspace/install/control_msgs/local/lib/python3.10/dist-packages:${PYTHONPATH} /usr/bin/cmake --build /home/pinet/SLAM_AGV/workspace/build/controller_interface -- -j4 -l4
[0.672s] Invoking command in '/home/pinet/SLAM_AGV/workspace/build/controller_interface': AMENT_PREFIX_PATH=/home/pinet/SLAM_AGV/workspace/install/hardware_interface:/home/pinet/SLAM_AGV/workspace/install/ros2_control_test_assets:/home/pinet/SLAM_AGV/workspace/install/control_msgs:${AMENT_PREFIX_PATH} CMAKE_PREFIX_PATH=/home/pinet/SLAM_AGV/workspace/install/hardware_interface:/home/pinet/SLAM_AGV/workspace/install/ros2_control_test_assets:/home/pinet/SLAM_AGV/workspace/install/control_msgs:/opt/ros/humble LD_LIBRARY_PATH=/home/pinet/SLAM_AGV/workspace/install/hardware_interface/lib:/home/pinet/SLAM_AGV/workspace/install/control_msgs/lib:${LD_LIBRARY_PATH} PYTHONPATH=/home/pinet/SLAM_AGV/workspace/install/control_msgs/local/lib/python3.10/dist-packages:${PYTHONPATH} /usr/bin/cmake --install /home/pinet/SLAM_AGV/workspace/build/controller_interface
[0.700s] -- Install configuration: ""
[0.702s] -- Execute custom install script
[0.704s] -- Up-to-date symlink: /home/pinet/SLAM_AGV/workspace/install/controller_interface/include/controller_interface/chainable_controller_interface.hpp
[0.705s] -- Up-to-date symlink: /home/pinet/SLAM_AGV/workspace/install/controller_interface/include/controller_interface/controller_interface.hpp
[0.706s] -- Up-to-date symlink: /home/pinet/SLAM_AGV/workspace/install/controller_interface/include/controller_interface/controller_interface_base.hpp
[0.707s] -- Up-to-date symlink: /home/pinet/SLAM_AGV/workspace/install/controller_interface/include/controller_interface/helpers.hpp
[0.707s] -- Up-to-date symlink: /home/pinet/SLAM_AGV/workspace/install/controller_interface/include/controller_interface/visibility_control.h
[0.708s] -- Up-to-date symlink: /home/pinet/SLAM_AGV/workspace/install/controller_interface/include/semantic_components/force_torque_sensor.hpp
[0.709s] -- Up-to-date symlink: /home/pinet/SLAM_AGV/workspace/install/controller_interface/include/semantic_components/imu_sensor.hpp
[0.710s] -- Up-to-date symlink: /home/pinet/SLAM_AGV/workspace/install/controller_interface/include/semantic_components/pose_sensor.hpp
[0.710s] -- Up-to-date symlink: /home/pinet/SLAM_AGV/workspace/install/controller_interface/include/semantic_components/range_sensor.hpp
[0.711s] -- Up-to-date symlink: /home/pinet/SLAM_AGV/workspace/install/controller_interface/include/semantic_components/semantic_component_interface.hpp
[0.713s] -- Up-to-date symlink: /home/pinet/SLAM_AGV/workspace/install/controller_interface/lib/libcontroller_interface.so
[0.713s] -- Up-to-date symlink: /home/pinet/SLAM_AGV/workspace/install/controller_interface/share/controller_interface/environment/library_path.sh
[0.714s] -- Up-to-date symlink: /home/pinet/SLAM_AGV/workspace/install/controller_interface/share/controller_interface/environment/library_path.dsv
[0.716s] -- Up-to-date symlink: /home/pinet/SLAM_AGV/workspace/install/controller_interface/share/ament_index/resource_index/package_run_dependencies/controller_interface
[0.717s] -- Up-to-date symlink: /home/pinet/SLAM_AGV/workspace/install/controller_interface/share/ament_index/resource_index/parent_prefix_path/controller_interface
[0.718s] -- Up-to-date symlink: /home/pinet/SLAM_AGV/workspace/install/controller_interface/share/controller_interface/environment/ament_prefix_path.sh
[0.718s] -- Up-to-date symlink: /home/pinet/SLAM_AGV/workspace/install/controller_interface/share/controller_interface/environment/ament_prefix_path.dsv
[0.720s] -- Up-to-date symlink: /home/pinet/SLAM_AGV/workspace/install/controller_interface/share/controller_interface/environment/path.sh
[0.721s] -- Up-to-date symlink: /home/pinet/SLAM_AGV/workspace/install/controller_interface/share/controller_interface/environment/path.dsv
[0.721s] -- Up-to-date symlink: /home/pinet/SLAM_AGV/workspace/install/controller_interface/share/controller_interface/local_setup.bash
[0.722s] -- Up-to-date symlink: /home/pinet/SLAM_AGV/workspace/install/controller_interface/share/controller_interface/local_setup.sh
[0.723s] -- Up-to-date symlink: /home/pinet/SLAM_AGV/workspace/install/controller_interface/share/controller_interface/local_setup.zsh
[0.724s] -- Up-to-date symlink: /home/pinet/SLAM_AGV/workspace/install/controller_interface/share/controller_interface/local_setup.dsv
[0.725s] -- Symlinking: /home/pinet/SLAM_AGV/workspace/install/controller_interface/share/controller_interface/package.dsv
[0.756s] -- Up-to-date symlink: /home/pinet/SLAM_AGV/workspace/install/controller_interface/share/ament_index/resource_index/packages/controller_interface
[0.756s] -- Up-to-date symlink: /home/pinet/SLAM_AGV/workspace/install/controller_interface/share/controller_interface/cmake/ament_cmake_export_dependencies-extras.cmake
[0.757s] -- Up-to-date symlink: /home/pinet/SLAM_AGV/workspace/install/controller_interface/share/controller_interface/cmake/ament_cmake_export_include_directories-extras.cmake
[0.758s] -- Up-to-date symlink: /home/pinet/SLAM_AGV/workspace/install/controller_interface/share/controller_interface/cmake/ament_cmake_export_libraries-extras.cmake
[0.759s] -- Up-to-date symlink: /home/pinet/SLAM_AGV/workspace/install/controller_interface/share/controller_interface/cmake/controller_interfaceConfig.cmake
[0.760s] -- Up-to-date symlink: /home/pinet/SLAM_AGV/workspace/install/controller_interface/share/controller_interface/cmake/controller_interfaceConfig-version.cmake
[0.761s] -- Up-to-date symlink: /home/pinet/SLAM_AGV/workspace/install/controller_interface/share/controller_interface/package.xml
[0.762s] -- Up-to-date symlink: /home/pinet/SLAM_AGV/workspace/install/controller_interface/include/controller_interface/controller_interface/version.h
[0.771s] Invoked command in '/home/pinet/SLAM_AGV/workspace/build/controller_interface' returned '0': AMENT_PREFIX_PATH=/home/pinet/SLAM_AGV/workspace/install/hardware_interface:/home/pinet/SLAM_AGV/workspace/install/ros2_control_test_assets:/home/pinet/SLAM_AGV/workspace/install/control_msgs:${AMENT_PREFIX_PATH} CMAKE_PREFIX_PATH=/home/pinet/SLAM_AGV/workspace/install/hardware_interface:/home/pinet/SLAM_AGV/workspace/install/ros2_control_test_assets:/home/pinet/SLAM_AGV/workspace/install/control_msgs:/opt/ros/humble LD_LIBRARY_PATH=/home/pinet/SLAM_AGV/workspace/install/hardware_interface/lib:/home/pinet/SLAM_AGV/workspace/install/control_msgs/lib:${LD_LIBRARY_PATH} PYTHONPATH=/home/pinet/SLAM_AGV/workspace/install/control_msgs/local/lib/python3.10/dist-packages:${PYTHONPATH} /usr/bin/cmake --install /home/pinet/SLAM_AGV/workspace/build/controller_interface
