[0.031s] Invoking command in '/home/pinet/SLAM_AGV/workspace/build/joint_limits': CMAKE_PREFIX_PATH=/opt/ros/humble /usr/bin/cmake /home/pinet/SLAM_AGV/workspace/src/ros2_control/joint_limits -DAMENT_CMAKE_SYMLINK_INSTALL=1 -DCMAKE_INSTALL_PREFIX=/home/pinet/SLAM_AGV/workspace/install/joint_limits
[0.261s] -- The C compiler identification is GNU 11.4.0
[0.501s] -- The CXX compiler identification is GNU 11.4.0
[0.532s] -- Detecting C compiler ABI info
[0.818s] -- Detecting C compiler ABI info - done
[0.846s] -- Check for working C compiler: /usr/bin/cc - skipped
[0.847s] -- Detecting C compile features
[0.848s] -- Detecting C compile features - done
[0.859s] -- Detecting CXX compiler ABI info
[1.182s] -- Detecting CXX compiler ABI info - done
[1.209s] -- Check for working CXX compiler: /usr/bin/c++ - skipped
[1.209s] -- Detecting CXX compile features
[1.211s] -- Detecting CXX compile features - done
[1.231s] -- Found ament_cmake: 1.3.11 (/opt/ros/humble/share/ament_cmake/cmake)
[1.879s] -- Found Python3: /usr/bin/python3 (found version "3.10.12") found components: Interpreter 
[2.143s] -- Override CMake install command with custom implementation using symlinks instead of copying resources
[2.331s] -- Found rclcpp: 16.0.11 (/opt/ros/humble/share/rclcpp/cmake)
[2.595s] -- Found rosidl_generator_c: 3.1.6 (/opt/ros/humble/share/rosidl_generator_c/cmake)
[2.612s] -- Found rosidl_adapter: 3.1.6 (/opt/ros/humble/share/rosidl_adapter/cmake)
[2.655s] -- Found rosidl_generator_cpp: 3.1.6 (/opt/ros/humble/share/rosidl_generator_cpp/cmake)
[2.714s] -- Using all available rosidl_typesupport_c: rosidl_typesupport_fastrtps_c;rosidl_typesupport_introspection_c
[2.793s] -- Using all available rosidl_typesupport_cpp: rosidl_typesupport_fastrtps_cpp;rosidl_typesupport_introspection_cpp
[3.067s] -- Found rmw_implementation_cmake: 6.1.2 (/opt/ros/humble/share/rmw_implementation_cmake/cmake)
[3.090s] -- Found rmw_fastrtps_cpp: 6.2.7 (/opt/ros/humble/share/rmw_fastrtps_cpp/cmake)
[3.560s] -- Found OpenSSL: /usr/lib/aarch64-linux-gnu/libcrypto.so (found version "3.0.2")  
[3.676s] -- Found FastRTPS: /opt/ros/humble/include  
[3.861s] -- Using RMW implementation 'rmw_fastrtps_cpp' as default
[3.923s] -- Looking for pthread.h
[4.240s] -- Looking for pthread.h - found
[4.243s] -- Performing Test CMAKE_HAVE_LIBC_PTHREAD
[4.551s] -- Performing Test CMAKE_HAVE_LIBC_PTHREAD - Success
[4.556s] -- Found Threads: TRUE  
[4.832s] -- Found rclcpp_lifecycle: 16.0.11 (/opt/ros/humble/share/rclcpp_lifecycle/cmake)
[4.936s] -- Found ament_cmake_gtest: 1.3.11 (/opt/ros/humble/share/ament_cmake_gtest/cmake)
[4.951s] -- Found launch_testing_ament_cmake: 1.0.7 (/opt/ros/humble/share/launch_testing_ament_cmake/cmake)
[4.964s] -- Found python_cmake_module: 0.10.0 (/opt/ros/humble/share/python_cmake_module/cmake)
[5.053s] -- Found PythonInterp: /usr/bin/python3 (found suitable version "3.10.12", minimum required is "3.6") 
[5.068s] -- Found PythonLibs: /usr/lib/aarch64-linux-gnu/libpython3.10.so (found suitable version "3.10.12", minimum required is "3.5") 
[5.069s] -- Using PYTHON_EXECUTABLE: /usr/bin/python3
[5.069s] -- Using PYTHON_INCLUDE_DIRS: /usr/include/python3.10
[5.069s] -- Using PYTHON_LIBRARIES: /usr/lib/aarch64-linux-gnu/libpython3.10.so
[5.165s] -- Found PythonExtra: .so  
[5.185s] -- Found gtest sources under '/opt/ros/humble/src/gtest_vendor': C++ tests using 'Google Test' will be built
[5.501s] -- Configuring done
[5.574s] -- Generating done
[5.592s] -- Build files have been written to: /home/pinet/SLAM_AGV/workspace/build/joint_limits
[5.625s] Invoked command in '/home/pinet/SLAM_AGV/workspace/build/joint_limits' returned '0': CMAKE_PREFIX_PATH=/opt/ros/humble /usr/bin/cmake /home/pinet/SLAM_AGV/workspace/src/ros2_control/joint_limits -DAMENT_CMAKE_SYMLINK_INSTALL=1 -DCMAKE_INSTALL_PREFIX=/home/pinet/SLAM_AGV/workspace/install/joint_limits
[5.632s] Invoking command in '/home/pinet/SLAM_AGV/workspace/build/joint_limits': CMAKE_PREFIX_PATH=/opt/ros/humble /usr/bin/cmake --build /home/pinet/SLAM_AGV/workspace/build/joint_limits -- -j4 -l4
[5.828s] [ 14%] [32mBuilding CXX object gtest/CMakeFiles/gtest_main.dir/src/gtest_main.cc.o[0m
[5.829s] [ 28%] [32mBuilding CXX object gtest/CMakeFiles/gtest.dir/src/gtest-all.cc.o[0m
[5.832s] [ 42%] [34m[1mGenerating joint_limits/version.h[0m
[5.901s] [ 42%] Built target ament_generate_version_header__joint_limits
[8.628s] [ 57%] [32m[1mLinking CXX static library libgtest_main.a[0m
[8.756s] [ 57%] Built target gtest_main
[17.206s] [ 71%] [32m[1mLinking CXX static library libgtest.a[0m
[17.841s] [ 71%] Built target gtest
[17.917s] [ 85%] [32mBuilding CXX object CMakeFiles/joint_limits_rosparam_test.dir/test/joint_limits_rosparam_test.cpp.o[0m
[36.783s] [100%] [32m[1mLinking CXX executable joint_limits_rosparam_test[0m
[37.831s] [100%] Built target joint_limits_rosparam_test
[37.868s] Invoked command in '/home/pinet/SLAM_AGV/workspace/build/joint_limits' returned '0': CMAKE_PREFIX_PATH=/opt/ros/humble /usr/bin/cmake --build /home/pinet/SLAM_AGV/workspace/build/joint_limits -- -j4 -l4
[37.875s] Invoking command in '/home/pinet/SLAM_AGV/workspace/build/joint_limits': CMAKE_PREFIX_PATH=/opt/ros/humble /usr/bin/cmake --install /home/pinet/SLAM_AGV/workspace/build/joint_limits
[37.900s] -- Install configuration: ""
[37.902s] -- Execute custom install script
[37.904s] -- Symlinking: /home/pinet/SLAM_AGV/workspace/install/joint_limits/include/joint_limits/joint_limits.hpp
[37.934s] -- Symlinking: /home/pinet/SLAM_AGV/workspace/install/joint_limits/include/joint_limits/joint_limits_rosparam.hpp
[37.963s] -- Symlinking: /home/pinet/SLAM_AGV/workspace/install/joint_limits/lib/joint_limits/joint_limits_rosparam_test
[37.994s] -- Symlinking: /home/pinet/SLAM_AGV/workspace/install/joint_limits/share/joint_limits/test/joint_limits_rosparam.yaml
[38.024s] -- Symlinking: /home/pinet/SLAM_AGV/workspace/install/joint_limits/include/joint_limits/joint_limits/joint_limits.hpp
[38.060s] -- Symlinking: /home/pinet/SLAM_AGV/workspace/install/joint_limits/include/joint_limits/joint_limits/joint_limits_rosparam.hpp
[38.094s] -- Symlinking: /home/pinet/SLAM_AGV/workspace/install/joint_limits/share/joint_limits/environment/library_path.sh
[38.123s] -- Symlinking: /home/pinet/SLAM_AGV/workspace/install/joint_limits/share/joint_limits/environment/library_path.dsv
[38.153s] -- Symlinking: /home/pinet/SLAM_AGV/workspace/install/joint_limits/share/ament_index/resource_index/package_run_dependencies/joint_limits
[38.182s] -- Symlinking: /home/pinet/SLAM_AGV/workspace/install/joint_limits/share/ament_index/resource_index/parent_prefix_path/joint_limits
[38.213s] -- Symlinking: /home/pinet/SLAM_AGV/workspace/install/joint_limits/share/joint_limits/environment/ament_prefix_path.sh
[38.242s] -- Symlinking: /home/pinet/SLAM_AGV/workspace/install/joint_limits/share/joint_limits/environment/ament_prefix_path.dsv
[38.273s] -- Symlinking: /home/pinet/SLAM_AGV/workspace/install/joint_limits/share/joint_limits/environment/path.sh
[38.302s] -- Symlinking: /home/pinet/SLAM_AGV/workspace/install/joint_limits/share/joint_limits/environment/path.dsv
[38.332s] -- Symlinking: /home/pinet/SLAM_AGV/workspace/install/joint_limits/share/joint_limits/local_setup.bash
[38.362s] -- Symlinking: /home/pinet/SLAM_AGV/workspace/install/joint_limits/share/joint_limits/local_setup.sh
[38.391s] -- Symlinking: /home/pinet/SLAM_AGV/workspace/install/joint_limits/share/joint_limits/local_setup.zsh
[38.420s] -- Symlinking: /home/pinet/SLAM_AGV/workspace/install/joint_limits/share/joint_limits/local_setup.dsv
[38.450s] -- Symlinking: /home/pinet/SLAM_AGV/workspace/install/joint_limits/share/joint_limits/package.dsv
[38.479s] -- Symlinking: /home/pinet/SLAM_AGV/workspace/install/joint_limits/share/ament_index/resource_index/packages/joint_limits
[38.508s] -- Symlinking: /home/pinet/SLAM_AGV/workspace/install/joint_limits/share/joint_limits/cmake/ament_cmake_export_targets-extras.cmake
[38.537s] -- Symlinking: /home/pinet/SLAM_AGV/workspace/install/joint_limits/share/joint_limits/cmake/ament_cmake_export_dependencies-extras.cmake
[38.567s] -- Symlinking: /home/pinet/SLAM_AGV/workspace/install/joint_limits/share/joint_limits/cmake/ament_cmake_export_include_directories-extras.cmake
[38.596s] -- Symlinking: /home/pinet/SLAM_AGV/workspace/install/joint_limits/share/joint_limits/cmake/joint_limitsConfig.cmake
[38.626s] -- Symlinking: /home/pinet/SLAM_AGV/workspace/install/joint_limits/share/joint_limits/cmake/joint_limitsConfig-version.cmake
[38.655s] -- Symlinking: /home/pinet/SLAM_AGV/workspace/install/joint_limits/share/joint_limits/package.xml
[38.684s] -- Symlinking: /home/pinet/SLAM_AGV/workspace/install/joint_limits/include/joint_limits/joint_limits/version.h
[38.713s] -- Installing: /home/pinet/SLAM_AGV/workspace/install/joint_limits/share/joint_limits/cmake/export_joint_limitsExport.cmake
[38.721s] Invoked command in '/home/pinet/SLAM_AGV/workspace/build/joint_limits' returned '0': CMAKE_PREFIX_PATH=/opt/ros/humble /usr/bin/cmake --install /home/pinet/SLAM_AGV/workspace/build/joint_limits
