[0.092s] Invoking command in '/home/pinet/SLAM_AGV/workspace/build/controller_manager': AMENT_PREFIX_PATH=/home/pinet/SLAM_AGV/workspace/install/hardware_interface_testing:/home/pinet/SLAM_AGV/workspace/install/controller_interface:/home/pinet/SLAM_AGV/workspace/install/hardware_interface:/home/pinet/SLAM_AGV/workspace/install/ros2_control_test_assets:/home/pinet/SLAM_AGV/workspace/install/controller_manager_msgs:/home/pinet/SLAM_AGV/workspace/install/control_msgs:${AMENT_PREFIX_PATH} CMAKE_PREFIX_PATH=/home/pinet/SLAM_AGV/workspace/install/hardware_interface_testing:/home/pinet/SLAM_AGV/workspace/install/controller_interface:/home/pinet/SLAM_AGV/workspace/install/hardware_interface:/home/pinet/SLAM_AGV/workspace/install/ros2_control_test_assets:/home/pinet/SLAM_AGV/workspace/install/controller_manager_msgs:/home/pinet/SLAM_AGV/workspace/install/control_msgs:/opt/ros/humble LD_LIBRARY_PATH=/home/pinet/SLAM_AGV/workspace/install/hardware_interface_testing/lib:/home/pinet/SLAM_AGV/workspace/install/controller_interface/lib:/home/pinet/SLAM_AGV/workspace/install/hardware_interface/lib:/home/pinet/SLAM_AGV/workspace/install/controller_manager_msgs/lib:/home/pinet/SLAM_AGV/workspace/install/control_msgs/lib:${LD_LIBRARY_PATH} PYTHONPATH=/home/pinet/SLAM_AGV/workspace/install/controller_manager_msgs/local/lib/python3.10/dist-packages:/home/pinet/SLAM_AGV/workspace/install/control_msgs/local/lib/python3.10/dist-packages:${PYTHONPATH} /usr/bin/cmake --build /home/pinet/SLAM_AGV/workspace/build/controller_manager -- -j4 -l4
[0.288s] [35m[1mConsolidate compiler generated dependencies of target gmock_main[0m
[0.293s] [35m[1mConsolidate compiler generated dependencies of target gmock[0m
[0.338s] [  2%] Built target ament_generate_version_header__controller_manager
[0.361s] [  7%] Built target gmock_main
[0.378s] [  7%] Built target ament_cmake_python_symlink_controller_manager_setup
[0.385s] [ 15%] Built target gmock
[0.413s] [35m[1mConsolidate compiler generated dependencies of target controller_manager[0m
[0.471s] [ 15%] Built target ament_cmake_python_symlink_controller_manager
[0.517s] [ 21%] Built target controller_manager
[0.578s] [35m[1mConsolidate compiler generated dependencies of target ros2_control_node[0m
[0.579s] [35m[1mConsolidate compiler generated dependencies of target test_controller[0m
[0.696s] [ 26%] Built target test_controller
[0.710s] [ 31%] Built target ros2_control_node
[0.763s] [35m[1mConsolidate compiler generated dependencies of target test_controller_failed_init[0m
[0.771s] [35m[1mConsolidate compiler generated dependencies of target test_chainable_controller[0m
[0.886s] [ 42%] Built target test_chainable_controller
[0.888s] [ 42%] Built target test_controller_failed_init
[0.945s] [35m[1mConsolidate compiler generated dependencies of target test_controller_manager[0m
[0.951s] [35m[1mConsolidate compiler generated dependencies of target test_controller_manager_with_namespace.cpp[0m
[1.069s] [ 47%] Built target test_controller_manager
[1.085s] [ 52%] Built target test_controller_manager_with_namespace.cpp
[1.126s] [35m[1mConsolidate compiler generated dependencies of target test_load_controller[0m
[1.142s] [35m[1mConsolidate compiler generated dependencies of target test_controllers_chaining_with_controller_manager[0m
[1.247s] [ 57%] Built target test_load_controller
[1.268s] [ 63%] Built target test_controllers_chaining_with_controller_manager
[1.305s] [35m[1mConsolidate compiler generated dependencies of target test_controller_manager_srvs[0m
[1.326s] [35m[1mConsolidate compiler generated dependencies of target test_controller_manager_urdf_passing[0m
[1.427s] [ 68%] Built target test_controller_manager_srvs
[1.448s] [ 73%] Built target test_controller_manager_urdf_passing
[1.483s] [35m[1mConsolidate compiler generated dependencies of target test_controller_with_interfaces[0m
[1.504s] [35m[1mConsolidate compiler generated dependencies of target test_spawner_unspawner[0m
[1.602s] [ 78%] Built target test_controller_with_interfaces
[1.628s] [ 84%] Built target test_spawner_unspawner
[1.661s] [35m[1mConsolidate compiler generated dependencies of target test_hardware_spawner[0m
[1.687s] [35m[1mConsolidate compiler generated dependencies of target test_hardware_management_srvs[0m
[1.785s] [ 89%] Built target test_hardware_spawner
[1.812s] [ 94%] Built target test_hardware_management_srvs
[1.843s] [35m[1mConsolidate compiler generated dependencies of target test_release_interfaces[0m
[1.844s] running egg_info
[1.846s] writing controller_manager.egg-info/PKG-INFO
[1.847s] writing dependency_links to controller_manager.egg-info/dependency_links.txt
[1.848s] writing entry points to controller_manager.egg-info/entry_points.txt
[1.849s] writing top-level names to controller_manager.egg-info/top_level.txt
[1.859s] reading manifest file 'controller_manager.egg-info/SOURCES.txt'
[1.862s] writing manifest file 'controller_manager.egg-info/SOURCES.txt'
[1.938s] running install_scripts
[1.954s] /usr/lib/python3/dist-packages/setuptools/command/install.py:34: SetuptoolsDeprecationWarning: setup.py install is deprecated. Use build and pip and other standards-based tools.
[1.955s]   warnings.warn(
[1.980s] [100%] Built target test_release_interfaces
[2.013s] [100%] Built target ament_cmake_python_build_controller_manager_egg
[2.052s] running egg_info
[2.055s] writing controller_manager.egg-info/PKG-INFO
[2.056s] writing dependency_links to controller_manager.egg-info/dependency_links.txt
[2.057s] writing entry points to controller_manager.egg-info/entry_points.txt
[2.058s] writing top-level names to controller_manager.egg-info/top_level.txt
[2.065s] reading manifest file 'controller_manager.egg-info/SOURCES.txt'
[2.068s] writing manifest file 'controller_manager.egg-info/SOURCES.txt'
[2.073s] Installing hardware_spawner script to scripts
[2.074s] Installing spawner script to scripts
[2.075s] Installing unspawner script to scripts
[2.220s] [100%] Built target ament_cmake_python_build_controller_manager_scripts
[2.266s] Invoked command in '/home/pinet/SLAM_AGV/workspace/build/controller_manager' returned '0': AMENT_PREFIX_PATH=/home/pinet/SLAM_AGV/workspace/install/hardware_interface_testing:/home/pinet/SLAM_AGV/workspace/install/controller_interface:/home/pinet/SLAM_AGV/workspace/install/hardware_interface:/home/pinet/SLAM_AGV/workspace/install/ros2_control_test_assets:/home/pinet/SLAM_AGV/workspace/install/controller_manager_msgs:/home/pinet/SLAM_AGV/workspace/install/control_msgs:${AMENT_PREFIX_PATH} CMAKE_PREFIX_PATH=/home/pinet/SLAM_AGV/workspace/install/hardware_interface_testing:/home/pinet/SLAM_AGV/workspace/install/controller_interface:/home/pinet/SLAM_AGV/workspace/install/hardware_interface:/home/pinet/SLAM_AGV/workspace/install/ros2_control_test_assets:/home/pinet/SLAM_AGV/workspace/install/controller_manager_msgs:/home/pinet/SLAM_AGV/workspace/install/control_msgs:/opt/ros/humble LD_LIBRARY_PATH=/home/pinet/SLAM_AGV/workspace/install/hardware_interface_testing/lib:/home/pinet/SLAM_AGV/workspace/install/controller_interface/lib:/home/pinet/SLAM_AGV/workspace/install/hardware_interface/lib:/home/pinet/SLAM_AGV/workspace/install/controller_manager_msgs/lib:/home/pinet/SLAM_AGV/workspace/install/control_msgs/lib:${LD_LIBRARY_PATH} PYTHONPATH=/home/pinet/SLAM_AGV/workspace/install/controller_manager_msgs/local/lib/python3.10/dist-packages:/home/pinet/SLAM_AGV/workspace/install/control_msgs/local/lib/python3.10/dist-packages:${PYTHONPATH} /usr/bin/cmake --build /home/pinet/SLAM_AGV/workspace/build/controller_manager -- -j4 -l4
[2.274s] Invoking command in '/home/pinet/SLAM_AGV/workspace/build/controller_manager': AMENT_PREFIX_PATH=/home/pinet/SLAM_AGV/workspace/install/hardware_interface_testing:/home/pinet/SLAM_AGV/workspace/install/controller_interface:/home/pinet/SLAM_AGV/workspace/install/hardware_interface:/home/pinet/SLAM_AGV/workspace/install/ros2_control_test_assets:/home/pinet/SLAM_AGV/workspace/install/controller_manager_msgs:/home/pinet/SLAM_AGV/workspace/install/control_msgs:${AMENT_PREFIX_PATH} CMAKE_PREFIX_PATH=/home/pinet/SLAM_AGV/workspace/install/hardware_interface_testing:/home/pinet/SLAM_AGV/workspace/install/controller_interface:/home/pinet/SLAM_AGV/workspace/install/hardware_interface:/home/pinet/SLAM_AGV/workspace/install/ros2_control_test_assets:/home/pinet/SLAM_AGV/workspace/install/controller_manager_msgs:/home/pinet/SLAM_AGV/workspace/install/control_msgs:/opt/ros/humble LD_LIBRARY_PATH=/home/pinet/SLAM_AGV/workspace/install/hardware_interface_testing/lib:/home/pinet/SLAM_AGV/workspace/install/controller_interface/lib:/home/pinet/SLAM_AGV/workspace/install/hardware_interface/lib:/home/pinet/SLAM_AGV/workspace/install/controller_manager_msgs/lib:/home/pinet/SLAM_AGV/workspace/install/control_msgs/lib:${LD_LIBRARY_PATH} PYTHONPATH=/home/pinet/SLAM_AGV/workspace/install/controller_manager_msgs/local/lib/python3.10/dist-packages:/home/pinet/SLAM_AGV/workspace/install/control_msgs/local/lib/python3.10/dist-packages:${PYTHONPATH} /usr/bin/cmake --install /home/pinet/SLAM_AGV/workspace/build/controller_manager
[2.305s] -- Install configuration: ""
[2.307s] -- Execute custom install script
[2.309s] -- Up-to-date symlink: /home/pinet/SLAM_AGV/workspace/install/controller_manager/lib/libcontroller_manager.so
[2.310s] -- Up-to-date symlink: /home/pinet/SLAM_AGV/workspace/install/controller_manager/lib/controller_manager/ros2_control_node
[2.312s] -- Up-to-date symlink: /home/pinet/SLAM_AGV/workspace/install/controller_manager/include/controller_manager/controller_manager.hpp
[2.313s] -- Up-to-date symlink: /home/pinet/SLAM_AGV/workspace/install/controller_manager/include/controller_manager/controller_spec.hpp
[2.314s] -- Up-to-date symlink: /home/pinet/SLAM_AGV/workspace/install/controller_manager/include/controller_manager/visibility_control.h
[2.315s] -- Up-to-date symlink: /home/pinet/SLAM_AGV/workspace/install/controller_manager/share/controller_manager/test/test_controller/test_controller.xml
[2.316s] -- Up-to-date symlink: /home/pinet/SLAM_AGV/workspace/install/controller_manager/lib/libtest_controller.so
[2.317s] -- Up-to-date symlink: /home/pinet/SLAM_AGV/workspace/install/controller_manager/share/controller_manager/test/test_controller_failed_init/test_controller_failed_init.xml
[2.319s] -- Up-to-date symlink: /home/pinet/SLAM_AGV/workspace/install/controller_manager/lib/libtest_controller_failed_init.so
[2.320s] -- Up-to-date symlink: /home/pinet/SLAM_AGV/workspace/install/controller_manager/share/controller_manager/test/test_chainable_controller/test_chainable_controller.xml
[2.321s] -- Up-to-date symlink: /home/pinet/SLAM_AGV/workspace/install/controller_manager/lib/libtest_chainable_controller.so
[2.322s] -- Up-to-date symlink: /home/pinet/SLAM_AGV/workspace/install/controller_manager/share/controller_manager/test/test_controller_with_interfaces/test_controller_with_interfaces.xml
[2.323s] -- Up-to-date symlink: /home/pinet/SLAM_AGV/workspace/install/controller_manager/lib/libtest_controller_with_interfaces.so
[2.324s] -- Up-to-date symlink: /home/pinet/SLAM_AGV/workspace/install/controller_manager/test/test_controller_spawner_with_type.yaml
[2.325s] -- Up-to-date symlink: /home/pinet/SLAM_AGV/workspace/install/controller_manager/test/test_controller_spawner_with_basic_controllers.yaml
[2.326s] -- Up-to-date symlink: /home/pinet/SLAM_AGV/workspace/install/controller_manager/test/test_controller_overriding_parameters.yaml
[2.327s] -- Up-to-date symlink: /home/pinet/SLAM_AGV/workspace/install/controller_manager/test/test_controller_spawner_wildcard_entries.yaml
[2.327s] -- Up-to-date symlink: /home/pinet/SLAM_AGV/workspace/install/controller_manager/test/test_controller_spawner_with_interfaces.yaml
[2.328s] -- Up-to-date symlink: /home/pinet/SLAM_AGV/workspace/install/controller_manager/test/test_ros2_control_node.yaml
[2.329s] -- Up-to-date symlink: /home/pinet/SLAM_AGV/workspace/install/controller_manager/share/controller_manager/environment/pythonpath.sh
[2.330s] -- Up-to-date symlink: /home/pinet/SLAM_AGV/workspace/install/controller_manager/share/controller_manager/environment/pythonpath.dsv
[2.332s] -- Up-to-date symlink: /home/pinet/SLAM_AGV/workspace/install/controller_manager/local/lib/python3.10/dist-packages/controller_manager-2.48.0-py3.10.egg-info/PKG-INFO
[2.333s] -- Up-to-date symlink: /home/pinet/SLAM_AGV/workspace/install/controller_manager/local/lib/python3.10/dist-packages/controller_manager-2.48.0-py3.10.egg-info/SOURCES.txt
[2.334s] -- Up-to-date symlink: /home/pinet/SLAM_AGV/workspace/install/controller_manager/local/lib/python3.10/dist-packages/controller_manager-2.48.0-py3.10.egg-info/dependency_links.txt
[2.335s] -- Up-to-date symlink: /home/pinet/SLAM_AGV/workspace/install/controller_manager/local/lib/python3.10/dist-packages/controller_manager-2.48.0-py3.10.egg-info/entry_points.txt
[2.336s] -- Up-to-date symlink: /home/pinet/SLAM_AGV/workspace/install/controller_manager/local/lib/python3.10/dist-packages/controller_manager-2.48.0-py3.10.egg-info/top_level.txt
[2.338s] -- Up-to-date symlink: /home/pinet/SLAM_AGV/workspace/install/controller_manager/lib/controller_manager//hardware_spawner
[2.338s] -- Up-to-date symlink: /home/pinet/SLAM_AGV/workspace/install/controller_manager/lib/controller_manager//spawner
[2.339s] -- Up-to-date symlink: /home/pinet/SLAM_AGV/workspace/install/controller_manager/lib/controller_manager//unspawner
[2.342s] -- Up-to-date symlink: /home/pinet/SLAM_AGV/workspace/install/controller_manager/local/lib/python3.10/dist-packages/controller_manager/__init__.py
[2.343s] -- Up-to-date symlink: /home/pinet/SLAM_AGV/workspace/install/controller_manager/local/lib/python3.10/dist-packages/controller_manager/controller_manager_services.py
[2.344s] -- Up-to-date symlink: /home/pinet/SLAM_AGV/workspace/install/controller_manager/local/lib/python3.10/dist-packages/controller_manager/hardware_spawner.py
[2.344s] -- Up-to-date symlink: /home/pinet/SLAM_AGV/workspace/install/controller_manager/local/lib/python3.10/dist-packages/controller_manager/launch_utils.py
[2.345s] -- Up-to-date symlink: /home/pinet/SLAM_AGV/workspace/install/controller_manager/local/lib/python3.10/dist-packages/controller_manager/spawner.py
[2.346s] -- Up-to-date symlink: /home/pinet/SLAM_AGV/workspace/install/controller_manager/local/lib/python3.10/dist-packages/controller_manager/unspawner.py
[2.347s] -- Up-to-date symlink: /home/pinet/SLAM_AGV/workspace/install/controller_manager/share/controller_manager/environment/library_path.sh
[2.348s] -- Up-to-date symlink: /home/pinet/SLAM_AGV/workspace/install/controller_manager/share/controller_manager/environment/library_path.dsv
[2.349s] -- Up-to-date symlink: /home/pinet/SLAM_AGV/workspace/install/controller_manager/share/ament_index/resource_index/package_run_dependencies/controller_manager
[2.351s] -- Up-to-date symlink: /home/pinet/SLAM_AGV/workspace/install/controller_manager/share/ament_index/resource_index/parent_prefix_path/controller_manager
[2.352s] -- Up-to-date symlink: /home/pinet/SLAM_AGV/workspace/install/controller_manager/share/controller_manager/environment/ament_prefix_path.sh
[2.352s] -- Up-to-date symlink: /home/pinet/SLAM_AGV/workspace/install/controller_manager/share/controller_manager/environment/ament_prefix_path.dsv
[2.353s] -- Up-to-date symlink: /home/pinet/SLAM_AGV/workspace/install/controller_manager/share/controller_manager/environment/path.sh
[2.354s] -- Up-to-date symlink: /home/pinet/SLAM_AGV/workspace/install/controller_manager/share/controller_manager/environment/path.dsv
[2.355s] -- Up-to-date symlink: /home/pinet/SLAM_AGV/workspace/install/controller_manager/share/controller_manager/local_setup.bash
[2.356s] -- Up-to-date symlink: /home/pinet/SLAM_AGV/workspace/install/controller_manager/share/controller_manager/local_setup.sh
[2.357s] -- Up-to-date symlink: /home/pinet/SLAM_AGV/workspace/install/controller_manager/share/controller_manager/local_setup.zsh
[2.358s] -- Up-to-date symlink: /home/pinet/SLAM_AGV/workspace/install/controller_manager/share/controller_manager/local_setup.dsv
[2.358s] -- Symlinking: /home/pinet/SLAM_AGV/workspace/install/controller_manager/share/controller_manager/package.dsv
[2.393s] -- Up-to-date symlink: /home/pinet/SLAM_AGV/workspace/install/controller_manager/share/ament_index/resource_index/packages/controller_manager
[2.394s] -- Up-to-date symlink: /home/pinet/SLAM_AGV/workspace/install/controller_manager/share/ament_index/resource_index/controller_interface__pluginlib__plugin/controller_manager
[2.395s] -- Up-to-date symlink: /home/pinet/SLAM_AGV/workspace/install/controller_manager/share/controller_manager/cmake/ament_cmake_export_libraries-extras.cmake
[2.396s] -- Up-to-date symlink: /home/pinet/SLAM_AGV/workspace/install/controller_manager/share/controller_manager/cmake/ament_cmake_export_include_directories-extras.cmake
[2.397s] -- Up-to-date symlink: /home/pinet/SLAM_AGV/workspace/install/controller_manager/share/controller_manager/cmake/ament_cmake_export_dependencies-extras.cmake
[2.399s] -- Up-to-date symlink: /home/pinet/SLAM_AGV/workspace/install/controller_manager/share/controller_manager/cmake/controller_managerConfig.cmake
[2.399s] -- Up-to-date symlink: /home/pinet/SLAM_AGV/workspace/install/controller_manager/share/controller_manager/cmake/controller_managerConfig-version.cmake
[2.400s] -- Up-to-date symlink: /home/pinet/SLAM_AGV/workspace/install/controller_manager/share/controller_manager/package.xml
[2.402s] -- Up-to-date symlink: /home/pinet/SLAM_AGV/workspace/install/controller_manager/include/controller_manager/controller_manager/version.h
[2.544s] Listing '/home/pinet/SLAM_AGV/workspace/install/controller_manager/local/lib/python3.10/dist-packages/controller_manager'...
[2.574s] Invoked command in '/home/pinet/SLAM_AGV/workspace/build/controller_manager' returned '0': AMENT_PREFIX_PATH=/home/pinet/SLAM_AGV/workspace/install/hardware_interface_testing:/home/pinet/SLAM_AGV/workspace/install/controller_interface:/home/pinet/SLAM_AGV/workspace/install/hardware_interface:/home/pinet/SLAM_AGV/workspace/install/ros2_control_test_assets:/home/pinet/SLAM_AGV/workspace/install/controller_manager_msgs:/home/pinet/SLAM_AGV/workspace/install/control_msgs:${AMENT_PREFIX_PATH} CMAKE_PREFIX_PATH=/home/pinet/SLAM_AGV/workspace/install/hardware_interface_testing:/home/pinet/SLAM_AGV/workspace/install/controller_interface:/home/pinet/SLAM_AGV/workspace/install/hardware_interface:/home/pinet/SLAM_AGV/workspace/install/ros2_control_test_assets:/home/pinet/SLAM_AGV/workspace/install/controller_manager_msgs:/home/pinet/SLAM_AGV/workspace/install/control_msgs:/opt/ros/humble LD_LIBRARY_PATH=/home/pinet/SLAM_AGV/workspace/install/hardware_interface_testing/lib:/home/pinet/SLAM_AGV/workspace/install/controller_interface/lib:/home/pinet/SLAM_AGV/workspace/install/hardware_interface/lib:/home/pinet/SLAM_AGV/workspace/install/controller_manager_msgs/lib:/home/pinet/SLAM_AGV/workspace/install/control_msgs/lib:${LD_LIBRARY_PATH} PYTHONPATH=/home/pinet/SLAM_AGV/workspace/install/controller_manager_msgs/local/lib/python3.10/dist-packages:/home/pinet/SLAM_AGV/workspace/install/control_msgs/local/lib/python3.10/dist-packages:${PYTHONPATH} /usr/bin/cmake --install /home/pinet/SLAM_AGV/workspace/build/controller_manager
